
Memory Configuration

Name             Origin             Length             Attributes
FLASH            0x0000000000000000 0x0000000020000000 xr
SRAM             0x0000000020000000 0x0000000020000000 xrw
*default*        0x0000000000000000 0xffffffffffffffff

Linker script and memory map


.text           0x0000000000000000      0x138
 *(.vectors*)
 .vectors       0x0000000000000000       0x1c startup.o
                0x0000000000000000                g_p_fn_Vectors
 *(.text*)
 .text          0x000000000000001c       0x90 main.o
                0x000000000000001c                main
 .text          0x00000000000000ac       0x8c startup.o
                0x00000000000000ac                Bus_Fault_Handler
                0x00000000000000ac                MM_Fault_Handler
                0x00000000000000ac                Default_Handler
                0x00000000000000ac                Usage_Fault_Handler
                0x00000000000000ac                Hard_Fault_Handler
                0x00000000000000ac                NMI_Handler
                0x00000000000000b8                Rest_Handler
 *(.rodata)
                0x0000000000000138                _E_text = .

.glue_7         0x0000000000000138        0x0
 .glue_7        0x0000000000000138        0x0 linker stubs

.glue_7t        0x0000000000000138        0x0
 .glue_7t       0x0000000000000138        0x0 linker stubs

.vfp11_veneer   0x0000000000000138        0x0
 .vfp11_veneer  0x0000000000000138        0x0 linker stubs

.v4_bx          0x0000000000000138        0x0
 .v4_bx         0x0000000000000138        0x0 linker stubs

.iplt           0x0000000000000138        0x0
 .iplt          0x0000000000000138        0x0 main.o

.rel.dyn        0x0000000000000138        0x0
 .rel.iplt      0x0000000000000138        0x0 main.o

.data           0x0000000020000000        0x0 load address 0x0000000000000138
                0x0000000020000000                _S_DATA = .
 *(.data)
 .data          0x0000000020000000        0x0 main.o
 .data          0x0000000020000000        0x0 startup.o
                0x0000000020000000                _E_DATA = .

.igot.plt       0x0000000020000000        0x0 load address 0x0000000000000138
 .igot.plt      0x0000000020000000        0x0 main.o

.bss            0x0000000020000000      0x400 load address 0x0000000000000138
                0x0000000020000000                _S_bss = .
 *(.bss)
 .bss           0x0000000020000000        0x0 main.o
 .bss           0x0000000020000000      0x400 startup.o
                0x0000000020000400                . = ALIGN (0x4)
                0x0000000020000400                _E_bss = .
LOAD main.o
LOAD startup.o
OUTPUT(unit3_lab4_cortexM4.elf elf32-littlearm)
LOAD linker stubs

.debug_info     0x0000000000000000      0xbf1
 .debug_info    0x0000000000000000      0xa3d main.o
 .debug_info    0x0000000000000a3d      0x1b4 startup.o

.debug_abbrev   0x0000000000000000      0x29c
 .debug_abbrev  0x0000000000000000      0x1b4 main.o
 .debug_abbrev  0x00000000000001b4       0xe8 startup.o

.debug_loc      0x0000000000000000       0xb4
 .debug_loc     0x0000000000000000       0x38 main.o
 .debug_loc     0x0000000000000038       0x7c startup.o

.debug_aranges  0x0000000000000000       0x40
 .debug_aranges
                0x0000000000000000       0x20 main.o
 .debug_aranges
                0x0000000000000020       0x20 startup.o

.debug_line     0x0000000000000000      0x3c7
 .debug_line    0x0000000000000000      0x313 main.o
 .debug_line    0x0000000000000313       0xb4 startup.o

.debug_str      0x0000000000000000      0x580
 .debug_str     0x0000000000000000      0x4fb main.o
                                        0x562 (size before relaxing)
 .debug_str     0x00000000000004fb       0x85 startup.o
                                        0x1cc (size before relaxing)

.comment        0x0000000000000000       0x53
 .comment       0x0000000000000000       0x53 main.o
                                         0x54 (size before relaxing)
 .comment       0x0000000000000053       0x54 startup.o

.ARM.attributes
                0x0000000000000000       0x2e
 .ARM.attributes
                0x0000000000000000       0x2e main.o
 .ARM.attributes
                0x000000000000002e       0x2e startup.o

.debug_frame    0x0000000000000000       0x7c
 .debug_frame   0x0000000000000000       0x2c main.o
 .debug_frame   0x000000000000002c       0x50 startup.o
