
Allocating common symbols
Common symbol       size              file

GP_EXTI_CallBack    0x40              Stm32f10xx_EXTI.o

Memory Configuration

Name             Origin             Length             Attributes
FLASH            0x0000000008000000 0x0000000000020000 xr
SRAM             0x0000000020000000 0x0000000000005000 xrw
*default*        0x0000000000000000 0xffffffffffffffff

Linker script and memory map


.text           0x0000000008000000     0x376b
 *(.vectors*)
 .vectors       0x0000000008000000       0xec startup.o
                0x0000000008000000                vectors
 *(.text*)
 .text          0x00000000080000ec      0x158 EEPROM.o
                0x00000000080000ec                EEPORM_Init
                0x0000000008000140                EEPROM_Write_NBytes
                0x00000000080001e4                EEPROM_Read_Byte
 .text          0x0000000008000244      0x230 Key_pad_Driver.o
                0x0000000008000244                Key_pad_init
                0x000000000800034c                Check_Prass_Button
 .text          0x0000000008000474      0x53c LCD_Driver.o
                0x0000000008000474                _delay_ms
                0x00000000080004ae                Kick_Enable_pin
                0x00000000080004e4                LCD_init
                0x00000000080005a0                Check_BF
                0x0000000008000634                Shift_R_Cursor
                0x000000000800064c                Shift_L_Cursor
                0x0000000008000664                Read_Cursor_Add
                0x0000000008000678                Write_Character
                0x00000000080006ee                Write_Character_with_coordinator
                0x000000000800075a                Write_String
                0x000000000800078a                Write_String_with_coordinator
                0x00000000080007d2                Jump_to_coordinator
                0x0000000008000828                Write_Command
                0x000000000800088c                write_with_move
                0x0000000008000998                clean_Lcd
 .text          0x00000000080009b0       0xc0 main.o
                0x00000000080009b0                main
                0x0000000008000a3c                config
 .text          0x0000000008000a70      0x1f0 Seven_Segment.o
                0x0000000008000a70                init_seven_segment
                0x0000000008000c18                Display_seven_segment
 .text          0x0000000008000c60       0x8c startup.o
                0x0000000008000c60                FLASH_Handler
                0x0000000008000c60                SVCall_Handler
                0x0000000008000c60                SysTick_Handler
                0x0000000008000c60                PendSv_Handler
                0x0000000008000c60                DMA1_Channel7_Handler
                0x0000000008000c60                NMI_Handler
                0x0000000008000c60                DMA1_Channel6_Handler
                0x0000000008000c60                CAN1_RX1_Handler
                0x0000000008000c60                Bus_Fault_Handler
                0x0000000008000c60                ADC1_2_Handler
                0x0000000008000c60                WWDG_Handler
                0x0000000008000c60                DMA1_Channel1_Handler
                0x0000000008000c60                RTC_Handler
                0x0000000008000c60                TIM1_CC_Handler
                0x0000000008000c60                CAN1_SCE_Handler
                0x0000000008000c60                TIM1_BRK_Handler
                0x0000000008000c60                MM_Fault_Handler
                0x0000000008000c60                TEMPER_Handler
                0x0000000008000c60                TIM2_Handler
                0x0000000008000c60                DMA1_Channel4_Handler
                0x0000000008000c60                TIM3_Handler
                0x0000000008000c60                Default_Handler
                0x0000000008000c60                USBWakeUp_Handler
                0x0000000008000c60                DMA1_Channel3_Handler
                0x0000000008000c60                RTC_Alarm_Handler
                0x0000000008000c60                TIM4_Handler
                0x0000000008000c60                DMA1_Channel2_Handler
                0x0000000008000c60                Usage_Fault_Handler
                0x0000000008000c60                TIM1_UP_Handler
                0x0000000008000c60                DMA1_Channel5_Handler
                0x0000000008000c60                DebugMonitor_Handler
                0x0000000008000c60                RCC_Handler
                0x0000000008000c60                PVD_Handler
                0x0000000008000c60                Hard_Fault_Handler
                0x0000000008000c60                USB_LP_CAN1_RX0_Handler
                0x0000000008000c60                USB_HP_CAN1_TX_Handler
                0x0000000008000c60                TIM1_TRG_COM_Handler
                0x0000000008000c6c                Rest_Handler
 .text          0x0000000008000cec      0x868 Stm32f10x_SPI.o
                0x0000000008000d60                Init_SPI
                0x0000000008000ff0                Deinit_SPI
                0x000000000800106c                SPI_Send_Char
                0x00000000080010a8                SPI_Receive_Char
                0x00000000080010e6                SPI_Send_String
                0x000000000800114c                SPI_Receive_String
                0x00000000080011b0                Tx_Empty_CallBack
                0x00000000080011c2                RX_Empty_CallBack
                0x00000000080011d4                Fault_Event_CallBack
                0x00000000080011e6                Overrun_CallBack
                0x00000000080011f8                CRC_CallBack
                0x000000000800120a                Select_SPI_Pins_datasheet
                0x00000000080012a8                Config_SPI_Pins
                0x00000000080013fc                SPI1_Handler
                0x0000000008001478                SPI2_Handler
                0x00000000080014f8                SPI_Tx_Rx_Char
 .text          0x0000000008001554      0x880 Stm32f10x_UART.o
                0x00000000080015c8                Set_BaudRate
                0x0000000008001690                Get_BaudRate
                0x00000000080016a4                Init_Uart
                0x000000000800197c                DeInit_Uart
                0x00000000080019f8                _Config_GPIO_f
                0x0000000008001adc                Send_Char_Uart
                0x0000000008001b30                Receive_Char_Uart
                0x0000000008001bc4                Receive_String_Uart
                0x0000000008001bf0                Send_String_Uart
                0x0000000008001c2a                USART1_Handler
                0x0000000008001cec                USART2_Handler
                0x0000000008001cf8                USART3_Handler
                0x0000000008001d04                Parity_CallBack_UART
                0x0000000008001d16                Error_CallBack_UART
                0x0000000008001d28                Tx_CallBack_UART
                0x0000000008001d3a                Tx_Comp_CallBack_UART
                0x0000000008001d4c                Rx_CallBack_UART
                0x0000000008001d9c                IDLE_CallBack_UART
                0x0000000008001dae                Lin_BK_CallBack_UART
                0x0000000008001dc0                FlowCt_CallBack_UART
 .text          0x0000000008001dd4      0x4a0 Stm32f10xx_EXTI.o
                0x0000000008001e48                NVIC_EXTI_Clear_Handler
                0x0000000008001e70                Init_EXTI
                0x0000000008001e86                Deinit_EXTI
                0x0000000008001f30                Upadate_EXTI
                0x0000000008001f46                Config_EXTI
                0x000000000800208c                NVIC_Enable_IRQ
                0x00000000080020a8                NVIC_Disable_IRQ
                0x00000000080020c4                EXTI0_Handler
                0x00000000080020d2                EXTI1_Handler
                0x00000000080020e0                EXTI2_Handler
                0x00000000080020ee                EXTI3_Handler
                0x00000000080020fc                EXTI4_Handler
                0x000000000800210a                EXTI9_5_Handler
                0x00000000080021b0                EXTI15_10_Handler
 .text          0x0000000008002274      0x454 Stm32f10xx_GPIO.o
                0x0000000008002274                Init_GPIO
                0x00000000080024c8                Set_pin
                0x00000000080024e4                Reset_pin
                0x0000000008002504                Toggle_pin
                0x0000000008002526                Read_pin
                0x000000000800254e                Set_GPIO_Value
                0x0000000008002568                Reset_GPIO
                0x0000000008002584                Read_GPIO
                0x000000000800259c                Lock_GPIO
                0x00000000080025f6                Deinit_GPIO
 .text          0x00000000080026c8      0xeb4 Stm32f10xx_I2C.o
                0x000000000800273c                I2C_Init
                0x0000000008002ac8                I2C_Deinit
                0x0000000008002b20                I2C_Master_Write
                0x0000000008002bd0                I2C_GenerateStop
                0x0000000008002c10                I2C_Send_Add
                0x0000000008002c8a                I2C_Master_Read
                0x0000000008002d42                I2C_Slave_Write_IT
                0x0000000008002d70                I2C_Slave_Read_IT
                0x0000000008002da8                I2C_Slave_Write
                0x0000000008002e16                I2C_Slave_Read
                0x0000000008002e6e                I2C_GenerateStart
                0x0000000008002ec6                I2C_Get_FlagStatus
                0x00000000080031cc                I2C_Enable_ACK
                0x00000000080031ee                I2C_Disable_ACK
                0x0000000008003210                SB_CallBack_I2C
                0x0000000008003222                ADDR_CallBack_I2C
                0x0000000008003264                ADDR10_CallBack_I2C
                0x000000000800327e                STOPF_CallBack_I2C
                0x0000000008003290                BTF_CallBack_I2C
                0x00000000080032a2                TXE_CallBack_I2C
                0x00000000080032d4                RXNE_CallBack_I2C
                0x0000000008003306                OVR_CallBack_I2C
                0x0000000008003318                TIMEOUT_CallBack_I2C
                0x000000000800332a                AF_CallBack_I2C
                0x000000000800335a                I2C1_EV_Handler
                0x0000000008003410                I2C1_ER_Handler
                0x000000000800341c                I2C2_EV_Handler
                0x00000000080034d0                I2C2_ER_Handler
                0x00000000080034dc                I2C_Clock_Config_Pins
 .text          0x000000000800357c      0x1a4 Stm32f10xx_RCC.o
                0x000000000800357c                Get_Systick_Freq
                0x0000000008003668                Get_HCLK_Freq
                0x0000000008003694                Get_APB1_Freq
                0x00000000080036bc                Get_APB2_Freq
                0x00000000080036e4                Set_HSE_CLK_Freq
 *(.rodata)
 .rodata        0x0000000008003720        0x7 main.o
 *fill*         0x0000000008003727        0x1 
 .rodata        0x0000000008003728       0x43 Stm32f10xx_RCC.o
                0x000000000800376b                _E_text = .

.glue_7         0x000000000800376c        0x0
 .glue_7        0x000000000800376c        0x0 linker stubs

.glue_7t        0x000000000800376c        0x0
 .glue_7t       0x000000000800376c        0x0 linker stubs

.vfp11_veneer   0x000000000800376c        0x0
 .vfp11_veneer  0x000000000800376c        0x0 linker stubs

.v4_bx          0x000000000800376c        0x0
 .v4_bx         0x000000000800376c        0x0 linker stubs

.iplt           0x000000000800376c        0x0
 .iplt          0x000000000800376c        0x0 EEPROM.o

.rel.dyn        0x000000000800376c        0x0
 .rel.iplt      0x000000000800376c        0x0 EEPROM.o

.data           0x0000000020000000       0x40 load address 0x000000000800376b
                0x0000000020000000                _S_DATA = .
 *(.data)
 .data          0x0000000020000000        0x0 EEPROM.o
 .data          0x0000000020000000       0x40 Key_pad_Driver.o
 .data          0x0000000020000040        0x0 LCD_Driver.o
 .data          0x0000000020000040        0x0 main.o
 .data          0x0000000020000040        0x0 Seven_Segment.o
 .data          0x0000000020000040        0x0 startup.o
 .data          0x0000000020000040        0x0 Stm32f10x_SPI.o
 .data          0x0000000020000040        0x0 Stm32f10x_UART.o
 .data          0x0000000020000040        0x0 Stm32f10xx_EXTI.o
 .data          0x0000000020000040        0x0 Stm32f10xx_GPIO.o
 .data          0x0000000020000040        0x0 Stm32f10xx_I2C.o
 .data          0x0000000020000040        0x0 Stm32f10xx_RCC.o
 *(.data.*)
                0x0000000020000040                _E_DATA = .

.igot.plt       0x0000000020000040        0x0 load address 0x00000000080037ab
 .igot.plt      0x0000000020000040        0x0 EEPROM.o

.bss            0x0000000020000040      0xa34 load address 0x00000000080037ab
                0x0000000020000040                _S_bss = .
 *(.bss)
 .bss           0x0000000020000040        0x0 EEPROM.o
 .bss           0x0000000020000040       0x20 Key_pad_Driver.o
 .bss           0x0000000020000060        0xd LCD_Driver.o
 *fill*         0x000000002000006d        0x3 
 .bss           0x0000000020000070      0x1c4 main.o
                0x0000000020000070                Lcd_config
                0x000000002000008c                key_pad_config
                0x000000002000009c                seven_config
                0x00000000200000a4                uart1_config
                0x00000000200000dc                spi1_config
                0x0000000020000108                spi2_config
                0x0000000020000134                spi3_config
                0x0000000020000160                i2c1_config
                0x00000000200001c0                i2c2_config
                0x0000000020000220                Rx_Buff
 .bss           0x0000000020000234       0x28 Seven_Segment.o
                0x0000000020000234                numbers
 .bss           0x000000002000025c        0x0 startup.o
 .bss           0x000000002000025c        0x2 Stm32f10x_SPI.o
 .bss           0x000000002000025e        0x0 Stm32f10x_UART.o
 .bss           0x000000002000025e        0x0 Stm32f10xx_EXTI.o
 .bss           0x000000002000025e        0x0 Stm32f10xx_GPIO.o
 .bss           0x000000002000025e        0x0 Stm32f10xx_I2C.o
 *fill*         0x000000002000025e        0x2 
 .bss           0x0000000020000260        0x4 Stm32f10xx_RCC.o
 *(.bss.*)
                0x0000000020000264                . = ALIGN (0x4)
                0x0000000020000264                _E_bss = .
                0x0000000020000264                . = ALIGN (0x4)
                0x000000002000064c                . = (. + 0x3e8)
 *fill*         0x0000000020000264      0x3e8 
                0x000000002000064c                _heap_End = .
                0x000000002000064c                . = ALIGN (0x4)
                0x0000000020000a34                . = (. + 0x3e8)
 *fill*         0x000000002000064c      0x3e8 
                0x0000000020000a34                _stack_top = .
 COMMON         0x0000000020000a34       0x40 Stm32f10xx_EXTI.o
                0x0000000020000a34                GP_EXTI_CallBack
LOAD EEPROM.o
LOAD Key_pad_Driver.o
LOAD LCD_Driver.o
LOAD main.o
LOAD Seven_Segment.o
LOAD startup.o
LOAD Stm32f10x_SPI.o
LOAD Stm32f10x_UART.o
LOAD Stm32f10xx_EXTI.o
LOAD Stm32f10xx_GPIO.o
LOAD Stm32f10xx_I2C.o
LOAD Stm32f10xx_RCC.o
OUTPUT(learn_embedded.axf elf32-littlearm)
LOAD linker stubs

.debug_info     0x0000000000000000     0x7ff3
 .debug_info    0x0000000000000000      0x4db EEPROM.o
 .debug_info    0x00000000000004db      0x409 Key_pad_Driver.o
 .debug_info    0x00000000000008e4      0x695 LCD_Driver.o
 .debug_info    0x0000000000000f79     0x1417 main.o
 .debug_info    0x0000000000002390      0x2d6 Seven_Segment.o
 .debug_info    0x0000000000002666      0x1a1 startup.o
 .debug_info    0x0000000000002807     0x151c Stm32f10x_SPI.o
 .debug_info    0x0000000000003d23     0x171c Stm32f10x_UART.o
 .debug_info    0x000000000000543f      0x869 Stm32f10xx_EXTI.o
 .debug_info    0x0000000000005ca8      0x5c0 Stm32f10xx_GPIO.o
 .debug_info    0x0000000000006268     0x1a88 Stm32f10xx_I2C.o
 .debug_info    0x0000000000007cf0      0x303 Stm32f10xx_RCC.o

.debug_abbrev   0x0000000000000000     0x16f1
 .debug_abbrev  0x0000000000000000      0x17c EEPROM.o
 .debug_abbrev  0x000000000000017c      0x143 Key_pad_Driver.o
 .debug_abbrev  0x00000000000002bf      0x1ce LCD_Driver.o
 .debug_abbrev  0x000000000000048d      0x1ea main.o
 .debug_abbrev  0x0000000000000677       0xfe Seven_Segment.o
 .debug_abbrev  0x0000000000000775       0xe4 startup.o
 .debug_abbrev  0x0000000000000859      0x34c Stm32f10x_SPI.o
 .debug_abbrev  0x0000000000000ba5      0x373 Stm32f10x_UART.o
 .debug_abbrev  0x0000000000000f18      0x1c5 Stm32f10xx_EXTI.o
 .debug_abbrev  0x00000000000010dd      0x193 Stm32f10xx_GPIO.o
 .debug_abbrev  0x0000000000001270      0x383 Stm32f10xx_I2C.o
 .debug_abbrev  0x00000000000015f3       0xfe Stm32f10xx_RCC.o

.debug_loc      0x0000000000000000     0x27ba
 .debug_loc     0x0000000000000000       0xce EEPROM.o
 .debug_loc     0x00000000000000ce       0xa0 Key_pad_Driver.o
 .debug_loc     0x000000000000016e      0x4c8 LCD_Driver.o
 .debug_loc     0x0000000000000636       0x64 main.o
 .debug_loc     0x000000000000069a       0xa0 Seven_Segment.o
 .debug_loc     0x000000000000073a       0x7c startup.o
 .debug_loc     0x00000000000007b6      0x5d0 Stm32f10x_SPI.o
 .debug_loc     0x0000000000000d86      0x740 Stm32f10x_UART.o
 .debug_loc     0x00000000000014c6      0x41c Stm32f10xx_EXTI.o
 .debug_loc     0x00000000000018e2      0x398 Stm32f10xx_GPIO.o
 .debug_loc     0x0000000000001c7a      0xa04 Stm32f10xx_I2C.o
 .debug_loc     0x000000000000267e      0x13c Stm32f10xx_RCC.o

.debug_aranges  0x0000000000000000      0x180
 .debug_aranges
                0x0000000000000000       0x20 EEPROM.o
 .debug_aranges
                0x0000000000000020       0x20 Key_pad_Driver.o
 .debug_aranges
                0x0000000000000040       0x20 LCD_Driver.o
 .debug_aranges
                0x0000000000000060       0x20 main.o
 .debug_aranges
                0x0000000000000080       0x20 Seven_Segment.o
 .debug_aranges
                0x00000000000000a0       0x20 startup.o
 .debug_aranges
                0x00000000000000c0       0x20 Stm32f10x_SPI.o
 .debug_aranges
                0x00000000000000e0       0x20 Stm32f10x_UART.o
 .debug_aranges
                0x0000000000000100       0x20 Stm32f10xx_EXTI.o
 .debug_aranges
                0x0000000000000120       0x20 Stm32f10xx_GPIO.o
 .debug_aranges
                0x0000000000000140       0x20 Stm32f10xx_I2C.o
 .debug_aranges
                0x0000000000000160       0x20 Stm32f10xx_RCC.o

.debug_line     0x0000000000000000     0x3beb
 .debug_line    0x0000000000000000      0x268 EEPROM.o
 .debug_line    0x0000000000000268      0x38c Key_pad_Driver.o
 .debug_line    0x00000000000005f4      0x3bc LCD_Driver.o
 .debug_line    0x00000000000009b0      0x367 main.o
 .debug_line    0x0000000000000d17      0x378 Seven_Segment.o
 .debug_line    0x000000000000108f      0x240 startup.o
 .debug_line    0x00000000000012cf      0x8c1 Stm32f10x_SPI.o
 .debug_line    0x0000000000001b90      0x82e Stm32f10x_UART.o
 .debug_line    0x00000000000023be      0x46e Stm32f10xx_EXTI.o
 .debug_line    0x000000000000282c      0x41e Stm32f10xx_GPIO.o
 .debug_line    0x0000000000002c4a      0xcd5 Stm32f10xx_I2C.o
 .debug_line    0x000000000000391f      0x2cc Stm32f10xx_RCC.o

.debug_str      0x0000000000000000     0x1e00
 .debug_str     0x0000000000000000      0x3f9 EEPROM.o
                                        0x45d (size before relaxing)
 .debug_str     0x00000000000003f9      0x17d Key_pad_Driver.o
                                        0x30b (size before relaxing)
 .debug_str     0x0000000000000576      0x193 LCD_Driver.o
                                        0x3cf (size before relaxing)
 .debug_str     0x0000000000000709      0x742 main.o
                                        0xc19 (size before relaxing)
 .debug_str     0x0000000000000e4b       0x77 Seven_Segment.o
                                        0x293 (size before relaxing)
 .debug_str     0x0000000000000ec2       0x7f startup.o
                                        0x1d3 (size before relaxing)
 .debug_str     0x0000000000000f41      0x4ad Stm32f10x_SPI.o
                                        0xd23 (size before relaxing)
 .debug_str     0x00000000000013ee      0x1b6 Stm32f10x_UART.o
                                        0xeca (size before relaxing)
 .debug_str     0x00000000000015a4      0x28b Stm32f10xx_EXTI.o
                                        0x814 (size before relaxing)
 .debug_str     0x000000000000182f       0xee Stm32f10xx_GPIO.o
                                        0x3a3 (size before relaxing)
 .debug_str     0x000000000000191d      0x44a Stm32f10xx_I2C.o
                                       0x110f (size before relaxing)
 .debug_str     0x0000000000001d67       0x99 Stm32f10xx_RCC.o
                                        0x2b0 (size before relaxing)

.comment        0x0000000000000000       0x53
 .comment       0x0000000000000000       0x53 EEPROM.o
                                         0x54 (size before relaxing)
 .comment       0x0000000000000053       0x54 Key_pad_Driver.o
 .comment       0x0000000000000053       0x54 LCD_Driver.o
 .comment       0x0000000000000053       0x54 main.o
 .comment       0x0000000000000053       0x54 Seven_Segment.o
 .comment       0x0000000000000053       0x54 startup.o
 .comment       0x0000000000000053       0x54 Stm32f10x_SPI.o
 .comment       0x0000000000000053       0x54 Stm32f10x_UART.o
 .comment       0x0000000000000053       0x54 Stm32f10xx_EXTI.o
 .comment       0x0000000000000053       0x54 Stm32f10xx_GPIO.o
 .comment       0x0000000000000053       0x54 Stm32f10xx_I2C.o
 .comment       0x0000000000000053       0x54 Stm32f10xx_RCC.o

.ARM.attributes
                0x0000000000000000       0x2d
 .ARM.attributes
                0x0000000000000000       0x2d EEPROM.o
 .ARM.attributes
                0x000000000000002d       0x2d Key_pad_Driver.o
 .ARM.attributes
                0x000000000000005a       0x2d LCD_Driver.o
 .ARM.attributes
                0x0000000000000087       0x2d main.o
 .ARM.attributes
                0x00000000000000b4       0x2d Seven_Segment.o
 .ARM.attributes
                0x00000000000000e1       0x2d startup.o
 .ARM.attributes
                0x000000000000010e       0x2d Stm32f10x_SPI.o
 .ARM.attributes
                0x000000000000013b       0x2d Stm32f10x_UART.o
 .ARM.attributes
                0x0000000000000168       0x2d Stm32f10xx_EXTI.o
 .ARM.attributes
                0x0000000000000195       0x2d Stm32f10xx_GPIO.o
 .ARM.attributes
                0x00000000000001c2       0x2d Stm32f10xx_I2C.o
 .ARM.attributes
                0x00000000000001ef       0x2d Stm32f10xx_RCC.o

.debug_frame    0x0000000000000000     0x1308
 .debug_frame   0x0000000000000000       0x78 EEPROM.o
 .debug_frame   0x0000000000000078       0x58 Key_pad_Driver.o
 .debug_frame   0x00000000000000d0      0x234 LCD_Driver.o
 .debug_frame   0x0000000000000304       0x4c main.o
 .debug_frame   0x0000000000000350       0x58 Seven_Segment.o
 .debug_frame   0x00000000000003a8       0x50 startup.o
 .debug_frame   0x00000000000003f8      0x2b8 Stm32f10x_SPI.o
 .debug_frame   0x00000000000006b0      0x350 Stm32f10x_UART.o
 .debug_frame   0x0000000000000a00      0x220 Stm32f10xx_EXTI.o
 .debug_frame   0x0000000000000c20      0x1a0 Stm32f10xx_GPIO.o
 .debug_frame   0x0000000000000dc0      0x494 Stm32f10xx_I2C.o
 .debug_frame   0x0000000000001254       0xb4 Stm32f10xx_RCC.o
