
Allocating common symbols
Common symbol       size              file

GP_EXTI_CallBack    0x40              Stm32f10xx_EXTI.o

Memory Configuration

Name             Origin             Length             Attributes
FLASH            0x0000000008000000 0x0000000000002000 xr
SRAM             0x0000000020000000 0x0000000000002800 xrw
*default*        0x0000000000000000 0xffffffffffffffff

Linker script and memory map


.text           0x0000000008000000     0x1e27
 *(.vectors*)
 .vectors       0x0000000008000000       0xec startup.o
                0x0000000008000000                vectors
 *(.text*)
 .text          0x00000000080000ec      0x1cc Application.o
                0x000000000800013c                config_Drives_and_Perpherals
                0x0000000008000200                Rx_Uart1
                0x0000000008000212                Infinite_loop
 .text          0x00000000080002b8        0x0 Buffer.o
 .text          0x00000000080002b8       0x74 main.o
                0x00000000080002b8                main
 .text          0x000000000800032c       0x8c startup.o
                0x000000000800032c                FLASH_Handler
                0x000000000800032c                SVCall_Handler
                0x000000000800032c                SysTick_Handler
                0x000000000800032c                PendSv_Handler
                0x000000000800032c                DMA1_Channel7_Handler
                0x000000000800032c                NMI_Handler
                0x000000000800032c                DMA1_Channel6_Handler
                0x000000000800032c                CAN1_RX1_Handler
                0x000000000800032c                I2C1_EV_Handler
                0x000000000800032c                Bus_Fault_Handler
                0x000000000800032c                ADC1_2_Handler
                0x000000000800032c                WWDG_Handler
                0x000000000800032c                DMA1_Channel1_Handler
                0x000000000800032c                I2C1_ER_Handler
                0x000000000800032c                RTC_Handler
                0x000000000800032c                TIM1_CC_Handler
                0x000000000800032c                I2C2_ER_Handler
                0x000000000800032c                CAN1_SCE_Handler
                0x000000000800032c                TIM1_BRK_Handler
                0x000000000800032c                MM_Fault_Handler
                0x000000000800032c                TEMPER_Handler
                0x000000000800032c                TIM2_Handler
                0x000000000800032c                DMA1_Channel4_Handler
                0x000000000800032c                TIM3_Handler
                0x000000000800032c                Default_Handler
                0x000000000800032c                USBWakeUp_Handler
                0x000000000800032c                DMA1_Channel3_Handler
                0x000000000800032c                RTC_Alarm_Handler
                0x000000000800032c                TIM4_Handler
                0x000000000800032c                SPI2_Handler
                0x000000000800032c                DMA1_Channel2_Handler
                0x000000000800032c                Usage_Fault_Handler
                0x000000000800032c                TIM1_UP_Handler
                0x000000000800032c                DMA1_Channel5_Handler
                0x000000000800032c                SPI1_Handler
                0x000000000800032c                DebugMonitor_Handler
                0x000000000800032c                I2C2_EV_Handler
                0x000000000800032c                RCC_Handler
                0x000000000800032c                PVD_Handler
                0x000000000800032c                Hard_Fault_Handler
                0x000000000800032c                USB_LP_CAN1_RX0_Handler
                0x000000000800032c                USB_HP_CAN1_TX_Handler
                0x000000000800032c                TIM1_TRG_COM_Handler
                0x0000000008000338                Rest_Handler
 .text          0x00000000080003b8       0xa4 Stm32_f10xx_Systick.o
                0x00000000080003f0                Init_Systick
 .text          0x000000000800045c      0x288 Stm32f10x_DMA.o
                0x000000000800045c                DMA_Init
                0x0000000008000506                DMA_ReInit
                0x0000000008000566                DMA_Set_Number_of_Data
                0x00000000080005e0                DMA_Set_Peripheral_Add
                0x0000000008000610                DMA_Set_Memory_Add
                0x0000000008000640                DMA_Enable_Channel
                0x0000000008000688                DMA_Disable_Channel
                0x00000000080006d0                DMA_Soft_Trigger
 .text          0x00000000080006e4      0x9fc Stm32f10x_UART.o
                0x00000000080007a8                Set_BaudRate
                0x0000000008000870                Get_BaudRate
                0x0000000008000884                Init_Uart
                0x0000000008000b5c                DeInit_Uart
                0x0000000008000bd8                _Config_GPIO_f
                0x0000000008000cbc                Send_Char_Uart
                0x0000000008000d10                Receive_Char_Uart
                0x0000000008000da4                Receive_String_Uart
                0x0000000008000dd0                Send_Text_Uart
                0x0000000008000e54                Send_String_Uart
                0x0000000008000e8e                USART1_Handler
                0x0000000008000f50                USART2_Handler
                0x0000000008001014                USART3_Handler
                0x0000000008001020                Parity_CallBack_UART
                0x0000000008001032                Error_CallBack_UART
                0x0000000008001044                Tx_CallBack_UART
                0x0000000008001056                Tx_Comp_CallBack_UART
                0x0000000008001068                Rx_CallBack_UART
                0x00000000080010a8                IDLE_CallBack_UART
                0x00000000080010ba                Lin_BK_CallBack_UART
                0x00000000080010cc                FlowCt_CallBack_UART
 .text          0x00000000080010e0      0x4d4 Stm32f10xx_EXTI.o
                0x0000000008001154                NVIC_EXTI_Clear_Handler
                0x000000000800117c                Init_EXTI
                0x0000000008001192                Deinit_EXTI
                0x000000000800123c                Upadate_EXTI
                0x0000000008001252                Config_EXTI
                0x0000000008001398                NVIC_Enable_IRQ
                0x00000000080013b4                NVIC_Disable_IRQ
                0x00000000080013d0                EXTI0_Handler
                0x00000000080013e8                EXTI1_Handler
                0x0000000008001400                EXTI2_Handler
                0x0000000008001418                EXTI3_Handler
                0x0000000008001430                EXTI4_Handler
                0x0000000008001448                EXTI9_5_Handler
                0x00000000080014f0                EXTI15_10_Handler
 .text          0x00000000080015b4      0x488 Stm32f10xx_GPIO.o
                0x00000000080015b4                Init_GPIO
                0x0000000008001808                Set_pin
                0x0000000008001824                Reset_pin
                0x0000000008001844                Change_State_Pin
                0x0000000008001876                Toggle_pin
                0x0000000008001898                Read_pin
                0x00000000080018c0                Set_GPIO_Value
                0x00000000080018da                Reset_GPIO
                0x00000000080018f8                Read_GPIO
                0x0000000008001910                Lock_GPIO
                0x000000000800196a                Deinit_GPIO
 .text          0x0000000008001a3c      0x1a4 Stm32f10xx_RCC.o
                0x0000000008001a3c                Get_Systick_Freq
                0x0000000008001b28                Get_HCLK_Freq
                0x0000000008001b54                Get_APB1_Freq
                0x0000000008001b7c                Get_APB2_Freq
                0x0000000008001ba4                Set_HSE_CLK_Freq
 *(.rodata)
 .rodata        0x0000000008001be0        0x2 Application.o
                0x0000000008001be0                BL_Version
 *fill*         0x0000000008001be2        0x2 
 .rodata        0x0000000008001be4      0x200 Stm32f10xx_EXTI.o
                0x0000000008001be4                EXTI_Streem
 .rodata        0x0000000008001de4       0x43 Stm32f10xx_RCC.o
                0x0000000008001e27                _E_text = .

.glue_7         0x0000000008001e28        0x0
 .glue_7        0x0000000008001e28        0x0 linker stubs

.glue_7t        0x0000000008001e28        0x0
 .glue_7t       0x0000000008001e28        0x0 linker stubs

.vfp11_veneer   0x0000000008001e28        0x0
 .vfp11_veneer  0x0000000008001e28        0x0 linker stubs

.v4_bx          0x0000000008001e28        0x0
 .v4_bx         0x0000000008001e28        0x0 linker stubs

.iplt           0x0000000008001e28        0x0
 .iplt          0x0000000008001e28        0x0 Application.o

.rel.dyn        0x0000000008001e28        0x0
 .rel.iplt      0x0000000008001e28        0x0 Application.o

.data           0x0000000020000000       0x24 load address 0x0000000008001e27
                0x0000000020000000                _S_DATA = .
 *(.data)
 .data          0x0000000020000000       0x24 Application.o
                0x0000000020000000                _Dispay_Exit_admin_mode
 .data          0x0000000020000024        0x0 Buffer.o
 .data          0x0000000020000024        0x0 main.o
 .data          0x0000000020000024        0x0 startup.o
 .data          0x0000000020000024        0x0 Stm32_f10xx_Systick.o
 .data          0x0000000020000024        0x0 Stm32f10x_DMA.o
 .data          0x0000000020000024        0x0 Stm32f10x_UART.o
 .data          0x0000000020000024        0x0 Stm32f10xx_EXTI.o
 .data          0x0000000020000024        0x0 Stm32f10xx_GPIO.o
 .data          0x0000000020000024        0x0 Stm32f10xx_RCC.o
 *(.data.*)
                0x0000000020000024                _E_DATA = .

.igot.plt       0x0000000020000024        0x0 load address 0x0000000008001e4b
 .igot.plt      0x0000000020000024        0x0 Application.o

.bss            0x0000000020000024      0x8a8 load address 0x0000000008001e4b
                0x0000000020000024                _S_bss = .
 *(.bss)
 .bss           0x0000000020000024       0x84 Application.o
                0x0000000020000024                uart1_config
                0x000000002000005c                uart2_config
                0x0000000020000094                LEDS
 .bss           0x00000000200000a8        0x0 Buffer.o
 .bss           0x00000000200000a8        0x0 main.o
 .bss           0x00000000200000a8        0x0 startup.o
 .bss           0x00000000200000a8       0x10 Stm32_f10xx_Systick.o
                0x00000000200000a8                Systick_API
 .bss           0x00000000200000b8        0x0 Stm32f10x_DMA.o
 .bss           0x00000000200000b8        0x0 Stm32f10x_UART.o
 .bss           0x00000000200000b8        0x0 Stm32f10xx_EXTI.o
 .bss           0x00000000200000b8        0x0 Stm32f10xx_GPIO.o
 .bss           0x00000000200000b8        0x4 Stm32f10xx_RCC.o
 *(.bss.*)
                0x00000000200000bc                . = ALIGN (0x4)
                0x00000000200000bc                _E_bss = .
                0x00000000200000bc                . = ALIGN (0x4)
                0x00000000200004a4                . = (. + 0x3e8)
 *fill*         0x00000000200000bc      0x3e8 
                0x00000000200004a4                _heap_End = .
                0x00000000200004a4                . = ALIGN (0x4)
                0x000000002000088c                . = (. + 0x3e8)
 *fill*         0x00000000200004a4      0x3e8 
                0x000000002000088c                _stack_top = .
 COMMON         0x000000002000088c       0x40 Stm32f10xx_EXTI.o
                0x000000002000088c                GP_EXTI_CallBack
LOAD Application.o
LOAD Buffer.o
LOAD main.o
LOAD startup.o
LOAD Stm32_f10xx_Systick.o
LOAD Stm32f10x_DMA.o
LOAD Stm32f10x_UART.o
LOAD Stm32f10xx_EXTI.o
LOAD Stm32f10xx_GPIO.o
LOAD Stm32f10xx_RCC.o
OUTPUT(learn_embedded.axf elf32-littlearm)
LOAD linker stubs

.debug_info     0x0000000000000000     0x5096
 .debug_info    0x0000000000000000      0xe3c Application.o
 .debug_info    0x0000000000000e3c      0xb98 main.o
 .debug_info    0x00000000000019d4      0x18b startup.o
 .debug_info    0x0000000000001b5f      0x402 Stm32_f10xx_Systick.o
 .debug_info    0x0000000000001f61      0xc3d Stm32f10x_DMA.o
 .debug_info    0x0000000000002b9e     0x1488 Stm32f10x_UART.o
 .debug_info    0x0000000000004026      0x7fd Stm32f10xx_EXTI.o
 .debug_info    0x0000000000004823      0x59d Stm32f10xx_GPIO.o
 .debug_info    0x0000000000004dc0      0x2d6 Stm32f10xx_RCC.o

.debug_abbrev   0x0000000000000000     0x10fb
 .debug_abbrev  0x0000000000000000      0x2a0 Application.o
 .debug_abbrev  0x00000000000002a0      0x1fd main.o
 .debug_abbrev  0x000000000000049d       0xe4 startup.o
 .debug_abbrev  0x0000000000000581      0x154 Stm32_f10xx_Systick.o
 .debug_abbrev  0x00000000000006d5      0x216 Stm32f10x_DMA.o
 .debug_abbrev  0x00000000000008eb      0x3c0 Stm32f10x_UART.o
 .debug_abbrev  0x0000000000000cab      0x1dd Stm32f10xx_EXTI.o
 .debug_abbrev  0x0000000000000e88      0x175 Stm32f10xx_GPIO.o
 .debug_abbrev  0x0000000000000ffd       0xfe Stm32f10xx_RCC.o

.debug_aranges  0x0000000000000000      0x120
 .debug_aranges
                0x0000000000000000       0x20 Application.o
 .debug_aranges
                0x0000000000000020       0x20 main.o
 .debug_aranges
                0x0000000000000040       0x20 startup.o
 .debug_aranges
                0x0000000000000060       0x20 Stm32_f10xx_Systick.o
 .debug_aranges
                0x0000000000000080       0x20 Stm32f10x_DMA.o
 .debug_aranges
                0x00000000000000a0       0x20 Stm32f10x_UART.o
 .debug_aranges
                0x00000000000000c0       0x20 Stm32f10xx_EXTI.o
 .debug_aranges
                0x00000000000000e0       0x20 Stm32f10xx_GPIO.o
 .debug_aranges
                0x0000000000000100       0x20 Stm32f10xx_RCC.o

.debug_line     0x0000000000000000     0x246d
 .debug_line    0x0000000000000000      0x3a6 Application.o
 .debug_line    0x00000000000003a6        0x0 Buffer.o
 .debug_line    0x00000000000003a6      0x2ed main.o
 .debug_line    0x0000000000000693      0x240 startup.o
 .debug_line    0x00000000000008d3      0x287 Stm32_f10xx_Systick.o
 .debug_line    0x0000000000000b5a      0x445 Stm32f10x_DMA.o
 .debug_line    0x0000000000000f9f      0x943 Stm32f10x_UART.o
 .debug_line    0x00000000000018e2      0x48c Stm32f10xx_EXTI.o
 .debug_line    0x0000000000001d6e      0x433 Stm32f10xx_GPIO.o
 .debug_line    0x00000000000021a1      0x2cc Stm32f10xx_RCC.o

.debug_str      0x0000000000000000     0x145e
 .debug_str     0x0000000000000000      0x840 Application.o
                                        0x8e5 (size before relaxing)
 .debug_str     0x0000000000000840        0x9 Buffer.o
                                         0xc8 (size before relaxing)
 .debug_str     0x0000000000000849       0x68 main.o
                                        0x690 (size before relaxing)
 .debug_str     0x00000000000008b1       0x7f startup.o
                                        0x1d6 (size before relaxing)
 .debug_str     0x0000000000000930      0x385 Stm32_f10xx_Systick.o
                                        0x57e (size before relaxing)
 .debug_str     0x0000000000000cb5      0x1a4 Stm32f10x_DMA.o
                                        0x70d (size before relaxing)
 .debug_str     0x0000000000000e59      0x1db Stm32f10x_UART.o
                                        0xdc3 (size before relaxing)
 .debug_str     0x0000000000001034      0x297 Stm32f10xx_EXTI.o
                                        0x823 (size before relaxing)
 .debug_str     0x00000000000012cb       0xfa Stm32f10xx_GPIO.o
                                        0x3bd (size before relaxing)
 .debug_str     0x00000000000013c5       0x99 Stm32f10xx_RCC.o
                                        0x2b3 (size before relaxing)

.comment        0x0000000000000000       0x53
 .comment       0x0000000000000000       0x53 Application.o
                                         0x54 (size before relaxing)
 .comment       0x0000000000000053       0x54 Buffer.o
 .comment       0x0000000000000053       0x54 main.o
 .comment       0x0000000000000053       0x54 startup.o
 .comment       0x0000000000000053       0x54 Stm32_f10xx_Systick.o
 .comment       0x0000000000000053       0x54 Stm32f10x_DMA.o
 .comment       0x0000000000000053       0x54 Stm32f10x_UART.o
 .comment       0x0000000000000053       0x54 Stm32f10xx_EXTI.o
 .comment       0x0000000000000053       0x54 Stm32f10xx_GPIO.o
 .comment       0x0000000000000053       0x54 Stm32f10xx_RCC.o

.ARM.attributes
                0x0000000000000000       0x2d
 .ARM.attributes
                0x0000000000000000       0x2d Application.o
 .ARM.attributes
                0x000000000000002d       0x33 Buffer.o
 .ARM.attributes
                0x0000000000000060       0x2d main.o
 .ARM.attributes
                0x000000000000008d       0x2d startup.o
 .ARM.attributes
                0x00000000000000ba       0x2d Stm32_f10xx_Systick.o
 .ARM.attributes
                0x00000000000000e7       0x2d Stm32f10x_DMA.o
 .ARM.attributes
                0x0000000000000114       0x2d Stm32f10x_UART.o
 .ARM.attributes
                0x0000000000000141       0x2d Stm32f10xx_EXTI.o
 .ARM.attributes
                0x000000000000016e       0x2d Stm32f10xx_GPIO.o
 .ARM.attributes
                0x000000000000019b       0x2d Stm32f10xx_RCC.o

.debug_frame    0x0000000000000000      0xb14
 .debug_frame   0x0000000000000000       0xbc Application.o
 .debug_frame   0x00000000000000bc       0x30 main.o
 .debug_frame   0x00000000000000ec       0x50 startup.o
 .debug_frame   0x000000000000013c       0x54 Stm32_f10xx_Systick.o
 .debug_frame   0x0000000000000190      0x150 Stm32f10x_DMA.o
 .debug_frame   0x00000000000002e0      0x398 Stm32f10x_UART.o
 .debug_frame   0x0000000000000678      0x220 Stm32f10xx_EXTI.o
 .debug_frame   0x0000000000000898      0x1c8 Stm32f10xx_GPIO.o
 .debug_frame   0x0000000000000a60       0xb4 Stm32f10xx_RCC.o
