Archive member included to satisfy reference by file (symbol)

c:/program files (x86)/atmel/studio/7.0/toolchain/avr8/avr8-gnu-toolchain/bin/../lib/gcc/avr/5.4.0/../../../../avr/lib/avr5\libm.a(cmpsf2.o)
                              lib/Src/LCD_16_2.o (__ltsf2)
c:/program files (x86)/atmel/studio/7.0/toolchain/avr8/avr8-gnu-toolchain/bin/../lib/gcc/avr/5.4.0/../../../../avr/lib/avr5\libm.a(fixunssfsi.o)
                              lib/Src/LCD_16_2.o (__fixunssfsi)
c:/program files (x86)/atmel/studio/7.0/toolchain/avr8/avr8-gnu-toolchain/bin/../lib/gcc/avr/5.4.0/../../../../avr/lib/avr5\libm.a(fp_cmp.o)
                              c:/program files (x86)/atmel/studio/7.0/toolchain/avr8/avr8-gnu-toolchain/bin/../lib/gcc/avr/5.4.0/../../../../avr/lib/avr5\libm.a(cmpsf2.o) (__fp_cmp)
c:/program files (x86)/atmel/studio/7.0/toolchain/avr8/avr8-gnu-toolchain/bin/../lib/gcc/avr/5.4.0/../../../../avr/lib/avr5\libm.a(fp_split3.o)
                              c:/program files (x86)/atmel/studio/7.0/toolchain/avr8/avr8-gnu-toolchain/bin/../lib/gcc/avr/5.4.0/../../../../avr/lib/avr5\libm.a(fixunssfsi.o) (__fp_splitA)
c:/program files (x86)/atmel/studio/7.0/toolchain/avr8/avr8-gnu-toolchain/bin/../lib/gcc/avr/5.4.0/../../../../avr/lib/avr5\libm.a(fp_zero.o)
                              c:/program files (x86)/atmel/studio/7.0/toolchain/avr8/avr8-gnu-toolchain/bin/../lib/gcc/avr/5.4.0/../../../../avr/lib/avr5\libm.a(fixunssfsi.o) (__fp_zero)
c:/program files (x86)/atmel/studio/7.0/toolchain/avr8/avr8-gnu-toolchain/bin/../lib/gcc/avr/5.4.0/../../../../avr/lib/avr5\libm.a(gesf2.o)
                              lib/Src/LCD_16_2.o (__gtsf2)
c:/program files (x86)/atmel/studio/7.0/toolchain/avr8/avr8-gnu-toolchain/bin/../lib/gcc/avr/5.4.0/../../../../avr/lib/avr5\libm.a(mulsf3.o)
                              lib/Src/LCD_16_2.o (__mulsf3)
c:/program files (x86)/atmel/studio/7.0/toolchain/avr8/avr8-gnu-toolchain/bin/../lib/gcc/avr/5.4.0/../../../../avr/lib/avr5\libm.a(mulsf3x.o)
                              c:/program files (x86)/atmel/studio/7.0/toolchain/avr8/avr8-gnu-toolchain/bin/../lib/gcc/avr/5.4.0/../../../../avr/lib/avr5\libm.a(mulsf3.o) (__mulsf3x)
c:/program files (x86)/atmel/studio/7.0/toolchain/avr8/avr8-gnu-toolchain/bin/../lib/gcc/avr/5.4.0/../../../../avr/lib/avr5\libm.a(fp_inf.o)
                              c:/program files (x86)/atmel/studio/7.0/toolchain/avr8/avr8-gnu-toolchain/bin/../lib/gcc/avr/5.4.0/../../../../avr/lib/avr5\libm.a(mulsf3x.o) (__fp_inf)
c:/program files (x86)/atmel/studio/7.0/toolchain/avr8/avr8-gnu-toolchain/bin/../lib/gcc/avr/5.4.0/../../../../avr/lib/avr5\libm.a(fp_nan.o)
                              c:/program files (x86)/atmel/studio/7.0/toolchain/avr8/avr8-gnu-toolchain/bin/../lib/gcc/avr/5.4.0/../../../../avr/lib/avr5\libm.a(mulsf3x.o) (__fp_nan)
c:/program files (x86)/atmel/studio/7.0/toolchain/avr8/avr8-gnu-toolchain/bin/../lib/gcc/avr/5.4.0/../../../../avr/lib/avr5\libm.a(fp_pscA.o)
                              c:/program files (x86)/atmel/studio/7.0/toolchain/avr8/avr8-gnu-toolchain/bin/../lib/gcc/avr/5.4.0/../../../../avr/lib/avr5\libm.a(mulsf3x.o) (__fp_pscA)
c:/program files (x86)/atmel/studio/7.0/toolchain/avr8/avr8-gnu-toolchain/bin/../lib/gcc/avr/5.4.0/../../../../avr/lib/avr5\libm.a(fp_pscB.o)
                              c:/program files (x86)/atmel/studio/7.0/toolchain/avr8/avr8-gnu-toolchain/bin/../lib/gcc/avr/5.4.0/../../../../avr/lib/avr5\libm.a(mulsf3x.o) (__fp_pscB)
c:/program files (x86)/atmel/studio/7.0/toolchain/avr8/avr8-gnu-toolchain/bin/../lib/gcc/avr/5.4.0/../../../../avr/lib/avr5\libm.a(fp_round.o)
                              c:/program files (x86)/atmel/studio/7.0/toolchain/avr8/avr8-gnu-toolchain/bin/../lib/gcc/avr/5.4.0/../../../../avr/lib/avr5\libm.a(mulsf3.o) (__fp_round)
c:/program files (x86)/atmel/studio/7.0/toolchain/avr8/avr8-gnu-toolchain/bin/../lib/gcc/avr/5.4.0/avr5\libgcc.a(_mulsi3.o)
                              lib/Src/UART_driver.o (__mulsi3)
c:/program files (x86)/atmel/studio/7.0/toolchain/avr8/avr8-gnu-toolchain/bin/../lib/gcc/avr/5.4.0/avr5\libgcc.a(_udivmodsi4.o)
                              lib/Src/I2C_driver.o (__udivmodsi4)
c:/program files (x86)/atmel/studio/7.0/toolchain/avr8/avr8-gnu-toolchain/bin/../lib/gcc/avr/5.4.0/avr5\libgcc.a(_divmodsi4.o)
                              lib/Src/UART_driver.o (__divmodsi4)
c:/program files (x86)/atmel/studio/7.0/toolchain/avr8/avr8-gnu-toolchain/bin/../lib/gcc/avr/5.4.0/avr5\libgcc.a(_negsi2.o)
                              c:/program files (x86)/atmel/studio/7.0/toolchain/avr8/avr8-gnu-toolchain/bin/../lib/gcc/avr/5.4.0/avr5\libgcc.a(_divmodsi4.o) (__negsi2)
c:/program files (x86)/atmel/studio/7.0/toolchain/avr8/avr8-gnu-toolchain/bin/../lib/gcc/avr/5.4.0/avr5\libgcc.a(_exit.o)
                              C:/Program Files (x86)/Atmel/Studio/7.0/Packs/atmel/ATmega_DFP/1.6.364/gcc/dev/atmega32/avr5/crtatmega32.o (exit)
c:/program files (x86)/atmel/studio/7.0/toolchain/avr8/avr8-gnu-toolchain/bin/../lib/gcc/avr/5.4.0/avr5\libgcc.a(_copy_data.o)
                              lib/Src/Application.o (__do_copy_data)
c:/program files (x86)/atmel/studio/7.0/toolchain/avr8/avr8-gnu-toolchain/bin/../lib/gcc/avr/5.4.0/avr5\libgcc.a(_clear_bss.o)
                              lib/Src/Application.o (__do_clear_bss)
c:/program files (x86)/atmel/studio/7.0/toolchain/avr8/avr8-gnu-toolchain/bin/../lib/gcc/avr/5.4.0/avr5\libgcc.a(_muluhisi3.o)
                              lib/Src/ADC.o (__muluhisi3)
c:/program files (x86)/atmel/studio/7.0/toolchain/avr8/avr8-gnu-toolchain/bin/../lib/gcc/avr/5.4.0/avr5\libgcc.a(_umulhisi3.o)
                              c:/program files (x86)/atmel/studio/7.0/toolchain/avr8/avr8-gnu-toolchain/bin/../lib/gcc/avr/5.4.0/avr5\libgcc.a(_muluhisi3.o) (__umulhisi3)

Allocating common symbols
Common symbol       size              file

En_Polling_CTR      0x1               lib/Src/Application.o
En_Interrupt_state  0x1               lib/Src/Application.o
Timer1_Typedef      0xf               lib/Src/Timer1.o

Discarded input sections

 .data          0x00000000        0x0 C:/Program Files (x86)/Atmel/Studio/7.0/Packs/atmel/ATmega_DFP/1.6.364/gcc/dev/atmega32/avr5/crtatmega32.o
 .bss           0x00000000        0x0 C:/Program Files (x86)/Atmel/Studio/7.0/Packs/atmel/ATmega_DFP/1.6.364/gcc/dev/atmega32/avr5/crtatmega32.o
 .text          0x00000000        0x0 lib/Src/ADC.o
 .data          0x00000000        0x0 lib/Src/ADC.o
 .bss           0x00000000        0x0 lib/Src/ADC.o
 .text.ADC_Init
                0x00000000       0x92 lib/Src/ADC.o
 .text.ADC_Read
                0x00000000       0x80 lib/Src/ADC.o
 .text.ADC_Read_Volt
                0x00000000       0x84 lib/Src/ADC.o
 .debug_info    0x00000000      0x220 lib/Src/ADC.o
 .debug_abbrev  0x00000000       0xca lib/Src/ADC.o
 .debug_loc     0x00000000       0xd7 lib/Src/ADC.o
 .debug_aranges
                0x00000000       0x30 lib/Src/ADC.o
 .debug_ranges  0x00000000       0x20 lib/Src/ADC.o
 .debug_line    0x00000000      0x15f lib/Src/ADC.o
 .debug_str     0x00000000      0x2e8 lib/Src/ADC.o
 .comment       0x00000000       0x31 lib/Src/ADC.o
 .debug_frame   0x00000000       0x74 lib/Src/ADC.o
 .text          0x00000000        0x0 lib/Src/Application.o
 .data          0x00000000        0x0 lib/Src/Application.o
 .bss           0x00000000        0x0 lib/Src/Application.o
 .data.numbers  0x00000000        0xa lib/Src/Application.o
 .bss.Lcd_config
                0x00000000        0xb lib/Src/Application.o
 .bss.key_pad   0x00000000        0x6 lib/Src/Application.o
 .bss.i2c_confige
                0x00000000        0x7 lib/Src/Application.o
 .bss.adc1_config
                0x00000000        0x3 lib/Src/Application.o
 .bss.R_msg     0x00000000       0x10 lib/Src/Application.o
 COMMON         0x00000000        0x2 lib/Src/Application.o
 .text          0x00000000        0x0 lib/Src/Data_control.o
 .data          0x00000000        0x0 lib/Src/Data_control.o
 .bss           0x00000000        0x0 lib/Src/Data_control.o
 .text          0x00000000        0x0 lib/Src/GPIO.o
 .data          0x00000000        0x0 lib/Src/GPIO.o
 .bss           0x00000000        0x0 lib/Src/GPIO.o
 .text.Write_Pin
                0x00000000       0x80 lib/Src/GPIO.o
 .text.Read_Pin
                0x00000000       0x5a lib/Src/GPIO.o
 .text.Read_Pins
                0x00000000       0x44 lib/Src/GPIO.o
 .text.Toggle_pin
                0x00000000       0x58 lib/Src/GPIO.o
 .text.Write_Port_Register
                0x00000000       0x4c lib/Src/GPIO.o
 .text.Change_Direction
                0x00000000      0x186 lib/Src/GPIO.o
 .text.Write_Dir_Register
                0x00000000       0x4c lib/Src/GPIO.o
 .text          0x00000000        0x0 lib/Src/I2C_driver.o
 .data          0x00000000        0x0 lib/Src/I2C_driver.o
 .bss           0x00000000        0x0 lib/Src/I2C_driver.o
 .text.I2C_Init
                0x00000000       0xb2 lib/Src/I2C_driver.o
 .text.I2C_Send_Start
                0x00000000       0x44 lib/Src/I2C_driver.o
 .text.I2C_Send_Stop
                0x00000000       0x1a lib/Src/I2C_driver.o
 .text.I2C_Write
                0x00000000       0x38 lib/Src/I2C_driver.o
 .text.I2C_Read
                0x00000000       0x2e lib/Src/I2C_driver.o
 .debug_info    0x00000000      0x171 lib/Src/I2C_driver.o
 .debug_abbrev  0x00000000       0xe4 lib/Src/I2C_driver.o
 .debug_loc     0x00000000      0x15b lib/Src/I2C_driver.o
 .debug_aranges
                0x00000000       0x40 lib/Src/I2C_driver.o
 .debug_ranges  0x00000000       0x30 lib/Src/I2C_driver.o
 .debug_line    0x00000000      0x1b9 lib/Src/I2C_driver.o
 .debug_str     0x00000000      0x213 lib/Src/I2C_driver.o
 .comment       0x00000000       0x31 lib/Src/I2C_driver.o
 .debug_frame   0x00000000       0xc0 lib/Src/I2C_driver.o
 .text          0x00000000        0x0 lib/Src/Key_pad.o
 .data          0x00000000        0x0 lib/Src/Key_pad.o
 .bss           0x00000000        0x0 lib/Src/Key_pad.o
 .bss.pad_output_pin
                0x00000000        0x4 lib/Src/Key_pad.o
 .bss.pad_input_pin
                0x00000000        0x4 lib/Src/Key_pad.o
 .data.key_pad_keys
                0x00000000       0x10 lib/Src/Key_pad.o
 .text.Key_pad_init
                0x00000000      0x15a lib/Src/Key_pad.o
 .text.Check_Prass_Button
                0x00000000      0x174 lib/Src/Key_pad.o
 .debug_info    0x00000000      0x482 lib/Src/Key_pad.o
 .debug_abbrev  0x00000000      0x15e lib/Src/Key_pad.o
 .debug_loc     0x00000000       0x8f lib/Src/Key_pad.o
 .debug_aranges
                0x00000000       0x28 lib/Src/Key_pad.o
 .debug_ranges  0x00000000       0x18 lib/Src/Key_pad.o
 .debug_line    0x00000000      0x246 lib/Src/Key_pad.o
 .debug_str     0x00000000      0x396 lib/Src/Key_pad.o
 .comment       0x00000000       0x31 lib/Src/Key_pad.o
 .debug_frame   0x00000000       0x54 lib/Src/Key_pad.o
 .text          0x00000000        0x0 lib/Src/LCD_16_2.o
 .data          0x00000000        0x0 lib/Src/LCD_16_2.o
 .bss           0x00000000        0x0 lib/Src/LCD_16_2.o
 .data.LCD_Rows2
                0x00000000       0x10 lib/Src/LCD_16_2.o
 .text.Kick_Enable_pin
                0x00000000      0x148 lib/Src/LCD_16_2.o
 .text.LCD_init
                0x00000000      0x2d2 lib/Src/LCD_16_2.o
 .text.Check_BF
                0x00000000       0x90 lib/Src/LCD_16_2.o
 .text.Shift_R_Cursor
                0x00000000       0x24 lib/Src/LCD_16_2.o
 .text.Shift_L_Cursor
                0x00000000       0x24 lib/Src/LCD_16_2.o
 .text.Read_Cursor_Add
                0x00000000       0x1a lib/Src/LCD_16_2.o
 .text.Write_Character
                0x00000000       0x8e lib/Src/LCD_16_2.o
 .text.Write_Character_with_coordinator
                0x00000000       0xa4 lib/Src/LCD_16_2.o
 .text.Write_String
                0x00000000      0x140 lib/Src/LCD_16_2.o
 .text.Write_String_with_coordinator
                0x00000000       0x64 lib/Src/LCD_16_2.o
 .text.Jump_to_coordinator
                0x00000000       0x58 lib/Src/LCD_16_2.o
 .text.Write_Command
                0x00000000       0x74 lib/Src/LCD_16_2.o
 .text.write_first_raw_with_rot
                0x00000000       0xcc lib/Src/LCD_16_2.o
 .text.write_with_move
                0x00000000      0x262 lib/Src/LCD_16_2.o
 .text.clean_Lcd
                0x00000000       0x24 lib/Src/LCD_16_2.o
 .text.Write_String_Stop_with_Character
                0x00000000       0x56 lib/Src/LCD_16_2.o
 .bss.base_temp.1926
                0x00000000        0x2 lib/Src/LCD_16_2.o
 .bss.temp.1927
                0x00000000        0x1 lib/Src/LCD_16_2.o
 .bss.base_temp.1934
                0x00000000        0x2 lib/Src/LCD_16_2.o
 .bss.till_temp.1935
                0x00000000        0x2 lib/Src/LCD_16_2.o
 .bss.current_loc.1936
                0x00000000        0x2 lib/Src/LCD_16_2.o
 .bss.counter.1937
                0x00000000        0x1 lib/Src/LCD_16_2.o
 .debug_info    0x00000000      0x96b lib/Src/LCD_16_2.o
 .debug_abbrev  0x00000000      0x227 lib/Src/LCD_16_2.o
 .debug_loc     0x00000000      0x47c lib/Src/LCD_16_2.o
 .debug_aranges
                0x00000000       0x98 lib/Src/LCD_16_2.o
 .debug_ranges  0x00000000       0x88 lib/Src/LCD_16_2.o
 .debug_line    0x00000000      0x684 lib/Src/LCD_16_2.o
 .debug_str     0x00000000      0x4b3 lib/Src/LCD_16_2.o
 .comment       0x00000000       0x31 lib/Src/LCD_16_2.o
 .debug_frame   0x00000000      0x214 lib/Src/LCD_16_2.o
 .text          0x00000000        0x0 lib/Src/Max7221_driver.o
 .data          0x00000000        0x0 lib/Src/Max7221_driver.o
 .bss           0x00000000        0x0 lib/Src/Max7221_driver.o
 .text.Max7212_Default_Init
                0x00000000       0x58 lib/Src/Max7221_driver.o
 .text.Max7221_Send_Command_with_data
                0x00000000       0x26 lib/Src/Max7221_driver.o
 .text.Max7221_On
                0x00000000       0x1c lib/Src/Max7221_driver.o
 .text.Max7221_Off
                0x00000000       0x1c lib/Src/Max7221_driver.o
 .debug_info    0x00000000      0x178 lib/Src/Max7221_driver.o
 .debug_abbrev  0x00000000       0xd0 lib/Src/Max7221_driver.o
 .debug_loc     0x00000000       0xf9 lib/Src/Max7221_driver.o
 .debug_aranges
                0x00000000       0x38 lib/Src/Max7221_driver.o
 .debug_ranges  0x00000000       0x28 lib/Src/Max7221_driver.o
 .debug_line    0x00000000      0x144 lib/Src/Max7221_driver.o
 .debug_str     0x00000000      0x26a lib/Src/Max7221_driver.o
 .comment       0x00000000       0x31 lib/Src/Max7221_driver.o
 .debug_frame   0x00000000       0x94 lib/Src/Max7221_driver.o
 .text          0x00000000        0x0 lib/Src/PIR_Sensor_Driver.o
 .data          0x00000000        0x0 lib/Src/PIR_Sensor_Driver.o
 .bss           0x00000000        0x0 lib/Src/PIR_Sensor_Driver.o
 .text.Wait_Car
                0x00000000       0x1a lib/Src/PIR_Sensor_Driver.o
 .text          0x00000000        0x0 lib/Src/Servo_sg90.o
 .data          0x00000000        0x0 lib/Src/Servo_sg90.o
 .bss           0x00000000        0x0 lib/Src/Servo_sg90.o
 .text          0x00000000        0x0 lib/Src/SPI_driver.o
 .data          0x00000000        0x0 lib/Src/SPI_driver.o
 .bss           0x00000000        0x0 lib/Src/SPI_driver.o
 .text.SPI_MasterTransmit_Char
                0x00000000       0x56 lib/Src/SPI_driver.o
 .text.SPI_MasterTransmit_ADD_Data
                0x00000000       0x72 lib/Src/SPI_driver.o
 .text          0x00000000        0x0 lib/Src/Time0.o
 .data          0x00000000        0x0 lib/Src/Time0.o
 .bss           0x00000000        0x0 lib/Src/Time0.o
 .text.Timer0_Init
                0x00000000       0x94 lib/Src/Time0.o
 .text.Change_Timer_Mode
                0x00000000       0x46 lib/Src/Time0.o
 .text.En_Dis_Interrupt
                0x00000000       0x34 lib/Src/Time0.o
 .text.Timer0_Stop
                0x00000000       0x2c lib/Src/Time0.o
 .text.Set_Compare_Value
                0x00000000       0x3c lib/Src/Time0.o
 .text.Timer0_Get_Compare_Val
                0x00000000       0x34 lib/Src/Time0.o
 .text.Timer0_Set_Counter_Val
                0x00000000       0x34 lib/Src/Time0.o
 .text.Timer0_Get_Counter_Val
                0x00000000       0x34 lib/Src/Time0.o
 .text          0x00000000        0x0 lib/Src/Timer1.o
 .data          0x00000000        0x0 lib/Src/Timer1.o
 .bss           0x00000000        0x0 lib/Src/Timer1.o
 .text.Timer1_Stop
                0x00000000       0x22 lib/Src/Timer1.o
 .text.Set_Compare_value
                0x00000000       0x68 lib/Src/Timer1.o
 .text.Get_Compare_value
                0x00000000       0x6a lib/Src/Timer1.o
 .text.Set_Tick_Count_
                0x00000000       0x28 lib/Src/Timer1.o
 .text.Get_Tick_Count
                0x00000000       0x18 lib/Src/Timer1.o
 .text.En_Disable_Interupt
                0x00000000       0x22 lib/Src/Timer1.o
 .text.TIMER1_CAP_vect
                0x00000000       0x26 lib/Src/Timer1.o
 .text          0x00000000        0x0 lib/Src/UART_driver.o
 .data          0x00000000        0x0 lib/Src/UART_driver.o
 .bss           0x00000000        0x0 lib/Src/UART_driver.o
 .text.Init_Uart
                0x00000000      0x17e lib/Src/UART_driver.o
 .text.Uart_send
                0x00000000       0x62 lib/Src/UART_driver.o
 .text.Uart_Send_String
                0x00000000       0x4c lib/Src/UART_driver.o
 .text          0x00000000        0x0 lib/Src/WTDG.o
 .data          0x00000000        0x0 lib/Src/WTDG.o
 .bss           0x00000000        0x0 lib/Src/WTDG.o
 .text.WTDG_Init
                0x00000000       0x32 lib/Src/WTDG.o
 .text.WTDG_Start
                0x00000000       0x22 lib/Src/WTDG.o
 .text.WTDG_Stop
                0x00000000       0x34 lib/Src/WTDG.o
 .debug_info    0x00000000      0x102 lib/Src/WTDG.o
 .debug_abbrev  0x00000000       0x90 lib/Src/WTDG.o
 .debug_loc     0x00000000       0xbe lib/Src/WTDG.o
 .debug_aranges
                0x00000000       0x30 lib/Src/WTDG.o
 .debug_ranges  0x00000000       0x20 lib/Src/WTDG.o
 .debug_line    0x00000000      0x106 lib/Src/WTDG.o
 .debug_str     0x00000000      0x212 lib/Src/WTDG.o
 .comment       0x00000000       0x31 lib/Src/WTDG.o
 .debug_frame   0x00000000       0x74 lib/Src/WTDG.o
 .text          0x00000000        0x0 main.o
 .data          0x00000000        0x0 main.o
 .bss           0x00000000        0x0 main.o
 .text          0x00000000        0x0 c:/program files (x86)/atmel/studio/7.0/toolchain/avr8/avr8-gnu-toolchain/bin/../lib/gcc/avr/5.4.0/../../../../avr/lib/avr5\libm.a(cmpsf2.o)
 .data          0x00000000        0x0 c:/program files (x86)/atmel/studio/7.0/toolchain/avr8/avr8-gnu-toolchain/bin/../lib/gcc/avr/5.4.0/../../../../avr/lib/avr5\libm.a(cmpsf2.o)
 .bss           0x00000000        0x0 c:/program files (x86)/atmel/studio/7.0/toolchain/avr8/avr8-gnu-toolchain/bin/../lib/gcc/avr/5.4.0/../../../../avr/lib/avr5\libm.a(cmpsf2.o)
 .text.avr-libc.fplib
                0x00000000        0xa c:/program files (x86)/atmel/studio/7.0/toolchain/avr8/avr8-gnu-toolchain/bin/../lib/gcc/avr/5.4.0/../../../../avr/lib/avr5\libm.a(cmpsf2.o)
 .text          0x00000000        0x0 c:/program files (x86)/atmel/studio/7.0/toolchain/avr8/avr8-gnu-toolchain/bin/../lib/gcc/avr/5.4.0/../../../../avr/lib/avr5\libm.a(fixunssfsi.o)
 .data          0x00000000        0x0 c:/program files (x86)/atmel/studio/7.0/toolchain/avr8/avr8-gnu-toolchain/bin/../lib/gcc/avr/5.4.0/../../../../avr/lib/avr5\libm.a(fixunssfsi.o)
 .bss           0x00000000        0x0 c:/program files (x86)/atmel/studio/7.0/toolchain/avr8/avr8-gnu-toolchain/bin/../lib/gcc/avr/5.4.0/../../../../avr/lib/avr5\libm.a(fixunssfsi.o)
 .text.avr-libc.fplib
                0x00000000       0x5e c:/program files (x86)/atmel/studio/7.0/toolchain/avr8/avr8-gnu-toolchain/bin/../lib/gcc/avr/5.4.0/../../../../avr/lib/avr5\libm.a(fixunssfsi.o)
 .text          0x00000000        0x0 c:/program files (x86)/atmel/studio/7.0/toolchain/avr8/avr8-gnu-toolchain/bin/../lib/gcc/avr/5.4.0/../../../../avr/lib/avr5\libm.a(fp_cmp.o)
 .data          0x00000000        0x0 c:/program files (x86)/atmel/studio/7.0/toolchain/avr8/avr8-gnu-toolchain/bin/../lib/gcc/avr/5.4.0/../../../../avr/lib/avr5\libm.a(fp_cmp.o)
 .bss           0x00000000        0x0 c:/program files (x86)/atmel/studio/7.0/toolchain/avr8/avr8-gnu-toolchain/bin/../lib/gcc/avr/5.4.0/../../../../avr/lib/avr5\libm.a(fp_cmp.o)
 .text.avr-libc.fplib
                0x00000000       0x48 c:/program files (x86)/atmel/studio/7.0/toolchain/avr8/avr8-gnu-toolchain/bin/../lib/gcc/avr/5.4.0/../../../../avr/lib/avr5\libm.a(fp_cmp.o)
 .text          0x00000000        0x0 c:/program files (x86)/atmel/studio/7.0/toolchain/avr8/avr8-gnu-toolchain/bin/../lib/gcc/avr/5.4.0/../../../../avr/lib/avr5\libm.a(fp_split3.o)
 .data          0x00000000        0x0 c:/program files (x86)/atmel/studio/7.0/toolchain/avr8/avr8-gnu-toolchain/bin/../lib/gcc/avr/5.4.0/../../../../avr/lib/avr5\libm.a(fp_split3.o)
 .bss           0x00000000        0x0 c:/program files (x86)/atmel/studio/7.0/toolchain/avr8/avr8-gnu-toolchain/bin/../lib/gcc/avr/5.4.0/../../../../avr/lib/avr5\libm.a(fp_split3.o)
 .text.avr-libc.fplib
                0x00000000       0x44 c:/program files (x86)/atmel/studio/7.0/toolchain/avr8/avr8-gnu-toolchain/bin/../lib/gcc/avr/5.4.0/../../../../avr/lib/avr5\libm.a(fp_split3.o)
 .text          0x00000000        0x0 c:/program files (x86)/atmel/studio/7.0/toolchain/avr8/avr8-gnu-toolchain/bin/../lib/gcc/avr/5.4.0/../../../../avr/lib/avr5\libm.a(fp_zero.o)
 .data          0x00000000        0x0 c:/program files (x86)/atmel/studio/7.0/toolchain/avr8/avr8-gnu-toolchain/bin/../lib/gcc/avr/5.4.0/../../../../avr/lib/avr5\libm.a(fp_zero.o)
 .bss           0x00000000        0x0 c:/program files (x86)/atmel/studio/7.0/toolchain/avr8/avr8-gnu-toolchain/bin/../lib/gcc/avr/5.4.0/../../../../avr/lib/avr5\libm.a(fp_zero.o)
 .text.avr-libc.fplib
                0x00000000        0xe c:/program files (x86)/atmel/studio/7.0/toolchain/avr8/avr8-gnu-toolchain/bin/../lib/gcc/avr/5.4.0/../../../../avr/lib/avr5\libm.a(fp_zero.o)
 .text          0x00000000        0x0 c:/program files (x86)/atmel/studio/7.0/toolchain/avr8/avr8-gnu-toolchain/bin/../lib/gcc/avr/5.4.0/../../../../avr/lib/avr5\libm.a(gesf2.o)
 .data          0x00000000        0x0 c:/program files (x86)/atmel/studio/7.0/toolchain/avr8/avr8-gnu-toolchain/bin/../lib/gcc/avr/5.4.0/../../../../avr/lib/avr5\libm.a(gesf2.o)
 .bss           0x00000000        0x0 c:/program files (x86)/atmel/studio/7.0/toolchain/avr8/avr8-gnu-toolchain/bin/../lib/gcc/avr/5.4.0/../../../../avr/lib/avr5\libm.a(gesf2.o)
 .text.avr-libc.fplib
                0x00000000        0xa c:/program files (x86)/atmel/studio/7.0/toolchain/avr8/avr8-gnu-toolchain/bin/../lib/gcc/avr/5.4.0/../../../../avr/lib/avr5\libm.a(gesf2.o)
 .text          0x00000000        0x0 c:/program files (x86)/atmel/studio/7.0/toolchain/avr8/avr8-gnu-toolchain/bin/../lib/gcc/avr/5.4.0/../../../../avr/lib/avr5\libm.a(mulsf3.o)
 .data          0x00000000        0x0 c:/program files (x86)/atmel/studio/7.0/toolchain/avr8/avr8-gnu-toolchain/bin/../lib/gcc/avr/5.4.0/../../../../avr/lib/avr5\libm.a(mulsf3.o)
 .bss           0x00000000        0x0 c:/program files (x86)/atmel/studio/7.0/toolchain/avr8/avr8-gnu-toolchain/bin/../lib/gcc/avr/5.4.0/../../../../avr/lib/avr5\libm.a(mulsf3.o)
 .text.avr-libc.fplib
                0x00000000        0x8 c:/program files (x86)/atmel/studio/7.0/toolchain/avr8/avr8-gnu-toolchain/bin/../lib/gcc/avr/5.4.0/../../../../avr/lib/avr5\libm.a(mulsf3.o)
 .text          0x00000000        0x0 c:/program files (x86)/atmel/studio/7.0/toolchain/avr8/avr8-gnu-toolchain/bin/../lib/gcc/avr/5.4.0/../../../../avr/lib/avr5\libm.a(mulsf3x.o)
 .data          0x00000000        0x0 c:/program files (x86)/atmel/studio/7.0/toolchain/avr8/avr8-gnu-toolchain/bin/../lib/gcc/avr/5.4.0/../../../../avr/lib/avr5\libm.a(mulsf3x.o)
 .bss           0x00000000        0x0 c:/program files (x86)/atmel/studio/7.0/toolchain/avr8/avr8-gnu-toolchain/bin/../lib/gcc/avr/5.4.0/../../../../avr/lib/avr5\libm.a(mulsf3x.o)
 .text.avr-libc.fplib
                0x00000000       0xd2 c:/program files (x86)/atmel/studio/7.0/toolchain/avr8/avr8-gnu-toolchain/bin/../lib/gcc/avr/5.4.0/../../../../avr/lib/avr5\libm.a(mulsf3x.o)
 .text          0x00000000        0x0 c:/program files (x86)/atmel/studio/7.0/toolchain/avr8/avr8-gnu-toolchain/bin/../lib/gcc/avr/5.4.0/../../../../avr/lib/avr5\libm.a(fp_inf.o)
 .data          0x00000000        0x0 c:/program files (x86)/atmel/studio/7.0/toolchain/avr8/avr8-gnu-toolchain/bin/../lib/gcc/avr/5.4.0/../../../../avr/lib/avr5\libm.a(fp_inf.o)
 .bss           0x00000000        0x0 c:/program files (x86)/atmel/studio/7.0/toolchain/avr8/avr8-gnu-toolchain/bin/../lib/gcc/avr/5.4.0/../../../../avr/lib/avr5\libm.a(fp_inf.o)
 .text.avr-libc.fplib
                0x00000000        0xc c:/program files (x86)/atmel/studio/7.0/toolchain/avr8/avr8-gnu-toolchain/bin/../lib/gcc/avr/5.4.0/../../../../avr/lib/avr5\libm.a(fp_inf.o)
 .text          0x00000000        0x0 c:/program files (x86)/atmel/studio/7.0/toolchain/avr8/avr8-gnu-toolchain/bin/../lib/gcc/avr/5.4.0/../../../../avr/lib/avr5\libm.a(fp_nan.o)
 .data          0x00000000        0x0 c:/program files (x86)/atmel/studio/7.0/toolchain/avr8/avr8-gnu-toolchain/bin/../lib/gcc/avr/5.4.0/../../../../avr/lib/avr5\libm.a(fp_nan.o)
 .bss           0x00000000        0x0 c:/program files (x86)/atmel/studio/7.0/toolchain/avr8/avr8-gnu-toolchain/bin/../lib/gcc/avr/5.4.0/../../../../avr/lib/avr5\libm.a(fp_nan.o)
 .text.avr-libc.fplib
                0x00000000        0x6 c:/program files (x86)/atmel/studio/7.0/toolchain/avr8/avr8-gnu-toolchain/bin/../lib/gcc/avr/5.4.0/../../../../avr/lib/avr5\libm.a(fp_nan.o)
 .text          0x00000000        0x0 c:/program files (x86)/atmel/studio/7.0/toolchain/avr8/avr8-gnu-toolchain/bin/../lib/gcc/avr/5.4.0/../../../../avr/lib/avr5\libm.a(fp_pscA.o)
 .data          0x00000000        0x0 c:/program files (x86)/atmel/studio/7.0/toolchain/avr8/avr8-gnu-toolchain/bin/../lib/gcc/avr/5.4.0/../../../../avr/lib/avr5\libm.a(fp_pscA.o)
 .bss           0x00000000        0x0 c:/program files (x86)/atmel/studio/7.0/toolchain/avr8/avr8-gnu-toolchain/bin/../lib/gcc/avr/5.4.0/../../../../avr/lib/avr5\libm.a(fp_pscA.o)
 .text.avr-libc.fplib
                0x00000000        0xe c:/program files (x86)/atmel/studio/7.0/toolchain/avr8/avr8-gnu-toolchain/bin/../lib/gcc/avr/5.4.0/../../../../avr/lib/avr5\libm.a(fp_pscA.o)
 .text          0x00000000        0x0 c:/program files (x86)/atmel/studio/7.0/toolchain/avr8/avr8-gnu-toolchain/bin/../lib/gcc/avr/5.4.0/../../../../avr/lib/avr5\libm.a(fp_pscB.o)
 .data          0x00000000        0x0 c:/program files (x86)/atmel/studio/7.0/toolchain/avr8/avr8-gnu-toolchain/bin/../lib/gcc/avr/5.4.0/../../../../avr/lib/avr5\libm.a(fp_pscB.o)
 .bss           0x00000000        0x0 c:/program files (x86)/atmel/studio/7.0/toolchain/avr8/avr8-gnu-toolchain/bin/../lib/gcc/avr/5.4.0/../../../../avr/lib/avr5\libm.a(fp_pscB.o)
 .text.avr-libc.fplib
                0x00000000        0xe c:/program files (x86)/atmel/studio/7.0/toolchain/avr8/avr8-gnu-toolchain/bin/../lib/gcc/avr/5.4.0/../../../../avr/lib/avr5\libm.a(fp_pscB.o)
 .text          0x00000000        0x0 c:/program files (x86)/atmel/studio/7.0/toolchain/avr8/avr8-gnu-toolchain/bin/../lib/gcc/avr/5.4.0/../../../../avr/lib/avr5\libm.a(fp_round.o)
 .data          0x00000000        0x0 c:/program files (x86)/atmel/studio/7.0/toolchain/avr8/avr8-gnu-toolchain/bin/../lib/gcc/avr/5.4.0/../../../../avr/lib/avr5\libm.a(fp_round.o)
 .bss           0x00000000        0x0 c:/program files (x86)/atmel/studio/7.0/toolchain/avr8/avr8-gnu-toolchain/bin/../lib/gcc/avr/5.4.0/../../../../avr/lib/avr5\libm.a(fp_round.o)
 .text.avr-libc.fplib
                0x00000000       0x22 c:/program files (x86)/atmel/studio/7.0/toolchain/avr8/avr8-gnu-toolchain/bin/../lib/gcc/avr/5.4.0/../../../../avr/lib/avr5\libm.a(fp_round.o)
 .text          0x00000000        0x0 c:/program files (x86)/atmel/studio/7.0/toolchain/avr8/avr8-gnu-toolchain/bin/../lib/gcc/avr/5.4.0/avr5\libgcc.a(_mulsi3.o)
 .data          0x00000000        0x0 c:/program files (x86)/atmel/studio/7.0/toolchain/avr8/avr8-gnu-toolchain/bin/../lib/gcc/avr/5.4.0/avr5\libgcc.a(_mulsi3.o)
 .bss           0x00000000        0x0 c:/program files (x86)/atmel/studio/7.0/toolchain/avr8/avr8-gnu-toolchain/bin/../lib/gcc/avr/5.4.0/avr5\libgcc.a(_mulsi3.o)
 .text.libgcc.mul
                0x00000000       0x20 c:/program files (x86)/atmel/studio/7.0/toolchain/avr8/avr8-gnu-toolchain/bin/../lib/gcc/avr/5.4.0/avr5\libgcc.a(_mulsi3.o)
 .text.libgcc.div
                0x00000000        0x0 c:/program files (x86)/atmel/studio/7.0/toolchain/avr8/avr8-gnu-toolchain/bin/../lib/gcc/avr/5.4.0/avr5\libgcc.a(_mulsi3.o)
 .text.libgcc   0x00000000        0x0 c:/program files (x86)/atmel/studio/7.0/toolchain/avr8/avr8-gnu-toolchain/bin/../lib/gcc/avr/5.4.0/avr5\libgcc.a(_mulsi3.o)
 .text.libgcc.prologue
                0x00000000        0x0 c:/program files (x86)/atmel/studio/7.0/toolchain/avr8/avr8-gnu-toolchain/bin/../lib/gcc/avr/5.4.0/avr5\libgcc.a(_mulsi3.o)
 .text.libgcc.builtins
                0x00000000        0x0 c:/program files (x86)/atmel/studio/7.0/toolchain/avr8/avr8-gnu-toolchain/bin/../lib/gcc/avr/5.4.0/avr5\libgcc.a(_mulsi3.o)
 .text.libgcc.fmul
                0x00000000        0x0 c:/program files (x86)/atmel/studio/7.0/toolchain/avr8/avr8-gnu-toolchain/bin/../lib/gcc/avr/5.4.0/avr5\libgcc.a(_mulsi3.o)
 .text.libgcc.fixed
                0x00000000        0x0 c:/program files (x86)/atmel/studio/7.0/toolchain/avr8/avr8-gnu-toolchain/bin/../lib/gcc/avr/5.4.0/avr5\libgcc.a(_mulsi3.o)
 .text          0x00000000        0x0 c:/program files (x86)/atmel/studio/7.0/toolchain/avr8/avr8-gnu-toolchain/bin/../lib/gcc/avr/5.4.0/avr5\libgcc.a(_udivmodsi4.o)
 .data          0x00000000        0x0 c:/program files (x86)/atmel/studio/7.0/toolchain/avr8/avr8-gnu-toolchain/bin/../lib/gcc/avr/5.4.0/avr5\libgcc.a(_udivmodsi4.o)
 .bss           0x00000000        0x0 c:/program files (x86)/atmel/studio/7.0/toolchain/avr8/avr8-gnu-toolchain/bin/../lib/gcc/avr/5.4.0/avr5\libgcc.a(_udivmodsi4.o)
 .text.libgcc.mul
                0x00000000        0x0 c:/program files (x86)/atmel/studio/7.0/toolchain/avr8/avr8-gnu-toolchain/bin/../lib/gcc/avr/5.4.0/avr5\libgcc.a(_udivmodsi4.o)
 .text.libgcc.div
                0x00000000       0x44 c:/program files (x86)/atmel/studio/7.0/toolchain/avr8/avr8-gnu-toolchain/bin/../lib/gcc/avr/5.4.0/avr5\libgcc.a(_udivmodsi4.o)
 .text.libgcc   0x00000000        0x0 c:/program files (x86)/atmel/studio/7.0/toolchain/avr8/avr8-gnu-toolchain/bin/../lib/gcc/avr/5.4.0/avr5\libgcc.a(_udivmodsi4.o)
 .text.libgcc.prologue
                0x00000000        0x0 c:/program files (x86)/atmel/studio/7.0/toolchain/avr8/avr8-gnu-toolchain/bin/../lib/gcc/avr/5.4.0/avr5\libgcc.a(_udivmodsi4.o)
 .text.libgcc.builtins
                0x00000000        0x0 c:/program files (x86)/atmel/studio/7.0/toolchain/avr8/avr8-gnu-toolchain/bin/../lib/gcc/avr/5.4.0/avr5\libgcc.a(_udivmodsi4.o)
 .text.libgcc.fmul
                0x00000000        0x0 c:/program files (x86)/atmel/studio/7.0/toolchain/avr8/avr8-gnu-toolchain/bin/../lib/gcc/avr/5.4.0/avr5\libgcc.a(_udivmodsi4.o)
 .text.libgcc.fixed
                0x00000000        0x0 c:/program files (x86)/atmel/studio/7.0/toolchain/avr8/avr8-gnu-toolchain/bin/../lib/gcc/avr/5.4.0/avr5\libgcc.a(_udivmodsi4.o)
 .text          0x00000000        0x0 c:/program files (x86)/atmel/studio/7.0/toolchain/avr8/avr8-gnu-toolchain/bin/../lib/gcc/avr/5.4.0/avr5\libgcc.a(_divmodsi4.o)
 .data          0x00000000        0x0 c:/program files (x86)/atmel/studio/7.0/toolchain/avr8/avr8-gnu-toolchain/bin/../lib/gcc/avr/5.4.0/avr5\libgcc.a(_divmodsi4.o)
 .bss           0x00000000        0x0 c:/program files (x86)/atmel/studio/7.0/toolchain/avr8/avr8-gnu-toolchain/bin/../lib/gcc/avr/5.4.0/avr5\libgcc.a(_divmodsi4.o)
 .text.libgcc.mul
                0x00000000        0x0 c:/program files (x86)/atmel/studio/7.0/toolchain/avr8/avr8-gnu-toolchain/bin/../lib/gcc/avr/5.4.0/avr5\libgcc.a(_divmodsi4.o)
 .text.libgcc.div
                0x00000000       0x2e c:/program files (x86)/atmel/studio/7.0/toolchain/avr8/avr8-gnu-toolchain/bin/../lib/gcc/avr/5.4.0/avr5\libgcc.a(_divmodsi4.o)
 .text.libgcc   0x00000000        0x0 c:/program files (x86)/atmel/studio/7.0/toolchain/avr8/avr8-gnu-toolchain/bin/../lib/gcc/avr/5.4.0/avr5\libgcc.a(_divmodsi4.o)
 .text.libgcc.prologue
                0x00000000        0x0 c:/program files (x86)/atmel/studio/7.0/toolchain/avr8/avr8-gnu-toolchain/bin/../lib/gcc/avr/5.4.0/avr5\libgcc.a(_divmodsi4.o)
 .text.libgcc.builtins
                0x00000000        0x0 c:/program files (x86)/atmel/studio/7.0/toolchain/avr8/avr8-gnu-toolchain/bin/../lib/gcc/avr/5.4.0/avr5\libgcc.a(_divmodsi4.o)
 .text.libgcc.fmul
                0x00000000        0x0 c:/program files (x86)/atmel/studio/7.0/toolchain/avr8/avr8-gnu-toolchain/bin/../lib/gcc/avr/5.4.0/avr5\libgcc.a(_divmodsi4.o)
 .text.libgcc.fixed
                0x00000000        0x0 c:/program files (x86)/atmel/studio/7.0/toolchain/avr8/avr8-gnu-toolchain/bin/../lib/gcc/avr/5.4.0/avr5\libgcc.a(_divmodsi4.o)
 .text          0x00000000        0x0 c:/program files (x86)/atmel/studio/7.0/toolchain/avr8/avr8-gnu-toolchain/bin/../lib/gcc/avr/5.4.0/avr5\libgcc.a(_negsi2.o)
 .data          0x00000000        0x0 c:/program files (x86)/atmel/studio/7.0/toolchain/avr8/avr8-gnu-toolchain/bin/../lib/gcc/avr/5.4.0/avr5\libgcc.a(_negsi2.o)
 .bss           0x00000000        0x0 c:/program files (x86)/atmel/studio/7.0/toolchain/avr8/avr8-gnu-toolchain/bin/../lib/gcc/avr/5.4.0/avr5\libgcc.a(_negsi2.o)
 .text.libgcc.mul
                0x00000000        0x0 c:/program files (x86)/atmel/studio/7.0/toolchain/avr8/avr8-gnu-toolchain/bin/../lib/gcc/avr/5.4.0/avr5\libgcc.a(_negsi2.o)
 .text.libgcc.div
                0x00000000       0x10 c:/program files (x86)/atmel/studio/7.0/toolchain/avr8/avr8-gnu-toolchain/bin/../lib/gcc/avr/5.4.0/avr5\libgcc.a(_negsi2.o)
 .text.libgcc   0x00000000        0x0 c:/program files (x86)/atmel/studio/7.0/toolchain/avr8/avr8-gnu-toolchain/bin/../lib/gcc/avr/5.4.0/avr5\libgcc.a(_negsi2.o)
 .text.libgcc.prologue
                0x00000000        0x0 c:/program files (x86)/atmel/studio/7.0/toolchain/avr8/avr8-gnu-toolchain/bin/../lib/gcc/avr/5.4.0/avr5\libgcc.a(_negsi2.o)
 .text.libgcc.builtins
                0x00000000        0x0 c:/program files (x86)/atmel/studio/7.0/toolchain/avr8/avr8-gnu-toolchain/bin/../lib/gcc/avr/5.4.0/avr5\libgcc.a(_negsi2.o)
 .text.libgcc.fmul
                0x00000000        0x0 c:/program files (x86)/atmel/studio/7.0/toolchain/avr8/avr8-gnu-toolchain/bin/../lib/gcc/avr/5.4.0/avr5\libgcc.a(_negsi2.o)
 .text.libgcc.fixed
                0x00000000        0x0 c:/program files (x86)/atmel/studio/7.0/toolchain/avr8/avr8-gnu-toolchain/bin/../lib/gcc/avr/5.4.0/avr5\libgcc.a(_negsi2.o)
 .text          0x00000000        0x0 c:/program files (x86)/atmel/studio/7.0/toolchain/avr8/avr8-gnu-toolchain/bin/../lib/gcc/avr/5.4.0/avr5\libgcc.a(_exit.o)
 .data          0x00000000        0x0 c:/program files (x86)/atmel/studio/7.0/toolchain/avr8/avr8-gnu-toolchain/bin/../lib/gcc/avr/5.4.0/avr5\libgcc.a(_exit.o)
 .bss           0x00000000        0x0 c:/program files (x86)/atmel/studio/7.0/toolchain/avr8/avr8-gnu-toolchain/bin/../lib/gcc/avr/5.4.0/avr5\libgcc.a(_exit.o)
 .text.libgcc.mul
                0x00000000        0x0 c:/program files (x86)/atmel/studio/7.0/toolchain/avr8/avr8-gnu-toolchain/bin/../lib/gcc/avr/5.4.0/avr5\libgcc.a(_exit.o)
 .text.libgcc.div
                0x00000000        0x0 c:/program files (x86)/atmel/studio/7.0/toolchain/avr8/avr8-gnu-toolchain/bin/../lib/gcc/avr/5.4.0/avr5\libgcc.a(_exit.o)
 .text.libgcc   0x00000000        0x0 c:/program files (x86)/atmel/studio/7.0/toolchain/avr8/avr8-gnu-toolchain/bin/../lib/gcc/avr/5.4.0/avr5\libgcc.a(_exit.o)
 .text.libgcc.prologue
                0x00000000        0x0 c:/program files (x86)/atmel/studio/7.0/toolchain/avr8/avr8-gnu-toolchain/bin/../lib/gcc/avr/5.4.0/avr5\libgcc.a(_exit.o)
 .text.libgcc.builtins
                0x00000000        0x0 c:/program files (x86)/atmel/studio/7.0/toolchain/avr8/avr8-gnu-toolchain/bin/../lib/gcc/avr/5.4.0/avr5\libgcc.a(_exit.o)
 .text.libgcc.fmul
                0x00000000        0x0 c:/program files (x86)/atmel/studio/7.0/toolchain/avr8/avr8-gnu-toolchain/bin/../lib/gcc/avr/5.4.0/avr5\libgcc.a(_exit.o)
 .text.libgcc.fixed
                0x00000000        0x0 c:/program files (x86)/atmel/studio/7.0/toolchain/avr8/avr8-gnu-toolchain/bin/../lib/gcc/avr/5.4.0/avr5\libgcc.a(_exit.o)
 .text          0x00000000        0x0 c:/program files (x86)/atmel/studio/7.0/toolchain/avr8/avr8-gnu-toolchain/bin/../lib/gcc/avr/5.4.0/avr5\libgcc.a(_copy_data.o)
 .data          0x00000000        0x0 c:/program files (x86)/atmel/studio/7.0/toolchain/avr8/avr8-gnu-toolchain/bin/../lib/gcc/avr/5.4.0/avr5\libgcc.a(_copy_data.o)
 .bss           0x00000000        0x0 c:/program files (x86)/atmel/studio/7.0/toolchain/avr8/avr8-gnu-toolchain/bin/../lib/gcc/avr/5.4.0/avr5\libgcc.a(_copy_data.o)
 .text.libgcc.mul
                0x00000000        0x0 c:/program files (x86)/atmel/studio/7.0/toolchain/avr8/avr8-gnu-toolchain/bin/../lib/gcc/avr/5.4.0/avr5\libgcc.a(_copy_data.o)
 .text.libgcc.div
                0x00000000        0x0 c:/program files (x86)/atmel/studio/7.0/toolchain/avr8/avr8-gnu-toolchain/bin/../lib/gcc/avr/5.4.0/avr5\libgcc.a(_copy_data.o)
 .text.libgcc   0x00000000        0x0 c:/program files (x86)/atmel/studio/7.0/toolchain/avr8/avr8-gnu-toolchain/bin/../lib/gcc/avr/5.4.0/avr5\libgcc.a(_copy_data.o)
 .text.libgcc.prologue
                0x00000000        0x0 c:/program files (x86)/atmel/studio/7.0/toolchain/avr8/avr8-gnu-toolchain/bin/../lib/gcc/avr/5.4.0/avr5\libgcc.a(_copy_data.o)
 .text.libgcc.builtins
                0x00000000        0x0 c:/program files (x86)/atmel/studio/7.0/toolchain/avr8/avr8-gnu-toolchain/bin/../lib/gcc/avr/5.4.0/avr5\libgcc.a(_copy_data.o)
 .text.libgcc.fmul
                0x00000000        0x0 c:/program files (x86)/atmel/studio/7.0/toolchain/avr8/avr8-gnu-toolchain/bin/../lib/gcc/avr/5.4.0/avr5\libgcc.a(_copy_data.o)
 .text.libgcc.fixed
                0x00000000        0x0 c:/program files (x86)/atmel/studio/7.0/toolchain/avr8/avr8-gnu-toolchain/bin/../lib/gcc/avr/5.4.0/avr5\libgcc.a(_copy_data.o)
 .text          0x00000000        0x0 c:/program files (x86)/atmel/studio/7.0/toolchain/avr8/avr8-gnu-toolchain/bin/../lib/gcc/avr/5.4.0/avr5\libgcc.a(_clear_bss.o)
 .data          0x00000000        0x0 c:/program files (x86)/atmel/studio/7.0/toolchain/avr8/avr8-gnu-toolchain/bin/../lib/gcc/avr/5.4.0/avr5\libgcc.a(_clear_bss.o)
 .bss           0x00000000        0x0 c:/program files (x86)/atmel/studio/7.0/toolchain/avr8/avr8-gnu-toolchain/bin/../lib/gcc/avr/5.4.0/avr5\libgcc.a(_clear_bss.o)
 .text.libgcc.mul
                0x00000000        0x0 c:/program files (x86)/atmel/studio/7.0/toolchain/avr8/avr8-gnu-toolchain/bin/../lib/gcc/avr/5.4.0/avr5\libgcc.a(_clear_bss.o)
 .text.libgcc.div
                0x00000000        0x0 c:/program files (x86)/atmel/studio/7.0/toolchain/avr8/avr8-gnu-toolchain/bin/../lib/gcc/avr/5.4.0/avr5\libgcc.a(_clear_bss.o)
 .text.libgcc   0x00000000        0x0 c:/program files (x86)/atmel/studio/7.0/toolchain/avr8/avr8-gnu-toolchain/bin/../lib/gcc/avr/5.4.0/avr5\libgcc.a(_clear_bss.o)
 .text.libgcc.prologue
                0x00000000        0x0 c:/program files (x86)/atmel/studio/7.0/toolchain/avr8/avr8-gnu-toolchain/bin/../lib/gcc/avr/5.4.0/avr5\libgcc.a(_clear_bss.o)
 .text.libgcc.builtins
                0x00000000        0x0 c:/program files (x86)/atmel/studio/7.0/toolchain/avr8/avr8-gnu-toolchain/bin/../lib/gcc/avr/5.4.0/avr5\libgcc.a(_clear_bss.o)
 .text.libgcc.fmul
                0x00000000        0x0 c:/program files (x86)/atmel/studio/7.0/toolchain/avr8/avr8-gnu-toolchain/bin/../lib/gcc/avr/5.4.0/avr5\libgcc.a(_clear_bss.o)
 .text.libgcc.fixed
                0x00000000        0x0 c:/program files (x86)/atmel/studio/7.0/toolchain/avr8/avr8-gnu-toolchain/bin/../lib/gcc/avr/5.4.0/avr5\libgcc.a(_clear_bss.o)
 .text          0x00000000        0x0 c:/program files (x86)/atmel/studio/7.0/toolchain/avr8/avr8-gnu-toolchain/bin/../lib/gcc/avr/5.4.0/avr5\libgcc.a(_muluhisi3.o)
 .data          0x00000000        0x0 c:/program files (x86)/atmel/studio/7.0/toolchain/avr8/avr8-gnu-toolchain/bin/../lib/gcc/avr/5.4.0/avr5\libgcc.a(_muluhisi3.o)
 .bss           0x00000000        0x0 c:/program files (x86)/atmel/studio/7.0/toolchain/avr8/avr8-gnu-toolchain/bin/../lib/gcc/avr/5.4.0/avr5\libgcc.a(_muluhisi3.o)
 .text.libgcc.mul
                0x00000000       0x16 c:/program files (x86)/atmel/studio/7.0/toolchain/avr8/avr8-gnu-toolchain/bin/../lib/gcc/avr/5.4.0/avr5\libgcc.a(_muluhisi3.o)
 .text.libgcc.div
                0x00000000        0x0 c:/program files (x86)/atmel/studio/7.0/toolchain/avr8/avr8-gnu-toolchain/bin/../lib/gcc/avr/5.4.0/avr5\libgcc.a(_muluhisi3.o)
 .text.libgcc   0x00000000        0x0 c:/program files (x86)/atmel/studio/7.0/toolchain/avr8/avr8-gnu-toolchain/bin/../lib/gcc/avr/5.4.0/avr5\libgcc.a(_muluhisi3.o)
 .text.libgcc.prologue
                0x00000000        0x0 c:/program files (x86)/atmel/studio/7.0/toolchain/avr8/avr8-gnu-toolchain/bin/../lib/gcc/avr/5.4.0/avr5\libgcc.a(_muluhisi3.o)
 .text.libgcc.builtins
                0x00000000        0x0 c:/program files (x86)/atmel/studio/7.0/toolchain/avr8/avr8-gnu-toolchain/bin/../lib/gcc/avr/5.4.0/avr5\libgcc.a(_muluhisi3.o)
 .text.libgcc.fmul
                0x00000000        0x0 c:/program files (x86)/atmel/studio/7.0/toolchain/avr8/avr8-gnu-toolchain/bin/../lib/gcc/avr/5.4.0/avr5\libgcc.a(_muluhisi3.o)
 .text.libgcc.fixed
                0x00000000        0x0 c:/program files (x86)/atmel/studio/7.0/toolchain/avr8/avr8-gnu-toolchain/bin/../lib/gcc/avr/5.4.0/avr5\libgcc.a(_muluhisi3.o)
 .text          0x00000000        0x0 c:/program files (x86)/atmel/studio/7.0/toolchain/avr8/avr8-gnu-toolchain/bin/../lib/gcc/avr/5.4.0/avr5\libgcc.a(_umulhisi3.o)
 .data          0x00000000        0x0 c:/program files (x86)/atmel/studio/7.0/toolchain/avr8/avr8-gnu-toolchain/bin/../lib/gcc/avr/5.4.0/avr5\libgcc.a(_umulhisi3.o)
 .bss           0x00000000        0x0 c:/program files (x86)/atmel/studio/7.0/toolchain/avr8/avr8-gnu-toolchain/bin/../lib/gcc/avr/5.4.0/avr5\libgcc.a(_umulhisi3.o)
 .text.libgcc.mul
                0x00000000       0x1e c:/program files (x86)/atmel/studio/7.0/toolchain/avr8/avr8-gnu-toolchain/bin/../lib/gcc/avr/5.4.0/avr5\libgcc.a(_umulhisi3.o)
 .text.libgcc.div
                0x00000000        0x0 c:/program files (x86)/atmel/studio/7.0/toolchain/avr8/avr8-gnu-toolchain/bin/../lib/gcc/avr/5.4.0/avr5\libgcc.a(_umulhisi3.o)
 .text.libgcc   0x00000000        0x0 c:/program files (x86)/atmel/studio/7.0/toolchain/avr8/avr8-gnu-toolchain/bin/../lib/gcc/avr/5.4.0/avr5\libgcc.a(_umulhisi3.o)
 .text.libgcc.prologue
                0x00000000        0x0 c:/program files (x86)/atmel/studio/7.0/toolchain/avr8/avr8-gnu-toolchain/bin/../lib/gcc/avr/5.4.0/avr5\libgcc.a(_umulhisi3.o)
 .text.libgcc.builtins
                0x00000000        0x0 c:/program files (x86)/atmel/studio/7.0/toolchain/avr8/avr8-gnu-toolchain/bin/../lib/gcc/avr/5.4.0/avr5\libgcc.a(_umulhisi3.o)
 .text.libgcc.fmul
                0x00000000        0x0 c:/program files (x86)/atmel/studio/7.0/toolchain/avr8/avr8-gnu-toolchain/bin/../lib/gcc/avr/5.4.0/avr5\libgcc.a(_umulhisi3.o)
 .text.libgcc.fixed
                0x00000000        0x0 c:/program files (x86)/atmel/studio/7.0/toolchain/avr8/avr8-gnu-toolchain/bin/../lib/gcc/avr/5.4.0/avr5\libgcc.a(_umulhisi3.o)

Memory Configuration

Name             Origin             Length             Attributes
text             0x00000000         0x00008000         xr
data             0x00800060         0x00000800         rw !x
eeprom           0x00810000         0x00000400         rw !x
fuse             0x00820000         0x00000002         rw !x
lock             0x00830000         0x00000400         rw !x
signature        0x00840000         0x00000400         rw !x
user_signatures  0x00850000         0x00000400         rw !x
*default*        0x00000000         0xffffffff

Linker script and memory map

LOAD C:/Program Files (x86)/Atmel/Studio/7.0/Packs/atmel/ATmega_DFP/1.6.364/gcc/dev/atmega32/avr5/crtatmega32.o
LOAD lib/Src/ADC.o
LOAD lib/Src/Application.o
LOAD lib/Src/Data_control.o
LOAD lib/Src/GPIO.o
LOAD lib/Src/I2C_driver.o
LOAD lib/Src/Key_pad.o
LOAD lib/Src/LCD_16_2.o
LOAD lib/Src/Max7221_driver.o
LOAD lib/Src/PIR_Sensor_Driver.o
LOAD lib/Src/Servo_sg90.o
LOAD lib/Src/SPI_driver.o
LOAD lib/Src/Time0.o
LOAD lib/Src/Timer1.o
LOAD lib/Src/UART_driver.o
LOAD lib/Src/WTDG.o
LOAD main.o
START GROUP
LOAD c:/program files (x86)/atmel/studio/7.0/toolchain/avr8/avr8-gnu-toolchain/bin/../lib/gcc/avr/5.4.0/../../../../avr/lib/avr5\libm.a
END GROUP
START GROUP
LOAD c:/program files (x86)/atmel/studio/7.0/toolchain/avr8/avr8-gnu-toolchain/bin/../lib/gcc/avr/5.4.0/avr5\libgcc.a
LOAD c:/program files (x86)/atmel/studio/7.0/toolchain/avr8/avr8-gnu-toolchain/bin/../lib/gcc/avr/5.4.0/../../../../avr/lib/avr5\libm.a
LOAD c:/program files (x86)/atmel/studio/7.0/toolchain/avr8/avr8-gnu-toolchain/bin/../lib/gcc/avr/5.4.0/../../../../avr/lib/avr5\libc.a
LOAD C:/Program Files (x86)/Atmel/Studio/7.0/Packs/atmel/ATmega_DFP/1.6.364/gcc/dev/atmega32/avr5\libatmega32.a
END GROUP
                0x00000000                __TEXT_REGION_ORIGIN__ = DEFINED (__TEXT_REGION_ORIGIN__)?__TEXT_REGION_ORIGIN__:0x0
                [0x00800060]                __DATA_REGION_ORIGIN__ = DEFINED (__DATA_REGION_ORIGIN__)?__DATA_REGION_ORIGIN__:0x800060
                [0x00008000]                __TEXT_REGION_LENGTH__ = DEFINED (__TEXT_REGION_LENGTH__)?__TEXT_REGION_LENGTH__:0x20000
                [0x00000800]                __DATA_REGION_LENGTH__ = DEFINED (__DATA_REGION_LENGTH__)?__DATA_REGION_LENGTH__:0xffa0
                [0x00000400]                __EEPROM_REGION_LENGTH__ = DEFINED (__EEPROM_REGION_LENGTH__)?__EEPROM_REGION_LENGTH__:0x10000
                [0x00000002]                __FUSE_REGION_LENGTH__ = DEFINED (__FUSE_REGION_LENGTH__)?__FUSE_REGION_LENGTH__:0x400
                0x00000400                __LOCK_REGION_LENGTH__ = DEFINED (__LOCK_REGION_LENGTH__)?__LOCK_REGION_LENGTH__:0x400
                0x00000400                __SIGNATURE_REGION_LENGTH__ = DEFINED (__SIGNATURE_REGION_LENGTH__)?__SIGNATURE_REGION_LENGTH__:0x400
                0x00000400                __USER_SIGNATURE_REGION_LENGTH__ = DEFINED (__USER_SIGNATURE_REGION_LENGTH__)?__USER_SIGNATURE_REGION_LENGTH__:0x400

.hash
 *(.hash)

.dynsym
 *(.dynsym)

.dynstr
 *(.dynstr)

.gnu.version
 *(.gnu.version)

.gnu.version_d
 *(.gnu.version_d)

.gnu.version_r
 *(.gnu.version_r)

.rel.init
 *(.rel.init)

.rela.init
 *(.rela.init)

.rel.text
 *(.rel.text)
 *(.rel.text.*)
 *(.rel.gnu.linkonce.t*)

.rela.text
 *(.rela.text)
 *(.rela.text.*)
 *(.rela.gnu.linkonce.t*)

.rel.fini
 *(.rel.fini)

.rela.fini
 *(.rela.fini)

.rel.rodata
 *(.rel.rodata)
 *(.rel.rodata.*)
 *(.rel.gnu.linkonce.r*)

.rela.rodata
 *(.rela.rodata)
 *(.rela.rodata.*)
 *(.rela.gnu.linkonce.r*)

.rel.data
 *(.rel.data)
 *(.rel.data.*)
 *(.rel.gnu.linkonce.d*)

.rela.data
 *(.rela.data)
 *(.rela.data.*)
 *(.rela.gnu.linkonce.d*)

.rel.ctors
 *(.rel.ctors)

.rela.ctors
 *(.rela.ctors)

.rel.dtors
 *(.rel.dtors)

.rela.dtors
 *(.rela.dtors)

.rel.got
 *(.rel.got)

.rela.got
 *(.rela.got)

.rel.bss
 *(.rel.bss)

.rela.bss
 *(.rela.bss)

.rel.plt
 *(.rel.plt)

.rela.plt
 *(.rela.plt)

.text           0x00000000      0xae2
 *(.vectors)
 .vectors       0x00000000       0x54 C:/Program Files (x86)/Atmel/Studio/7.0/Packs/atmel/ATmega_DFP/1.6.364/gcc/dev/atmega32/avr5/crtatmega32.o
                0x00000000                __vector_default
                0x00000000                __vectors
 *(.vectors)
 *(.progmem.gcc*)
                0x00000054                . = ALIGN (0x2)
                0x00000054                __trampolines_start = .
 *(.trampolines)
 .trampolines   0x00000054        0x0 linker stubs
 *(.trampolines*)
                0x00000054                __trampolines_end = .
 *libprintf_flt.a:*(.progmem.data)
 *libc.a:*(.progmem.data)
 *(.progmem*)
                0x00000054                . = ALIGN (0x2)
 *(.jumptables)
 *(.jumptables*)
 *(.lowtext)
 *(.lowtext*)
                0x00000054                __ctors_start = .
 *(.ctors)
                0x00000054                __ctors_end = .
                0x00000054                __dtors_start = .
 *(.dtors)
                0x00000054                __dtors_end = .
 SORT(*)(.ctors)
 SORT(*)(.dtors)
 *(.init0)
 .init0         0x00000054        0x0 C:/Program Files (x86)/Atmel/Studio/7.0/Packs/atmel/ATmega_DFP/1.6.364/gcc/dev/atmega32/avr5/crtatmega32.o
                0x00000054                __init
 *(.init0)
 *(.init1)
 *(.init1)
 *(.init2)
 .init2         0x00000054        0xc C:/Program Files (x86)/Atmel/Studio/7.0/Packs/atmel/ATmega_DFP/1.6.364/gcc/dev/atmega32/avr5/crtatmega32.o
 *(.init2)
 *(.init3)
 *(.init3)
 *(.init4)
 .init4         0x00000060       0x16 c:/program files (x86)/atmel/studio/7.0/toolchain/avr8/avr8-gnu-toolchain/bin/../lib/gcc/avr/5.4.0/avr5\libgcc.a(_copy_data.o)
                0x00000060                __do_copy_data
 .init4         0x00000076       0x10 c:/program files (x86)/atmel/studio/7.0/toolchain/avr8/avr8-gnu-toolchain/bin/../lib/gcc/avr/5.4.0/avr5\libgcc.a(_clear_bss.o)
                0x00000076                __do_clear_bss
 *(.init4)
 *(.init5)
 *(.init5)
 *(.init6)
 *(.init6)
 *(.init7)
 *(.init7)
 *(.init8)
 *(.init8)
 *(.init9)
 .init9         0x00000086        0x8 C:/Program Files (x86)/Atmel/Studio/7.0/Packs/atmel/ATmega_DFP/1.6.364/gcc/dev/atmega32/avr5/crtatmega32.o
 *(.init9)
 *(.text)
 .text          0x0000008e        0x4 C:/Program Files (x86)/Atmel/Studio/7.0/Packs/atmel/ATmega_DFP/1.6.364/gcc/dev/atmega32/avr5/crtatmega32.o
                0x0000008e                __bad_interrupt
                0x0000008e                __vector_6
                0x0000008e                __vector_17
                0x0000008e                __vector_19
                0x0000008e                __vector_7
                0x0000008e                __vector_5
                0x0000008e                __vector_4
                0x0000008e                __vector_8
                0x0000008e                __vector_16
                0x0000008e                __vector_18
                0x0000008e                __vector_20
                0x00000092                . = ALIGN (0x2)
 *(.text.*)
 .text.init     0x00000092       0x5c lib/Src/Application.o
                0x00000092                init
 .text.program  0x000000ee       0x10 lib/Src/Application.o
                0x000000ee                program
 .text.__vector_1
                0x000000fe       0x5e lib/Src/Application.o
                0x000000fe                __vector_1
 .text.__vector_2
                0x0000015c       0x26 lib/Src/Application.o
                0x0000015c                __vector_2
 .text.__vector_3
                0x00000182       0x26 lib/Src/Application.o
                0x00000182                __vector_3
 .text.__vector_12
                0x000001a8       0x70 lib/Src/Application.o
                0x000001a8                __vector_12
 .text.Data_analysis
                0x00000218       0x66 lib/Src/Data_control.o
                0x00000218                Data_analysis
 .text.Init_GPIO
                0x0000027e      0x1e0 lib/Src/GPIO.o
                0x0000027e                Init_GPIO
 .text.Init_PIR
                0x0000045e       0xfa lib/Src/PIR_Sensor_Driver.o
                0x0000045e                Init_PIR
 .text.config_servo_timer
                0x00000558       0x5c lib/Src/Servo_sg90.o
                0x00000558                config_servo_timer
 .text.Set_angle
                0x000005b4       0x2a lib/Src/Servo_sg90.o
                0x000005b4                Set_angle
 .text.SPI_Init
                0x000005de       0xc6 lib/Src/SPI_driver.o
                0x000005de                SPI_Init
 .text.SPI_SlaveReceive_Char
                0x000006a4       0x3e lib/Src/SPI_driver.o
                0x000006a4                SPI_SlaveReceive_Char
 .text.__vector_10
                0x000006e2       0x26 lib/Src/Time0.o
                0x000006e2                __vector_10
 .text.__vector_11
                0x00000708       0x26 lib/Src/Time0.o
                0x00000708                __vector_11
 .text.Init_Timer1
                0x0000072e      0x15a lib/Src/Timer1.o
                0x0000072e                Init_Timer1
 .text.config_pwm_pin
                0x00000888       0x40 lib/Src/Timer1.o
                0x00000888                config_pwm_pin
 .text.__vector_9
                0x000008c8       0x26 lib/Src/Timer1.o
                0x000008c8                __vector_9
 .text.Uart_Receive
                0x000008ee      0x112 lib/Src/UART_driver.o
                0x000008ee                Uart_Receive
 .text.__vector_13
                0x00000a00       0x5e lib/Src/UART_driver.o
                0x00000a00                __vector_13
 .text.__vector_15
                0x00000a5e       0x26 lib/Src/UART_driver.o
                0x00000a5e                __vector_15
 .text.__vector_14
                0x00000a84       0x48 lib/Src/UART_driver.o
                0x00000a84                __vector_14
 .text.main     0x00000acc       0x12 main.o
                0x00000acc                main
                0x00000ade                . = ALIGN (0x2)
 *(.fini9)
 .fini9         0x00000ade        0x0 c:/program files (x86)/atmel/studio/7.0/toolchain/avr8/avr8-gnu-toolchain/bin/../lib/gcc/avr/5.4.0/avr5\libgcc.a(_exit.o)
                0x00000ade                _exit
                0x00000ade                exit
 *(.fini9)
 *(.fini8)
 *(.fini8)
 *(.fini7)
 *(.fini7)
 *(.fini6)
 *(.fini6)
 *(.fini5)
 *(.fini5)
 *(.fini4)
 *(.fini4)
 *(.fini3)
 *(.fini3)
 *(.fini2)
 *(.fini2)
 *(.fini1)
 *(.fini1)
 *(.fini0)
 .fini0         0x00000ade        0x4 c:/program files (x86)/atmel/studio/7.0/toolchain/avr8/avr8-gnu-toolchain/bin/../lib/gcc/avr/5.4.0/avr5\libgcc.a(_exit.o)
 *(.fini0)
                0x00000ae2                _etext = .

.data           0x00800060        0x0 load address 0x00000ae2
                0x00800060                PROVIDE (__data_start, .)
 *(.data)
 *(.data*)
 *(.gnu.linkonce.d*)
 *(.rodata)
 *(.rodata*)
 *(.gnu.linkonce.r*)
                0x00800060                . = ALIGN (0x2)
                0x00800060                _edata = .
                0x00800060                PROVIDE (__data_end, .)

.bss            0x00800060       0x23
                0x00800060                PROVIDE (__bss_start, .)
 *(.bss)
 *(.bss*)
 .bss.spi_confige
                0x00800060        0x5 lib/Src/Application.o
                0x00800060                spi_confige
 .bss.Pir_config
                0x00800065        0x4 lib/Src/Application.o
                0x00800065                Pir_config
 .bss.UART_Config
                0x00800069        0xb lib/Src/UART_driver.o
                0x00800069                UART_Config
 *(COMMON)
 COMMON         0x00800074        0xf lib/Src/Timer1.o
                0x00800074                Timer1_Typedef
                0x00800083                PROVIDE (__bss_end, .)
                0x00000ae2                __data_load_start = LOADADDR (.data)
                0x00000ae2                __data_load_end = (__data_load_start + SIZEOF (.data))

.noinit         0x00800083        0x0
                [!provide]                PROVIDE (__noinit_start, .)
 *(.noinit*)
                [!provide]                PROVIDE (__noinit_end, .)
                0x00800083                _end = .
                [!provide]                PROVIDE (__heap_start, .)

.eeprom         0x00810000        0x0
 *(.eeprom*)
                0x00810000                __eeprom_end = .

.fuse
 *(.fuse)
 *(.lfuse)
 *(.hfuse)
 *(.efuse)

.lock
 *(.lock*)

.signature
 *(.signature*)

.user_signatures
 *(.user_signatures*)

.stab
 *(.stab)

.stabstr
 *(.stabstr)

.stab.excl
 *(.stab.excl)

.stab.exclstr
 *(.stab.exclstr)

.stab.index
 *(.stab.index)

.stab.indexstr
 *(.stab.indexstr)

.comment        0x00000000       0x30
 *(.comment)
 .comment       0x00000000       0x30 lib/Src/Application.o
                                 0x31 (size before relaxing)
 .comment       0x00000030       0x31 lib/Src/Data_control.o
 .comment       0x00000030       0x31 lib/Src/GPIO.o
 .comment       0x00000030       0x31 lib/Src/PIR_Sensor_Driver.o
 .comment       0x00000030       0x31 lib/Src/Servo_sg90.o
 .comment       0x00000030       0x31 lib/Src/SPI_driver.o
 .comment       0x00000030       0x31 lib/Src/Time0.o
 .comment       0x00000030       0x31 lib/Src/Timer1.o
 .comment       0x00000030       0x31 lib/Src/UART_driver.o
 .comment       0x00000030       0x31 main.o

.note.gnu.avr.deviceinfo
                0x00000000       0x3c
 .note.gnu.avr.deviceinfo
                0x00000000       0x3c C:/Program Files (x86)/Atmel/Studio/7.0/Packs/atmel/ATmega_DFP/1.6.364/gcc/dev/atmega32/avr5/crtatmega32.o

.note.gnu.build-id
 *(.note.gnu.build-id)

.debug
 *(.debug)

.line
 *(.line)

.debug_srcinfo
 *(.debug_srcinfo)

.debug_sfnames
 *(.debug_sfnames)

.debug_aranges  0x00000000      0x288
 *(.debug_aranges)
 .debug_aranges
                0x00000000       0x48 lib/Src/Application.o
 .debug_aranges
                0x00000048       0x20 lib/Src/Data_control.o
 .debug_aranges
                0x00000068       0x58 lib/Src/GPIO.o
 .debug_aranges
                0x000000c0       0x28 lib/Src/PIR_Sensor_Driver.o
 .debug_aranges
                0x000000e8       0x28 lib/Src/Servo_sg90.o
 .debug_aranges
                0x00000110       0x38 lib/Src/SPI_driver.o
 .debug_aranges
                0x00000148       0x68 lib/Src/Time0.o
 .debug_aranges
                0x000001b0       0x68 lib/Src/Timer1.o
 .debug_aranges
                0x00000218       0x50 lib/Src/UART_driver.o
 .debug_aranges
                0x00000268       0x20 main.o

.debug_pubnames
 *(.debug_pubnames)

.debug_info     0x00000000     0x29da
 *(.debug_info .gnu.linkonce.wi.*)
 .debug_info    0x00000000      0x4e6 C:/Program Files (x86)/Atmel/Studio/7.0/Packs/atmel/ATmega_DFP/1.6.364/gcc/dev/atmega32/avr5/crtatmega32.o
 .debug_info    0x000004e6      0x637 lib/Src/Application.o
 .debug_info    0x00000b1d       0xd9 lib/Src/Data_control.o
 .debug_info    0x00000bf6      0x48b lib/Src/GPIO.o
 .debug_info    0x00001081      0x312 lib/Src/PIR_Sensor_Driver.o
 .debug_info    0x00001393      0x26f lib/Src/Servo_sg90.o
 .debug_info    0x00001602      0x3e5 lib/Src/SPI_driver.o
 .debug_info    0x000019e7      0x39d lib/Src/Time0.o
 .debug_info    0x00001d84      0x5a9 lib/Src/Timer1.o
 .debug_info    0x0000232d      0x606 lib/Src/UART_driver.o
 .debug_info    0x00002933       0xa7 main.o

.debug_abbrev   0x00000000      0xf34
 *(.debug_abbrev)
 .debug_abbrev  0x00000000      0x4a3 C:/Program Files (x86)/Atmel/Studio/7.0/Packs/atmel/ATmega_DFP/1.6.364/gcc/dev/atmega32/avr5/crtatmega32.o
 .debug_abbrev  0x000004a3      0x139 lib/Src/Application.o
 .debug_abbrev  0x000005dc       0xa5 lib/Src/Data_control.o
 .debug_abbrev  0x00000681      0x157 lib/Src/GPIO.o
 .debug_abbrev  0x000007d8      0x120 lib/Src/PIR_Sensor_Driver.o
 .debug_abbrev  0x000008f8       0xc1 lib/Src/Servo_sg90.o
 .debug_abbrev  0x000009b9      0x13a lib/Src/SPI_driver.o
 .debug_abbrev  0x00000af3       0xc2 lib/Src/Time0.o
 .debug_abbrev  0x00000bb5      0x17f lib/Src/Timer1.o
 .debug_abbrev  0x00000d34      0x191 lib/Src/UART_driver.o
 .debug_abbrev  0x00000ec5       0x6f main.o

.debug_line     0x00000000     0x14c8
 *(.debug_line .debug_line.* .debug_line_end)
 .debug_line    0x00000000      0x116 C:/Program Files (x86)/Atmel/Studio/7.0/Packs/atmel/ATmega_DFP/1.6.364/gcc/dev/atmega32/avr5/crtatmega32.o
 .debug_line    0x00000116      0x216 lib/Src/Application.o
 .debug_line    0x0000032c      0x10c lib/Src/Data_control.o
 .debug_line    0x00000438      0x469 lib/Src/GPIO.o
 .debug_line    0x000008a1      0x16e lib/Src/PIR_Sensor_Driver.o
 .debug_line    0x00000a0f      0x134 lib/Src/Servo_sg90.o
 .debug_line    0x00000b43      0x201 lib/Src/SPI_driver.o
 .debug_line    0x00000d44      0x20f lib/Src/Time0.o
 .debug_line    0x00000f53      0x294 lib/Src/Timer1.o
 .debug_line    0x000011e7      0x272 lib/Src/UART_driver.o
 .debug_line    0x00001459       0x6f main.o

.debug_frame    0x00000000      0x850
 *(.debug_frame)
 .debug_frame   0x00000000      0x170 lib/Src/Application.o
 .debug_frame   0x00000170       0x34 lib/Src/Data_control.o
 .debug_frame   0x000001a4      0x114 lib/Src/GPIO.o
 .debug_frame   0x000002b8       0x54 lib/Src/PIR_Sensor_Driver.o
 .debug_frame   0x0000030c       0x54 lib/Src/Servo_sg90.o
 .debug_frame   0x00000360       0x94 lib/Src/SPI_driver.o
 .debug_frame   0x000003f4      0x164 lib/Src/Time0.o
 .debug_frame   0x00000558      0x164 lib/Src/Timer1.o
 .debug_frame   0x000006bc      0x160 lib/Src/UART_driver.o
 .debug_frame   0x0000081c       0x34 main.o

.debug_str      0x00000000     0x1389
 *(.debug_str)
 .debug_str     0x00000000      0x196 C:/Program Files (x86)/Atmel/Studio/7.0/Packs/atmel/ATmega_DFP/1.6.364/gcc/dev/atmega32/avr5/crtatmega32.o
 .debug_str     0x00000196      0x50c lib/Src/Application.o
                                0x57e (size before relaxing)
 .debug_str     0x000006a2       0x34 lib/Src/Data_control.o
                                0x1e5 (size before relaxing)
 .debug_str     0x000006d6      0x19b lib/Src/GPIO.o
                                0x352 (size before relaxing)
 .debug_str     0x00000871       0x45 lib/Src/PIR_Sensor_Driver.o
                                0x33a (size before relaxing)
 .debug_str     0x000008b6      0x387 lib/Src/Servo_sg90.o
                                0x523 (size before relaxing)
 .debug_str     0x00000c3d       0x7c lib/Src/SPI_driver.o
                                0x37f (size before relaxing)
 .debug_str     0x00000cb9      0x2b8 lib/Src/Time0.o
                                0x450 (size before relaxing)
 .debug_str     0x00000f71       0xef lib/Src/Timer1.o
                                0x6e1 (size before relaxing)
 .debug_str     0x00001060      0x318 lib/Src/UART_driver.o
                                0x514 (size before relaxing)
 .debug_str     0x00001378       0x11 main.o
                                0x1b7 (size before relaxing)

.debug_loc      0x00000000     0x10ac
 *(.debug_loc)
 .debug_loc     0x00000000      0x30f lib/Src/Application.o
 .debug_loc     0x0000030f       0x48 lib/Src/Data_control.o
 .debug_loc     0x00000357      0x23f lib/Src/GPIO.o
 .debug_loc     0x00000596       0x90 lib/Src/PIR_Sensor_Driver.o
 .debug_loc     0x00000626       0x83 lib/Src/Servo_sg90.o
 .debug_loc     0x000006a9      0x120 lib/Src/SPI_driver.o
 .debug_loc     0x000007c9      0x2ea lib/Src/Time0.o
 .debug_loc     0x00000ab3      0x2c3 lib/Src/Timer1.o
 .debug_loc     0x00000d76      0x2fb lib/Src/UART_driver.o
 .debug_loc     0x00001071       0x3b main.o

.debug_macinfo
 *(.debug_macinfo)

.debug_weaknames
 *(.debug_weaknames)

.debug_funcnames
 *(.debug_funcnames)

.debug_typenames
 *(.debug_typenames)

.debug_varnames
 *(.debug_varnames)

.debug_pubtypes
 *(.debug_pubtypes)

.debug_ranges   0x00000000      0x1e8
 *(.debug_ranges)
 .debug_ranges  0x00000000       0x38 lib/Src/Application.o
 .debug_ranges  0x00000038       0x10 lib/Src/Data_control.o
 .debug_ranges  0x00000048       0x48 lib/Src/GPIO.o
 .debug_ranges  0x00000090       0x18 lib/Src/PIR_Sensor_Driver.o
 .debug_ranges  0x000000a8       0x18 lib/Src/Servo_sg90.o
 .debug_ranges  0x000000c0       0x28 lib/Src/SPI_driver.o
 .debug_ranges  0x000000e8       0x58 lib/Src/Time0.o
 .debug_ranges  0x00000140       0x58 lib/Src/Timer1.o
 .debug_ranges  0x00000198       0x40 lib/Src/UART_driver.o
 .debug_ranges  0x000001d8       0x10 main.o

.debug_macro
 *(.debug_macro)
OUTPUT(Atmega32_test1.elf elf32-avr)
LOAD linker stubs
