
Memory Configuration

Name             Origin             Length             Attributes
Mem              0x00000000         0x04000000         xrw
*default*        0x00000000         0xffffffff

Linker script and memory map

                0x00010000                . = 0x10000

.startup        0x00010000        0xc
 startup.o(.text)
 .text          0x00010000        0xc startup.o
                0x00010000                reset

.text           0x0001000c       0xd0
 *(text.o)
 *(.rodata)
 .rodata        0x0001000c        0xc app.o
                0x0001000c                buffer3
 .text          0x00010018       0x24 app.o
                0x00010018                main
 .text          0x0001003c       0x50 uart.o
                0x0001003c                UART_send
 .text          0x0001008c       0x50 uart2.o
                0x0001008c                uart2_send

.glue_7         0x000100dc        0x0
 .glue_7        0x00000000        0x0 linker stubs

.glue_7t        0x000100dc        0x0
 .glue_7t       0x00000000        0x0 linker stubs

.vfp11_veneer   0x000100dc        0x0
 .vfp11_veneer  0x00000000        0x0 linker stubs

.v4_bx          0x000100dc        0x0
 .v4_bx         0x00000000        0x0 linker stubs

.iplt           0x000100dc        0x0
 .iplt          0x00000000        0x0 startup.o

.rel.dyn        0x000100dc        0x0
 .rel.iplt      0x00000000        0x0 startup.o

.data           0x000100dc       0x30
 *(.data)
 .data          0x000100dc        0x0 startup.o
 .data          0x000100dc       0x30 app.o
                0x000100dc                buffer
                0x000100fc                buffer2
 .data          0x0001010c        0x0 uart.o
 .data          0x0001010c        0x0 uart2.o

.igot.plt       0x0001010c        0x0
 .igot.plt      0x00000000        0x0 startup.o

.bss            0x0001010c        0x0
 *(.bss)
 .bss           0x0001010c        0x0 startup.o
 .bss           0x0001010c        0x0 app.o
 .bss           0x0001010c        0x0 uart.o
 .bss           0x0001010c        0x0 uart2.o
 *(COMMON)
                0x0001110c                . = (. + 0x1000)
                0x0001110c                stack_top = .
LOAD startup.o
LOAD app.o
LOAD uart.o
LOAD uart2.o
OUTPUT(learn-embedded.elf elf32-littlearm)

.ARM.attributes
                0x00000000       0x2e
 .ARM.attributes
                0x00000000       0x22 startup.o
 .ARM.attributes
                0x00000022       0x32 app.o
 .ARM.attributes
                0x00000054       0x32 uart.o
 .ARM.attributes
                0x00000086       0x32 uart2.o

.comment        0x00000000       0x11
 .comment       0x00000000       0x11 app.o
                                 0x12 (size before relaxing)
 .comment       0x00000000       0x12 uart.o
 .comment       0x00000000       0x12 uart2.o
