
Allocating common symbols
Common symbol       size              file

bss_var             0x3               main.o

Memory Configuration

Name             Origin             Length             Attributes
FLASH            0x0000000008000000 0x0000000000020000 xr
SRAM             0x0000000020000000 0x0000000000005000 xrw
*default*        0x0000000000000000 0xffffffffffffffff

Linker script and memory map


.text           0x0000000008000000      0x127
 *(.vectors*)
 .vectors       0x0000000008000000       0x1c startup.o
                0x0000000008000000                vectors
 *(.text*)
 .text          0x000000000800001c       0x7c main.o
                0x000000000800001c                main
 .text          0x0000000008000098       0x8c startup.o
                0x0000000008000098                Bus_Fault_Handler
                0x0000000008000098                MM_Fault_Handler
                0x0000000008000098                Default_Handler
                0x0000000008000098                Usage_Fault_Handler
                0x0000000008000098                Hard_Fault_Handler
                0x0000000008000098                NMI_Handler
                0x00000000080000a4                Rest_Handler
 *(.rodata)
 .rodata        0x0000000008000124        0x3 main.o
                0x0000000008000124                const_char_var
                0x0000000008000127                _E_text = .

.glue_7         0x0000000008000128        0x0
 .glue_7        0x0000000008000128        0x0 linker stubs

.glue_7t        0x0000000008000128        0x0
 .glue_7t       0x0000000008000128        0x0 linker stubs

.vfp11_veneer   0x0000000008000128        0x0
 .vfp11_veneer  0x0000000008000128        0x0 linker stubs

.v4_bx          0x0000000008000128        0x0
 .v4_bx         0x0000000008000128        0x0 linker stubs

.iplt           0x0000000008000128        0x0
 .iplt          0x0000000008000128        0x0 main.o

.rel.dyn        0x0000000008000128        0x0
 .rel.iplt      0x0000000008000128        0x0 main.o

.data           0x0000000020000000        0x7 load address 0x0000000008000127
                0x0000000020000000                _S_DATA = .
 *(.data)
 .data          0x0000000020000000        0x7 main.o
                0x0000000020000000                R_ODR
                0x0000000020000004                g_var
 .data          0x0000000020000007        0x0 startup.o
                0x0000000020000007                _E_DATA = .

.igot.plt       0x0000000020000008        0x0 load address 0x000000000800012e
 .igot.plt      0x0000000020000008        0x0 main.o

.bss            0x0000000020000008      0x3eb load address 0x000000000800012e
                0x0000000020000008                _S_bss = .
 *(.bss)
 .bss           0x0000000020000008        0x0 main.o
 .bss           0x0000000020000008        0x0 startup.o
                0x0000000020000008                . = ALIGN (0x4)
                0x0000000020000008                _E_bss = .
                0x0000000020000008                . = ALIGN (0x4)
                0x00000000200003f0                . = (. + 0x3e8)
 *fill*         0x0000000020000008      0x3e8 
                0x00000000200003f0                _stack_top = .
 COMMON         0x00000000200003f0        0x3 main.o
                0x00000000200003f0                bss_var
LOAD main.o
LOAD startup.o
OUTPUT(learn_embedded.elf elf32-littlearm)
LOAD linker stubs

.debug_info     0x0000000000000000      0xcdf
 .debug_info    0x0000000000000000      0xb3e main.o
 .debug_info    0x0000000000000b3e      0x1a1 startup.o

.debug_abbrev   0x0000000000000000      0x2e5
 .debug_abbrev  0x0000000000000000      0x201 main.o
 .debug_abbrev  0x0000000000000201       0xe4 startup.o

.debug_loc      0x0000000000000000       0xb4
 .debug_loc     0x0000000000000000       0x38 main.o
 .debug_loc     0x0000000000000038       0x7c startup.o

.debug_aranges  0x0000000000000000       0x40
 .debug_aranges
                0x0000000000000000       0x20 main.o
 .debug_aranges
                0x0000000000000020       0x20 startup.o

.debug_line     0x0000000000000000      0x528
 .debug_line    0x0000000000000000      0x2e9 main.o
 .debug_line    0x00000000000002e9      0x23f startup.o

.debug_str      0x0000000000000000      0x5b6
 .debug_str     0x0000000000000000      0x537 main.o
                                        0x59e (size before relaxing)
 .debug_str     0x0000000000000537       0x7f startup.o
                                        0x1d6 (size before relaxing)

.comment        0x0000000000000000       0x53
 .comment       0x0000000000000000       0x53 main.o
                                         0x54 (size before relaxing)
 .comment       0x0000000000000053       0x54 startup.o

.ARM.attributes
                0x0000000000000000       0x2d
 .ARM.attributes
                0x0000000000000000       0x2d main.o
 .ARM.attributes
                0x000000000000002d       0x2d startup.o

.debug_frame    0x0000000000000000       0x7c
 .debug_frame   0x0000000000000000       0x2c main.o
 .debug_frame   0x000000000000002c       0x50 startup.o
