
Allocating common symbols
Common symbol       size              file

GP_EXTI_CallBack    0x40              Stm32f10xx_EXTI.o
tim1_config         0x1c              Stm32f10xx_Timers.o

Memory Configuration

Name             Origin             Length             Attributes
FLASH            0x0000000008000000 0x0000000000020000 xr
SRAM             0x0000000020000000 0x0000000000005000 xrw
*default*        0x0000000000000000 0xffffffffffffffff

Linker script and memory map


.text           0x0000000008000000     0x3b0b
 *(.vectors*)
 .vectors       0x0000000008000000       0xec startup.o
                0x0000000008000000                vectors
 *(.text*)
 .text          0x00000000080000ec        0x0 Buzzer.o
 .text          0x00000000080000ec      0x158 EEPROM.o
                0x00000000080000ec                EEPORM_Init
                0x0000000008000140                EEPROM_Write_NBytes
                0x00000000080001e4                EEPROM_Read_Byte
 .text          0x0000000008000244      0x294 Key_pad_Driver.o
                0x0000000008000244                Key_pad_init
                0x00000000080002fc                Check_Keypad_Pins
                0x0000000008000364                Set_Key_Drain_Pins
                0x00000000080003dc                Check_Key_Soruce_Pins
                0x0000000008000428                Reaction_Of_Prass
                0x000000000800045c                Check_Prass_Button
 .text          0x00000000080004d8      0x5ac LCD_Driver.o
                0x0000000008000528                Kick_Enable_pin
                0x000000000800055e                LCD_init
                0x0000000008000618                Check_BF
                0x00000000080006ac                Shift_R_Cursor
                0x00000000080006c4                Shift_L_Cursor
                0x00000000080006dc                Read_Cursor_Add
                0x00000000080006f0                Write_Character
                0x000000000800078c                Write_Character_with_coordinator
                0x00000000080007f8                Write_String
                0x0000000008000828                Write_String_with_coordinator
                0x0000000008000870                Jump_to_coordinator
                0x00000000080008c6                Write_Command
                0x0000000008000960                write_with_move
                0x0000000008000a6c                clean_Lcd
 .text          0x0000000008000a84       0xfc main.o
                0x0000000008000a84                main
                0x0000000008000ac4                config
 .text          0x0000000008000b80       0xb2 Seven_Segment.o
                0x0000000008000b80                init_seven_segment
                0x0000000008000bd6                Display_seven_segment
 *fill*         0x0000000008000c32        0x2 
 .text          0x0000000008000c34       0x8c startup.o
                0x0000000008000c34                FLASH_Handler
                0x0000000008000c34                SVCall_Handler
                0x0000000008000c34                SysTick_Handler
                0x0000000008000c34                PendSv_Handler
                0x0000000008000c34                DMA1_Channel7_Handler
                0x0000000008000c34                NMI_Handler
                0x0000000008000c34                DMA1_Channel6_Handler
                0x0000000008000c34                CAN1_RX1_Handler
                0x0000000008000c34                Bus_Fault_Handler
                0x0000000008000c34                ADC1_2_Handler
                0x0000000008000c34                WWDG_Handler
                0x0000000008000c34                DMA1_Channel1_Handler
                0x0000000008000c34                RTC_Handler
                0x0000000008000c34                TIM1_CC_Handler
                0x0000000008000c34                CAN1_SCE_Handler
                0x0000000008000c34                TIM1_BRK_Handler
                0x0000000008000c34                MM_Fault_Handler
                0x0000000008000c34                TEMPER_Handler
                0x0000000008000c34                TIM2_Handler
                0x0000000008000c34                DMA1_Channel4_Handler
                0x0000000008000c34                TIM3_Handler
                0x0000000008000c34                Default_Handler
                0x0000000008000c34                USBWakeUp_Handler
                0x0000000008000c34                DMA1_Channel3_Handler
                0x0000000008000c34                RTC_Alarm_Handler
                0x0000000008000c34                TIM4_Handler
                0x0000000008000c34                DMA1_Channel2_Handler
                0x0000000008000c34                Usage_Fault_Handler
                0x0000000008000c34                TIM1_UP_Handler
                0x0000000008000c34                DMA1_Channel5_Handler
                0x0000000008000c34                DebugMonitor_Handler
                0x0000000008000c34                RCC_Handler
                0x0000000008000c34                PVD_Handler
                0x0000000008000c34                Hard_Fault_Handler
                0x0000000008000c34                USB_LP_CAN1_RX0_Handler
                0x0000000008000c34                USB_HP_CAN1_TX_Handler
                0x0000000008000c34                TIM1_TRG_COM_Handler
                0x0000000008000c40                Rest_Handler
 .text          0x0000000008000cc0       0xa4 Stm32_f10xx_Systick.o
                0x0000000008000cf8                Init_Systick
 .text          0x0000000008000d64      0x868 Stm32f10x_SPI.o
                0x0000000008000dd8                Init_SPI
                0x0000000008001068                Deinit_SPI
                0x00000000080010e4                SPI_Send_Char
                0x0000000008001120                SPI_Receive_Char
                0x000000000800115e                SPI_Send_String
                0x00000000080011c4                SPI_Receive_String
                0x0000000008001228                Tx_Empty_CallBack
                0x000000000800123a                RX_Empty_CallBack
                0x000000000800124c                Fault_Event_CallBack
                0x000000000800125e                Overrun_CallBack
                0x0000000008001270                CRC_CallBack
                0x0000000008001282                Select_SPI_Pins_datasheet
                0x0000000008001320                Config_SPI_Pins
                0x0000000008001474                SPI1_Handler
                0x00000000080014f0                SPI2_Handler
                0x0000000008001570                SPI_Tx_Rx_Char
 .text          0x00000000080015cc      0x8d0 Stm32f10x_UART.o
                0x0000000008001690                Set_BaudRate
                0x0000000008001758                Get_BaudRate
                0x000000000800176c                Init_Uart
                0x0000000008001a44                DeInit_Uart
                0x0000000008001ac0                _Config_GPIO_f
                0x0000000008001ba4                Send_Char_Uart
                0x0000000008001bf8                Receive_Char_Uart
                0x0000000008001c8c                Receive_String_Uart
                0x0000000008001cb8                Send_String_Uart
                0x0000000008001cf2                USART1_Handler
                0x0000000008001db4                USART2_Handler
                0x0000000008001dc0                USART3_Handler
                0x0000000008001dcc                Parity_CallBack_UART
                0x0000000008001dde                Error_CallBack_UART
                0x0000000008001df0                Tx_CallBack_UART
                0x0000000008001e02                Tx_Comp_CallBack_UART
                0x0000000008001e14                Rx_CallBack_UART
                0x0000000008001e64                IDLE_CallBack_UART
                0x0000000008001e76                Lin_BK_CallBack_UART
                0x0000000008001e88                FlowCt_CallBack_UART
 .text          0x0000000008001e9c      0x4d4 Stm32f10xx_EXTI.o
                0x0000000008001f10                NVIC_EXTI_Clear_Handler
                0x0000000008001f38                Init_EXTI
                0x0000000008001f4e                Deinit_EXTI
                0x0000000008001ff8                Upadate_EXTI
                0x000000000800200e                Config_EXTI
                0x0000000008002154                NVIC_Enable_IRQ
                0x0000000008002170                NVIC_Disable_IRQ
                0x000000000800218c                EXTI0_Handler
                0x00000000080021a4                EXTI1_Handler
                0x00000000080021bc                EXTI2_Handler
                0x00000000080021d4                EXTI3_Handler
                0x00000000080021ec                EXTI4_Handler
                0x0000000008002204                EXTI9_5_Handler
                0x00000000080022ac                EXTI15_10_Handler
 .text          0x0000000008002370      0x488 Stm32f10xx_GPIO.o
                0x0000000008002370                Init_GPIO
                0x00000000080025c4                Set_pin
                0x00000000080025e0                Reset_pin
                0x0000000008002600                Change_State_Pin
                0x0000000008002632                Toggle_pin
                0x0000000008002654                Read_pin
                0x000000000800267c                Set_GPIO_Value
                0x0000000008002696                Reset_GPIO
                0x00000000080026b4                Read_GPIO
                0x00000000080026cc                Lock_GPIO
                0x0000000008002726                Deinit_GPIO
 .text          0x00000000080027f8      0xeb4 Stm32f10xx_I2C.o
                0x000000000800286c                I2C_Init
                0x0000000008002bf8                I2C_Deinit
                0x0000000008002c50                I2C_Master_Write
                0x0000000008002d00                I2C_GenerateStop
                0x0000000008002d40                I2C_Send_Add
                0x0000000008002dba                I2C_Master_Read
                0x0000000008002e72                I2C_Slave_Write_IT
                0x0000000008002ea0                I2C_Slave_Read_IT
                0x0000000008002ed8                I2C_Slave_Write
                0x0000000008002f46                I2C_Slave_Read
                0x0000000008002f9e                I2C_GenerateStart
                0x0000000008002ff6                I2C_Get_FlagStatus
                0x00000000080032fc                I2C_Enable_ACK
                0x000000000800331e                I2C_Disable_ACK
                0x0000000008003340                SB_CallBack_I2C
                0x0000000008003352                ADDR_CallBack_I2C
                0x0000000008003394                ADDR10_CallBack_I2C
                0x00000000080033ae                STOPF_CallBack_I2C
                0x00000000080033c0                BTF_CallBack_I2C
                0x00000000080033d2                TXE_CallBack_I2C
                0x0000000008003404                RXNE_CallBack_I2C
                0x0000000008003436                OVR_CallBack_I2C
                0x0000000008003448                TIMEOUT_CallBack_I2C
                0x000000000800345a                AF_CallBack_I2C
                0x000000000800348a                I2C1_EV_Handler
                0x0000000008003540                I2C1_ER_Handler
                0x000000000800354c                I2C2_EV_Handler
                0x0000000008003600                I2C2_ER_Handler
                0x000000000800360c                I2C_Clock_Config_Pins
 .text          0x00000000080036ac      0x1a4 Stm32f10xx_RCC.o
                0x00000000080036ac                Get_Systick_Freq
                0x0000000008003798                Get_HCLK_Freq
                0x00000000080037c4                Get_APB1_Freq
                0x00000000080037ec                Get_APB2_Freq
                0x0000000008003814                Set_HSE_CLK_Freq
 .text          0x0000000008003850       0x70 Stm32f10xx_Timers.o
                0x0000000008003850                Init_Timer
 *(.rodata)
 .rodata        0x00000000080038c0        0x5 main.o
 *fill*         0x00000000080038c5        0x3 
 .rodata        0x00000000080038c8      0x200 Stm32f10xx_EXTI.o
                0x00000000080038c8                EXTI_Streem
 .rodata        0x0000000008003ac8       0x43 Stm32f10xx_RCC.o
                0x0000000008003b0b                _E_text = .

.glue_7         0x0000000008003b0c        0x0
 .glue_7        0x0000000008003b0c        0x0 linker stubs

.glue_7t        0x0000000008003b0c        0x0
 .glue_7t       0x0000000008003b0c        0x0 linker stubs

.vfp11_veneer   0x0000000008003b0c        0x0
 .vfp11_veneer  0x0000000008003b0c        0x0 linker stubs

.v4_bx          0x0000000008003b0c        0x0
 .v4_bx         0x0000000008003b0c        0x0 linker stubs

.iplt           0x0000000008003b0c        0x0
 .iplt          0x0000000008003b0c        0x0 EEPROM.o

.rel.dyn        0x0000000008003b0c        0x0
 .rel.iplt      0x0000000008003b0c        0x0 EEPROM.o

.data           0x0000000020000000        0xc load address 0x0000000008003b0b
                0x0000000020000000                _S_DATA = .
 *(.data)
 .data          0x0000000020000000        0x0 Buzzer.o
 .data          0x0000000020000000        0x0 EEPROM.o
 .data          0x0000000020000000        0xc Key_pad_Driver.o
 .data          0x000000002000000c        0x0 LCD_Driver.o
 .data          0x000000002000000c        0x0 main.o
 .data          0x000000002000000c        0x0 Seven_Segment.o
 .data          0x000000002000000c        0x0 startup.o
 .data          0x000000002000000c        0x0 Stm32_f10xx_Systick.o
 .data          0x000000002000000c        0x0 Stm32f10x_SPI.o
 .data          0x000000002000000c        0x0 Stm32f10x_UART.o
 .data          0x000000002000000c        0x0 Stm32f10xx_EXTI.o
 .data          0x000000002000000c        0x0 Stm32f10xx_GPIO.o
 .data          0x000000002000000c        0x0 Stm32f10xx_I2C.o
 .data          0x000000002000000c        0x0 Stm32f10xx_RCC.o
 .data          0x000000002000000c        0x0 Stm32f10xx_Timers.o
 *(.data.*)
                0x000000002000000c                _E_DATA = .

.igot.plt       0x000000002000000c        0x0 load address 0x0000000008003b17
 .igot.plt      0x000000002000000c        0x0 EEPROM.o

.bss            0x000000002000000c      0xa6c load address 0x0000000008003b17
                0x000000002000000c                _S_bss = .
 *(.bss)
 .bss           0x000000002000000c        0x0 Buzzer.o
 .bss           0x000000002000000c        0x0 EEPROM.o
 .bss           0x000000002000000c       0x24 Key_pad_Driver.o
                0x000000002000002c                GPIOx
 .bss           0x0000000020000030        0xd LCD_Driver.o
 *fill*         0x000000002000003d        0x3 
 .bss           0x0000000020000040      0x1cc main.o
                0x0000000020000040                Lcd_config
                0x0000000020000060                key_pad_config
                0x0000000020000070                seven_config
                0x000000002000007c                uart1_config
                0x00000000200000b4                spi1_config
                0x00000000200000e0                spi2_config
                0x000000002000010c                spi3_config
                0x0000000020000138                i2c1_config
                0x0000000020000198                i2c2_config
                0x00000000200001f8                Rx_Buff
 .bss           0x000000002000020c       0x28 Seven_Segment.o
                0x000000002000020c                numbers
 .bss           0x0000000020000234        0x0 startup.o
 .bss           0x0000000020000234       0x10 Stm32_f10xx_Systick.o
                0x0000000020000234                Systick_API
 .bss           0x0000000020000244        0x2 Stm32f10x_SPI.o
 .bss           0x0000000020000246        0x0 Stm32f10x_UART.o
 .bss           0x0000000020000246        0x0 Stm32f10xx_EXTI.o
 .bss           0x0000000020000246        0x0 Stm32f10xx_GPIO.o
 .bss           0x0000000020000246        0x0 Stm32f10xx_I2C.o
 *fill*         0x0000000020000246        0x2 
 .bss           0x0000000020000248        0x4 Stm32f10xx_RCC.o
 .bss           0x000000002000024c        0x0 Stm32f10xx_Timers.o
 *(.bss.*)
                0x000000002000024c                . = ALIGN (0x4)
                0x000000002000024c                _E_bss = .
                0x000000002000024c                . = ALIGN (0x4)
                0x0000000020000634                . = (. + 0x3e8)
 *fill*         0x000000002000024c      0x3e8 
                0x0000000020000634                _heap_End = .
                0x0000000020000634                . = ALIGN (0x4)
                0x0000000020000a1c                . = (. + 0x3e8)
 *fill*         0x0000000020000634      0x3e8 
                0x0000000020000a1c                _stack_top = .
 COMMON         0x0000000020000a1c       0x40 Stm32f10xx_EXTI.o
                0x0000000020000a1c                GP_EXTI_CallBack
 COMMON         0x0000000020000a5c       0x1c Stm32f10xx_Timers.o
                0x0000000020000a5c                tim1_config
LOAD Buzzer.o
LOAD EEPROM.o
LOAD Key_pad_Driver.o
LOAD LCD_Driver.o
LOAD main.o
LOAD Seven_Segment.o
LOAD startup.o
LOAD Stm32_f10xx_Systick.o
LOAD Stm32f10x_SPI.o
LOAD Stm32f10x_UART.o
LOAD Stm32f10xx_EXTI.o
LOAD Stm32f10xx_GPIO.o
LOAD Stm32f10xx_I2C.o
LOAD Stm32f10xx_RCC.o
LOAD Stm32f10xx_Timers.o
OUTPUT(learn_embedded.axf elf32-littlearm)
LOAD linker stubs

.debug_line     0x0000000000000000     0x40fb
 .debug_line    0x0000000000000000        0x0 Buzzer.o
 .debug_line    0x0000000000000000      0x26c EEPROM.o
 .debug_line    0x000000000000026c      0x370 Key_pad_Driver.o
 .debug_line    0x00000000000005dc      0x43d LCD_Driver.o
 .debug_line    0x0000000000000a19      0x3be main.o
 .debug_line    0x0000000000000dd7      0x263 Seven_Segment.o
 .debug_line    0x000000000000103a      0x240 startup.o
 .debug_line    0x000000000000127a      0x287 Stm32_f10xx_Systick.o
 .debug_line    0x0000000000001501      0x8c1 Stm32f10x_SPI.o
 .debug_line    0x0000000000001dc2      0x87c Stm32f10x_UART.o
 .debug_line    0x000000000000263e      0x48c Stm32f10xx_EXTI.o
 .debug_line    0x0000000000002aca      0x433 Stm32f10xx_GPIO.o
 .debug_line    0x0000000000002efd      0xceb Stm32f10xx_I2C.o
 .debug_line    0x0000000000003be8      0x2cc Stm32f10xx_RCC.o
 .debug_line    0x0000000000003eb4      0x247 Stm32f10xx_Timers.o

.debug_str      0x0000000000000000     0x2090
 .debug_str     0x0000000000000000       0xbd Buzzer.o
 .debug_str     0x00000000000000bd      0x33d EEPROM.o
                                        0x455 (size before relaxing)
 .debug_str     0x00000000000003fa      0x24f Key_pad_Driver.o
                                        0x3d5 (size before relaxing)
 .debug_str     0x0000000000000649      0x205 LCD_Driver.o
                                        0x486 (size before relaxing)
 .debug_str     0x000000000000084e      0x862 main.o
                                        0xda8 (size before relaxing)
 .debug_str     0x00000000000010b0       0x50 Seven_Segment.o
                                        0x281 (size before relaxing)
 .debug_str     0x0000000000001100       0x7f startup.o
                                        0x1cb (size before relaxing)
 .debug_str     0x000000000000117f      0x38f Stm32_f10xx_Systick.o
                                        0x573 (size before relaxing)
 .debug_str     0x000000000000150e      0x13b Stm32f10x_SPI.o
                                        0xd1b (size before relaxing)
 .debug_str     0x0000000000001649      0x1b6 Stm32f10x_UART.o
                                        0xf56 (size before relaxing)
 .debug_str     0x00000000000017ff      0x28b Stm32f10xx_EXTI.o
                                        0x818 (size before relaxing)
 .debug_str     0x0000000000001a8a       0xff Stm32f10xx_GPIO.o
                                        0x3b2 (size before relaxing)
 .debug_str     0x0000000000001b89      0x44a Stm32f10xx_I2C.o
                                       0x1107 (size before relaxing)
 .debug_str     0x0000000000001fd3       0x99 Stm32f10xx_RCC.o
                                        0x2a8 (size before relaxing)
 .debug_str     0x000000000000206c       0x24 Stm32f10xx_Timers.o
                                        0x32b (size before relaxing)

.comment        0x0000000000000000       0x53
 .comment       0x0000000000000000       0x53 Buzzer.o
                                         0x54 (size before relaxing)
 .comment       0x0000000000000053       0x54 EEPROM.o
 .comment       0x0000000000000053       0x54 Key_pad_Driver.o
 .comment       0x0000000000000053       0x54 LCD_Driver.o
 .comment       0x0000000000000053       0x54 main.o
 .comment       0x0000000000000053       0x54 Seven_Segment.o
 .comment       0x0000000000000053       0x54 startup.o
 .comment       0x0000000000000053       0x54 Stm32_f10xx_Systick.o
 .comment       0x0000000000000053       0x54 Stm32f10x_SPI.o
 .comment       0x0000000000000053       0x54 Stm32f10x_UART.o
 .comment       0x0000000000000053       0x54 Stm32f10xx_EXTI.o
 .comment       0x0000000000000053       0x54 Stm32f10xx_GPIO.o
 .comment       0x0000000000000053       0x54 Stm32f10xx_I2C.o
 .comment       0x0000000000000053       0x54 Stm32f10xx_RCC.o
 .comment       0x0000000000000053       0x54 Stm32f10xx_Timers.o

.ARM.attributes
                0x0000000000000000       0x33
 .ARM.attributes
                0x0000000000000000       0x33 Buzzer.o
 .ARM.attributes
                0x0000000000000033       0x2d EEPROM.o
 .ARM.attributes
                0x0000000000000060       0x2d Key_pad_Driver.o
 .ARM.attributes
                0x000000000000008d       0x2d LCD_Driver.o
 .ARM.attributes
                0x00000000000000ba       0x2d main.o
 .ARM.attributes
                0x00000000000000e7       0x2d Seven_Segment.o
 .ARM.attributes
                0x0000000000000114       0x2d startup.o
 .ARM.attributes
                0x0000000000000141       0x2d Stm32_f10xx_Systick.o
 .ARM.attributes
                0x000000000000016e       0x2d Stm32f10x_SPI.o
 .ARM.attributes
                0x000000000000019b       0x2d Stm32f10x_UART.o
 .ARM.attributes
                0x00000000000001c8       0x2d Stm32f10xx_EXTI.o
 .ARM.attributes
                0x00000000000001f5       0x2d Stm32f10xx_GPIO.o
 .ARM.attributes
                0x0000000000000222       0x2d Stm32f10xx_I2C.o
 .ARM.attributes
                0x000000000000024f       0x2d Stm32f10xx_RCC.o
 .ARM.attributes
                0x000000000000027c       0x2d Stm32f10xx_Timers.o

.debug_info     0x0000000000000000     0x8da6
 .debug_info    0x0000000000000000      0x4db EEPROM.o
 .debug_info    0x00000000000004db      0x560 Key_pad_Driver.o
 .debug_info    0x0000000000000a3b      0x79e LCD_Driver.o
 .debug_info    0x00000000000011d9     0x1660 main.o
 .debug_info    0x0000000000002839      0x2d2 Seven_Segment.o
 .debug_info    0x0000000000002b0b      0x1a1 startup.o
 .debug_info    0x0000000000002cac      0x439 Stm32_f10xx_Systick.o
 .debug_info    0x00000000000030e5     0x151c Stm32f10x_SPI.o
 .debug_info    0x0000000000004601     0x17fd Stm32f10x_UART.o
 .debug_info    0x0000000000005dfe      0x89c Stm32f10xx_EXTI.o
 .debug_info    0x000000000000669a      0x60c Stm32f10xx_GPIO.o
 .debug_info    0x0000000000006ca6     0x1a92 Stm32f10xx_I2C.o
 .debug_info    0x0000000000008738      0x303 Stm32f10xx_RCC.o
 .debug_info    0x0000000000008a3b      0x36b Stm32f10xx_Timers.o

.debug_abbrev   0x0000000000000000     0x1988
 .debug_abbrev  0x0000000000000000      0x17c EEPROM.o
 .debug_abbrev  0x000000000000017c      0x169 Key_pad_Driver.o
 .debug_abbrev  0x00000000000002e5      0x1fd LCD_Driver.o
 .debug_abbrev  0x00000000000004e2      0x1fd main.o
 .debug_abbrev  0x00000000000006df      0x11a Seven_Segment.o
 .debug_abbrev  0x00000000000007f9       0xe4 startup.o
 .debug_abbrev  0x00000000000008dd      0x143 Stm32_f10xx_Systick.o
 .debug_abbrev  0x0000000000000a20      0x34c Stm32f10x_SPI.o
 .debug_abbrev  0x0000000000000d6c      0x38d Stm32f10x_UART.o
 .debug_abbrev  0x00000000000010f9      0x1cc Stm32f10xx_EXTI.o
 .debug_abbrev  0x00000000000012c5      0x175 Stm32f10xx_GPIO.o
 .debug_abbrev  0x000000000000143a      0x378 Stm32f10xx_I2C.o
 .debug_abbrev  0x00000000000017b2       0xfe Stm32f10xx_RCC.o
 .debug_abbrev  0x00000000000018b0       0xd8 Stm32f10xx_Timers.o

.debug_loc      0x0000000000000000     0x2aa2
 .debug_loc     0x0000000000000000       0xce EEPROM.o
 .debug_loc     0x00000000000000ce      0x1ec Key_pad_Driver.o
 .debug_loc     0x00000000000002ba      0x4c8 LCD_Driver.o
 .debug_loc     0x0000000000000782       0x64 main.o
 .debug_loc     0x00000000000007e6       0xa0 Seven_Segment.o
 .debug_loc     0x0000000000000886       0x7c startup.o
 .debug_loc     0x0000000000000902       0x88 Stm32_f10xx_Systick.o
 .debug_loc     0x000000000000098a      0x5d0 Stm32f10x_SPI.o
 .debug_loc     0x0000000000000f5a      0x79c Stm32f10x_UART.o
 .debug_loc     0x00000000000016f6      0x41c Stm32f10xx_EXTI.o
 .debug_loc     0x0000000000001b12      0x3f4 Stm32f10xx_GPIO.o
 .debug_loc     0x0000000000001f06      0xa04 Stm32f10xx_I2C.o
 .debug_loc     0x000000000000290a      0x13c Stm32f10xx_RCC.o
 .debug_loc     0x0000000000002a46       0x5c Stm32f10xx_Timers.o

.debug_aranges  0x0000000000000000      0x1c0
 .debug_aranges
                0x0000000000000000       0x20 EEPROM.o
 .debug_aranges
                0x0000000000000020       0x20 Key_pad_Driver.o
 .debug_aranges
                0x0000000000000040       0x20 LCD_Driver.o
 .debug_aranges
                0x0000000000000060       0x20 main.o
 .debug_aranges
                0x0000000000000080       0x20 Seven_Segment.o
 .debug_aranges
                0x00000000000000a0       0x20 startup.o
 .debug_aranges
                0x00000000000000c0       0x20 Stm32_f10xx_Systick.o
 .debug_aranges
                0x00000000000000e0       0x20 Stm32f10x_SPI.o
 .debug_aranges
                0x0000000000000100       0x20 Stm32f10x_UART.o
 .debug_aranges
                0x0000000000000120       0x20 Stm32f10xx_EXTI.o
 .debug_aranges
                0x0000000000000140       0x20 Stm32f10xx_GPIO.o
 .debug_aranges
                0x0000000000000160       0x20 Stm32f10xx_I2C.o
 .debug_aranges
                0x0000000000000180       0x20 Stm32f10xx_RCC.o
 .debug_aranges
                0x00000000000001a0       0x20 Stm32f10xx_Timers.o

.debug_frame    0x0000000000000000     0x1478
 .debug_frame   0x0000000000000000       0x78 EEPROM.o
 .debug_frame   0x0000000000000078       0xec Key_pad_Driver.o
 .debug_frame   0x0000000000000164      0x234 LCD_Driver.o
 .debug_frame   0x0000000000000398       0x4c main.o
 .debug_frame   0x00000000000003e4       0x58 Seven_Segment.o
 .debug_frame   0x000000000000043c       0x50 startup.o
 .debug_frame   0x000000000000048c       0x54 Stm32_f10xx_Systick.o
 .debug_frame   0x00000000000004e0      0x2b8 Stm32f10x_SPI.o
 .debug_frame   0x0000000000000798      0x378 Stm32f10x_UART.o
 .debug_frame   0x0000000000000b10      0x220 Stm32f10xx_EXTI.o
 .debug_frame   0x0000000000000d30      0x1c8 Stm32f10xx_GPIO.o
 .debug_frame   0x0000000000000ef8      0x494 Stm32f10xx_I2C.o
 .debug_frame   0x000000000000138c       0xb4 Stm32f10xx_RCC.o
 .debug_frame   0x0000000000001440       0x38 Stm32f10xx_Timers.o
