
Allocating common symbols
Common symbol       size              file

GP_EXTI_CallBack    0x40              Stm32f10xx_EXTI.o
tim1_config         0x1c              Stm32f10xx_Timers.o

Memory Configuration

Name             Origin             Length             Attributes
FLASH            0x0000000008000000 0x0000000000020000 xr
SRAM             0x0000000020000000 0x0000000000005000 xrw
*default*        0x0000000000000000 0xffffffffffffffff

Linker script and memory map


.text           0x0000000008000000     0x3f23
 *(.vectors*)
 .vectors       0x0000000008000000       0xec startup.o
                0x0000000008000000                vectors
 *(.text*)
 .text          0x00000000080000ec        0x0 Buzzer.o
 .text          0x00000000080000ec      0x158 EEPROM.o
                0x00000000080000ec                EEPORM_Init
                0x0000000008000140                EEPROM_Write_NBytes
                0x00000000080001e4                EEPROM_Read_Byte
 .text          0x0000000008000244      0x2a8 EEPROM_25xx256.o
                0x0000000008000244                Init_EEPROM_25x
                0x0000000008000256                Status_EEPROM
                0x00000000080002a4                Busy_EEPROM
                0x00000000080002c6                Write_Byte_EEPROM_25xx
                0x0000000008000370                Write_Bytes_EEPROM_25xx
                0x0000000008000412                Read_Byte_EEPROM_25xx
                0x00000000080004a0                Enable_Write_EEPROM_25xx
 .text          0x00000000080004ec      0x294 Key_pad_Driver.o
                0x00000000080004ec                Key_pad_init
                0x00000000080005a4                Check_Keypad_Pins
                0x000000000800060c                Set_Key_Drain_Pins
                0x0000000008000684                Check_Key_Soruce_Pins
                0x00000000080006d0                Reaction_Of_Prass
                0x0000000008000704                Check_Prass_Button
 .text          0x0000000008000780      0x64c LCD_Driver.o
                0x00000000080007d0                Kick_Enable_pin
                0x0000000008000800                LCD_init
                0x000000000800090e                Check_BF
                0x00000000080009a0                Shift_R_Cursor
                0x00000000080009b8                Shift_L_Cursor
                0x00000000080009d0                Read_Cursor_Add
                0x00000000080009e4                Write_Character
                0x0000000008000ab8                Write_Character_with_coordinator
                0x0000000008000b24                Write_String
                0x0000000008000b54                Write_String_with_coordinator
                0x0000000008000b9c                Jump_to_coordinator
                0x0000000008000bd4                Write_Command
                0x0000000008000ca6                write_with_move
                0x0000000008000db4                clean_Lcd
 .text          0x0000000008000dcc      0x1d8 main.o
                0x0000000008000e1c                main
                0x0000000008000e9c                config
 .text          0x0000000008000fa4       0xb2 Seven_Segment.o
                0x0000000008000fa4                init_seven_segment
                0x0000000008000ffa                Display_seven_segment
 *fill*         0x0000000008001056        0x2 
 .text          0x0000000008001058       0x8c startup.o
                0x0000000008001058                FLASH_Handler
                0x0000000008001058                SVCall_Handler
                0x0000000008001058                SysTick_Handler
                0x0000000008001058                PendSv_Handler
                0x0000000008001058                DMA1_Channel7_Handler
                0x0000000008001058                NMI_Handler
                0x0000000008001058                DMA1_Channel6_Handler
                0x0000000008001058                CAN1_RX1_Handler
                0x0000000008001058                Bus_Fault_Handler
                0x0000000008001058                ADC1_2_Handler
                0x0000000008001058                WWDG_Handler
                0x0000000008001058                DMA1_Channel1_Handler
                0x0000000008001058                RTC_Handler
                0x0000000008001058                TIM1_CC_Handler
                0x0000000008001058                CAN1_SCE_Handler
                0x0000000008001058                TIM1_BRK_Handler
                0x0000000008001058                MM_Fault_Handler
                0x0000000008001058                TEMPER_Handler
                0x0000000008001058                TIM2_Handler
                0x0000000008001058                DMA1_Channel4_Handler
                0x0000000008001058                TIM3_Handler
                0x0000000008001058                Default_Handler
                0x0000000008001058                USBWakeUp_Handler
                0x0000000008001058                DMA1_Channel3_Handler
                0x0000000008001058                RTC_Alarm_Handler
                0x0000000008001058                TIM4_Handler
                0x0000000008001058                DMA1_Channel2_Handler
                0x0000000008001058                Usage_Fault_Handler
                0x0000000008001058                TIM1_UP_Handler
                0x0000000008001058                DMA1_Channel5_Handler
                0x0000000008001058                DebugMonitor_Handler
                0x0000000008001058                RCC_Handler
                0x0000000008001058                PVD_Handler
                0x0000000008001058                Hard_Fault_Handler
                0x0000000008001058                USB_LP_CAN1_RX0_Handler
                0x0000000008001058                USB_HP_CAN1_TX_Handler
                0x0000000008001058                TIM1_TRG_COM_Handler
                0x0000000008001064                Rest_Handler
 .text          0x00000000080010e4       0xa4 Stm32_f10xx_Systick.o
                0x000000000800111c                Init_Systick
 .text          0x0000000008001188      0x86c Stm32f10x_SPI.o
                0x00000000080011fc                Init_SPI
                0x000000000800148c                Deinit_SPI
                0x0000000008001508                SPI_Send_Char
                0x0000000008001542                SPI_Receive_Char
                0x0000000008001580                SPI_Send_String
                0x00000000080015d0                SPI_Receive_String
                0x0000000008001634                Tx_Empty_CallBack
                0x0000000008001646                RX_Empty_CallBack
                0x0000000008001658                Fault_Event_CallBack
                0x000000000800166a                Overrun_CallBack
                0x000000000800167c                CRC_CallBack
                0x000000000800168e                Select_SPI_Pins_datasheet
                0x000000000800172c                Config_SPI_Pins
                0x0000000008001880                SPI1_Handler
                0x00000000080018fc                SPI2_Handler
                0x000000000800197c                SPI_Tx_Rx_Char
 .text          0x00000000080019f4      0x890 Stm32f10x_UART.o
                0x0000000008001ab8                Set_BaudRate
                0x0000000008001b80                Get_BaudRate
                0x0000000008001b94                Init_Uart
                0x0000000008001e6c                DeInit_Uart
                0x0000000008001ee8                _Config_GPIO_f
                0x0000000008001fcc                Send_Char_Uart
                0x0000000008002020                Receive_Char_Uart
                0x00000000080020b4                Receive_String_Uart
                0x00000000080020e0                Send_String_Uart
                0x000000000800211a                USART1_Handler
                0x00000000080021dc                USART2_Handler
                0x00000000080021e8                USART3_Handler
                0x00000000080021f4                Parity_CallBack_UART
                0x0000000008002206                Error_CallBack_UART
                0x0000000008002218                Tx_CallBack_UART
                0x000000000800222a                Tx_Comp_CallBack_UART
                0x000000000800223c                Rx_CallBack_UART
                0x000000000800224e                IDLE_CallBack_UART
                0x0000000008002260                Lin_BK_CallBack_UART
                0x0000000008002272                FlowCt_CallBack_UART
 .text          0x0000000008002284      0x4d4 Stm32f10xx_EXTI.o
                0x00000000080022f8                NVIC_EXTI_Clear_Handler
                0x0000000008002320                Init_EXTI
                0x0000000008002336                Deinit_EXTI
                0x00000000080023e0                Upadate_EXTI
                0x00000000080023f6                Config_EXTI
                0x000000000800253c                NVIC_Enable_IRQ
                0x0000000008002558                NVIC_Disable_IRQ
                0x0000000008002574                EXTI0_Handler
                0x000000000800258c                EXTI1_Handler
                0x00000000080025a4                EXTI2_Handler
                0x00000000080025bc                EXTI3_Handler
                0x00000000080025d4                EXTI4_Handler
                0x00000000080025ec                EXTI9_5_Handler
                0x0000000008002694                EXTI15_10_Handler
 .text          0x0000000008002758      0x488 Stm32f10xx_GPIO.o
                0x0000000008002758                Init_GPIO
                0x00000000080029ac                Set_pin
                0x00000000080029c8                Reset_pin
                0x00000000080029e8                Change_State_Pin
                0x0000000008002a1a                Toggle_pin
                0x0000000008002a3c                Read_pin
                0x0000000008002a64                Set_GPIO_Value
                0x0000000008002a7e                Reset_GPIO
                0x0000000008002a9c                Read_GPIO
                0x0000000008002ab4                Lock_GPIO
                0x0000000008002b0e                Deinit_GPIO
 .text          0x0000000008002be0      0xeb4 Stm32f10xx_I2C.o
                0x0000000008002c54                I2C_Init
                0x0000000008002fe0                I2C_Deinit
                0x0000000008003038                I2C_Master_Write
                0x00000000080030e8                I2C_GenerateStop
                0x0000000008003128                I2C_Send_Add
                0x00000000080031a2                I2C_Master_Read
                0x000000000800325a                I2C_Slave_Write_IT
                0x0000000008003288                I2C_Slave_Read_IT
                0x00000000080032c0                I2C_Slave_Write
                0x000000000800332e                I2C_Slave_Read
                0x0000000008003386                I2C_GenerateStart
                0x00000000080033de                I2C_Get_FlagStatus
                0x00000000080036e4                I2C_Enable_ACK
                0x0000000008003706                I2C_Disable_ACK
                0x0000000008003728                SB_CallBack_I2C
                0x000000000800373a                ADDR_CallBack_I2C
                0x000000000800377c                ADDR10_CallBack_I2C
                0x0000000008003796                STOPF_CallBack_I2C
                0x00000000080037a8                BTF_CallBack_I2C
                0x00000000080037ba                TXE_CallBack_I2C
                0x00000000080037ec                RXNE_CallBack_I2C
                0x000000000800381e                OVR_CallBack_I2C
                0x0000000008003830                TIMEOUT_CallBack_I2C
                0x0000000008003842                AF_CallBack_I2C
                0x0000000008003872                I2C1_EV_Handler
                0x0000000008003928                I2C1_ER_Handler
                0x0000000008003934                I2C2_EV_Handler
                0x00000000080039e8                I2C2_ER_Handler
                0x00000000080039f4                I2C_Clock_Config_Pins
 .text          0x0000000008003a94      0x1a4 Stm32f10xx_RCC.o
                0x0000000008003a94                Get_Systick_Freq
                0x0000000008003b80                Get_HCLK_Freq
                0x0000000008003bac                Get_APB1_Freq
                0x0000000008003bd4                Get_APB2_Freq
                0x0000000008003bfc                Set_HSE_CLK_Freq
 .text          0x0000000008003c38       0x70 Stm32f10xx_Timers.o
                0x0000000008003c38                Init_Timer
 *(.rodata)
 .rodata        0x0000000008003ca8       0x36 main.o
 *fill*         0x0000000008003cde        0x2 
 .rodata        0x0000000008003ce0      0x200 Stm32f10xx_EXTI.o
                0x0000000008003ce0                EXTI_Streem
 .rodata        0x0000000008003ee0       0x43 Stm32f10xx_RCC.o
                0x0000000008003f23                _E_text = .

.glue_7         0x0000000008003f24        0x0
 .glue_7        0x0000000008003f24        0x0 linker stubs

.glue_7t        0x0000000008003f24        0x0
 .glue_7t       0x0000000008003f24        0x0 linker stubs

.vfp11_veneer   0x0000000008003f24        0x0
 .vfp11_veneer  0x0000000008003f24        0x0 linker stubs

.v4_bx          0x0000000008003f24        0x0
 .v4_bx         0x0000000008003f24        0x0 linker stubs

.iplt           0x0000000008003f24        0x0
 .iplt          0x0000000008003f24        0x0 EEPROM.o

.rel.dyn        0x0000000008003f24        0x0
 .rel.iplt      0x0000000008003f24        0x0 EEPROM.o

.data           0x0000000020000000       0x10 load address 0x0000000008003f23
                0x0000000020000000                _S_DATA = .
 *(.data)
 .data          0x0000000020000000        0x0 Buzzer.o
 .data          0x0000000020000000        0x0 EEPROM.o
 .data          0x0000000020000000        0x0 EEPROM_25xx256.o
 .data          0x0000000020000000        0xc Key_pad_Driver.o
 .data          0x000000002000000c        0x4 LCD_Driver.o
 .data          0x0000000020000010        0x0 main.o
 .data          0x0000000020000010        0x0 Seven_Segment.o
 .data          0x0000000020000010        0x0 startup.o
 .data          0x0000000020000010        0x0 Stm32_f10xx_Systick.o
 .data          0x0000000020000010        0x0 Stm32f10x_SPI.o
 .data          0x0000000020000010        0x0 Stm32f10x_UART.o
 .data          0x0000000020000010        0x0 Stm32f10xx_EXTI.o
 .data          0x0000000020000010        0x0 Stm32f10xx_GPIO.o
 .data          0x0000000020000010        0x0 Stm32f10xx_I2C.o
 .data          0x0000000020000010        0x0 Stm32f10xx_RCC.o
 .data          0x0000000020000010        0x0 Stm32f10xx_Timers.o
 *(.data.*)
                0x0000000020000010                _E_DATA = .

.igot.plt       0x0000000020000010        0x0 load address 0x0000000008003f33
 .igot.plt      0x0000000020000010        0x0 EEPROM.o

.bss            0x0000000020000010      0xa9c load address 0x0000000008003f33
                0x0000000020000010                _S_bss = .
 *(.bss)
 .bss           0x0000000020000010        0x0 Buzzer.o
 .bss           0x0000000020000010        0x0 EEPROM.o
 .bss           0x0000000020000010        0x0 EEPROM_25xx256.o
 .bss           0x0000000020000010       0x24 Key_pad_Driver.o
                0x0000000020000030                GPIOx
 .bss           0x0000000020000034        0xd LCD_Driver.o
 *fill*         0x0000000020000041        0x3 
 .bss           0x0000000020000044      0x1fc main.o
                0x0000000020000044                Lcd_config
                0x0000000020000064                key_pad_config
                0x0000000020000074                seven_config
                0x0000000020000080                uart1_config
                0x00000000200000b8                spi1_config
                0x00000000200000e4                spi2_config
                0x0000000020000110                spi3_config
                0x000000002000013c                i2c1_config
                0x000000002000019c                i2c2_config
                0x00000000200001fc                EEPORM_25xx_config
                0x0000000020000208                Rx_Buff
                0x0000000020000224                Rx_Buff1
 .bss           0x0000000020000240       0x28 Seven_Segment.o
                0x0000000020000240                numbers
 .bss           0x0000000020000268        0x0 startup.o
 .bss           0x0000000020000268       0x10 Stm32_f10xx_Systick.o
                0x0000000020000268                Systick_API
 .bss           0x0000000020000278        0x2 Stm32f10x_SPI.o
 .bss           0x000000002000027a        0x0 Stm32f10x_UART.o
 .bss           0x000000002000027a        0x0 Stm32f10xx_EXTI.o
 .bss           0x000000002000027a        0x0 Stm32f10xx_GPIO.o
 .bss           0x000000002000027a        0x0 Stm32f10xx_I2C.o
 *fill*         0x000000002000027a        0x2 
 .bss           0x000000002000027c        0x4 Stm32f10xx_RCC.o
 .bss           0x0000000020000280        0x0 Stm32f10xx_Timers.o
 *(.bss.*)
                0x0000000020000280                . = ALIGN (0x4)
                0x0000000020000280                _E_bss = .
                0x0000000020000280                . = ALIGN (0x4)
                0x0000000020000668                . = (. + 0x3e8)
 *fill*         0x0000000020000280      0x3e8 
                0x0000000020000668                _heap_End = .
                0x0000000020000668                . = ALIGN (0x4)
                0x0000000020000a50                . = (. + 0x3e8)
 *fill*         0x0000000020000668      0x3e8 
                0x0000000020000a50                _stack_top = .
 COMMON         0x0000000020000a50       0x40 Stm32f10xx_EXTI.o
                0x0000000020000a50                GP_EXTI_CallBack
 COMMON         0x0000000020000a90       0x1c Stm32f10xx_Timers.o
                0x0000000020000a90                tim1_config
LOAD Buzzer.o
LOAD EEPROM.o
LOAD EEPROM_25xx256.o
LOAD Key_pad_Driver.o
LOAD LCD_Driver.o
LOAD main.o
LOAD Seven_Segment.o
LOAD startup.o
LOAD Stm32_f10xx_Systick.o
LOAD Stm32f10x_SPI.o
LOAD Stm32f10x_UART.o
LOAD Stm32f10xx_EXTI.o
LOAD Stm32f10xx_GPIO.o
LOAD Stm32f10xx_I2C.o
LOAD Stm32f10xx_RCC.o
LOAD Stm32f10xx_Timers.o
OUTPUT(learn_embedded.axf elf32-littlearm)
LOAD linker stubs

.debug_line     0x0000000000000000     0x4540
 .debug_line    0x0000000000000000        0x0 Buzzer.o
 .debug_line    0x0000000000000000      0x26c EEPROM.o
 .debug_line    0x000000000000026c      0x39d EEPROM_25xx256.o
 .debug_line    0x0000000000000609      0x370 Key_pad_Driver.o
 .debug_line    0x0000000000000979      0x46b LCD_Driver.o
 .debug_line    0x0000000000000de4      0x439 main.o
 .debug_line    0x000000000000121d      0x263 Seven_Segment.o
 .debug_line    0x0000000000001480      0x240 startup.o
 .debug_line    0x00000000000016c0      0x287 Stm32_f10xx_Systick.o
 .debug_line    0x0000000000001947      0x8b5 Stm32f10x_SPI.o
 .debug_line    0x00000000000021fc      0x887 Stm32f10x_UART.o
 .debug_line    0x0000000000002a83      0x48c Stm32f10xx_EXTI.o
 .debug_line    0x0000000000002f0f      0x433 Stm32f10xx_GPIO.o
 .debug_line    0x0000000000003342      0xceb Stm32f10xx_I2C.o
 .debug_line    0x000000000000402d      0x2cc Stm32f10xx_RCC.o
 .debug_line    0x00000000000042f9      0x247 Stm32f10xx_Timers.o

.debug_str      0x0000000000000000     0x21d3
 .debug_str     0x0000000000000000       0xbd Buzzer.o
 .debug_str     0x00000000000000bd      0x33d EEPROM.o
                                        0x455 (size before relaxing)
 .debug_str     0x00000000000003fa      0x6a1 EEPROM_25xx256.o
                                        0x868 (size before relaxing)
 .debug_str     0x0000000000000a9b      0x1f6 Key_pad_Driver.o
                                        0x3d5 (size before relaxing)
 .debug_str     0x0000000000000c91      0x224 LCD_Driver.o
                                        0x4a5 (size before relaxing)
 .debug_str     0x0000000000000eb5      0x370 main.o
                                        0xe87 (size before relaxing)
 .debug_str     0x0000000000001225       0x50 Seven_Segment.o
                                        0x281 (size before relaxing)
 .debug_str     0x0000000000001275       0x7f startup.o
                                        0x1cb (size before relaxing)
 .debug_str     0x00000000000012f4      0x38f Stm32_f10xx_Systick.o
                                        0x573 (size before relaxing)
 .debug_str     0x0000000000001683      0x119 Stm32f10x_SPI.o
                                        0xd31 (size before relaxing)
 .debug_str     0x000000000000179c      0x1a6 Stm32f10x_UART.o
                                        0xf66 (size before relaxing)
 .debug_str     0x0000000000001942      0x28b Stm32f10xx_EXTI.o
                                        0x818 (size before relaxing)
 .debug_str     0x0000000000001bcd       0xff Stm32f10xx_GPIO.o
                                        0x3b2 (size before relaxing)
 .debug_str     0x0000000000001ccc      0x44a Stm32f10xx_I2C.o
                                       0x1107 (size before relaxing)
 .debug_str     0x0000000000002116       0x99 Stm32f10xx_RCC.o
                                        0x2a8 (size before relaxing)
 .debug_str     0x00000000000021af       0x24 Stm32f10xx_Timers.o
                                        0x32b (size before relaxing)

.comment        0x0000000000000000       0x53
 .comment       0x0000000000000000       0x53 Buzzer.o
                                         0x54 (size before relaxing)
 .comment       0x0000000000000053       0x54 EEPROM.o
 .comment       0x0000000000000053       0x54 EEPROM_25xx256.o
 .comment       0x0000000000000053       0x54 Key_pad_Driver.o
 .comment       0x0000000000000053       0x54 LCD_Driver.o
 .comment       0x0000000000000053       0x54 main.o
 .comment       0x0000000000000053       0x54 Seven_Segment.o
 .comment       0x0000000000000053       0x54 startup.o
 .comment       0x0000000000000053       0x54 Stm32_f10xx_Systick.o
 .comment       0x0000000000000053       0x54 Stm32f10x_SPI.o
 .comment       0x0000000000000053       0x54 Stm32f10x_UART.o
 .comment       0x0000000000000053       0x54 Stm32f10xx_EXTI.o
 .comment       0x0000000000000053       0x54 Stm32f10xx_GPIO.o
 .comment       0x0000000000000053       0x54 Stm32f10xx_I2C.o
 .comment       0x0000000000000053       0x54 Stm32f10xx_RCC.o
 .comment       0x0000000000000053       0x54 Stm32f10xx_Timers.o

.ARM.attributes
                0x0000000000000000       0x33
 .ARM.attributes
                0x0000000000000000       0x33 Buzzer.o
 .ARM.attributes
                0x0000000000000033       0x2d EEPROM.o
 .ARM.attributes
                0x0000000000000060       0x2d EEPROM_25xx256.o
 .ARM.attributes
                0x000000000000008d       0x2d Key_pad_Driver.o
 .ARM.attributes
                0x00000000000000ba       0x2d LCD_Driver.o
 .ARM.attributes
                0x00000000000000e7       0x2d main.o
 .ARM.attributes
                0x0000000000000114       0x2d Seven_Segment.o
 .ARM.attributes
                0x0000000000000141       0x2d startup.o
 .ARM.attributes
                0x000000000000016e       0x2d Stm32_f10xx_Systick.o
 .ARM.attributes
                0x000000000000019b       0x2d Stm32f10x_SPI.o
 .ARM.attributes
                0x00000000000001c8       0x2d Stm32f10x_UART.o
 .ARM.attributes
                0x00000000000001f5       0x2d Stm32f10xx_EXTI.o
 .ARM.attributes
                0x0000000000000222       0x2d Stm32f10xx_GPIO.o
 .ARM.attributes
                0x000000000000024f       0x2d Stm32f10xx_I2C.o
 .ARM.attributes
                0x000000000000027c       0x2d Stm32f10xx_RCC.o
 .ARM.attributes
                0x00000000000002a9       0x2d Stm32f10xx_Timers.o

.debug_info     0x0000000000000000     0x9f02
 .debug_info    0x0000000000000000      0x4db EEPROM.o
 .debug_info    0x00000000000004db      0xf60 EEPROM_25xx256.o
 .debug_info    0x000000000000143b      0x560 Key_pad_Driver.o
 .debug_info    0x000000000000199b      0x7b7 LCD_Driver.o
 .debug_info    0x0000000000002152     0x17f4 main.o
 .debug_info    0x0000000000003946      0x2d2 Seven_Segment.o
 .debug_info    0x0000000000003c18      0x1a1 startup.o
 .debug_info    0x0000000000003db9      0x439 Stm32_f10xx_Systick.o
 .debug_info    0x00000000000041f2     0x154b Stm32f10x_SPI.o
 .debug_info    0x000000000000573d     0x181d Stm32f10x_UART.o
 .debug_info    0x0000000000006f5a      0x89c Stm32f10xx_EXTI.o
 .debug_info    0x00000000000077f6      0x60c Stm32f10xx_GPIO.o
 .debug_info    0x0000000000007e02     0x1a92 Stm32f10xx_I2C.o
 .debug_info    0x0000000000009894      0x303 Stm32f10xx_RCC.o
 .debug_info    0x0000000000009b97      0x36b Stm32f10xx_Timers.o

.debug_abbrev   0x0000000000000000     0x1bd3
 .debug_abbrev  0x0000000000000000      0x17c EEPROM.o
 .debug_abbrev  0x000000000000017c      0x22c EEPROM_25xx256.o
 .debug_abbrev  0x00000000000003a8      0x169 Key_pad_Driver.o
 .debug_abbrev  0x0000000000000511      0x1f6 LCD_Driver.o
 .debug_abbrev  0x0000000000000707      0x23f main.o
 .debug_abbrev  0x0000000000000946      0x11a Seven_Segment.o
 .debug_abbrev  0x0000000000000a60       0xe4 startup.o
 .debug_abbrev  0x0000000000000b44      0x143 Stm32_f10xx_Systick.o
 .debug_abbrev  0x0000000000000c87      0x34c Stm32f10x_SPI.o
 .debug_abbrev  0x0000000000000fd3      0x371 Stm32f10x_UART.o
 .debug_abbrev  0x0000000000001344      0x1cc Stm32f10xx_EXTI.o
 .debug_abbrev  0x0000000000001510      0x175 Stm32f10xx_GPIO.o
 .debug_abbrev  0x0000000000001685      0x378 Stm32f10xx_I2C.o
 .debug_abbrev  0x00000000000019fd       0xfe Stm32f10xx_RCC.o
 .debug_abbrev  0x0000000000001afb       0xd8 Stm32f10xx_Timers.o

.debug_loc      0x0000000000000000     0x2d6c
 .debug_loc     0x0000000000000000       0xce EEPROM.o
 .debug_loc     0x00000000000000ce      0x23c EEPROM_25xx256.o
 .debug_loc     0x000000000000030a      0x1ec Key_pad_Driver.o
 .debug_loc     0x00000000000004f6      0x4c8 LCD_Driver.o
 .debug_loc     0x00000000000009be       0xe6 main.o
 .debug_loc     0x0000000000000aa4       0xa0 Seven_Segment.o
 .debug_loc     0x0000000000000b44       0x7c startup.o
 .debug_loc     0x0000000000000bc0       0x88 Stm32_f10xx_Systick.o
 .debug_loc     0x0000000000000c48      0x5d0 Stm32f10x_SPI.o
 .debug_loc     0x0000000000001218      0x7a8 Stm32f10x_UART.o
 .debug_loc     0x00000000000019c0      0x41c Stm32f10xx_EXTI.o
 .debug_loc     0x0000000000001ddc      0x3f4 Stm32f10xx_GPIO.o
 .debug_loc     0x00000000000021d0      0xa04 Stm32f10xx_I2C.o
 .debug_loc     0x0000000000002bd4      0x13c Stm32f10xx_RCC.o
 .debug_loc     0x0000000000002d10       0x5c Stm32f10xx_Timers.o

.debug_aranges  0x0000000000000000      0x1e0
 .debug_aranges
                0x0000000000000000       0x20 EEPROM.o
 .debug_aranges
                0x0000000000000020       0x20 EEPROM_25xx256.o
 .debug_aranges
                0x0000000000000040       0x20 Key_pad_Driver.o
 .debug_aranges
                0x0000000000000060       0x20 LCD_Driver.o
 .debug_aranges
                0x0000000000000080       0x20 main.o
 .debug_aranges
                0x00000000000000a0       0x20 Seven_Segment.o
 .debug_aranges
                0x00000000000000c0       0x20 startup.o
 .debug_aranges
                0x00000000000000e0       0x20 Stm32_f10xx_Systick.o
 .debug_aranges
                0x0000000000000100       0x20 Stm32f10x_SPI.o
 .debug_aranges
                0x0000000000000120       0x20 Stm32f10x_UART.o
 .debug_aranges
                0x0000000000000140       0x20 Stm32f10xx_EXTI.o
 .debug_aranges
                0x0000000000000160       0x20 Stm32f10xx_GPIO.o
 .debug_aranges
                0x0000000000000180       0x20 Stm32f10xx_I2C.o
 .debug_aranges
                0x00000000000001a0       0x20 Stm32f10xx_RCC.o
 .debug_aranges
                0x00000000000001c0       0x20 Stm32f10xx_Timers.o

.debug_frame    0x0000000000000000     0x15cc
 .debug_frame   0x0000000000000000       0x78 EEPROM.o
 .debug_frame   0x0000000000000078      0x11c EEPROM_25xx256.o
 .debug_frame   0x0000000000000194       0xec Key_pad_Driver.o
 .debug_frame   0x0000000000000280      0x234 LCD_Driver.o
 .debug_frame   0x00000000000004b4       0x80 main.o
 .debug_frame   0x0000000000000534       0x58 Seven_Segment.o
 .debug_frame   0x000000000000058c       0x50 startup.o
 .debug_frame   0x00000000000005dc       0x54 Stm32_f10xx_Systick.o
 .debug_frame   0x0000000000000630      0x2b8 Stm32f10x_SPI.o
 .debug_frame   0x00000000000008e8      0x37c Stm32f10x_UART.o
 .debug_frame   0x0000000000000c64      0x220 Stm32f10xx_EXTI.o
 .debug_frame   0x0000000000000e84      0x1c8 Stm32f10xx_GPIO.o
 .debug_frame   0x000000000000104c      0x494 Stm32f10xx_I2C.o
 .debug_frame   0x00000000000014e0       0xb4 Stm32f10xx_RCC.o
 .debug_frame   0x0000000000001594       0x38 Stm32f10xx_Timers.o
