
Allocating common symbols
Common symbol       size              file

GP_EXTI_CallBack    0x40              Stm32f10xx_EXTI.o
tim1_config         0x1c              Stm32f10xx_Timers.o

Memory Configuration

Name             Origin             Length             Attributes
FLASH            0x0000000008000000 0x0000000000020000 xr
SRAM             0x0000000020000000 0x0000000000005000 xrw
*default*        0x0000000000000000 0xffffffffffffffff

Linker script and memory map


.text           0x0000000008000000     0x408f
 *(.vectors*)
 .vectors       0x0000000008000000       0xec startup.o
                0x0000000008000000                vectors
 *(.text*)
 .text          0x00000000080000ec        0x0 Buzzer.o
 .text          0x00000000080000ec      0x158 EEPROM.o
                0x00000000080000ec                EEPORM_Init
                0x0000000008000140                EEPROM_Write_NBytes
                0x00000000080001e4                EEPROM_Read_Byte
 .text          0x0000000008000244      0x2a8 EEPROM_25xx256.o
                0x0000000008000244                Init_EEPROM_25x
                0x0000000008000256                Status_EEPROM
                0x00000000080002a4                Busy_EEPROM
                0x00000000080002c6                Write_Byte_EEPROM_25xx
                0x0000000008000370                Write_Bytes_EEPROM_25xx
                0x0000000008000412                Read_Byte_EEPROM_25xx
                0x00000000080004a0                Enable_Write_EEPROM_25xx
 .text          0x00000000080004ec      0x294 Key_pad_Driver.o
                0x00000000080004ec                Key_pad_init
                0x00000000080005a4                Check_Keypad_Pins
                0x000000000800060c                Set_Key_Drain_Pins
                0x0000000008000684                Check_Key_Soruce_Pins
                0x00000000080006d0                Reaction_Of_Prass
                0x0000000008000704                Check_Prass_Button
 .text          0x0000000008000780      0x64c LCD_Driver.o
                0x00000000080007d0                Kick_Enable_pin
                0x0000000008000800                LCD_init
                0x000000000800090e                Check_BF
                0x00000000080009a0                Shift_R_Cursor
                0x00000000080009b8                Shift_L_Cursor
                0x00000000080009d0                Read_Cursor_Add
                0x00000000080009e4                Write_Character
                0x0000000008000ab8                Write_Character_with_coordinator
                0x0000000008000b24                Write_String
                0x0000000008000b54                Write_String_with_coordinator
                0x0000000008000b9c                Jump_to_coordinator
                0x0000000008000bd4                Write_Command
                0x0000000008000ca6                write_with_move
                0x0000000008000db4                clean_Lcd
 .text          0x0000000008000dcc      0x280 main.o
                0x0000000008000dcc                main
                0x0000000008000dd6                config
 .text          0x000000000800104c       0xb2 Seven_Segment.o
                0x000000000800104c                init_seven_segment
                0x00000000080010a2                Display_seven_segment
 *fill*         0x00000000080010fe        0x2 
 .text          0x0000000008001100       0x8c startup.o
                0x0000000008001100                FLASH_Handler
                0x0000000008001100                SVCall_Handler
                0x0000000008001100                SysTick_Handler
                0x0000000008001100                PendSv_Handler
                0x0000000008001100                DMA1_Channel7_Handler
                0x0000000008001100                NMI_Handler
                0x0000000008001100                DMA1_Channel6_Handler
                0x0000000008001100                CAN1_RX1_Handler
                0x0000000008001100                Bus_Fault_Handler
                0x0000000008001100                ADC1_2_Handler
                0x0000000008001100                WWDG_Handler
                0x0000000008001100                DMA1_Channel1_Handler
                0x0000000008001100                RTC_Handler
                0x0000000008001100                TIM1_CC_Handler
                0x0000000008001100                CAN1_SCE_Handler
                0x0000000008001100                TIM1_BRK_Handler
                0x0000000008001100                MM_Fault_Handler
                0x0000000008001100                TEMPER_Handler
                0x0000000008001100                TIM2_Handler
                0x0000000008001100                DMA1_Channel4_Handler
                0x0000000008001100                TIM3_Handler
                0x0000000008001100                Default_Handler
                0x0000000008001100                USBWakeUp_Handler
                0x0000000008001100                DMA1_Channel3_Handler
                0x0000000008001100                RTC_Alarm_Handler
                0x0000000008001100                TIM4_Handler
                0x0000000008001100                DMA1_Channel2_Handler
                0x0000000008001100                Usage_Fault_Handler
                0x0000000008001100                TIM1_UP_Handler
                0x0000000008001100                DMA1_Channel5_Handler
                0x0000000008001100                DebugMonitor_Handler
                0x0000000008001100                RCC_Handler
                0x0000000008001100                PVD_Handler
                0x0000000008001100                Hard_Fault_Handler
                0x0000000008001100                USB_LP_CAN1_RX0_Handler
                0x0000000008001100                USB_HP_CAN1_TX_Handler
                0x0000000008001100                TIM1_TRG_COM_Handler
                0x000000000800110c                Rest_Handler
 .text          0x000000000800118c       0xa4 Stm32_f10xx_Systick.o
                0x00000000080011c4                Init_Systick
 .text          0x0000000008001230      0x86c Stm32f10x_SPI.o
                0x00000000080012a4                Init_SPI
                0x0000000008001534                Deinit_SPI
                0x00000000080015b0                SPI_Send_Char
                0x00000000080015ea                SPI_Receive_Char
                0x0000000008001628                SPI_Send_String
                0x0000000008001678                SPI_Receive_String
                0x00000000080016dc                Tx_Empty_CallBack
                0x00000000080016ee                RX_Empty_CallBack
                0x0000000008001700                Fault_Event_CallBack
                0x0000000008001712                Overrun_CallBack
                0x0000000008001724                CRC_CallBack
                0x0000000008001736                Select_SPI_Pins_datasheet
                0x00000000080017d4                Config_SPI_Pins
                0x0000000008001928                SPI1_Handler
                0x00000000080019a4                SPI2_Handler
                0x0000000008001a24                SPI_Tx_Rx_Char
 .text          0x0000000008001a9c      0x98c Stm32f10x_UART.o
                0x0000000008001b60                Set_BaudRate
                0x0000000008001c28                Get_BaudRate
                0x0000000008001c3c                Init_Uart
                0x0000000008001f14                DeInit_Uart
                0x0000000008001f90                _Config_GPIO_f
                0x0000000008002074                Send_Char_Uart
                0x00000000080020c8                Receive_Char_Uart
                0x000000000800215c                Receive_String_Uart
                0x0000000008002188                Send_String_Uart
                0x00000000080021c2                USART1_Handler
                0x0000000008002284                USART2_Handler
                0x0000000008002348                USART3_Handler
                0x0000000008002354                Parity_CallBack_UART
                0x0000000008002366                Error_CallBack_UART
                0x0000000008002378                Tx_CallBack_UART
                0x000000000800238a                Tx_Comp_CallBack_UART
                0x000000000800239c                Rx_CallBack_UART
                0x00000000080023f0                IDLE_CallBack_UART
                0x0000000008002402                Lin_BK_CallBack_UART
                0x0000000008002414                FlowCt_CallBack_UART
 .text          0x0000000008002428      0x4d4 Stm32f10xx_EXTI.o
                0x000000000800249c                NVIC_EXTI_Clear_Handler
                0x00000000080024c4                Init_EXTI
                0x00000000080024da                Deinit_EXTI
                0x0000000008002584                Upadate_EXTI
                0x000000000800259a                Config_EXTI
                0x00000000080026e0                NVIC_Enable_IRQ
                0x00000000080026fc                NVIC_Disable_IRQ
                0x0000000008002718                EXTI0_Handler
                0x0000000008002730                EXTI1_Handler
                0x0000000008002748                EXTI2_Handler
                0x0000000008002760                EXTI3_Handler
                0x0000000008002778                EXTI4_Handler
                0x0000000008002790                EXTI9_5_Handler
                0x0000000008002838                EXTI15_10_Handler
 .text          0x00000000080028fc      0x488 Stm32f10xx_GPIO.o
                0x00000000080028fc                Init_GPIO
                0x0000000008002b50                Set_pin
                0x0000000008002b6c                Reset_pin
                0x0000000008002b8c                Change_State_Pin
                0x0000000008002bbe                Toggle_pin
                0x0000000008002be0                Read_pin
                0x0000000008002c08                Set_GPIO_Value
                0x0000000008002c22                Reset_GPIO
                0x0000000008002c40                Read_GPIO
                0x0000000008002c58                Lock_GPIO
                0x0000000008002cb2                Deinit_GPIO
 .text          0x0000000008002d84      0xeb4 Stm32f10xx_I2C.o
                0x0000000008002df8                I2C_Init
                0x0000000008003184                I2C_Deinit
                0x00000000080031dc                I2C_Master_Write
                0x000000000800328c                I2C_GenerateStop
                0x00000000080032cc                I2C_Send_Add
                0x0000000008003346                I2C_Master_Read
                0x00000000080033fe                I2C_Slave_Write_IT
                0x000000000800342c                I2C_Slave_Read_IT
                0x0000000008003464                I2C_Slave_Write
                0x00000000080034d2                I2C_Slave_Read
                0x000000000800352a                I2C_GenerateStart
                0x0000000008003582                I2C_Get_FlagStatus
                0x0000000008003888                I2C_Enable_ACK
                0x00000000080038aa                I2C_Disable_ACK
                0x00000000080038cc                SB_CallBack_I2C
                0x00000000080038de                ADDR_CallBack_I2C
                0x0000000008003920                ADDR10_CallBack_I2C
                0x000000000800393a                STOPF_CallBack_I2C
                0x000000000800394c                BTF_CallBack_I2C
                0x000000000800395e                TXE_CallBack_I2C
                0x0000000008003990                RXNE_CallBack_I2C
                0x00000000080039c2                OVR_CallBack_I2C
                0x00000000080039d4                TIMEOUT_CallBack_I2C
                0x00000000080039e6                AF_CallBack_I2C
                0x0000000008003a16                I2C1_EV_Handler
                0x0000000008003acc                I2C1_ER_Handler
                0x0000000008003ad8                I2C2_EV_Handler
                0x0000000008003b8c                I2C2_ER_Handler
                0x0000000008003b98                I2C_Clock_Config_Pins
 .text          0x0000000008003c38      0x1a4 Stm32f10xx_RCC.o
                0x0000000008003c38                Get_Systick_Freq
                0x0000000008003d24                Get_HCLK_Freq
                0x0000000008003d50                Get_APB1_Freq
                0x0000000008003d78                Get_APB2_Freq
                0x0000000008003da0                Set_HSE_CLK_Freq
 .text          0x0000000008003ddc       0x70 Stm32f10xx_Timers.o
                0x0000000008003ddc                Init_Timer
 *(.rodata)
 .rodata        0x0000000008003e4c      0x200 Stm32f10xx_EXTI.o
                0x0000000008003e4c                EXTI_Streem
 .rodata        0x000000000800404c       0x43 Stm32f10xx_RCC.o
                0x000000000800408f                _E_text = .

.glue_7         0x0000000008004090        0x0
 .glue_7        0x0000000008004090        0x0 linker stubs

.glue_7t        0x0000000008004090        0x0
 .glue_7t       0x0000000008004090        0x0 linker stubs

.vfp11_veneer   0x0000000008004090        0x0
 .vfp11_veneer  0x0000000008004090        0x0 linker stubs

.v4_bx          0x0000000008004090        0x0
 .v4_bx         0x0000000008004090        0x0 linker stubs

.iplt           0x0000000008004090        0x0
 .iplt          0x0000000008004090        0x0 EEPROM.o

.rel.dyn        0x0000000008004090        0x0
 .rel.iplt      0x0000000008004090        0x0 EEPROM.o

.data           0x0000000020000000       0x10 load address 0x000000000800408f
                0x0000000020000000                _S_DATA = .
 *(.data)
 .data          0x0000000020000000        0x0 Buzzer.o
 .data          0x0000000020000000        0x0 EEPROM.o
 .data          0x0000000020000000        0x0 EEPROM_25xx256.o
 .data          0x0000000020000000        0xc Key_pad_Driver.o
 .data          0x000000002000000c        0x4 LCD_Driver.o
 .data          0x0000000020000010        0x0 main.o
 .data          0x0000000020000010        0x0 Seven_Segment.o
 .data          0x0000000020000010        0x0 startup.o
 .data          0x0000000020000010        0x0 Stm32_f10xx_Systick.o
 .data          0x0000000020000010        0x0 Stm32f10x_SPI.o
 .data          0x0000000020000010        0x0 Stm32f10x_UART.o
 .data          0x0000000020000010        0x0 Stm32f10xx_EXTI.o
 .data          0x0000000020000010        0x0 Stm32f10xx_GPIO.o
 .data          0x0000000020000010        0x0 Stm32f10xx_I2C.o
 .data          0x0000000020000010        0x0 Stm32f10xx_RCC.o
 .data          0x0000000020000010        0x0 Stm32f10xx_Timers.o
 *(.data.*)
                0x0000000020000010                _E_DATA = .

.igot.plt       0x0000000020000010        0x0 load address 0x000000000800409f
 .igot.plt      0x0000000020000010        0x0 EEPROM.o

.bss            0x0000000020000010      0xaec load address 0x000000000800409f
                0x0000000020000010                _S_bss = .
 *(.bss)
 .bss           0x0000000020000010        0x0 Buzzer.o
 .bss           0x0000000020000010        0x0 EEPROM.o
 .bss           0x0000000020000010        0x0 EEPROM_25xx256.o
 .bss           0x0000000020000010       0x24 Key_pad_Driver.o
                0x0000000020000030                GPIOx
 .bss           0x0000000020000034        0xd LCD_Driver.o
 *fill*         0x0000000020000041        0x3 
 .bss           0x0000000020000044      0x24c main.o
                0x0000000020000044                LEDS
                0x0000000020000058                Lcd_config
                0x0000000020000078                key_pad_config
                0x0000000020000088                seven_config
                0x0000000020000094                uart1_config
                0x00000000200000cc                uart2_config
                0x0000000020000104                spi1_config
                0x0000000020000130                spi2_config
                0x000000002000015c                spi3_config
                0x0000000020000188                i2c1_config
                0x00000000200001e8                i2c2_config
                0x0000000020000248                NSS_EEPROM
                0x000000002000025c                NSS_ATmega1
                0x0000000020000270                NSS_ATmega2
                0x0000000020000284                EEPORM_25xx_config
 .bss           0x0000000020000290       0x28 Seven_Segment.o
                0x0000000020000290                numbers
 .bss           0x00000000200002b8        0x0 startup.o
 .bss           0x00000000200002b8       0x10 Stm32_f10xx_Systick.o
                0x00000000200002b8                Systick_API
 .bss           0x00000000200002c8        0x2 Stm32f10x_SPI.o
 .bss           0x00000000200002ca        0x0 Stm32f10x_UART.o
 .bss           0x00000000200002ca        0x0 Stm32f10xx_EXTI.o
 .bss           0x00000000200002ca        0x0 Stm32f10xx_GPIO.o
 .bss           0x00000000200002ca        0x0 Stm32f10xx_I2C.o
 *fill*         0x00000000200002ca        0x2 
 .bss           0x00000000200002cc        0x4 Stm32f10xx_RCC.o
 .bss           0x00000000200002d0        0x0 Stm32f10xx_Timers.o
 *(.bss.*)
                0x00000000200002d0                . = ALIGN (0x4)
                0x00000000200002d0                _E_bss = .
                0x00000000200002d0                . = ALIGN (0x4)
                0x00000000200006b8                . = (. + 0x3e8)
 *fill*         0x00000000200002d0      0x3e8 
                0x00000000200006b8                _heap_End = .
                0x00000000200006b8                . = ALIGN (0x4)
                0x0000000020000aa0                . = (. + 0x3e8)
 *fill*         0x00000000200006b8      0x3e8 
                0x0000000020000aa0                _stack_top = .
 COMMON         0x0000000020000aa0       0x40 Stm32f10xx_EXTI.o
                0x0000000020000aa0                GP_EXTI_CallBack
 COMMON         0x0000000020000ae0       0x1c Stm32f10xx_Timers.o
                0x0000000020000ae0                tim1_config
LOAD Buzzer.o
LOAD EEPROM.o
LOAD EEPROM_25xx256.o
LOAD Key_pad_Driver.o
LOAD LCD_Driver.o
LOAD main.o
LOAD Seven_Segment.o
LOAD startup.o
LOAD Stm32_f10xx_Systick.o
LOAD Stm32f10x_SPI.o
LOAD Stm32f10x_UART.o
LOAD Stm32f10xx_EXTI.o
LOAD Stm32f10xx_GPIO.o
LOAD Stm32f10xx_I2C.o
LOAD Stm32f10xx_RCC.o
LOAD Stm32f10xx_Timers.o
OUTPUT(learn_embedded.axf elf32-littlearm)
LOAD linker stubs

.debug_line     0x0000000000000000     0x4634
 .debug_line    0x0000000000000000        0x0 Buzzer.o
 .debug_line    0x0000000000000000      0x26c EEPROM.o
 .debug_line    0x000000000000026c      0x39d EEPROM_25xx256.o
 .debug_line    0x0000000000000609      0x370 Key_pad_Driver.o
 .debug_line    0x0000000000000979      0x46b LCD_Driver.o
 .debug_line    0x0000000000000de4      0x482 main.o
 .debug_line    0x0000000000001266      0x263 Seven_Segment.o
 .debug_line    0x00000000000014c9      0x240 startup.o
 .debug_line    0x0000000000001709      0x287 Stm32_f10xx_Systick.o
 .debug_line    0x0000000000001990      0x8b5 Stm32f10x_SPI.o
 .debug_line    0x0000000000002245      0x932 Stm32f10x_UART.o
 .debug_line    0x0000000000002b77      0x48c Stm32f10xx_EXTI.o
 .debug_line    0x0000000000003003      0x433 Stm32f10xx_GPIO.o
 .debug_line    0x0000000000003436      0xceb Stm32f10xx_I2C.o
 .debug_line    0x0000000000004121      0x2cc Stm32f10xx_RCC.o
 .debug_line    0x00000000000043ed      0x247 Stm32f10xx_Timers.o

.debug_str      0x0000000000000000     0x21ed
 .debug_str     0x0000000000000000       0xbd Buzzer.o
 .debug_str     0x00000000000000bd      0x33d EEPROM.o
                                        0x455 (size before relaxing)
 .debug_str     0x00000000000003fa      0x6a1 EEPROM_25xx256.o
                                        0x868 (size before relaxing)
 .debug_str     0x0000000000000a9b      0x1f6 Key_pad_Driver.o
                                        0x3d5 (size before relaxing)
 .debug_str     0x0000000000000c91      0x224 LCD_Driver.o
                                        0x4a5 (size before relaxing)
 .debug_str     0x0000000000000eb5      0x387 main.o
                                        0xe43 (size before relaxing)
 .debug_str     0x000000000000123c       0x50 Seven_Segment.o
                                        0x281 (size before relaxing)
 .debug_str     0x000000000000128c       0x7f startup.o
                                        0x1cb (size before relaxing)
 .debug_str     0x000000000000130b      0x38f Stm32_f10xx_Systick.o
                                        0x573 (size before relaxing)
 .debug_str     0x000000000000169a      0x119 Stm32f10x_SPI.o
                                        0xd31 (size before relaxing)
 .debug_str     0x00000000000017b3      0x1a9 Stm32f10x_UART.o
                                        0xf9c (size before relaxing)
 .debug_str     0x000000000000195c      0x28b Stm32f10xx_EXTI.o
                                        0x818 (size before relaxing)
 .debug_str     0x0000000000001be7       0xff Stm32f10xx_GPIO.o
                                        0x3b2 (size before relaxing)
 .debug_str     0x0000000000001ce6      0x44a Stm32f10xx_I2C.o
                                       0x1107 (size before relaxing)
 .debug_str     0x0000000000002130       0x99 Stm32f10xx_RCC.o
                                        0x2a8 (size before relaxing)
 .debug_str     0x00000000000021c9       0x24 Stm32f10xx_Timers.o
                                        0x32b (size before relaxing)

.comment        0x0000000000000000       0x53
 .comment       0x0000000000000000       0x53 Buzzer.o
                                         0x54 (size before relaxing)
 .comment       0x0000000000000053       0x54 EEPROM.o
 .comment       0x0000000000000053       0x54 EEPROM_25xx256.o
 .comment       0x0000000000000053       0x54 Key_pad_Driver.o
 .comment       0x0000000000000053       0x54 LCD_Driver.o
 .comment       0x0000000000000053       0x54 main.o
 .comment       0x0000000000000053       0x54 Seven_Segment.o
 .comment       0x0000000000000053       0x54 startup.o
 .comment       0x0000000000000053       0x54 Stm32_f10xx_Systick.o
 .comment       0x0000000000000053       0x54 Stm32f10x_SPI.o
 .comment       0x0000000000000053       0x54 Stm32f10x_UART.o
 .comment       0x0000000000000053       0x54 Stm32f10xx_EXTI.o
 .comment       0x0000000000000053       0x54 Stm32f10xx_GPIO.o
 .comment       0x0000000000000053       0x54 Stm32f10xx_I2C.o
 .comment       0x0000000000000053       0x54 Stm32f10xx_RCC.o
 .comment       0x0000000000000053       0x54 Stm32f10xx_Timers.o

.ARM.attributes
                0x0000000000000000       0x33
 .ARM.attributes
                0x0000000000000000       0x33 Buzzer.o
 .ARM.attributes
                0x0000000000000033       0x2d EEPROM.o
 .ARM.attributes
                0x0000000000000060       0x2d EEPROM_25xx256.o
 .ARM.attributes
                0x000000000000008d       0x2d Key_pad_Driver.o
 .ARM.attributes
                0x00000000000000ba       0x2d LCD_Driver.o
 .ARM.attributes
                0x00000000000000e7       0x2d main.o
 .ARM.attributes
                0x0000000000000114       0x2d Seven_Segment.o
 .ARM.attributes
                0x0000000000000141       0x2d startup.o
 .ARM.attributes
                0x000000000000016e       0x2d Stm32_f10xx_Systick.o
 .ARM.attributes
                0x000000000000019b       0x2d Stm32f10x_SPI.o
 .ARM.attributes
                0x00000000000001c8       0x2d Stm32f10x_UART.o
 .ARM.attributes
                0x00000000000001f5       0x2d Stm32f10xx_EXTI.o
 .ARM.attributes
                0x0000000000000222       0x2d Stm32f10xx_GPIO.o
 .ARM.attributes
                0x000000000000024f       0x2d Stm32f10xx_I2C.o
 .ARM.attributes
                0x000000000000027c       0x2d Stm32f10xx_RCC.o
 .ARM.attributes
                0x00000000000002a9       0x2d Stm32f10xx_Timers.o

.debug_info     0x0000000000000000     0x9e76
 .debug_info    0x0000000000000000      0x4db EEPROM.o
 .debug_info    0x00000000000004db      0xf60 EEPROM_25xx256.o
 .debug_info    0x000000000000143b      0x560 Key_pad_Driver.o
 .debug_info    0x000000000000199b      0x7b7 LCD_Driver.o
 .debug_info    0x0000000000002152     0x1739 main.o
 .debug_info    0x000000000000388b      0x2d2 Seven_Segment.o
 .debug_info    0x0000000000003b5d      0x1a1 startup.o
 .debug_info    0x0000000000003cfe      0x439 Stm32_f10xx_Systick.o
 .debug_info    0x0000000000004137     0x154b Stm32f10x_SPI.o
 .debug_info    0x0000000000005682     0x184c Stm32f10x_UART.o
 .debug_info    0x0000000000006ece      0x89c Stm32f10xx_EXTI.o
 .debug_info    0x000000000000776a      0x60c Stm32f10xx_GPIO.o
 .debug_info    0x0000000000007d76     0x1a92 Stm32f10xx_I2C.o
 .debug_info    0x0000000000009808      0x303 Stm32f10xx_RCC.o
 .debug_info    0x0000000000009b0b      0x36b Stm32f10xx_Timers.o

.debug_abbrev   0x0000000000000000     0x1ba4
 .debug_abbrev  0x0000000000000000      0x17c EEPROM.o
 .debug_abbrev  0x000000000000017c      0x22c EEPROM_25xx256.o
 .debug_abbrev  0x00000000000003a8      0x169 Key_pad_Driver.o
 .debug_abbrev  0x0000000000000511      0x1f6 LCD_Driver.o
 .debug_abbrev  0x0000000000000707      0x1e3 main.o
 .debug_abbrev  0x00000000000008ea      0x11a Seven_Segment.o
 .debug_abbrev  0x0000000000000a04       0xe4 startup.o
 .debug_abbrev  0x0000000000000ae8      0x143 Stm32_f10xx_Systick.o
 .debug_abbrev  0x0000000000000c2b      0x34c Stm32f10x_SPI.o
 .debug_abbrev  0x0000000000000f77      0x39e Stm32f10x_UART.o
 .debug_abbrev  0x0000000000001315      0x1cc Stm32f10xx_EXTI.o
 .debug_abbrev  0x00000000000014e1      0x175 Stm32f10xx_GPIO.o
 .debug_abbrev  0x0000000000001656      0x378 Stm32f10xx_I2C.o
 .debug_abbrev  0x00000000000019ce       0xfe Stm32f10xx_RCC.o
 .debug_abbrev  0x0000000000001acc       0xd8 Stm32f10xx_Timers.o

.debug_loc      0x0000000000000000     0x2cba
 .debug_loc     0x0000000000000000       0xce EEPROM.o
 .debug_loc     0x00000000000000ce      0x23c EEPROM_25xx256.o
 .debug_loc     0x000000000000030a      0x1ec Key_pad_Driver.o
 .debug_loc     0x00000000000004f6      0x4c8 LCD_Driver.o
 .debug_loc     0x00000000000009be       0x58 main.o
 .debug_loc     0x0000000000000a16       0xa0 Seven_Segment.o
 .debug_loc     0x0000000000000ab6       0x7c startup.o
 .debug_loc     0x0000000000000b32       0x88 Stm32_f10xx_Systick.o
 .debug_loc     0x0000000000000bba      0x5d0 Stm32f10x_SPI.o
 .debug_loc     0x000000000000118a      0x784 Stm32f10x_UART.o
 .debug_loc     0x000000000000190e      0x41c Stm32f10xx_EXTI.o
 .debug_loc     0x0000000000001d2a      0x3f4 Stm32f10xx_GPIO.o
 .debug_loc     0x000000000000211e      0xa04 Stm32f10xx_I2C.o
 .debug_loc     0x0000000000002b22      0x13c Stm32f10xx_RCC.o
 .debug_loc     0x0000000000002c5e       0x5c Stm32f10xx_Timers.o

.debug_aranges  0x0000000000000000      0x1e0
 .debug_aranges
                0x0000000000000000       0x20 EEPROM.o
 .debug_aranges
                0x0000000000000020       0x20 EEPROM_25xx256.o
 .debug_aranges
                0x0000000000000040       0x20 Key_pad_Driver.o
 .debug_aranges
                0x0000000000000060       0x20 LCD_Driver.o
 .debug_aranges
                0x0000000000000080       0x20 main.o
 .debug_aranges
                0x00000000000000a0       0x20 Seven_Segment.o
 .debug_aranges
                0x00000000000000c0       0x20 startup.o
 .debug_aranges
                0x00000000000000e0       0x20 Stm32_f10xx_Systick.o
 .debug_aranges
                0x0000000000000100       0x20 Stm32f10x_SPI.o
 .debug_aranges
                0x0000000000000120       0x20 Stm32f10x_UART.o
 .debug_aranges
                0x0000000000000140       0x20 Stm32f10xx_EXTI.o
 .debug_aranges
                0x0000000000000160       0x20 Stm32f10xx_GPIO.o
 .debug_aranges
                0x0000000000000180       0x20 Stm32f10xx_I2C.o
 .debug_aranges
                0x00000000000001a0       0x20 Stm32f10xx_RCC.o
 .debug_aranges
                0x00000000000001c0       0x20 Stm32f10xx_Timers.o

.debug_frame    0x0000000000000000     0x158c
 .debug_frame   0x0000000000000000       0x78 EEPROM.o
 .debug_frame   0x0000000000000078      0x11c EEPROM_25xx256.o
 .debug_frame   0x0000000000000194       0xec Key_pad_Driver.o
 .debug_frame   0x0000000000000280      0x234 LCD_Driver.o
 .debug_frame   0x00000000000004b4       0x48 main.o
 .debug_frame   0x00000000000004fc       0x58 Seven_Segment.o
 .debug_frame   0x0000000000000554       0x50 startup.o
 .debug_frame   0x00000000000005a4       0x54 Stm32_f10xx_Systick.o
 .debug_frame   0x00000000000005f8      0x2b8 Stm32f10x_SPI.o
 .debug_frame   0x00000000000008b0      0x374 Stm32f10x_UART.o
 .debug_frame   0x0000000000000c24      0x220 Stm32f10xx_EXTI.o
 .debug_frame   0x0000000000000e44      0x1c8 Stm32f10xx_GPIO.o
 .debug_frame   0x000000000000100c      0x494 Stm32f10xx_I2C.o
 .debug_frame   0x00000000000014a0       0xb4 Stm32f10xx_RCC.o
 .debug_frame   0x0000000000001554       0x38 Stm32f10xx_Timers.o
