
Allocating common symbols
Common symbol       size              file

GP_EXTI_CallBack    0x40              Stm32f10xx_EXTI.o

Memory Configuration

Name             Origin             Length             Attributes
FLASH            0x0000000008000000 0x0000000000020000 xr
SRAM             0x0000000020000000 0x0000000000005000 xrw
*default*        0x0000000000000000 0xffffffffffffffff

Linker script and memory map


.text           0x0000000008000000     0x3993
 *(.vectors*)
 .vectors       0x0000000008000000       0xec startup.o
                0x0000000008000000                vectors
 *(.text*)
 .text          0x00000000080000ec        0x0 Buzzer.o
 .text          0x00000000080000ec      0x158 EEPROM.o
                0x00000000080000ec                EEPORM_Init
                0x0000000008000140                EEPROM_Write_NBytes
                0x00000000080001e4                EEPROM_Read_Byte
 .text          0x0000000008000244      0x294 Key_pad_Driver.o
                0x0000000008000244                Key_pad_init
                0x00000000080002fc                Check_Keypad_Pins
                0x0000000008000364                Set_Key_Drain_Pins
                0x00000000080003dc                Check_Key_Soruce_Pins
                0x0000000008000428                Reaction_Of_Prass
                0x000000000800045c                Check_Prass_Button
 .text          0x00000000080004d8      0x5bc LCD_Driver.o
                0x00000000080004d8                _delay_ms
                0x0000000008000512                Kick_Enable_pin
                0x0000000008000548                LCD_init
                0x000000000800061e                Check_BF
                0x00000000080006b0                Shift_R_Cursor
                0x00000000080006c8                Shift_L_Cursor
                0x00000000080006e0                Read_Cursor_Add
                0x00000000080006f4                Write_Character
                0x0000000008000796                Write_Character_with_coordinator
                0x0000000008000802                Write_String
                0x0000000008000832                Write_String_with_coordinator
                0x000000000800087a                Jump_to_coordinator
                0x00000000080008d0                Write_Command
                0x0000000008000970                write_with_move
                0x0000000008000a7c                clean_Lcd
 .text          0x0000000008000a94       0xd8 main.o
                0x0000000008000a94                main
                0x0000000008000ad4                config
 .text          0x0000000008000b6c       0xb2 Seven_Segment.o
                0x0000000008000b6c                init_seven_segment
                0x0000000008000bc2                Display_seven_segment
 *fill*         0x0000000008000c1e        0x2 
 .text          0x0000000008000c20       0x8c startup.o
                0x0000000008000c20                FLASH_Handler
                0x0000000008000c20                SVCall_Handler
                0x0000000008000c20                SysTick_Handler
                0x0000000008000c20                PendSv_Handler
                0x0000000008000c20                DMA1_Channel7_Handler
                0x0000000008000c20                NMI_Handler
                0x0000000008000c20                DMA1_Channel6_Handler
                0x0000000008000c20                CAN1_RX1_Handler
                0x0000000008000c20                Bus_Fault_Handler
                0x0000000008000c20                ADC1_2_Handler
                0x0000000008000c20                WWDG_Handler
                0x0000000008000c20                DMA1_Channel1_Handler
                0x0000000008000c20                RTC_Handler
                0x0000000008000c20                TIM1_CC_Handler
                0x0000000008000c20                CAN1_SCE_Handler
                0x0000000008000c20                TIM1_BRK_Handler
                0x0000000008000c20                MM_Fault_Handler
                0x0000000008000c20                TEMPER_Handler
                0x0000000008000c20                TIM2_Handler
                0x0000000008000c20                DMA1_Channel4_Handler
                0x0000000008000c20                TIM3_Handler
                0x0000000008000c20                Default_Handler
                0x0000000008000c20                USBWakeUp_Handler
                0x0000000008000c20                DMA1_Channel3_Handler
                0x0000000008000c20                RTC_Alarm_Handler
                0x0000000008000c20                TIM4_Handler
                0x0000000008000c20                DMA1_Channel2_Handler
                0x0000000008000c20                Usage_Fault_Handler
                0x0000000008000c20                TIM1_UP_Handler
                0x0000000008000c20                DMA1_Channel5_Handler
                0x0000000008000c20                DebugMonitor_Handler
                0x0000000008000c20                RCC_Handler
                0x0000000008000c20                PVD_Handler
                0x0000000008000c20                Hard_Fault_Handler
                0x0000000008000c20                USB_LP_CAN1_RX0_Handler
                0x0000000008000c20                USB_HP_CAN1_TX_Handler
                0x0000000008000c20                TIM1_TRG_COM_Handler
                0x0000000008000c2c                Rest_Handler
 .text          0x0000000008000cac      0x868 Stm32f10x_SPI.o
                0x0000000008000d20                Init_SPI
                0x0000000008000fb0                Deinit_SPI
                0x000000000800102c                SPI_Send_Char
                0x0000000008001068                SPI_Receive_Char
                0x00000000080010a6                SPI_Send_String
                0x000000000800110c                SPI_Receive_String
                0x0000000008001170                Tx_Empty_CallBack
                0x0000000008001182                RX_Empty_CallBack
                0x0000000008001194                Fault_Event_CallBack
                0x00000000080011a6                Overrun_CallBack
                0x00000000080011b8                CRC_CallBack
                0x00000000080011ca                Select_SPI_Pins_datasheet
                0x0000000008001268                Config_SPI_Pins
                0x00000000080013bc                SPI1_Handler
                0x0000000008001438                SPI2_Handler
                0x00000000080014b8                SPI_Tx_Rx_Char
 .text          0x0000000008001514      0x880 Stm32f10x_UART.o
                0x0000000008001588                Set_BaudRate
                0x0000000008001650                Get_BaudRate
                0x0000000008001664                Init_Uart
                0x000000000800193c                DeInit_Uart
                0x00000000080019b8                _Config_GPIO_f
                0x0000000008001a9c                Send_Char_Uart
                0x0000000008001af0                Receive_Char_Uart
                0x0000000008001b84                Receive_String_Uart
                0x0000000008001bb0                Send_String_Uart
                0x0000000008001bea                USART1_Handler
                0x0000000008001cac                USART2_Handler
                0x0000000008001cb8                USART3_Handler
                0x0000000008001cc4                Parity_CallBack_UART
                0x0000000008001cd6                Error_CallBack_UART
                0x0000000008001ce8                Tx_CallBack_UART
                0x0000000008001cfa                Tx_Comp_CallBack_UART
                0x0000000008001d0c                Rx_CallBack_UART
                0x0000000008001d5c                IDLE_CallBack_UART
                0x0000000008001d6e                Lin_BK_CallBack_UART
                0x0000000008001d80                FlowCt_CallBack_UART
 .text          0x0000000008001d94      0x4d4 Stm32f10xx_EXTI.o
                0x0000000008001e08                NVIC_EXTI_Clear_Handler
                0x0000000008001e30                Init_EXTI
                0x0000000008001e46                Deinit_EXTI
                0x0000000008001ef0                Upadate_EXTI
                0x0000000008001f06                Config_EXTI
                0x000000000800204c                NVIC_Enable_IRQ
                0x0000000008002068                NVIC_Disable_IRQ
                0x0000000008002084                EXTI0_Handler
                0x000000000800209c                EXTI1_Handler
                0x00000000080020b4                EXTI2_Handler
                0x00000000080020cc                EXTI3_Handler
                0x00000000080020e4                EXTI4_Handler
                0x00000000080020fc                EXTI9_5_Handler
                0x00000000080021a4                EXTI15_10_Handler
 .text          0x0000000008002268      0x488 Stm32f10xx_GPIO.o
                0x0000000008002268                Init_GPIO
                0x00000000080024bc                Set_pin
                0x00000000080024d8                Reset_pin
                0x00000000080024f8                Change_State_Pin
                0x000000000800252a                Toggle_pin
                0x000000000800254c                Read_pin
                0x0000000008002574                Set_GPIO_Value
                0x000000000800258e                Reset_GPIO
                0x00000000080025ac                Read_GPIO
                0x00000000080025c4                Lock_GPIO
                0x000000000800261e                Deinit_GPIO
 .text          0x00000000080026f0      0xeb4 Stm32f10xx_I2C.o
                0x0000000008002764                I2C_Init
                0x0000000008002af0                I2C_Deinit
                0x0000000008002b48                I2C_Master_Write
                0x0000000008002bf8                I2C_GenerateStop
                0x0000000008002c38                I2C_Send_Add
                0x0000000008002cb2                I2C_Master_Read
                0x0000000008002d6a                I2C_Slave_Write_IT
                0x0000000008002d98                I2C_Slave_Read_IT
                0x0000000008002dd0                I2C_Slave_Write
                0x0000000008002e3e                I2C_Slave_Read
                0x0000000008002e96                I2C_GenerateStart
                0x0000000008002eee                I2C_Get_FlagStatus
                0x00000000080031f4                I2C_Enable_ACK
                0x0000000008003216                I2C_Disable_ACK
                0x0000000008003238                SB_CallBack_I2C
                0x000000000800324a                ADDR_CallBack_I2C
                0x000000000800328c                ADDR10_CallBack_I2C
                0x00000000080032a6                STOPF_CallBack_I2C
                0x00000000080032b8                BTF_CallBack_I2C
                0x00000000080032ca                TXE_CallBack_I2C
                0x00000000080032fc                RXNE_CallBack_I2C
                0x000000000800332e                OVR_CallBack_I2C
                0x0000000008003340                TIMEOUT_CallBack_I2C
                0x0000000008003352                AF_CallBack_I2C
                0x0000000008003382                I2C1_EV_Handler
                0x0000000008003438                I2C1_ER_Handler
                0x0000000008003444                I2C2_EV_Handler
                0x00000000080034f8                I2C2_ER_Handler
                0x0000000008003504                I2C_Clock_Config_Pins
 .text          0x00000000080035a4      0x1a4 Stm32f10xx_RCC.o
                0x00000000080035a4                Get_Systick_Freq
                0x0000000008003690                Get_HCLK_Freq
                0x00000000080036bc                Get_APB1_Freq
                0x00000000080036e4                Get_APB2_Freq
                0x000000000800370c                Set_HSE_CLK_Freq
 *(.rodata)
 .rodata        0x0000000008003748        0x5 main.o
 *fill*         0x000000000800374d        0x3 
 .rodata        0x0000000008003750      0x200 Stm32f10xx_EXTI.o
                0x0000000008003750                EXTI_Streem
 .rodata        0x0000000008003950       0x43 Stm32f10xx_RCC.o
                0x0000000008003993                _E_text = .

.glue_7         0x0000000008003994        0x0
 .glue_7        0x0000000008003994        0x0 linker stubs

.glue_7t        0x0000000008003994        0x0
 .glue_7t       0x0000000008003994        0x0 linker stubs

.vfp11_veneer   0x0000000008003994        0x0
 .vfp11_veneer  0x0000000008003994        0x0 linker stubs

.v4_bx          0x0000000008003994        0x0
 .v4_bx         0x0000000008003994        0x0 linker stubs

.iplt           0x0000000008003994        0x0
 .iplt          0x0000000008003994        0x0 EEPROM.o

.rel.dyn        0x0000000008003994        0x0
 .rel.iplt      0x0000000008003994        0x0 EEPROM.o

.data           0x0000000020000000        0xc load address 0x0000000008003993
                0x0000000020000000                _S_DATA = .
 *(.data)
 .data          0x0000000020000000        0x0 Buzzer.o
 .data          0x0000000020000000        0x0 EEPROM.o
 .data          0x0000000020000000        0xc Key_pad_Driver.o
 .data          0x000000002000000c        0x0 LCD_Driver.o
 .data          0x000000002000000c        0x0 main.o
 .data          0x000000002000000c        0x0 Seven_Segment.o
 .data          0x000000002000000c        0x0 startup.o
 .data          0x000000002000000c        0x0 Stm32f10x_SPI.o
 .data          0x000000002000000c        0x0 Stm32f10x_UART.o
 .data          0x000000002000000c        0x0 Stm32f10xx_EXTI.o
 .data          0x000000002000000c        0x0 Stm32f10xx_GPIO.o
 .data          0x000000002000000c        0x0 Stm32f10xx_I2C.o
 .data          0x000000002000000c        0x0 Stm32f10xx_RCC.o
 *(.data.*)
                0x000000002000000c                _E_DATA = .

.igot.plt       0x000000002000000c        0x0 load address 0x000000000800399f
 .igot.plt      0x000000002000000c        0x0 EEPROM.o

.bss            0x000000002000000c      0xa40 load address 0x000000000800399f
                0x000000002000000c                _S_bss = .
 *(.bss)
 .bss           0x000000002000000c        0x0 Buzzer.o
 .bss           0x000000002000000c        0x0 EEPROM.o
 .bss           0x000000002000000c       0x24 Key_pad_Driver.o
                0x000000002000002c                GPIOx
 .bss           0x0000000020000030        0xd LCD_Driver.o
 *fill*         0x000000002000003d        0x3 
 .bss           0x0000000020000040      0x1cc main.o
                0x0000000020000040                Lcd_config
                0x0000000020000060                key_pad_config
                0x0000000020000070                seven_config
                0x000000002000007c                uart1_config
                0x00000000200000b4                spi1_config
                0x00000000200000e0                spi2_config
                0x000000002000010c                spi3_config
                0x0000000020000138                i2c1_config
                0x0000000020000198                i2c2_config
                0x00000000200001f8                Rx_Buff
 .bss           0x000000002000020c       0x28 Seven_Segment.o
                0x000000002000020c                numbers
 .bss           0x0000000020000234        0x0 startup.o
 .bss           0x0000000020000234        0x2 Stm32f10x_SPI.o
 .bss           0x0000000020000236        0x0 Stm32f10x_UART.o
 .bss           0x0000000020000236        0x0 Stm32f10xx_EXTI.o
 .bss           0x0000000020000236        0x0 Stm32f10xx_GPIO.o
 .bss           0x0000000020000236        0x0 Stm32f10xx_I2C.o
 *fill*         0x0000000020000236        0x2 
 .bss           0x0000000020000238        0x4 Stm32f10xx_RCC.o
 *(.bss.*)
                0x000000002000023c                . = ALIGN (0x4)
                0x000000002000023c                _E_bss = .
                0x000000002000023c                . = ALIGN (0x4)
                0x0000000020000624                . = (. + 0x3e8)
 *fill*         0x000000002000023c      0x3e8 
                0x0000000020000624                _heap_End = .
                0x0000000020000624                . = ALIGN (0x4)
                0x0000000020000a0c                . = (. + 0x3e8)
 *fill*         0x0000000020000624      0x3e8 
                0x0000000020000a0c                _stack_top = .
 COMMON         0x0000000020000a0c       0x40 Stm32f10xx_EXTI.o
                0x0000000020000a0c                GP_EXTI_CallBack
LOAD Buzzer.o
LOAD EEPROM.o
LOAD Key_pad_Driver.o
LOAD LCD_Driver.o
LOAD main.o
LOAD Seven_Segment.o
LOAD startup.o
LOAD Stm32f10x_SPI.o
LOAD Stm32f10x_UART.o
LOAD Stm32f10xx_EXTI.o
LOAD Stm32f10xx_GPIO.o
LOAD Stm32f10xx_I2C.o
LOAD Stm32f10xx_RCC.o
OUTPUT(learn_embedded.axf elf32-littlearm)
LOAD linker stubs

.debug_line     0x0000000000000000     0x3b87
 .debug_line    0x0000000000000000        0x0 Buzzer.o
 .debug_line    0x0000000000000000      0x26c EEPROM.o
 .debug_line    0x000000000000026c      0x370 Key_pad_Driver.o
 .debug_line    0x00000000000005dc      0x425 LCD_Driver.o
 .debug_line    0x0000000000000a01      0x37e main.o
 .debug_line    0x0000000000000d7f      0x263 Seven_Segment.o
 .debug_line    0x0000000000000fe2      0x240 startup.o
 .debug_line    0x0000000000001222      0x8c1 Stm32f10x_SPI.o
 .debug_line    0x0000000000001ae3      0x82e Stm32f10x_UART.o
 .debug_line    0x0000000000002311      0x48c Stm32f10xx_EXTI.o
 .debug_line    0x000000000000279d      0x433 Stm32f10xx_GPIO.o
 .debug_line    0x0000000000002bd0      0xceb Stm32f10xx_I2C.o
 .debug_line    0x00000000000038bb      0x2cc Stm32f10xx_RCC.o

.debug_str      0x0000000000000000     0x1eaa
 .debug_str     0x0000000000000000       0xbd Buzzer.o
 .debug_str     0x00000000000000bd      0x33d EEPROM.o
                                        0x455 (size before relaxing)
 .debug_str     0x00000000000003fa      0x24f Key_pad_Driver.o
                                        0x3d5 (size before relaxing)
 .debug_str     0x0000000000000649      0x18c LCD_Driver.o
                                        0x401 (size before relaxing)
 .debug_str     0x00000000000007d5      0x73c main.o
                                        0xc24 (size before relaxing)
 .debug_str     0x0000000000000f11       0x50 Seven_Segment.o
                                        0x281 (size before relaxing)
 .debug_str     0x0000000000000f61       0x7f startup.o
                                        0x1cb (size before relaxing)
 .debug_str     0x0000000000000fe0      0x4a7 Stm32f10x_SPI.o
                                        0xd1b (size before relaxing)
 .debug_str     0x0000000000001487      0x1b6 Stm32f10x_UART.o
                                        0xec2 (size before relaxing)
 .debug_str     0x000000000000163d      0x28b Stm32f10xx_EXTI.o
                                        0x818 (size before relaxing)
 .debug_str     0x00000000000018c8       0xff Stm32f10xx_GPIO.o
                                        0x3b2 (size before relaxing)
 .debug_str     0x00000000000019c7      0x44a Stm32f10xx_I2C.o
                                       0x1107 (size before relaxing)
 .debug_str     0x0000000000001e11       0x99 Stm32f10xx_RCC.o
                                        0x2a8 (size before relaxing)

.comment        0x0000000000000000       0x53
 .comment       0x0000000000000000       0x53 Buzzer.o
                                         0x54 (size before relaxing)
 .comment       0x0000000000000053       0x54 EEPROM.o
 .comment       0x0000000000000053       0x54 Key_pad_Driver.o
 .comment       0x0000000000000053       0x54 LCD_Driver.o
 .comment       0x0000000000000053       0x54 main.o
 .comment       0x0000000000000053       0x54 Seven_Segment.o
 .comment       0x0000000000000053       0x54 startup.o
 .comment       0x0000000000000053       0x54 Stm32f10x_SPI.o
 .comment       0x0000000000000053       0x54 Stm32f10x_UART.o
 .comment       0x0000000000000053       0x54 Stm32f10xx_EXTI.o
 .comment       0x0000000000000053       0x54 Stm32f10xx_GPIO.o
 .comment       0x0000000000000053       0x54 Stm32f10xx_I2C.o
 .comment       0x0000000000000053       0x54 Stm32f10xx_RCC.o

.ARM.attributes
                0x0000000000000000       0x33
 .ARM.attributes
                0x0000000000000000       0x33 Buzzer.o
 .ARM.attributes
                0x0000000000000033       0x2d EEPROM.o
 .ARM.attributes
                0x0000000000000060       0x2d Key_pad_Driver.o
 .ARM.attributes
                0x000000000000008d       0x2d LCD_Driver.o
 .ARM.attributes
                0x00000000000000ba       0x2d main.o
 .ARM.attributes
                0x00000000000000e7       0x2d Seven_Segment.o
 .ARM.attributes
                0x0000000000000114       0x2d startup.o
 .ARM.attributes
                0x0000000000000141       0x2d Stm32f10x_SPI.o
 .ARM.attributes
                0x000000000000016e       0x2d Stm32f10x_UART.o
 .ARM.attributes
                0x000000000000019b       0x2d Stm32f10xx_EXTI.o
 .ARM.attributes
                0x00000000000001c8       0x2d Stm32f10xx_GPIO.o
 .ARM.attributes
                0x00000000000001f5       0x2d Stm32f10xx_I2C.o
 .ARM.attributes
                0x0000000000000222       0x2d Stm32f10xx_RCC.o

.debug_info     0x0000000000000000     0x8248
 .debug_info    0x0000000000000000      0x4db EEPROM.o
 .debug_info    0x00000000000004db      0x560 Key_pad_Driver.o
 .debug_info    0x0000000000000a3b      0x6fe LCD_Driver.o
 .debug_info    0x0000000000001139     0x1427 main.o
 .debug_info    0x0000000000002560      0x2d2 Seven_Segment.o
 .debug_info    0x0000000000002832      0x1a1 startup.o
 .debug_info    0x00000000000029d3     0x151c Stm32f10x_SPI.o
 .debug_info    0x0000000000003eef     0x171c Stm32f10x_UART.o
 .debug_info    0x000000000000560b      0x89c Stm32f10xx_EXTI.o
 .debug_info    0x0000000000005ea7      0x60c Stm32f10xx_GPIO.o
 .debug_info    0x00000000000064b3     0x1a92 Stm32f10xx_I2C.o
 .debug_info    0x0000000000007f45      0x303 Stm32f10xx_RCC.o

.debug_abbrev   0x0000000000000000     0x1711
 .debug_abbrev  0x0000000000000000      0x17c EEPROM.o
 .debug_abbrev  0x000000000000017c      0x169 Key_pad_Driver.o
 .debug_abbrev  0x00000000000002e5      0x1ce LCD_Driver.o
 .debug_abbrev  0x00000000000004b3      0x1ea main.o
 .debug_abbrev  0x000000000000069d      0x11a Seven_Segment.o
 .debug_abbrev  0x00000000000007b7       0xe4 startup.o
 .debug_abbrev  0x000000000000089b      0x34c Stm32f10x_SPI.o
 .debug_abbrev  0x0000000000000be7      0x373 Stm32f10x_UART.o
 .debug_abbrev  0x0000000000000f5a      0x1cc Stm32f10xx_EXTI.o
 .debug_abbrev  0x0000000000001126      0x175 Stm32f10xx_GPIO.o
 .debug_abbrev  0x000000000000129b      0x378 Stm32f10xx_I2C.o
 .debug_abbrev  0x0000000000001613       0xfe Stm32f10xx_RCC.o

.debug_loc      0x0000000000000000     0x2962
 .debug_loc     0x0000000000000000       0xce EEPROM.o
 .debug_loc     0x00000000000000ce      0x1ec Key_pad_Driver.o
 .debug_loc     0x00000000000002ba      0x4c8 LCD_Driver.o
 .debug_loc     0x0000000000000782       0x64 main.o
 .debug_loc     0x00000000000007e6       0xa0 Seven_Segment.o
 .debug_loc     0x0000000000000886       0x7c startup.o
 .debug_loc     0x0000000000000902      0x5d0 Stm32f10x_SPI.o
 .debug_loc     0x0000000000000ed2      0x740 Stm32f10x_UART.o
 .debug_loc     0x0000000000001612      0x41c Stm32f10xx_EXTI.o
 .debug_loc     0x0000000000001a2e      0x3f4 Stm32f10xx_GPIO.o
 .debug_loc     0x0000000000001e22      0xa04 Stm32f10xx_I2C.o
 .debug_loc     0x0000000000002826      0x13c Stm32f10xx_RCC.o

.debug_aranges  0x0000000000000000      0x180
 .debug_aranges
                0x0000000000000000       0x20 EEPROM.o
 .debug_aranges
                0x0000000000000020       0x20 Key_pad_Driver.o
 .debug_aranges
                0x0000000000000040       0x20 LCD_Driver.o
 .debug_aranges
                0x0000000000000060       0x20 main.o
 .debug_aranges
                0x0000000000000080       0x20 Seven_Segment.o
 .debug_aranges
                0x00000000000000a0       0x20 startup.o
 .debug_aranges
                0x00000000000000c0       0x20 Stm32f10x_SPI.o
 .debug_aranges
                0x00000000000000e0       0x20 Stm32f10x_UART.o
 .debug_aranges
                0x0000000000000100       0x20 Stm32f10xx_EXTI.o
 .debug_aranges
                0x0000000000000120       0x20 Stm32f10xx_GPIO.o
 .debug_aranges
                0x0000000000000140       0x20 Stm32f10xx_I2C.o
 .debug_aranges
                0x0000000000000160       0x20 Stm32f10xx_RCC.o

.debug_frame    0x0000000000000000     0x13c4
 .debug_frame   0x0000000000000000       0x78 EEPROM.o
 .debug_frame   0x0000000000000078       0xec Key_pad_Driver.o
 .debug_frame   0x0000000000000164      0x234 LCD_Driver.o
 .debug_frame   0x0000000000000398       0x4c main.o
 .debug_frame   0x00000000000003e4       0x58 Seven_Segment.o
 .debug_frame   0x000000000000043c       0x50 startup.o
 .debug_frame   0x000000000000048c      0x2b8 Stm32f10x_SPI.o
 .debug_frame   0x0000000000000744      0x350 Stm32f10x_UART.o
 .debug_frame   0x0000000000000a94      0x220 Stm32f10xx_EXTI.o
 .debug_frame   0x0000000000000cb4      0x1c8 Stm32f10xx_GPIO.o
 .debug_frame   0x0000000000000e7c      0x494 Stm32f10xx_I2C.o
 .debug_frame   0x0000000000001310       0xb4 Stm32f10xx_RCC.o
