
Allocating common symbols
Common symbol       size              file

GP_EXTI_CallBack    0x40              Stm32f10xx_EXTI.o
tim1_config         0x1c              Stm32f10xx_Timers.o

Memory Configuration

Name             Origin             Length             Attributes
FLASH            0x0000000008000000 0x0000000000020000 xr
SRAM             0x0000000020000000 0x0000000000005000 xrw
*default*        0x0000000000000000 0xffffffffffffffff

Linker script and memory map


.text           0x0000000008000000     0x3f4b
 *(.vectors*)
 .vectors       0x0000000008000000       0xec startup.o
                0x0000000008000000                vectors
 *(.text*)
 .text          0x00000000080000ec        0x0 Buzzer.o
 .text          0x00000000080000ec      0x158 EEPROM.o
                0x00000000080000ec                EEPORM_Init
                0x0000000008000140                EEPROM_Write_NBytes
                0x00000000080001e4                EEPROM_Read_Byte
 .text          0x0000000008000244      0x2e4 EEPROM_25xx256.o
                0x0000000008000244                Init_EEPROM_25x
                0x00000000080002d4                Send_CMD
                0x0000000008000300                Status_EEPROM
                0x000000000800034c                Busy_EEPROM
                0x000000000800036e                Write_Byte_EEPROM_25xx
                0x0000000008000408                Write_Bytes_EEPROM_25xx
                0x0000000008000480                Read_Byte_EEPROM_25xx
                0x00000000080004d8                Enable_Write_EEPROM_25xx
 .text          0x0000000008000528      0x294 Key_pad_Driver.o
                0x0000000008000528                Key_pad_init
                0x00000000080005e0                Check_Keypad_Pins
                0x0000000008000648                Set_Key_Drain_Pins
                0x00000000080006c0                Check_Key_Soruce_Pins
                0x000000000800070c                Reaction_Of_Prass
                0x0000000008000740                Check_Prass_Button
 .text          0x00000000080007bc      0x64c LCD_Driver.o
                0x000000000800080c                Kick_Enable_pin
                0x000000000800083c                LCD_init
                0x000000000800094a                Check_BF
                0x00000000080009dc                Shift_R_Cursor
                0x00000000080009f4                Shift_L_Cursor
                0x0000000008000a0c                Read_Cursor_Add
                0x0000000008000a20                Write_Character
                0x0000000008000af4                Write_Character_with_coordinator
                0x0000000008000b60                Write_String
                0x0000000008000b90                Write_String_with_coordinator
                0x0000000008000bd8                Jump_to_coordinator
                0x0000000008000c10                Write_Command
                0x0000000008000ce2                write_with_move
                0x0000000008000df0                clean_Lcd
 .text          0x0000000008000e08      0x190 main.o
                0x0000000008000e58                main
                0x0000000008000f00                config
 .text          0x0000000008000f98       0xb2 Seven_Segment.o
                0x0000000008000f98                init_seven_segment
                0x0000000008000fee                Display_seven_segment
 *fill*         0x000000000800104a        0x2 
 .text          0x000000000800104c       0x8c startup.o
                0x000000000800104c                FLASH_Handler
                0x000000000800104c                SVCall_Handler
                0x000000000800104c                SysTick_Handler
                0x000000000800104c                PendSv_Handler
                0x000000000800104c                DMA1_Channel7_Handler
                0x000000000800104c                NMI_Handler
                0x000000000800104c                DMA1_Channel6_Handler
                0x000000000800104c                CAN1_RX1_Handler
                0x000000000800104c                Bus_Fault_Handler
                0x000000000800104c                ADC1_2_Handler
                0x000000000800104c                WWDG_Handler
                0x000000000800104c                DMA1_Channel1_Handler
                0x000000000800104c                RTC_Handler
                0x000000000800104c                TIM1_CC_Handler
                0x000000000800104c                CAN1_SCE_Handler
                0x000000000800104c                TIM1_BRK_Handler
                0x000000000800104c                MM_Fault_Handler
                0x000000000800104c                TEMPER_Handler
                0x000000000800104c                TIM2_Handler
                0x000000000800104c                DMA1_Channel4_Handler
                0x000000000800104c                TIM3_Handler
                0x000000000800104c                Default_Handler
                0x000000000800104c                USBWakeUp_Handler
                0x000000000800104c                DMA1_Channel3_Handler
                0x000000000800104c                RTC_Alarm_Handler
                0x000000000800104c                TIM4_Handler
                0x000000000800104c                DMA1_Channel2_Handler
                0x000000000800104c                Usage_Fault_Handler
                0x000000000800104c                TIM1_UP_Handler
                0x000000000800104c                DMA1_Channel5_Handler
                0x000000000800104c                DebugMonitor_Handler
                0x000000000800104c                RCC_Handler
                0x000000000800104c                PVD_Handler
                0x000000000800104c                Hard_Fault_Handler
                0x000000000800104c                USB_LP_CAN1_RX0_Handler
                0x000000000800104c                USB_HP_CAN1_TX_Handler
                0x000000000800104c                TIM1_TRG_COM_Handler
                0x0000000008001058                Rest_Handler
 .text          0x00000000080010d8       0xa4 Stm32_f10xx_Systick.o
                0x0000000008001110                Init_Systick
 .text          0x000000000800117c      0x864 Stm32f10x_SPI.o
                0x00000000080011f0                Init_SPI
                0x0000000008001480                Deinit_SPI
                0x00000000080014fc                SPI_Send_Char
                0x0000000008001536                SPI_Receive_Char
                0x0000000008001574                SPI_Send_String
                0x00000000080015d8                SPI_Receive_String
                0x000000000800163c                Tx_Empty_CallBack
                0x000000000800164e                RX_Empty_CallBack
                0x0000000008001660                Fault_Event_CallBack
                0x0000000008001672                Overrun_CallBack
                0x0000000008001684                CRC_CallBack
                0x0000000008001696                Select_SPI_Pins_datasheet
                0x0000000008001734                Config_SPI_Pins
                0x0000000008001888                SPI1_Handler
                0x0000000008001904                SPI2_Handler
                0x0000000008001984                SPI_Tx_Rx_Char
 .text          0x00000000080019e0      0x8e4 Stm32f10x_UART.o
                0x0000000008001aa4                Set_BaudRate
                0x0000000008001b6c                Get_BaudRate
                0x0000000008001b80                Init_Uart
                0x0000000008001e58                DeInit_Uart
                0x0000000008001ed4                _Config_GPIO_f
                0x0000000008001fb8                Send_Char_Uart
                0x000000000800200c                Receive_Char_Uart
                0x00000000080020a0                Receive_String_Uart
                0x00000000080020cc                Send_String_Uart
                0x0000000008002106                USART1_Handler
                0x00000000080021c8                USART2_Handler
                0x00000000080021d4                USART3_Handler
                0x00000000080021e0                Parity_CallBack_UART
                0x00000000080021f2                Error_CallBack_UART
                0x0000000008002204                Tx_CallBack_UART
                0x0000000008002216                Tx_Comp_CallBack_UART
                0x0000000008002228                Rx_CallBack_UART
                0x000000000800228c                IDLE_CallBack_UART
                0x000000000800229e                Lin_BK_CallBack_UART
                0x00000000080022b0                FlowCt_CallBack_UART
 .text          0x00000000080022c4      0x4d4 Stm32f10xx_EXTI.o
                0x0000000008002338                NVIC_EXTI_Clear_Handler
                0x0000000008002360                Init_EXTI
                0x0000000008002376                Deinit_EXTI
                0x0000000008002420                Upadate_EXTI
                0x0000000008002436                Config_EXTI
                0x000000000800257c                NVIC_Enable_IRQ
                0x0000000008002598                NVIC_Disable_IRQ
                0x00000000080025b4                EXTI0_Handler
                0x00000000080025cc                EXTI1_Handler
                0x00000000080025e4                EXTI2_Handler
                0x00000000080025fc                EXTI3_Handler
                0x0000000008002614                EXTI4_Handler
                0x000000000800262c                EXTI9_5_Handler
                0x00000000080026d4                EXTI15_10_Handler
 .text          0x0000000008002798      0x488 Stm32f10xx_GPIO.o
                0x0000000008002798                Init_GPIO
                0x00000000080029ec                Set_pin
                0x0000000008002a08                Reset_pin
                0x0000000008002a28                Change_State_Pin
                0x0000000008002a5a                Toggle_pin
                0x0000000008002a7c                Read_pin
                0x0000000008002aa4                Set_GPIO_Value
                0x0000000008002abe                Reset_GPIO
                0x0000000008002adc                Read_GPIO
                0x0000000008002af4                Lock_GPIO
                0x0000000008002b4e                Deinit_GPIO
 .text          0x0000000008002c20      0xeb4 Stm32f10xx_I2C.o
                0x0000000008002c94                I2C_Init
                0x0000000008003020                I2C_Deinit
                0x0000000008003078                I2C_Master_Write
                0x0000000008003128                I2C_GenerateStop
                0x0000000008003168                I2C_Send_Add
                0x00000000080031e2                I2C_Master_Read
                0x000000000800329a                I2C_Slave_Write_IT
                0x00000000080032c8                I2C_Slave_Read_IT
                0x0000000008003300                I2C_Slave_Write
                0x000000000800336e                I2C_Slave_Read
                0x00000000080033c6                I2C_GenerateStart
                0x000000000800341e                I2C_Get_FlagStatus
                0x0000000008003724                I2C_Enable_ACK
                0x0000000008003746                I2C_Disable_ACK
                0x0000000008003768                SB_CallBack_I2C
                0x000000000800377a                ADDR_CallBack_I2C
                0x00000000080037bc                ADDR10_CallBack_I2C
                0x00000000080037d6                STOPF_CallBack_I2C
                0x00000000080037e8                BTF_CallBack_I2C
                0x00000000080037fa                TXE_CallBack_I2C
                0x000000000800382c                RXNE_CallBack_I2C
                0x000000000800385e                OVR_CallBack_I2C
                0x0000000008003870                TIMEOUT_CallBack_I2C
                0x0000000008003882                AF_CallBack_I2C
                0x00000000080038b2                I2C1_EV_Handler
                0x0000000008003968                I2C1_ER_Handler
                0x0000000008003974                I2C2_EV_Handler
                0x0000000008003a28                I2C2_ER_Handler
                0x0000000008003a34                I2C_Clock_Config_Pins
 .text          0x0000000008003ad4      0x1a4 Stm32f10xx_RCC.o
                0x0000000008003ad4                Get_Systick_Freq
                0x0000000008003bc0                Get_HCLK_Freq
                0x0000000008003bec                Get_APB1_Freq
                0x0000000008003c14                Get_APB2_Freq
                0x0000000008003c3c                Set_HSE_CLK_Freq
 .text          0x0000000008003c78       0x70 Stm32f10xx_Timers.o
                0x0000000008003c78                Init_Timer
 *(.rodata)
 .rodata        0x0000000008003ce8       0x1e main.o
 *fill*         0x0000000008003d06        0x2 
 .rodata        0x0000000008003d08      0x200 Stm32f10xx_EXTI.o
                0x0000000008003d08                EXTI_Streem
 .rodata        0x0000000008003f08       0x43 Stm32f10xx_RCC.o
                0x0000000008003f4b                _E_text = .

.glue_7         0x0000000008003f4c        0x0
 .glue_7        0x0000000008003f4c        0x0 linker stubs

.glue_7t        0x0000000008003f4c        0x0
 .glue_7t       0x0000000008003f4c        0x0 linker stubs

.vfp11_veneer   0x0000000008003f4c        0x0
 .vfp11_veneer  0x0000000008003f4c        0x0 linker stubs

.v4_bx          0x0000000008003f4c        0x0
 .v4_bx         0x0000000008003f4c        0x0 linker stubs

.iplt           0x0000000008003f4c        0x0
 .iplt          0x0000000008003f4c        0x0 EEPROM.o

.rel.dyn        0x0000000008003f4c        0x0
 .rel.iplt      0x0000000008003f4c        0x0 EEPROM.o

.data           0x0000000020000000       0x10 load address 0x0000000008003f4b
                0x0000000020000000                _S_DATA = .
 *(.data)
 .data          0x0000000020000000        0x0 Buzzer.o
 .data          0x0000000020000000        0x0 EEPROM.o
 .data          0x0000000020000000        0x0 EEPROM_25xx256.o
 .data          0x0000000020000000        0xc Key_pad_Driver.o
 .data          0x000000002000000c        0x4 LCD_Driver.o
 .data          0x0000000020000010        0x0 main.o
 .data          0x0000000020000010        0x0 Seven_Segment.o
 .data          0x0000000020000010        0x0 startup.o
 .data          0x0000000020000010        0x0 Stm32_f10xx_Systick.o
 .data          0x0000000020000010        0x0 Stm32f10x_SPI.o
 .data          0x0000000020000010        0x0 Stm32f10x_UART.o
 .data          0x0000000020000010        0x0 Stm32f10xx_EXTI.o
 .data          0x0000000020000010        0x0 Stm32f10xx_GPIO.o
 .data          0x0000000020000010        0x0 Stm32f10xx_I2C.o
 .data          0x0000000020000010        0x0 Stm32f10xx_RCC.o
 .data          0x0000000020000010        0x0 Stm32f10xx_Timers.o
 *(.data.*)
                0x0000000020000010                _E_DATA = .

.igot.plt       0x0000000020000010        0x0 load address 0x0000000008003f5b
 .igot.plt      0x0000000020000010        0x0 EEPROM.o

.bss            0x0000000020000010      0xab8 load address 0x0000000008003f5b
                0x0000000020000010                _S_bss = .
 *(.bss)
 .bss           0x0000000020000010        0x0 Buzzer.o
 .bss           0x0000000020000010        0x0 EEPROM.o
 .bss           0x0000000020000010       0x2c EEPROM_25xx256.o
                0x0000000020000010                SPIx
 .bss           0x000000002000003c       0x24 Key_pad_Driver.o
                0x000000002000005c                GPIOx
 .bss           0x0000000020000060        0xd LCD_Driver.o
 *fill*         0x000000002000006d        0x3 
 .bss           0x0000000020000070      0x1ec main.o
                0x0000000020000070                Lcd_config
                0x0000000020000090                key_pad_config
                0x00000000200000a0                seven_config
                0x00000000200000ac                uart1_config
                0x00000000200000e4                spi1_config
                0x0000000020000110                spi2_config
                0x000000002000013c                spi3_config
                0x0000000020000168                i2c1_config
                0x00000000200001c8                i2c2_config
                0x0000000020000228                EEPORM_25xx_config
                0x0000000020000234                Rx_Buff
                0x0000000020000248                Rx_Buff1
 .bss           0x000000002000025c       0x28 Seven_Segment.o
                0x000000002000025c                numbers
 .bss           0x0000000020000284        0x0 startup.o
 .bss           0x0000000020000284       0x10 Stm32_f10xx_Systick.o
                0x0000000020000284                Systick_API
 .bss           0x0000000020000294        0x2 Stm32f10x_SPI.o
 .bss           0x0000000020000296        0x0 Stm32f10x_UART.o
 .bss           0x0000000020000296        0x0 Stm32f10xx_EXTI.o
 .bss           0x0000000020000296        0x0 Stm32f10xx_GPIO.o
 .bss           0x0000000020000296        0x0 Stm32f10xx_I2C.o
 *fill*         0x0000000020000296        0x2 
 .bss           0x0000000020000298        0x4 Stm32f10xx_RCC.o
 .bss           0x000000002000029c        0x0 Stm32f10xx_Timers.o
 *(.bss.*)
                0x000000002000029c                . = ALIGN (0x4)
                0x000000002000029c                _E_bss = .
                0x000000002000029c                . = ALIGN (0x4)
                0x0000000020000684                . = (. + 0x3e8)
 *fill*         0x000000002000029c      0x3e8 
                0x0000000020000684                _heap_End = .
                0x0000000020000684                . = ALIGN (0x4)
                0x0000000020000a6c                . = (. + 0x3e8)
 *fill*         0x0000000020000684      0x3e8 
                0x0000000020000a6c                _stack_top = .
 COMMON         0x0000000020000a6c       0x40 Stm32f10xx_EXTI.o
                0x0000000020000a6c                GP_EXTI_CallBack
 COMMON         0x0000000020000aac       0x1c Stm32f10xx_Timers.o
                0x0000000020000aac                tim1_config
LOAD Buzzer.o
LOAD EEPROM.o
LOAD EEPROM_25xx256.o
LOAD Key_pad_Driver.o
LOAD LCD_Driver.o
LOAD main.o
LOAD Seven_Segment.o
LOAD startup.o
LOAD Stm32_f10xx_Systick.o
LOAD Stm32f10x_SPI.o
LOAD Stm32f10x_UART.o
LOAD Stm32f10xx_EXTI.o
LOAD Stm32f10xx_GPIO.o
LOAD Stm32f10xx_I2C.o
LOAD Stm32f10xx_RCC.o
LOAD Stm32f10xx_Timers.o
OUTPUT(learn_embedded.axf elf32-littlearm)
LOAD linker stubs

.debug_line     0x0000000000000000     0x4487
 .debug_line    0x0000000000000000        0x0 Buzzer.o
 .debug_line    0x0000000000000000      0x26c EEPROM.o
 .debug_line    0x000000000000026c      0x300 EEPROM_25xx256.o
 .debug_line    0x000000000000056c      0x370 Key_pad_Driver.o
 .debug_line    0x00000000000008dc      0x46b LCD_Driver.o
 .debug_line    0x0000000000000d47      0x408 main.o
 .debug_line    0x000000000000114f      0x263 Seven_Segment.o
 .debug_line    0x00000000000013b2      0x240 startup.o
 .debug_line    0x00000000000015f2      0x287 Stm32_f10xx_Systick.o
 .debug_line    0x0000000000001879      0x8c1 Stm32f10x_SPI.o
 .debug_line    0x000000000000213a      0x890 Stm32f10x_UART.o
 .debug_line    0x00000000000029ca      0x48c Stm32f10xx_EXTI.o
 .debug_line    0x0000000000002e56      0x433 Stm32f10xx_GPIO.o
 .debug_line    0x0000000000003289      0xceb Stm32f10xx_I2C.o
 .debug_line    0x0000000000003f74      0x2cc Stm32f10xx_RCC.o
 .debug_line    0x0000000000004240      0x247 Stm32f10xx_Timers.o

.debug_str      0x0000000000000000     0x21d0
 .debug_str     0x0000000000000000       0xbd Buzzer.o
 .debug_str     0x00000000000000bd      0x33d EEPROM.o
                                        0x455 (size before relaxing)
 .debug_str     0x00000000000003fa      0x31f EEPROM_25xx256.o
                                        0x4ac (size before relaxing)
 .debug_str     0x0000000000000719      0x1dc Key_pad_Driver.o
                                        0x3d5 (size before relaxing)
 .debug_str     0x00000000000008f5      0x224 LCD_Driver.o
                                        0x4a5 (size before relaxing)
 .debug_str     0x0000000000000b19      0x71a main.o
                                        0xe63 (size before relaxing)
 .debug_str     0x0000000000001233       0x50 Seven_Segment.o
                                        0x281 (size before relaxing)
 .debug_str     0x0000000000001283       0x7f startup.o
                                        0x1cb (size before relaxing)
 .debug_str     0x0000000000001302      0x38f Stm32_f10xx_Systick.o
                                        0x573 (size before relaxing)
 .debug_str     0x0000000000001691      0x108 Stm32f10x_SPI.o
                                        0xd23 (size before relaxing)
 .debug_str     0x0000000000001799      0x1a6 Stm32f10x_UART.o
                                        0xfac (size before relaxing)
 .debug_str     0x000000000000193f      0x28b Stm32f10xx_EXTI.o
                                        0x818 (size before relaxing)
 .debug_str     0x0000000000001bca       0xff Stm32f10xx_GPIO.o
                                        0x3b2 (size before relaxing)
 .debug_str     0x0000000000001cc9      0x44a Stm32f10xx_I2C.o
                                       0x1107 (size before relaxing)
 .debug_str     0x0000000000002113       0x99 Stm32f10xx_RCC.o
                                        0x2a8 (size before relaxing)
 .debug_str     0x00000000000021ac       0x24 Stm32f10xx_Timers.o
                                        0x32b (size before relaxing)

.comment        0x0000000000000000       0x53
 .comment       0x0000000000000000       0x53 Buzzer.o
                                         0x54 (size before relaxing)
 .comment       0x0000000000000053       0x54 EEPROM.o
 .comment       0x0000000000000053       0x54 EEPROM_25xx256.o
 .comment       0x0000000000000053       0x54 Key_pad_Driver.o
 .comment       0x0000000000000053       0x54 LCD_Driver.o
 .comment       0x0000000000000053       0x54 main.o
 .comment       0x0000000000000053       0x54 Seven_Segment.o
 .comment       0x0000000000000053       0x54 startup.o
 .comment       0x0000000000000053       0x54 Stm32_f10xx_Systick.o
 .comment       0x0000000000000053       0x54 Stm32f10x_SPI.o
 .comment       0x0000000000000053       0x54 Stm32f10x_UART.o
 .comment       0x0000000000000053       0x54 Stm32f10xx_EXTI.o
 .comment       0x0000000000000053       0x54 Stm32f10xx_GPIO.o
 .comment       0x0000000000000053       0x54 Stm32f10xx_I2C.o
 .comment       0x0000000000000053       0x54 Stm32f10xx_RCC.o
 .comment       0x0000000000000053       0x54 Stm32f10xx_Timers.o

.ARM.attributes
                0x0000000000000000       0x33
 .ARM.attributes
                0x0000000000000000       0x33 Buzzer.o
 .ARM.attributes
                0x0000000000000033       0x2d EEPROM.o
 .ARM.attributes
                0x0000000000000060       0x2d EEPROM_25xx256.o
 .ARM.attributes
                0x000000000000008d       0x2d Key_pad_Driver.o
 .ARM.attributes
                0x00000000000000ba       0x2d LCD_Driver.o
 .ARM.attributes
                0x00000000000000e7       0x2d main.o
 .ARM.attributes
                0x0000000000000114       0x2d Seven_Segment.o
 .ARM.attributes
                0x0000000000000141       0x2d startup.o
 .ARM.attributes
                0x000000000000016e       0x2d Stm32_f10xx_Systick.o
 .ARM.attributes
                0x000000000000019b       0x2d Stm32f10x_SPI.o
 .ARM.attributes
                0x00000000000001c8       0x2d Stm32f10x_UART.o
 .ARM.attributes
                0x00000000000001f5       0x2d Stm32f10xx_EXTI.o
 .ARM.attributes
                0x0000000000000222       0x2d Stm32f10xx_GPIO.o
 .ARM.attributes
                0x000000000000024f       0x2d Stm32f10xx_I2C.o
 .ARM.attributes
                0x000000000000027c       0x2d Stm32f10xx_RCC.o
 .ARM.attributes
                0x00000000000002a9       0x2d Stm32f10xx_Timers.o

.debug_info     0x0000000000000000     0x95f7
 .debug_info    0x0000000000000000      0x4db EEPROM.o
 .debug_info    0x00000000000004db      0x67c EEPROM_25xx256.o
 .debug_info    0x0000000000000b57      0x560 Key_pad_Driver.o
 .debug_info    0x00000000000010b7      0x7b7 LCD_Driver.o
 .debug_info    0x000000000000186e     0x1787 main.o
 .debug_info    0x0000000000002ff5      0x2d2 Seven_Segment.o
 .debug_info    0x00000000000032c7      0x1a1 startup.o
 .debug_info    0x0000000000003468      0x439 Stm32_f10xx_Systick.o
 .debug_info    0x00000000000038a1     0x153a Stm32f10x_SPI.o
 .debug_info    0x0000000000004ddb     0x1874 Stm32f10x_UART.o
 .debug_info    0x000000000000664f      0x89c Stm32f10xx_EXTI.o
 .debug_info    0x0000000000006eeb      0x60c Stm32f10xx_GPIO.o
 .debug_info    0x00000000000074f7     0x1a92 Stm32f10xx_I2C.o
 .debug_info    0x0000000000008f89      0x303 Stm32f10xx_RCC.o
 .debug_info    0x000000000000928c      0x36b Stm32f10xx_Timers.o

.debug_abbrev   0x0000000000000000     0x1b30
 .debug_abbrev  0x0000000000000000      0x17c EEPROM.o
 .debug_abbrev  0x000000000000017c      0x16f EEPROM_25xx256.o
 .debug_abbrev  0x00000000000002eb      0x169 Key_pad_Driver.o
 .debug_abbrev  0x0000000000000454      0x1f6 LCD_Driver.o
 .debug_abbrev  0x000000000000064a      0x23d main.o
 .debug_abbrev  0x0000000000000887      0x11a Seven_Segment.o
 .debug_abbrev  0x00000000000009a1       0xe4 startup.o
 .debug_abbrev  0x0000000000000a85      0x143 Stm32_f10xx_Systick.o
 .debug_abbrev  0x0000000000000bc8      0x34c Stm32f10x_SPI.o
 .debug_abbrev  0x0000000000000f14      0x38d Stm32f10x_UART.o
 .debug_abbrev  0x00000000000012a1      0x1cc Stm32f10xx_EXTI.o
 .debug_abbrev  0x000000000000146d      0x175 Stm32f10xx_GPIO.o
 .debug_abbrev  0x00000000000015e2      0x378 Stm32f10xx_I2C.o
 .debug_abbrev  0x000000000000195a       0xfe Stm32f10xx_RCC.o
 .debug_abbrev  0x0000000000001a58       0xd8 Stm32f10xx_Timers.o

.debug_loc      0x0000000000000000     0x2d7e
 .debug_loc     0x0000000000000000       0xce EEPROM.o
 .debug_loc     0x00000000000000ce      0x280 EEPROM_25xx256.o
 .debug_loc     0x000000000000034e      0x1ec Key_pad_Driver.o
 .debug_loc     0x000000000000053a      0x4c8 LCD_Driver.o
 .debug_loc     0x0000000000000a02       0xc0 main.o
 .debug_loc     0x0000000000000ac2       0xa0 Seven_Segment.o
 .debug_loc     0x0000000000000b62       0x7c startup.o
 .debug_loc     0x0000000000000bde       0x88 Stm32_f10xx_Systick.o
 .debug_loc     0x0000000000000c66      0x5d0 Stm32f10x_SPI.o
 .debug_loc     0x0000000000001236      0x79c Stm32f10x_UART.o
 .debug_loc     0x00000000000019d2      0x41c Stm32f10xx_EXTI.o
 .debug_loc     0x0000000000001dee      0x3f4 Stm32f10xx_GPIO.o
 .debug_loc     0x00000000000021e2      0xa04 Stm32f10xx_I2C.o
 .debug_loc     0x0000000000002be6      0x13c Stm32f10xx_RCC.o
 .debug_loc     0x0000000000002d22       0x5c Stm32f10xx_Timers.o

.debug_aranges  0x0000000000000000      0x1e0
 .debug_aranges
                0x0000000000000000       0x20 EEPROM.o
 .debug_aranges
                0x0000000000000020       0x20 EEPROM_25xx256.o
 .debug_aranges
                0x0000000000000040       0x20 Key_pad_Driver.o
 .debug_aranges
                0x0000000000000060       0x20 LCD_Driver.o
 .debug_aranges
                0x0000000000000080       0x20 main.o
 .debug_aranges
                0x00000000000000a0       0x20 Seven_Segment.o
 .debug_aranges
                0x00000000000000c0       0x20 startup.o
 .debug_aranges
                0x00000000000000e0       0x20 Stm32_f10xx_Systick.o
 .debug_aranges
                0x0000000000000100       0x20 Stm32f10x_SPI.o
 .debug_aranges
                0x0000000000000120       0x20 Stm32f10x_UART.o
 .debug_aranges
                0x0000000000000140       0x20 Stm32f10xx_EXTI.o
 .debug_aranges
                0x0000000000000160       0x20 Stm32f10xx_GPIO.o
 .debug_aranges
                0x0000000000000180       0x20 Stm32f10xx_I2C.o
 .debug_aranges
                0x00000000000001a0       0x20 Stm32f10xx_RCC.o
 .debug_aranges
                0x00000000000001c0       0x20 Stm32f10xx_Timers.o

.debug_frame    0x0000000000000000     0x15d4
 .debug_frame   0x0000000000000000       0x78 EEPROM.o
 .debug_frame   0x0000000000000078      0x130 EEPROM_25xx256.o
 .debug_frame   0x00000000000001a8       0xec Key_pad_Driver.o
 .debug_frame   0x0000000000000294      0x234 LCD_Driver.o
 .debug_frame   0x00000000000004c8       0x78 main.o
 .debug_frame   0x0000000000000540       0x58 Seven_Segment.o
 .debug_frame   0x0000000000000598       0x50 startup.o
 .debug_frame   0x00000000000005e8       0x54 Stm32_f10xx_Systick.o
 .debug_frame   0x000000000000063c      0x2b8 Stm32f10x_SPI.o
 .debug_frame   0x00000000000008f4      0x378 Stm32f10x_UART.o
 .debug_frame   0x0000000000000c6c      0x220 Stm32f10xx_EXTI.o
 .debug_frame   0x0000000000000e8c      0x1c8 Stm32f10xx_GPIO.o
 .debug_frame   0x0000000000001054      0x494 Stm32f10xx_I2C.o
 .debug_frame   0x00000000000014e8       0xb4 Stm32f10xx_RCC.o
 .debug_frame   0x000000000000159c       0x38 Stm32f10xx_Timers.o
