
Allocating common symbols
Common symbol       size              file

GP_EXTI_CallBack    0x40              Stm32f10xx_EXTI.o
tim1_config         0x1c              Stm32f10xx_Timers.o

Memory Configuration

Name             Origin             Length             Attributes
FLASH            0x0000000008000000 0x0000000000020000 xr
SRAM             0x0000000020000000 0x0000000000005000 xrw
*default*        0x0000000000000000 0xffffffffffffffff

Linker script and memory map


.text           0x0000000008000000     0x3e93
 *(.vectors*)
 .vectors       0x0000000008000000       0xec startup.o
                0x0000000008000000                vectors
 *(.text*)
 .text          0x00000000080000ec        0x0 Buzzer.o
 .text          0x00000000080000ec      0x158 EEPROM.o
                0x00000000080000ec                EEPORM_Init
                0x0000000008000140                EEPROM_Write_NBytes
                0x00000000080001e4                EEPROM_Read_Byte
 .text          0x0000000008000244      0x268 EEPROM_25xx256.o
                0x0000000008000244                Init_EEPROM_25x
                0x0000000008000256                Send_CMD
                0x0000000008000270                Status_EEPROM
                0x00000000080002ba                Busy_EEPROM
                0x00000000080002dc                Write_Byte_EEPROM_25xx
                0x0000000008000378                Write_Bytes_EEPROM_25xx
                0x000000000800040c                Read_Byte_EEPROM_25xx
                0x0000000008000462                Enable_Write_EEPROM_25xx
 .text          0x00000000080004ac      0x294 Key_pad_Driver.o
                0x00000000080004ac                Key_pad_init
                0x0000000008000564                Check_Keypad_Pins
                0x00000000080005cc                Set_Key_Drain_Pins
                0x0000000008000644                Check_Key_Soruce_Pins
                0x0000000008000690                Reaction_Of_Prass
                0x00000000080006c4                Check_Prass_Button
 .text          0x0000000008000740      0x64c LCD_Driver.o
                0x0000000008000790                Kick_Enable_pin
                0x00000000080007c0                LCD_init
                0x00000000080008ce                Check_BF
                0x0000000008000960                Shift_R_Cursor
                0x0000000008000978                Shift_L_Cursor
                0x0000000008000990                Read_Cursor_Add
                0x00000000080009a4                Write_Character
                0x0000000008000a78                Write_Character_with_coordinator
                0x0000000008000ae4                Write_String
                0x0000000008000b14                Write_String_with_coordinator
                0x0000000008000b5c                Jump_to_coordinator
                0x0000000008000b94                Write_Command
                0x0000000008000c66                write_with_move
                0x0000000008000d74                clean_Lcd
 .text          0x0000000008000d8c      0x158 main.o
                0x0000000008000d8c                main
                0x0000000008000ddc                config
 .text          0x0000000008000ee4       0xb2 Seven_Segment.o
                0x0000000008000ee4                init_seven_segment
                0x0000000008000f3a                Display_seven_segment
 *fill*         0x0000000008000f96        0x2 
 .text          0x0000000008000f98       0x8c startup.o
                0x0000000008000f98                FLASH_Handler
                0x0000000008000f98                SVCall_Handler
                0x0000000008000f98                SysTick_Handler
                0x0000000008000f98                PendSv_Handler
                0x0000000008000f98                DMA1_Channel7_Handler
                0x0000000008000f98                NMI_Handler
                0x0000000008000f98                DMA1_Channel6_Handler
                0x0000000008000f98                CAN1_RX1_Handler
                0x0000000008000f98                Bus_Fault_Handler
                0x0000000008000f98                ADC1_2_Handler
                0x0000000008000f98                WWDG_Handler
                0x0000000008000f98                DMA1_Channel1_Handler
                0x0000000008000f98                RTC_Handler
                0x0000000008000f98                TIM1_CC_Handler
                0x0000000008000f98                CAN1_SCE_Handler
                0x0000000008000f98                TIM1_BRK_Handler
                0x0000000008000f98                MM_Fault_Handler
                0x0000000008000f98                TEMPER_Handler
                0x0000000008000f98                TIM2_Handler
                0x0000000008000f98                DMA1_Channel4_Handler
                0x0000000008000f98                TIM3_Handler
                0x0000000008000f98                Default_Handler
                0x0000000008000f98                USBWakeUp_Handler
                0x0000000008000f98                DMA1_Channel3_Handler
                0x0000000008000f98                RTC_Alarm_Handler
                0x0000000008000f98                TIM4_Handler
                0x0000000008000f98                DMA1_Channel2_Handler
                0x0000000008000f98                Usage_Fault_Handler
                0x0000000008000f98                TIM1_UP_Handler
                0x0000000008000f98                DMA1_Channel5_Handler
                0x0000000008000f98                DebugMonitor_Handler
                0x0000000008000f98                RCC_Handler
                0x0000000008000f98                PVD_Handler
                0x0000000008000f98                Hard_Fault_Handler
                0x0000000008000f98                USB_LP_CAN1_RX0_Handler
                0x0000000008000f98                USB_HP_CAN1_TX_Handler
                0x0000000008000f98                TIM1_TRG_COM_Handler
                0x0000000008000fa4                Rest_Handler
 .text          0x0000000008001024       0xa4 Stm32_f10xx_Systick.o
                0x000000000800105c                Init_Systick
 .text          0x00000000080010c8      0x858 Stm32f10x_SPI.o
                0x000000000800113c                Init_SPI
                0x00000000080013cc                Deinit_SPI
                0x0000000008001448                SPI_Send_Char
                0x0000000008001482                SPI_Receive_Char
                0x00000000080014c0                SPI_Send_String
                0x0000000008001518                SPI_Receive_String
                0x000000000800157c                Tx_Empty_CallBack
                0x000000000800158e                RX_Empty_CallBack
                0x00000000080015a0                Fault_Event_CallBack
                0x00000000080015b2                Overrun_CallBack
                0x00000000080015c4                CRC_CallBack
                0x00000000080015d6                Select_SPI_Pins_datasheet
                0x0000000008001674                Config_SPI_Pins
                0x00000000080017c8                SPI1_Handler
                0x0000000008001844                SPI2_Handler
                0x00000000080018c4                SPI_Tx_Rx_Char
 .text          0x0000000008001920      0x8d0 Stm32f10x_UART.o
                0x00000000080019e4                Set_BaudRate
                0x0000000008001aac                Get_BaudRate
                0x0000000008001ac0                Init_Uart
                0x0000000008001d98                DeInit_Uart
                0x0000000008001e14                _Config_GPIO_f
                0x0000000008001ef8                Send_Char_Uart
                0x0000000008001f4c                Receive_Char_Uart
                0x0000000008001fe0                Receive_String_Uart
                0x000000000800200c                Send_String_Uart
                0x0000000008002046                USART1_Handler
                0x0000000008002108                USART2_Handler
                0x0000000008002114                USART3_Handler
                0x0000000008002120                Parity_CallBack_UART
                0x0000000008002132                Error_CallBack_UART
                0x0000000008002144                Tx_CallBack_UART
                0x0000000008002156                Tx_Comp_CallBack_UART
                0x0000000008002168                Rx_CallBack_UART
                0x00000000080021b8                IDLE_CallBack_UART
                0x00000000080021ca                Lin_BK_CallBack_UART
                0x00000000080021dc                FlowCt_CallBack_UART
 .text          0x00000000080021f0      0x4d4 Stm32f10xx_EXTI.o
                0x0000000008002264                NVIC_EXTI_Clear_Handler
                0x000000000800228c                Init_EXTI
                0x00000000080022a2                Deinit_EXTI
                0x000000000800234c                Upadate_EXTI
                0x0000000008002362                Config_EXTI
                0x00000000080024a8                NVIC_Enable_IRQ
                0x00000000080024c4                NVIC_Disable_IRQ
                0x00000000080024e0                EXTI0_Handler
                0x00000000080024f8                EXTI1_Handler
                0x0000000008002510                EXTI2_Handler
                0x0000000008002528                EXTI3_Handler
                0x0000000008002540                EXTI4_Handler
                0x0000000008002558                EXTI9_5_Handler
                0x0000000008002600                EXTI15_10_Handler
 .text          0x00000000080026c4      0x488 Stm32f10xx_GPIO.o
                0x00000000080026c4                Init_GPIO
                0x0000000008002918                Set_pin
                0x0000000008002934                Reset_pin
                0x0000000008002954                Change_State_Pin
                0x0000000008002986                Toggle_pin
                0x00000000080029a8                Read_pin
                0x00000000080029d0                Set_GPIO_Value
                0x00000000080029ea                Reset_GPIO
                0x0000000008002a08                Read_GPIO
                0x0000000008002a20                Lock_GPIO
                0x0000000008002a7a                Deinit_GPIO
 .text          0x0000000008002b4c      0xeb4 Stm32f10xx_I2C.o
                0x0000000008002bc0                I2C_Init
                0x0000000008002f4c                I2C_Deinit
                0x0000000008002fa4                I2C_Master_Write
                0x0000000008003054                I2C_GenerateStop
                0x0000000008003094                I2C_Send_Add
                0x000000000800310e                I2C_Master_Read
                0x00000000080031c6                I2C_Slave_Write_IT
                0x00000000080031f4                I2C_Slave_Read_IT
                0x000000000800322c                I2C_Slave_Write
                0x000000000800329a                I2C_Slave_Read
                0x00000000080032f2                I2C_GenerateStart
                0x000000000800334a                I2C_Get_FlagStatus
                0x0000000008003650                I2C_Enable_ACK
                0x0000000008003672                I2C_Disable_ACK
                0x0000000008003694                SB_CallBack_I2C
                0x00000000080036a6                ADDR_CallBack_I2C
                0x00000000080036e8                ADDR10_CallBack_I2C
                0x0000000008003702                STOPF_CallBack_I2C
                0x0000000008003714                BTF_CallBack_I2C
                0x0000000008003726                TXE_CallBack_I2C
                0x0000000008003758                RXNE_CallBack_I2C
                0x000000000800378a                OVR_CallBack_I2C
                0x000000000800379c                TIMEOUT_CallBack_I2C
                0x00000000080037ae                AF_CallBack_I2C
                0x00000000080037de                I2C1_EV_Handler
                0x0000000008003894                I2C1_ER_Handler
                0x00000000080038a0                I2C2_EV_Handler
                0x0000000008003954                I2C2_ER_Handler
                0x0000000008003960                I2C_Clock_Config_Pins
 .text          0x0000000008003a00      0x1a4 Stm32f10xx_RCC.o
                0x0000000008003a00                Get_Systick_Freq
                0x0000000008003aec                Get_HCLK_Freq
                0x0000000008003b18                Get_APB1_Freq
                0x0000000008003b40                Get_APB2_Freq
                0x0000000008003b68                Set_HSE_CLK_Freq
 .text          0x0000000008003ba4       0x70 Stm32f10xx_Timers.o
                0x0000000008003ba4                Init_Timer
 *(.rodata)
 .rodata        0x0000000008003c14       0x3a main.o
 *fill*         0x0000000008003c4e        0x2 
 .rodata        0x0000000008003c50      0x200 Stm32f10xx_EXTI.o
                0x0000000008003c50                EXTI_Streem
 .rodata        0x0000000008003e50       0x43 Stm32f10xx_RCC.o
                0x0000000008003e93                _E_text = .

.glue_7         0x0000000008003e94        0x0
 .glue_7        0x0000000008003e94        0x0 linker stubs

.glue_7t        0x0000000008003e94        0x0
 .glue_7t       0x0000000008003e94        0x0 linker stubs

.vfp11_veneer   0x0000000008003e94        0x0
 .vfp11_veneer  0x0000000008003e94        0x0 linker stubs

.v4_bx          0x0000000008003e94        0x0
 .v4_bx         0x0000000008003e94        0x0 linker stubs

.iplt           0x0000000008003e94        0x0
 .iplt          0x0000000008003e94        0x0 EEPROM.o

.rel.dyn        0x0000000008003e94        0x0
 .rel.iplt      0x0000000008003e94        0x0 EEPROM.o

.data           0x0000000020000000       0x10 load address 0x0000000008003e93
                0x0000000020000000                _S_DATA = .
 *(.data)
 .data          0x0000000020000000        0x0 Buzzer.o
 .data          0x0000000020000000        0x0 EEPROM.o
 .data          0x0000000020000000        0x0 EEPROM_25xx256.o
 .data          0x0000000020000000        0xc Key_pad_Driver.o
 .data          0x000000002000000c        0x4 LCD_Driver.o
 .data          0x0000000020000010        0x0 main.o
 .data          0x0000000020000010        0x0 Seven_Segment.o
 .data          0x0000000020000010        0x0 startup.o
 .data          0x0000000020000010        0x0 Stm32_f10xx_Systick.o
 .data          0x0000000020000010        0x0 Stm32f10x_SPI.o
 .data          0x0000000020000010        0x0 Stm32f10x_UART.o
 .data          0x0000000020000010        0x0 Stm32f10xx_EXTI.o
 .data          0x0000000020000010        0x0 Stm32f10xx_GPIO.o
 .data          0x0000000020000010        0x0 Stm32f10xx_I2C.o
 .data          0x0000000020000010        0x0 Stm32f10xx_RCC.o
 .data          0x0000000020000010        0x0 Stm32f10xx_Timers.o
 *(.data.*)
                0x0000000020000010                _E_DATA = .

.igot.plt       0x0000000020000010        0x0 load address 0x0000000008003ea3
 .igot.plt      0x0000000020000010        0x0 EEPROM.o

.bss            0x0000000020000010      0xa8c load address 0x0000000008003ea3
                0x0000000020000010                _S_bss = .
 *(.bss)
 .bss           0x0000000020000010        0x0 Buzzer.o
 .bss           0x0000000020000010        0x0 EEPROM.o
 .bss           0x0000000020000010        0x0 EEPROM_25xx256.o
 .bss           0x0000000020000010       0x24 Key_pad_Driver.o
                0x0000000020000030                GPIOx
 .bss           0x0000000020000034        0xd LCD_Driver.o
 *fill*         0x0000000020000041        0x3 
 .bss           0x0000000020000044      0x1ec main.o
                0x0000000020000044                Lcd_config
                0x0000000020000064                key_pad_config
                0x0000000020000074                seven_config
                0x0000000020000080                uart1_config
                0x00000000200000b8                spi1_config
                0x00000000200000e4                spi2_config
                0x0000000020000110                spi3_config
                0x000000002000013c                i2c1_config
                0x000000002000019c                i2c2_config
                0x00000000200001fc                EEPORM_25xx_config
                0x0000000020000208                Rx_Buff
                0x000000002000021c                Rx_Buff1
 .bss           0x0000000020000230       0x28 Seven_Segment.o
                0x0000000020000230                numbers
 .bss           0x0000000020000258        0x0 startup.o
 .bss           0x0000000020000258       0x10 Stm32_f10xx_Systick.o
                0x0000000020000258                Systick_API
 .bss           0x0000000020000268        0x2 Stm32f10x_SPI.o
 .bss           0x000000002000026a        0x0 Stm32f10x_UART.o
 .bss           0x000000002000026a        0x0 Stm32f10xx_EXTI.o
 .bss           0x000000002000026a        0x0 Stm32f10xx_GPIO.o
 .bss           0x000000002000026a        0x0 Stm32f10xx_I2C.o
 *fill*         0x000000002000026a        0x2 
 .bss           0x000000002000026c        0x4 Stm32f10xx_RCC.o
 .bss           0x0000000020000270        0x0 Stm32f10xx_Timers.o
 *(.bss.*)
                0x0000000020000270                . = ALIGN (0x4)
                0x0000000020000270                _E_bss = .
                0x0000000020000270                . = ALIGN (0x4)
                0x0000000020000658                . = (. + 0x3e8)
 *fill*         0x0000000020000270      0x3e8 
                0x0000000020000658                _heap_End = .
                0x0000000020000658                . = ALIGN (0x4)
                0x0000000020000a40                . = (. + 0x3e8)
 *fill*         0x0000000020000658      0x3e8 
                0x0000000020000a40                _stack_top = .
 COMMON         0x0000000020000a40       0x40 Stm32f10xx_EXTI.o
                0x0000000020000a40                GP_EXTI_CallBack
 COMMON         0x0000000020000a80       0x1c Stm32f10xx_Timers.o
                0x0000000020000a80                tim1_config
LOAD Buzzer.o
LOAD EEPROM.o
LOAD EEPROM_25xx256.o
LOAD Key_pad_Driver.o
LOAD LCD_Driver.o
LOAD main.o
LOAD Seven_Segment.o
LOAD startup.o
LOAD Stm32_f10xx_Systick.o
LOAD Stm32f10x_SPI.o
LOAD Stm32f10x_UART.o
LOAD Stm32f10xx_EXTI.o
LOAD Stm32f10xx_GPIO.o
LOAD Stm32f10xx_I2C.o
LOAD Stm32f10xx_RCC.o
LOAD Stm32f10xx_Timers.o
OUTPUT(learn_embedded.axf elf32-littlearm)
LOAD linker stubs

.debug_line     0x0000000000000000     0x4406
 .debug_line    0x0000000000000000        0x0 Buzzer.o
 .debug_line    0x0000000000000000      0x26c EEPROM.o
 .debug_line    0x000000000000026c      0x2a6 EEPROM_25xx256.o
 .debug_line    0x0000000000000512      0x370 Key_pad_Driver.o
 .debug_line    0x0000000000000882      0x46b LCD_Driver.o
 .debug_line    0x0000000000000ced      0x400 main.o
 .debug_line    0x00000000000010ed      0x263 Seven_Segment.o
 .debug_line    0x0000000000001350      0x240 startup.o
 .debug_line    0x0000000000001590      0x287 Stm32_f10xx_Systick.o
 .debug_line    0x0000000000001817      0x8a2 Stm32f10x_SPI.o
 .debug_line    0x00000000000020b9      0x890 Stm32f10x_UART.o
 .debug_line    0x0000000000002949      0x48c Stm32f10xx_EXTI.o
 .debug_line    0x0000000000002dd5      0x433 Stm32f10xx_GPIO.o
 .debug_line    0x0000000000003208      0xceb Stm32f10xx_I2C.o
 .debug_line    0x0000000000003ef3      0x2cc Stm32f10xx_RCC.o
 .debug_line    0x00000000000041bf      0x247 Stm32f10xx_Timers.o

.debug_str      0x0000000000000000     0x21d0
 .debug_str     0x0000000000000000       0xbd Buzzer.o
 .debug_str     0x00000000000000bd      0x33d EEPROM.o
                                        0x455 (size before relaxing)
 .debug_str     0x00000000000003fa      0x2f2 EEPROM_25xx256.o
                                        0x47a (size before relaxing)
 .debug_str     0x00000000000006ec      0x202 Key_pad_Driver.o
                                        0x3d5 (size before relaxing)
 .debug_str     0x00000000000008ee      0x224 LCD_Driver.o
                                        0x4a5 (size before relaxing)
 .debug_str     0x0000000000000b12      0x70c main.o
                                        0xe28 (size before relaxing)
 .debug_str     0x000000000000121e       0x50 Seven_Segment.o
                                        0x281 (size before relaxing)
 .debug_str     0x000000000000126e       0x7f startup.o
                                        0x1cb (size before relaxing)
 .debug_str     0x00000000000012ed      0x38f Stm32_f10xx_Systick.o
                                        0x573 (size before relaxing)
 .debug_str     0x000000000000167c      0x10d Stm32f10x_SPI.o
                                        0xd23 (size before relaxing)
 .debug_str     0x0000000000001789      0x1b6 Stm32f10x_UART.o
                                        0xfa5 (size before relaxing)
 .debug_str     0x000000000000193f      0x28b Stm32f10xx_EXTI.o
                                        0x818 (size before relaxing)
 .debug_str     0x0000000000001bca       0xff Stm32f10xx_GPIO.o
                                        0x3b2 (size before relaxing)
 .debug_str     0x0000000000001cc9      0x44a Stm32f10xx_I2C.o
                                       0x1107 (size before relaxing)
 .debug_str     0x0000000000002113       0x99 Stm32f10xx_RCC.o
                                        0x2a8 (size before relaxing)
 .debug_str     0x00000000000021ac       0x24 Stm32f10xx_Timers.o
                                        0x32b (size before relaxing)

.comment        0x0000000000000000       0x53
 .comment       0x0000000000000000       0x53 Buzzer.o
                                         0x54 (size before relaxing)
 .comment       0x0000000000000053       0x54 EEPROM.o
 .comment       0x0000000000000053       0x54 EEPROM_25xx256.o
 .comment       0x0000000000000053       0x54 Key_pad_Driver.o
 .comment       0x0000000000000053       0x54 LCD_Driver.o
 .comment       0x0000000000000053       0x54 main.o
 .comment       0x0000000000000053       0x54 Seven_Segment.o
 .comment       0x0000000000000053       0x54 startup.o
 .comment       0x0000000000000053       0x54 Stm32_f10xx_Systick.o
 .comment       0x0000000000000053       0x54 Stm32f10x_SPI.o
 .comment       0x0000000000000053       0x54 Stm32f10x_UART.o
 .comment       0x0000000000000053       0x54 Stm32f10xx_EXTI.o
 .comment       0x0000000000000053       0x54 Stm32f10xx_GPIO.o
 .comment       0x0000000000000053       0x54 Stm32f10xx_I2C.o
 .comment       0x0000000000000053       0x54 Stm32f10xx_RCC.o
 .comment       0x0000000000000053       0x54 Stm32f10xx_Timers.o

.ARM.attributes
                0x0000000000000000       0x33
 .ARM.attributes
                0x0000000000000000       0x33 Buzzer.o
 .ARM.attributes
                0x0000000000000033       0x2d EEPROM.o
 .ARM.attributes
                0x0000000000000060       0x2d EEPROM_25xx256.o
 .ARM.attributes
                0x000000000000008d       0x2d Key_pad_Driver.o
 .ARM.attributes
                0x00000000000000ba       0x2d LCD_Driver.o
 .ARM.attributes
                0x00000000000000e7       0x2d main.o
 .ARM.attributes
                0x0000000000000114       0x2d Seven_Segment.o
 .ARM.attributes
                0x0000000000000141       0x2d startup.o
 .ARM.attributes
                0x000000000000016e       0x2d Stm32_f10xx_Systick.o
 .ARM.attributes
                0x000000000000019b       0x2d Stm32f10x_SPI.o
 .ARM.attributes
                0x00000000000001c8       0x2d Stm32f10x_UART.o
 .ARM.attributes
                0x00000000000001f5       0x2d Stm32f10xx_EXTI.o
 .ARM.attributes
                0x0000000000000222       0x2d Stm32f10xx_GPIO.o
 .ARM.attributes
                0x000000000000024f       0x2d Stm32f10xx_I2C.o
 .ARM.attributes
                0x000000000000027c       0x2d Stm32f10xx_RCC.o
 .ARM.attributes
                0x00000000000002a9       0x2d Stm32f10xx_Timers.o

.debug_info     0x0000000000000000     0x9535
 .debug_info    0x0000000000000000      0x4db EEPROM.o
 .debug_info    0x00000000000004db      0x5e5 EEPROM_25xx256.o
 .debug_info    0x0000000000000ac0      0x560 Key_pad_Driver.o
 .debug_info    0x0000000000001020      0x7b7 LCD_Driver.o
 .debug_info    0x00000000000017d7     0x1764 main.o
 .debug_info    0x0000000000002f3b      0x2d2 Seven_Segment.o
 .debug_info    0x000000000000320d      0x1a1 startup.o
 .debug_info    0x00000000000033ae      0x439 Stm32_f10xx_Systick.o
 .debug_info    0x00000000000037e7     0x153a Stm32f10x_SPI.o
 .debug_info    0x0000000000004d21     0x186c Stm32f10x_UART.o
 .debug_info    0x000000000000658d      0x89c Stm32f10xx_EXTI.o
 .debug_info    0x0000000000006e29      0x60c Stm32f10xx_GPIO.o
 .debug_info    0x0000000000007435     0x1a92 Stm32f10xx_I2C.o
 .debug_info    0x0000000000008ec7      0x303 Stm32f10xx_RCC.o
 .debug_info    0x00000000000091ca      0x36b Stm32f10xx_Timers.o

.debug_abbrev   0x0000000000000000     0x1af3
 .debug_abbrev  0x0000000000000000      0x17c EEPROM.o
 .debug_abbrev  0x000000000000017c      0x170 EEPROM_25xx256.o
 .debug_abbrev  0x00000000000002ec      0x169 Key_pad_Driver.o
 .debug_abbrev  0x0000000000000455      0x1f6 LCD_Driver.o
 .debug_abbrev  0x000000000000064b      0x1ff main.o
 .debug_abbrev  0x000000000000084a      0x11a Seven_Segment.o
 .debug_abbrev  0x0000000000000964       0xe4 startup.o
 .debug_abbrev  0x0000000000000a48      0x143 Stm32_f10xx_Systick.o
 .debug_abbrev  0x0000000000000b8b      0x34c Stm32f10x_SPI.o
 .debug_abbrev  0x0000000000000ed7      0x38d Stm32f10x_UART.o
 .debug_abbrev  0x0000000000001264      0x1cc Stm32f10xx_EXTI.o
 .debug_abbrev  0x0000000000001430      0x175 Stm32f10xx_GPIO.o
 .debug_abbrev  0x00000000000015a5      0x378 Stm32f10xx_I2C.o
 .debug_abbrev  0x000000000000191d       0xfe Stm32f10xx_RCC.o
 .debug_abbrev  0x0000000000001a1b       0xd8 Stm32f10xx_Timers.o

.debug_loc      0x0000000000000000     0x2d60
 .debug_loc     0x0000000000000000       0xce EEPROM.o
 .debug_loc     0x00000000000000ce      0x298 EEPROM_25xx256.o
 .debug_loc     0x0000000000000366      0x1ec Key_pad_Driver.o
 .debug_loc     0x0000000000000552      0x4c8 LCD_Driver.o
 .debug_loc     0x0000000000000a1a       0x8a main.o
 .debug_loc     0x0000000000000aa4       0xa0 Seven_Segment.o
 .debug_loc     0x0000000000000b44       0x7c startup.o
 .debug_loc     0x0000000000000bc0       0x88 Stm32_f10xx_Systick.o
 .debug_loc     0x0000000000000c48      0x5d0 Stm32f10x_SPI.o
 .debug_loc     0x0000000000001218      0x79c Stm32f10x_UART.o
 .debug_loc     0x00000000000019b4      0x41c Stm32f10xx_EXTI.o
 .debug_loc     0x0000000000001dd0      0x3f4 Stm32f10xx_GPIO.o
 .debug_loc     0x00000000000021c4      0xa04 Stm32f10xx_I2C.o
 .debug_loc     0x0000000000002bc8      0x13c Stm32f10xx_RCC.o
 .debug_loc     0x0000000000002d04       0x5c Stm32f10xx_Timers.o

.debug_aranges  0x0000000000000000      0x1e0
 .debug_aranges
                0x0000000000000000       0x20 EEPROM.o
 .debug_aranges
                0x0000000000000020       0x20 EEPROM_25xx256.o
 .debug_aranges
                0x0000000000000040       0x20 Key_pad_Driver.o
 .debug_aranges
                0x0000000000000060       0x20 LCD_Driver.o
 .debug_aranges
                0x0000000000000080       0x20 main.o
 .debug_aranges
                0x00000000000000a0       0x20 Seven_Segment.o
 .debug_aranges
                0x00000000000000c0       0x20 startup.o
 .debug_aranges
                0x00000000000000e0       0x20 Stm32_f10xx_Systick.o
 .debug_aranges
                0x0000000000000100       0x20 Stm32f10x_SPI.o
 .debug_aranges
                0x0000000000000120       0x20 Stm32f10x_UART.o
 .debug_aranges
                0x0000000000000140       0x20 Stm32f10xx_EXTI.o
 .debug_aranges
                0x0000000000000160       0x20 Stm32f10xx_GPIO.o
 .debug_aranges
                0x0000000000000180       0x20 Stm32f10xx_I2C.o
 .debug_aranges
                0x00000000000001a0       0x20 Stm32f10xx_RCC.o
 .debug_aranges
                0x00000000000001c0       0x20 Stm32f10xx_Timers.o

.debug_frame    0x0000000000000000     0x15bc
 .debug_frame   0x0000000000000000       0x78 EEPROM.o
 .debug_frame   0x0000000000000078      0x138 EEPROM_25xx256.o
 .debug_frame   0x00000000000001b0       0xec Key_pad_Driver.o
 .debug_frame   0x000000000000029c      0x234 LCD_Driver.o
 .debug_frame   0x00000000000004d0       0x58 main.o
 .debug_frame   0x0000000000000528       0x58 Seven_Segment.o
 .debug_frame   0x0000000000000580       0x50 startup.o
 .debug_frame   0x00000000000005d0       0x54 Stm32_f10xx_Systick.o
 .debug_frame   0x0000000000000624      0x2b8 Stm32f10x_SPI.o
 .debug_frame   0x00000000000008dc      0x378 Stm32f10x_UART.o
 .debug_frame   0x0000000000000c54      0x220 Stm32f10xx_EXTI.o
 .debug_frame   0x0000000000000e74      0x1c8 Stm32f10xx_GPIO.o
 .debug_frame   0x000000000000103c      0x494 Stm32f10xx_I2C.o
 .debug_frame   0x00000000000014d0       0xb4 Stm32f10xx_RCC.o
 .debug_frame   0x0000000000001584       0x38 Stm32f10xx_Timers.o
