
Allocating common symbols
Common symbol       size              file

GP_EXTI_CallBack    0x40              Stm32f10xx_EXTI.o
tim1_config         0x1c              Stm32f10xx_Timers.o

Memory Configuration

Name             Origin             Length             Attributes
FLASH            0x0000000008000000 0x0000000000020000 xr
SRAM             0x0000000020000000 0x0000000000005000 xrw
*default*        0x0000000000000000 0xffffffffffffffff

Linker script and memory map


.text           0x0000000008000000     0x3daf
 *(.vectors*)
 .vectors       0x0000000008000000       0xec startup.o
                0x0000000008000000                vectors
 *(.text*)
 .text          0x00000000080000ec        0x0 Buzzer.o
 .text          0x00000000080000ec      0x158 EEPROM.o
                0x00000000080000ec                EEPORM_Init
                0x0000000008000140                EEPROM_Write_NBytes
                0x00000000080001e4                EEPROM_Read_Byte
 .text          0x0000000008000244      0x240 EEPROM_25xx256.o
                0x0000000008000244                Init_EEPROM_25x
                0x00000000080002d4                Send_CMD
                0x0000000008000300                Write_Byte_EEPROM_25xx
                0x0000000008000378                Write_Bytes_EEPROM_25xx
                0x00000000080003e4                Read_Byte_EEPROM_25xx
                0x000000000800043c                Enable_Write_EEPROM_25xx
 .text          0x0000000008000484      0x294 Key_pad_Driver.o
                0x0000000008000484                Key_pad_init
                0x000000000800053c                Check_Keypad_Pins
                0x00000000080005a4                Set_Key_Drain_Pins
                0x000000000800061c                Check_Key_Soruce_Pins
                0x0000000008000668                Reaction_Of_Prass
                0x000000000800069c                Check_Prass_Button
 .text          0x0000000008000718      0x64c LCD_Driver.o
                0x0000000008000768                Kick_Enable_pin
                0x0000000008000798                LCD_init
                0x00000000080008a6                Check_BF
                0x0000000008000938                Shift_R_Cursor
                0x0000000008000950                Shift_L_Cursor
                0x0000000008000968                Read_Cursor_Add
                0x000000000800097c                Write_Character
                0x0000000008000a50                Write_Character_with_coordinator
                0x0000000008000abc                Write_String
                0x0000000008000aec                Write_String_with_coordinator
                0x0000000008000b34                Jump_to_coordinator
                0x0000000008000b6c                Write_Command
                0x0000000008000c3e                write_with_move
                0x0000000008000d4c                clean_Lcd
 .text          0x0000000008000d64       0xd0 main.o
                0x0000000008000d64                main
                0x0000000008000d9c                config
 .text          0x0000000008000e34       0xb2 Seven_Segment.o
                0x0000000008000e34                init_seven_segment
                0x0000000008000e8a                Display_seven_segment
 *fill*         0x0000000008000ee6        0x2 
 .text          0x0000000008000ee8       0x8c startup.o
                0x0000000008000ee8                FLASH_Handler
                0x0000000008000ee8                SVCall_Handler
                0x0000000008000ee8                SysTick_Handler
                0x0000000008000ee8                PendSv_Handler
                0x0000000008000ee8                DMA1_Channel7_Handler
                0x0000000008000ee8                NMI_Handler
                0x0000000008000ee8                DMA1_Channel6_Handler
                0x0000000008000ee8                CAN1_RX1_Handler
                0x0000000008000ee8                Bus_Fault_Handler
                0x0000000008000ee8                ADC1_2_Handler
                0x0000000008000ee8                WWDG_Handler
                0x0000000008000ee8                DMA1_Channel1_Handler
                0x0000000008000ee8                RTC_Handler
                0x0000000008000ee8                TIM1_CC_Handler
                0x0000000008000ee8                CAN1_SCE_Handler
                0x0000000008000ee8                TIM1_BRK_Handler
                0x0000000008000ee8                MM_Fault_Handler
                0x0000000008000ee8                TEMPER_Handler
                0x0000000008000ee8                TIM2_Handler
                0x0000000008000ee8                DMA1_Channel4_Handler
                0x0000000008000ee8                TIM3_Handler
                0x0000000008000ee8                Default_Handler
                0x0000000008000ee8                USBWakeUp_Handler
                0x0000000008000ee8                DMA1_Channel3_Handler
                0x0000000008000ee8                RTC_Alarm_Handler
                0x0000000008000ee8                TIM4_Handler
                0x0000000008000ee8                DMA1_Channel2_Handler
                0x0000000008000ee8                Usage_Fault_Handler
                0x0000000008000ee8                TIM1_UP_Handler
                0x0000000008000ee8                DMA1_Channel5_Handler
                0x0000000008000ee8                DebugMonitor_Handler
                0x0000000008000ee8                RCC_Handler
                0x0000000008000ee8                PVD_Handler
                0x0000000008000ee8                Hard_Fault_Handler
                0x0000000008000ee8                USB_LP_CAN1_RX0_Handler
                0x0000000008000ee8                USB_HP_CAN1_TX_Handler
                0x0000000008000ee8                TIM1_TRG_COM_Handler
                0x0000000008000ef4                Rest_Handler
 .text          0x0000000008000f74       0xa4 Stm32_f10xx_Systick.o
                0x0000000008000fac                Init_Systick
 .text          0x0000000008001018      0x864 Stm32f10x_SPI.o
                0x000000000800108c                Init_SPI
                0x000000000800131c                Deinit_SPI
                0x0000000008001398                SPI_Send_Char
                0x00000000080013d2                SPI_Receive_Char
                0x0000000008001410                SPI_Send_String
                0x0000000008001474                SPI_Receive_String
                0x00000000080014d8                Tx_Empty_CallBack
                0x00000000080014ea                RX_Empty_CallBack
                0x00000000080014fc                Fault_Event_CallBack
                0x000000000800150e                Overrun_CallBack
                0x0000000008001520                CRC_CallBack
                0x0000000008001532                Select_SPI_Pins_datasheet
                0x00000000080015d0                Config_SPI_Pins
                0x0000000008001724                SPI1_Handler
                0x00000000080017a0                SPI2_Handler
                0x0000000008001820                SPI_Tx_Rx_Char
 .text          0x000000000800187c      0x8ac Stm32f10x_UART.o
                0x0000000008001940                Set_BaudRate
                0x0000000008001a08                Get_BaudRate
                0x0000000008001a1c                Init_Uart
                0x0000000008001cf4                DeInit_Uart
                0x0000000008001d70                _Config_GPIO_f
                0x0000000008001e54                Send_Char_Uart
                0x0000000008001ea8                Receive_Char_Uart
                0x0000000008001f3c                Receive_String_Uart
                0x0000000008001f68                Send_String_Uart
                0x0000000008001fa2                USART1_Handler
                0x0000000008002064                USART2_Handler
                0x0000000008002070                USART3_Handler
                0x000000000800207c                Parity_CallBack_UART
                0x000000000800208e                Error_CallBack_UART
                0x00000000080020a0                Tx_CallBack_UART
                0x00000000080020b2                Tx_Comp_CallBack_UART
                0x00000000080020c4                Rx_CallBack_UART
                0x00000000080020f0                IDLE_CallBack_UART
                0x0000000008002102                Lin_BK_CallBack_UART
                0x0000000008002114                FlowCt_CallBack_UART
 .text          0x0000000008002128      0x4d4 Stm32f10xx_EXTI.o
                0x000000000800219c                NVIC_EXTI_Clear_Handler
                0x00000000080021c4                Init_EXTI
                0x00000000080021da                Deinit_EXTI
                0x0000000008002284                Upadate_EXTI
                0x000000000800229a                Config_EXTI
                0x00000000080023e0                NVIC_Enable_IRQ
                0x00000000080023fc                NVIC_Disable_IRQ
                0x0000000008002418                EXTI0_Handler
                0x0000000008002430                EXTI1_Handler
                0x0000000008002448                EXTI2_Handler
                0x0000000008002460                EXTI3_Handler
                0x0000000008002478                EXTI4_Handler
                0x0000000008002490                EXTI9_5_Handler
                0x0000000008002538                EXTI15_10_Handler
 .text          0x00000000080025fc      0x488 Stm32f10xx_GPIO.o
                0x00000000080025fc                Init_GPIO
                0x0000000008002850                Set_pin
                0x000000000800286c                Reset_pin
                0x000000000800288c                Change_State_Pin
                0x00000000080028be                Toggle_pin
                0x00000000080028e0                Read_pin
                0x0000000008002908                Set_GPIO_Value
                0x0000000008002922                Reset_GPIO
                0x0000000008002940                Read_GPIO
                0x0000000008002958                Lock_GPIO
                0x00000000080029b2                Deinit_GPIO
 .text          0x0000000008002a84      0xeb4 Stm32f10xx_I2C.o
                0x0000000008002af8                I2C_Init
                0x0000000008002e84                I2C_Deinit
                0x0000000008002edc                I2C_Master_Write
                0x0000000008002f8c                I2C_GenerateStop
                0x0000000008002fcc                I2C_Send_Add
                0x0000000008003046                I2C_Master_Read
                0x00000000080030fe                I2C_Slave_Write_IT
                0x000000000800312c                I2C_Slave_Read_IT
                0x0000000008003164                I2C_Slave_Write
                0x00000000080031d2                I2C_Slave_Read
                0x000000000800322a                I2C_GenerateStart
                0x0000000008003282                I2C_Get_FlagStatus
                0x0000000008003588                I2C_Enable_ACK
                0x00000000080035aa                I2C_Disable_ACK
                0x00000000080035cc                SB_CallBack_I2C
                0x00000000080035de                ADDR_CallBack_I2C
                0x0000000008003620                ADDR10_CallBack_I2C
                0x000000000800363a                STOPF_CallBack_I2C
                0x000000000800364c                BTF_CallBack_I2C
                0x000000000800365e                TXE_CallBack_I2C
                0x0000000008003690                RXNE_CallBack_I2C
                0x00000000080036c2                OVR_CallBack_I2C
                0x00000000080036d4                TIMEOUT_CallBack_I2C
                0x00000000080036e6                AF_CallBack_I2C
                0x0000000008003716                I2C1_EV_Handler
                0x00000000080037cc                I2C1_ER_Handler
                0x00000000080037d8                I2C2_EV_Handler
                0x000000000800388c                I2C2_ER_Handler
                0x0000000008003898                I2C_Clock_Config_Pins
 .text          0x0000000008003938      0x1a4 Stm32f10xx_RCC.o
                0x0000000008003938                Get_Systick_Freq
                0x0000000008003a24                Get_HCLK_Freq
                0x0000000008003a50                Get_APB1_Freq
                0x0000000008003a78                Get_APB2_Freq
                0x0000000008003aa0                Set_HSE_CLK_Freq
 .text          0x0000000008003adc       0x70 Stm32f10xx_Timers.o
                0x0000000008003adc                Init_Timer
 *(.rodata)
 .rodata        0x0000000008003b4c       0x1e main.o
 *fill*         0x0000000008003b6a        0x2 
 .rodata        0x0000000008003b6c      0x200 Stm32f10xx_EXTI.o
                0x0000000008003b6c                EXTI_Streem
 .rodata        0x0000000008003d6c       0x43 Stm32f10xx_RCC.o
                0x0000000008003daf                _E_text = .

.glue_7         0x0000000008003db0        0x0
 .glue_7        0x0000000008003db0        0x0 linker stubs

.glue_7t        0x0000000008003db0        0x0
 .glue_7t       0x0000000008003db0        0x0 linker stubs

.vfp11_veneer   0x0000000008003db0        0x0
 .vfp11_veneer  0x0000000008003db0        0x0 linker stubs

.v4_bx          0x0000000008003db0        0x0
 .v4_bx         0x0000000008003db0        0x0 linker stubs

.iplt           0x0000000008003db0        0x0
 .iplt          0x0000000008003db0        0x0 EEPROM.o

.rel.dyn        0x0000000008003db0        0x0
 .rel.iplt      0x0000000008003db0        0x0 EEPROM.o

.data           0x0000000020000000       0x10 load address 0x0000000008003daf
                0x0000000020000000                _S_DATA = .
 *(.data)
 .data          0x0000000020000000        0x0 Buzzer.o
 .data          0x0000000020000000        0x0 EEPROM.o
 .data          0x0000000020000000        0x0 EEPROM_25xx256.o
 .data          0x0000000020000000        0xc Key_pad_Driver.o
 .data          0x000000002000000c        0x4 LCD_Driver.o
 .data          0x0000000020000010        0x0 main.o
 .data          0x0000000020000010        0x0 Seven_Segment.o
 .data          0x0000000020000010        0x0 startup.o
 .data          0x0000000020000010        0x0 Stm32_f10xx_Systick.o
 .data          0x0000000020000010        0x0 Stm32f10x_SPI.o
 .data          0x0000000020000010        0x0 Stm32f10x_UART.o
 .data          0x0000000020000010        0x0 Stm32f10xx_EXTI.o
 .data          0x0000000020000010        0x0 Stm32f10xx_GPIO.o
 .data          0x0000000020000010        0x0 Stm32f10xx_I2C.o
 .data          0x0000000020000010        0x0 Stm32f10xx_RCC.o
 .data          0x0000000020000010        0x0 Stm32f10xx_Timers.o
 *(.data.*)
                0x0000000020000010                _E_DATA = .

.igot.plt       0x0000000020000010        0x0 load address 0x0000000008003dbf
 .igot.plt      0x0000000020000010        0x0 EEPROM.o

.bss            0x0000000020000010      0xab8 load address 0x0000000008003dbf
                0x0000000020000010                _S_bss = .
 *(.bss)
 .bss           0x0000000020000010        0x0 Buzzer.o
 .bss           0x0000000020000010        0x0 EEPROM.o
 .bss           0x0000000020000010       0x2c EEPROM_25xx256.o
                0x0000000020000010                SPIx
 .bss           0x000000002000003c       0x24 Key_pad_Driver.o
                0x000000002000005c                GPIOx
 .bss           0x0000000020000060        0xd LCD_Driver.o
 *fill*         0x000000002000006d        0x3 
 .bss           0x0000000020000070      0x1ec main.o
                0x0000000020000070                Lcd_config
                0x0000000020000090                key_pad_config
                0x00000000200000a0                seven_config
                0x00000000200000ac                uart1_config
                0x00000000200000e4                spi1_config
                0x0000000020000110                spi2_config
                0x000000002000013c                spi3_config
                0x0000000020000168                i2c1_config
                0x00000000200001c8                i2c2_config
                0x0000000020000228                EEPORM_25xx_config
                0x0000000020000234                Rx_Buff
                0x0000000020000248                Rx_Buff1
 .bss           0x000000002000025c       0x28 Seven_Segment.o
                0x000000002000025c                numbers
 .bss           0x0000000020000284        0x0 startup.o
 .bss           0x0000000020000284       0x10 Stm32_f10xx_Systick.o
                0x0000000020000284                Systick_API
 .bss           0x0000000020000294        0x2 Stm32f10x_SPI.o
 .bss           0x0000000020000296        0x0 Stm32f10x_UART.o
 .bss           0x0000000020000296        0x0 Stm32f10xx_EXTI.o
 .bss           0x0000000020000296        0x0 Stm32f10xx_GPIO.o
 .bss           0x0000000020000296        0x0 Stm32f10xx_I2C.o
 *fill*         0x0000000020000296        0x2 
 .bss           0x0000000020000298        0x4 Stm32f10xx_RCC.o
 .bss           0x000000002000029c        0x0 Stm32f10xx_Timers.o
 *(.bss.*)
                0x000000002000029c                . = ALIGN (0x4)
                0x000000002000029c                _E_bss = .
                0x000000002000029c                . = ALIGN (0x4)
                0x0000000020000684                . = (. + 0x3e8)
 *fill*         0x000000002000029c      0x3e8 
                0x0000000020000684                _heap_End = .
                0x0000000020000684                . = ALIGN (0x4)
                0x0000000020000a6c                . = (. + 0x3e8)
 *fill*         0x0000000020000684      0x3e8 
                0x0000000020000a6c                _stack_top = .
 COMMON         0x0000000020000a6c       0x40 Stm32f10xx_EXTI.o
                0x0000000020000a6c                GP_EXTI_CallBack
 COMMON         0x0000000020000aac       0x1c Stm32f10xx_Timers.o
                0x0000000020000aac                tim1_config
LOAD Buzzer.o
LOAD EEPROM.o
LOAD EEPROM_25xx256.o
LOAD Key_pad_Driver.o
LOAD LCD_Driver.o
LOAD main.o
LOAD Seven_Segment.o
LOAD startup.o
LOAD Stm32_f10xx_Systick.o
LOAD Stm32f10x_SPI.o
LOAD Stm32f10x_UART.o
LOAD Stm32f10xx_EXTI.o
LOAD Stm32f10xx_GPIO.o
LOAD Stm32f10xx_I2C.o
LOAD Stm32f10xx_RCC.o
LOAD Stm32f10xx_Timers.o
OUTPUT(learn_embedded.axf elf32-littlearm)
LOAD linker stubs

.debug_line     0x0000000000000000     0x43f9
 .debug_line    0x0000000000000000        0x0 Buzzer.o
 .debug_line    0x0000000000000000      0x26c EEPROM.o
 .debug_line    0x000000000000026c      0x2b6 EEPROM_25xx256.o
 .debug_line    0x0000000000000522      0x370 Key_pad_Driver.o
 .debug_line    0x0000000000000892      0x46b LCD_Driver.o
 .debug_line    0x0000000000000cfd      0x3c7 main.o
 .debug_line    0x00000000000010c4      0x263 Seven_Segment.o
 .debug_line    0x0000000000001327      0x240 startup.o
 .debug_line    0x0000000000001567      0x287 Stm32_f10xx_Systick.o
 .debug_line    0x00000000000017ee      0x8c1 Stm32f10x_SPI.o
 .debug_line    0x00000000000020af      0x88d Stm32f10x_UART.o
 .debug_line    0x000000000000293c      0x48c Stm32f10xx_EXTI.o
 .debug_line    0x0000000000002dc8      0x433 Stm32f10xx_GPIO.o
 .debug_line    0x00000000000031fb      0xceb Stm32f10xx_I2C.o
 .debug_line    0x0000000000003ee6      0x2cc Stm32f10xx_RCC.o
 .debug_line    0x00000000000041b2      0x247 Stm32f10xx_Timers.o

.debug_str      0x0000000000000000     0x21a4
 .debug_str     0x0000000000000000       0xbd Buzzer.o
 .debug_str     0x00000000000000bd      0x33d EEPROM.o
                                        0x455 (size before relaxing)
 .debug_str     0x00000000000003fa      0x2f3 EEPROM_25xx256.o
                                        0x480 (size before relaxing)
 .debug_str     0x00000000000006ed      0x1dc Key_pad_Driver.o
                                        0x3d5 (size before relaxing)
 .debug_str     0x00000000000008c9      0x224 LCD_Driver.o
                                        0x4a5 (size before relaxing)
 .debug_str     0x0000000000000aed      0x71a main.o
                                        0xe1e (size before relaxing)
 .debug_str     0x0000000000001207       0x50 Seven_Segment.o
                                        0x281 (size before relaxing)
 .debug_str     0x0000000000001257       0x7f startup.o
                                        0x1cb (size before relaxing)
 .debug_str     0x00000000000012d6      0x38f Stm32_f10xx_Systick.o
                                        0x573 (size before relaxing)
 .debug_str     0x0000000000001665      0x108 Stm32f10x_SPI.o
                                        0xd23 (size before relaxing)
 .debug_str     0x000000000000176d      0x1a6 Stm32f10x_UART.o
                                        0xf7e (size before relaxing)
 .debug_str     0x0000000000001913      0x28b Stm32f10xx_EXTI.o
                                        0x818 (size before relaxing)
 .debug_str     0x0000000000001b9e       0xff Stm32f10xx_GPIO.o
                                        0x3b2 (size before relaxing)
 .debug_str     0x0000000000001c9d      0x44a Stm32f10xx_I2C.o
                                       0x1107 (size before relaxing)
 .debug_str     0x00000000000020e7       0x99 Stm32f10xx_RCC.o
                                        0x2a8 (size before relaxing)
 .debug_str     0x0000000000002180       0x24 Stm32f10xx_Timers.o
                                        0x32b (size before relaxing)

.comment        0x0000000000000000       0x53
 .comment       0x0000000000000000       0x53 Buzzer.o
                                         0x54 (size before relaxing)
 .comment       0x0000000000000053       0x54 EEPROM.o
 .comment       0x0000000000000053       0x54 EEPROM_25xx256.o
 .comment       0x0000000000000053       0x54 Key_pad_Driver.o
 .comment       0x0000000000000053       0x54 LCD_Driver.o
 .comment       0x0000000000000053       0x54 main.o
 .comment       0x0000000000000053       0x54 Seven_Segment.o
 .comment       0x0000000000000053       0x54 startup.o
 .comment       0x0000000000000053       0x54 Stm32_f10xx_Systick.o
 .comment       0x0000000000000053       0x54 Stm32f10x_SPI.o
 .comment       0x0000000000000053       0x54 Stm32f10x_UART.o
 .comment       0x0000000000000053       0x54 Stm32f10xx_EXTI.o
 .comment       0x0000000000000053       0x54 Stm32f10xx_GPIO.o
 .comment       0x0000000000000053       0x54 Stm32f10xx_I2C.o
 .comment       0x0000000000000053       0x54 Stm32f10xx_RCC.o
 .comment       0x0000000000000053       0x54 Stm32f10xx_Timers.o

.ARM.attributes
                0x0000000000000000       0x33
 .ARM.attributes
                0x0000000000000000       0x33 Buzzer.o
 .ARM.attributes
                0x0000000000000033       0x2d EEPROM.o
 .ARM.attributes
                0x0000000000000060       0x2d EEPROM_25xx256.o
 .ARM.attributes
                0x000000000000008d       0x2d Key_pad_Driver.o
 .ARM.attributes
                0x00000000000000ba       0x2d LCD_Driver.o
 .ARM.attributes
                0x00000000000000e7       0x2d main.o
 .ARM.attributes
                0x0000000000000114       0x2d Seven_Segment.o
 .ARM.attributes
                0x0000000000000141       0x2d startup.o
 .ARM.attributes
                0x000000000000016e       0x2d Stm32_f10xx_Systick.o
 .ARM.attributes
                0x000000000000019b       0x2d Stm32f10x_SPI.o
 .ARM.attributes
                0x00000000000001c8       0x2d Stm32f10x_UART.o
 .ARM.attributes
                0x00000000000001f5       0x2d Stm32f10xx_EXTI.o
 .ARM.attributes
                0x0000000000000222       0x2d Stm32f10xx_GPIO.o
 .ARM.attributes
                0x000000000000024f       0x2d Stm32f10xx_I2C.o
 .ARM.attributes
                0x000000000000027c       0x2d Stm32f10xx_RCC.o
 .ARM.attributes
                0x00000000000002a9       0x2d Stm32f10xx_Timers.o

.debug_info     0x0000000000000000     0x94ae
 .debug_info    0x0000000000000000      0x4db EEPROM.o
 .debug_info    0x00000000000004db      0x5e2 EEPROM_25xx256.o
 .debug_info    0x0000000000000abd      0x560 Key_pad_Driver.o
 .debug_info    0x000000000000101d      0x7b7 LCD_Driver.o
 .debug_info    0x00000000000017d4     0x16f7 main.o
 .debug_info    0x0000000000002ecb      0x2d2 Seven_Segment.o
 .debug_info    0x000000000000319d      0x1a1 startup.o
 .debug_info    0x000000000000333e      0x439 Stm32_f10xx_Systick.o
 .debug_info    0x0000000000003777     0x153a Stm32f10x_SPI.o
 .debug_info    0x0000000000004cb1     0x1855 Stm32f10x_UART.o
 .debug_info    0x0000000000006506      0x89c Stm32f10xx_EXTI.o
 .debug_info    0x0000000000006da2      0x60c Stm32f10xx_GPIO.o
 .debug_info    0x00000000000073ae     0x1a92 Stm32f10xx_I2C.o
 .debug_info    0x0000000000008e40      0x303 Stm32f10xx_RCC.o
 .debug_info    0x0000000000009143      0x36b Stm32f10xx_Timers.o

.debug_abbrev   0x0000000000000000     0x1b0e
 .debug_abbrev  0x0000000000000000      0x17c EEPROM.o
 .debug_abbrev  0x000000000000017c      0x16f EEPROM_25xx256.o
 .debug_abbrev  0x00000000000002eb      0x169 Key_pad_Driver.o
 .debug_abbrev  0x0000000000000454      0x1f6 LCD_Driver.o
 .debug_abbrev  0x000000000000064a      0x21b main.o
 .debug_abbrev  0x0000000000000865      0x11a Seven_Segment.o
 .debug_abbrev  0x000000000000097f       0xe4 startup.o
 .debug_abbrev  0x0000000000000a63      0x143 Stm32_f10xx_Systick.o
 .debug_abbrev  0x0000000000000ba6      0x34c Stm32f10x_SPI.o
 .debug_abbrev  0x0000000000000ef2      0x38d Stm32f10x_UART.o
 .debug_abbrev  0x000000000000127f      0x1cc Stm32f10xx_EXTI.o
 .debug_abbrev  0x000000000000144b      0x175 Stm32f10xx_GPIO.o
 .debug_abbrev  0x00000000000015c0      0x378 Stm32f10xx_I2C.o
 .debug_abbrev  0x0000000000001938       0xfe Stm32f10xx_RCC.o
 .debug_abbrev  0x0000000000001a36       0xd8 Stm32f10xx_Timers.o

.debug_loc      0x0000000000000000     0x2c82
 .debug_loc     0x0000000000000000       0xce EEPROM.o
 .debug_loc     0x00000000000000ce      0x1e0 EEPROM_25xx256.o
 .debug_loc     0x00000000000002ae      0x1ec Key_pad_Driver.o
 .debug_loc     0x000000000000049a      0x4c8 LCD_Driver.o
 .debug_loc     0x0000000000000962       0x64 main.o
 .debug_loc     0x00000000000009c6       0xa0 Seven_Segment.o
 .debug_loc     0x0000000000000a66       0x7c startup.o
 .debug_loc     0x0000000000000ae2       0x88 Stm32_f10xx_Systick.o
 .debug_loc     0x0000000000000b6a      0x5d0 Stm32f10x_SPI.o
 .debug_loc     0x000000000000113a      0x79c Stm32f10x_UART.o
 .debug_loc     0x00000000000018d6      0x41c Stm32f10xx_EXTI.o
 .debug_loc     0x0000000000001cf2      0x3f4 Stm32f10xx_GPIO.o
 .debug_loc     0x00000000000020e6      0xa04 Stm32f10xx_I2C.o
 .debug_loc     0x0000000000002aea      0x13c Stm32f10xx_RCC.o
 .debug_loc     0x0000000000002c26       0x5c Stm32f10xx_Timers.o

.debug_aranges  0x0000000000000000      0x1e0
 .debug_aranges
                0x0000000000000000       0x20 EEPROM.o
 .debug_aranges
                0x0000000000000020       0x20 EEPROM_25xx256.o
 .debug_aranges
                0x0000000000000040       0x20 Key_pad_Driver.o
 .debug_aranges
                0x0000000000000060       0x20 LCD_Driver.o
 .debug_aranges
                0x0000000000000080       0x20 main.o
 .debug_aranges
                0x00000000000000a0       0x20 Seven_Segment.o
 .debug_aranges
                0x00000000000000c0       0x20 startup.o
 .debug_aranges
                0x00000000000000e0       0x20 Stm32_f10xx_Systick.o
 .debug_aranges
                0x0000000000000100       0x20 Stm32f10x_SPI.o
 .debug_aranges
                0x0000000000000120       0x20 Stm32f10x_UART.o
 .debug_aranges
                0x0000000000000140       0x20 Stm32f10xx_EXTI.o
 .debug_aranges
                0x0000000000000160       0x20 Stm32f10xx_GPIO.o
 .debug_aranges
                0x0000000000000180       0x20 Stm32f10xx_I2C.o
 .debug_aranges
                0x00000000000001a0       0x20 Stm32f10xx_RCC.o
 .debug_aranges
                0x00000000000001c0       0x20 Stm32f10xx_Timers.o

.debug_frame    0x0000000000000000     0x1564
 .debug_frame   0x0000000000000000       0x78 EEPROM.o
 .debug_frame   0x0000000000000078       0xe8 EEPROM_25xx256.o
 .debug_frame   0x0000000000000160       0xec Key_pad_Driver.o
 .debug_frame   0x000000000000024c      0x234 LCD_Driver.o
 .debug_frame   0x0000000000000480       0x50 main.o
 .debug_frame   0x00000000000004d0       0x58 Seven_Segment.o
 .debug_frame   0x0000000000000528       0x50 startup.o
 .debug_frame   0x0000000000000578       0x54 Stm32_f10xx_Systick.o
 .debug_frame   0x00000000000005cc      0x2b8 Stm32f10x_SPI.o
 .debug_frame   0x0000000000000884      0x378 Stm32f10x_UART.o
 .debug_frame   0x0000000000000bfc      0x220 Stm32f10xx_EXTI.o
 .debug_frame   0x0000000000000e1c      0x1c8 Stm32f10xx_GPIO.o
 .debug_frame   0x0000000000000fe4      0x494 Stm32f10xx_I2C.o
 .debug_frame   0x0000000000001478       0xb4 Stm32f10xx_RCC.o
 .debug_frame   0x000000000000152c       0x38 Stm32f10xx_Timers.o
