
Allocating common symbols
Common symbol       size              file

GP_EXTI_CallBack    0x40              Stm32f10xx_EXTI.o
tim1_config         0x1c              Stm32f10xx_Timers.o

Memory Configuration

Name             Origin             Length             Attributes
FLASH            0x0000000008000000 0x0000000000020000 xr
SRAM             0x0000000020000000 0x0000000000005000 xrw
*default*        0x0000000000000000 0xffffffffffffffff

Linker script and memory map


.text           0x0000000008000000     0x4b87
 *(.vectors*)
 .vectors       0x0000000008000000       0xec startup.o
                0x0000000008000000                vectors
 *(.text*)
 .text          0x00000000080000ec      0xc2c Application.o
                0x000000000800013c                config_Drives_and_Perpherals
                0x00000000080003cc                Init_Component
                0x0000000008000498                Rx_Uart1
                0x0000000008000610                Rx_Uart2
                0x00000000080006c8                Reaction_Of_Prass
                0x00000000080009d4                Run_Led
                0x0000000008000a1c                Clear_Buffer
                0x0000000008000a56                Convert_uint8_t_to_uint16_t
                0x0000000008000aba                Convert_Buffer8_to_Variable
                0x0000000008000b48                Convert_Buffer16_to_Variable
                0x0000000008000bd6                search_char
                0x0000000008000c4c                Inc_Dec_seven_segment
                0x0000000008000ccc                comapre_two_string
 .text          0x0000000008000d18        0x0 Buffer.o
 .text          0x0000000008000d18        0x0 Buzzer.o
 .text          0x0000000008000d18      0x158 EEPROM.o
                0x0000000008000d18                EEPORM_Init
                0x0000000008000d6c                EEPROM_Write_NBytes
                0x0000000008000e10                EEPROM_Read_Byte
 .text          0x0000000008000e70      0x310 EEPROM_25xx256.o
                0x0000000008000ec0                Init_EEPROM_25x
                0x0000000008000ed2                Status_EEPROM
                0x0000000008000f20                Busy_EEPROM
                0x0000000008000f42                Write_Byte_EEPROM_25xx
                0x0000000008000fec                Write_Bytes_EEPROM_25xx
                0x00000000080010a4                Read_Byte_EEPROM_25xx
                0x0000000008001132                Enable_Write_EEPROM_25xx
 .text          0x0000000008001180      0x2c8 Key_pad_Driver.o
                0x00000000080011d0                Key_pad_init
                0x0000000008001288                Check_Keypad_Pins
                0x00000000080012f0                Set_Key_Drain_Pins
                0x0000000008001364                Check_Key_Soruce_Pins
                0x00000000080013b0                Check_Prass_Button
 .text          0x0000000008001448      0x664 LCD_Driver.o
                0x0000000008001498                Kick_Enable_pin
                0x00000000080014ce                LCD_init
                0x00000000080015ec                Check_BF
                0x0000000008001680                Shift_R_Cursor
                0x0000000008001698                Shift_L_Cursor
                0x00000000080016b0                Read_Cursor_Add
                0x00000000080016c4                Write_Character
                0x0000000008001798                Write_Character_with_coordinator
                0x00000000080017fe                Write_String
                0x000000000800182e                Write_String_with_coordinator
                0x000000000800187c                Jump_to_coordinator
                0x00000000080018b4                Write_Command
                0x0000000008001986                write_with_move
                0x0000000008001a94                clean_Lcd
 .text          0x0000000008001aac       0x18 main.o
                0x0000000008001aac                main
 .text          0x0000000008001ac4       0x6c Send_Atmega32.o
                0x0000000008001ac4                Send_to_controller
 .text          0x0000000008001b30       0xbc Seven_Segment.o
                0x0000000008001b30                init_seven_segment
                0x0000000008001b86                Display_seven_segment
 .text          0x0000000008001bec       0x8c startup.o
                0x0000000008001bec                FLASH_Handler
                0x0000000008001bec                SVCall_Handler
                0x0000000008001bec                SysTick_Handler
                0x0000000008001bec                PendSv_Handler
                0x0000000008001bec                DMA1_Channel7_Handler
                0x0000000008001bec                NMI_Handler
                0x0000000008001bec                DMA1_Channel6_Handler
                0x0000000008001bec                CAN1_RX1_Handler
                0x0000000008001bec                Bus_Fault_Handler
                0x0000000008001bec                ADC1_2_Handler
                0x0000000008001bec                WWDG_Handler
                0x0000000008001bec                DMA1_Channel1_Handler
                0x0000000008001bec                RTC_Handler
                0x0000000008001bec                TIM1_CC_Handler
                0x0000000008001bec                CAN1_SCE_Handler
                0x0000000008001bec                TIM1_BRK_Handler
                0x0000000008001bec                MM_Fault_Handler
                0x0000000008001bec                TEMPER_Handler
                0x0000000008001bec                TIM2_Handler
                0x0000000008001bec                DMA1_Channel4_Handler
                0x0000000008001bec                TIM3_Handler
                0x0000000008001bec                Default_Handler
                0x0000000008001bec                USBWakeUp_Handler
                0x0000000008001bec                DMA1_Channel3_Handler
                0x0000000008001bec                RTC_Alarm_Handler
                0x0000000008001bec                TIM4_Handler
                0x0000000008001bec                DMA1_Channel2_Handler
                0x0000000008001bec                Usage_Fault_Handler
                0x0000000008001bec                TIM1_UP_Handler
                0x0000000008001bec                DMA1_Channel5_Handler
                0x0000000008001bec                DebugMonitor_Handler
                0x0000000008001bec                RCC_Handler
                0x0000000008001bec                PVD_Handler
                0x0000000008001bec                Hard_Fault_Handler
                0x0000000008001bec                USB_LP_CAN1_RX0_Handler
                0x0000000008001bec                USB_HP_CAN1_TX_Handler
                0x0000000008001bec                TIM1_TRG_COM_Handler
                0x0000000008001bf8                Rest_Handler
 .text          0x0000000008001c78       0xa4 Stm32_f10xx_Systick.o
                0x0000000008001cb0                Init_Systick
 .text          0x0000000008001d1c      0x86c Stm32f10x_SPI.o
                0x0000000008001d90                Init_SPI
                0x0000000008002020                Deinit_SPI
                0x000000000800209c                SPI_Send_Char
                0x00000000080020d6                SPI_Receive_Char
                0x0000000008002114                SPI_Send_String
                0x0000000008002164                SPI_Receive_String
                0x00000000080021c8                Tx_Empty_CallBack
                0x00000000080021da                RX_Empty_CallBack
                0x00000000080021ec                Fault_Event_CallBack
                0x00000000080021fe                Overrun_CallBack
                0x0000000008002210                CRC_CallBack
                0x0000000008002222                Select_SPI_Pins_datasheet
                0x00000000080022c0                Config_SPI_Pins
                0x0000000008002414                SPI1_Handler
                0x0000000008002490                SPI2_Handler
                0x0000000008002510                SPI_Tx_Rx_Char
 .text          0x0000000008002588      0x98c Stm32f10x_UART.o
                0x000000000800264c                Set_BaudRate
                0x0000000008002714                Get_BaudRate
                0x0000000008002728                Init_Uart
                0x0000000008002a00                DeInit_Uart
                0x0000000008002a7c                _Config_GPIO_f
                0x0000000008002b60                Send_Char_Uart
                0x0000000008002bb4                Receive_Char_Uart
                0x0000000008002c48                Receive_String_Uart
                0x0000000008002c74                Send_String_Uart
                0x0000000008002cae                USART1_Handler
                0x0000000008002d70                USART2_Handler
                0x0000000008002e34                USART3_Handler
                0x0000000008002e40                Parity_CallBack_UART
                0x0000000008002e52                Error_CallBack_UART
                0x0000000008002e64                Tx_CallBack_UART
                0x0000000008002e76                Tx_Comp_CallBack_UART
                0x0000000008002e88                Rx_CallBack_UART
                0x0000000008002edc                IDLE_CallBack_UART
                0x0000000008002eee                Lin_BK_CallBack_UART
                0x0000000008002f00                FlowCt_CallBack_UART
 .text          0x0000000008002f14      0x4d4 Stm32f10xx_EXTI.o
                0x0000000008002f88                NVIC_EXTI_Clear_Handler
                0x0000000008002fb0                Init_EXTI
                0x0000000008002fc6                Deinit_EXTI
                0x0000000008003070                Upadate_EXTI
                0x0000000008003086                Config_EXTI
                0x00000000080031cc                NVIC_Enable_IRQ
                0x00000000080031e8                NVIC_Disable_IRQ
                0x0000000008003204                EXTI0_Handler
                0x000000000800321c                EXTI1_Handler
                0x0000000008003234                EXTI2_Handler
                0x000000000800324c                EXTI3_Handler
                0x0000000008003264                EXTI4_Handler
                0x000000000800327c                EXTI9_5_Handler
                0x0000000008003324                EXTI15_10_Handler
 .text          0x00000000080033e8      0x488 Stm32f10xx_GPIO.o
                0x00000000080033e8                Init_GPIO
                0x000000000800363c                Set_pin
                0x0000000008003658                Reset_pin
                0x0000000008003678                Change_State_Pin
                0x00000000080036aa                Toggle_pin
                0x00000000080036cc                Read_pin
                0x00000000080036f4                Set_GPIO_Value
                0x000000000800370e                Reset_GPIO
                0x000000000800372c                Read_GPIO
                0x0000000008003744                Lock_GPIO
                0x000000000800379e                Deinit_GPIO
 .text          0x0000000008003870      0xeb4 Stm32f10xx_I2C.o
                0x00000000080038e4                I2C_Init
                0x0000000008003c70                I2C_Deinit
                0x0000000008003cc8                I2C_Master_Write
                0x0000000008003d78                I2C_GenerateStop
                0x0000000008003db8                I2C_Send_Add
                0x0000000008003e32                I2C_Master_Read
                0x0000000008003eea                I2C_Slave_Write_IT
                0x0000000008003f18                I2C_Slave_Read_IT
                0x0000000008003f50                I2C_Slave_Write
                0x0000000008003fbe                I2C_Slave_Read
                0x0000000008004016                I2C_GenerateStart
                0x000000000800406e                I2C_Get_FlagStatus
                0x0000000008004374                I2C_Enable_ACK
                0x0000000008004396                I2C_Disable_ACK
                0x00000000080043b8                SB_CallBack_I2C
                0x00000000080043ca                ADDR_CallBack_I2C
                0x000000000800440c                ADDR10_CallBack_I2C
                0x0000000008004426                STOPF_CallBack_I2C
                0x0000000008004438                BTF_CallBack_I2C
                0x000000000800444a                TXE_CallBack_I2C
                0x000000000800447c                RXNE_CallBack_I2C
                0x00000000080044ae                OVR_CallBack_I2C
                0x00000000080044c0                TIMEOUT_CallBack_I2C
                0x00000000080044d2                AF_CallBack_I2C
                0x0000000008004502                I2C1_EV_Handler
                0x00000000080045b8                I2C1_ER_Handler
                0x00000000080045c4                I2C2_EV_Handler
                0x0000000008004678                I2C2_ER_Handler
                0x0000000008004684                I2C_Clock_Config_Pins
 .text          0x0000000008004724      0x1a4 Stm32f10xx_RCC.o
                0x0000000008004724                Get_Systick_Freq
                0x0000000008004810                Get_HCLK_Freq
                0x000000000800483c                Get_APB1_Freq
                0x0000000008004864                Get_APB2_Freq
                0x000000000800488c                Set_HSE_CLK_Freq
 .text          0x00000000080048c8       0x70 Stm32f10xx_Timers.o
                0x00000000080048c8                Init_Timer
 *(.rodata)
 .rodata        0x0000000008004938        0xc Key_pad_Driver.o
                0x0000000008004938                KeyPad_Keys
 .rodata        0x0000000008004944      0x200 Stm32f10xx_EXTI.o
                0x0000000008004944                EXTI_Streem
 .rodata        0x0000000008004b44       0x43 Stm32f10xx_RCC.o
                0x0000000008004b87                _E_text = .

.glue_7         0x0000000008004b88        0x0
 .glue_7        0x0000000008004b88        0x0 linker stubs

.glue_7t        0x0000000008004b88        0x0
 .glue_7t       0x0000000008004b88        0x0 linker stubs

.vfp11_veneer   0x0000000008004b88        0x0
 .vfp11_veneer  0x0000000008004b88        0x0 linker stubs

.v4_bx          0x0000000008004b88        0x0
 .v4_bx         0x0000000008004b88        0x0 linker stubs

.iplt           0x0000000008004b88        0x0
 .iplt          0x0000000008004b88        0x0 Application.o

.rel.dyn        0x0000000008004b88        0x0
 .rel.iplt      0x0000000008004b88        0x0 Application.o

.data           0x0000000020000000      0x2d0 load address 0x0000000008004b87
                0x0000000020000000                _S_DATA = .
 *(.data)
 .data          0x0000000020000000      0x2bf Application.o
                0x0000000020000000                Max_Grag
                0x0000000020000004                _Display_Welcom
                0x0000000020000014                _Display_Put_Card
                0x0000000020000024                _Display_There_is_an
                0x0000000020000034                _Display_There_is_no
                0x0000000020000048                _Display_Empty_Garage
                0x000000002000005c                _Display_Sorry
                0x0000000020000070                _Display_Try_again
                0x0000000020000084                _Display_Opened_Gate
                0x0000000020000098                _Display_Closed_Gate
                0x00000000200000ac                _Display_Correct_ID
                0x00000000200000c0                _Display_Not_Correct_ID
                0x00000000200000d4                _Dispay_Exit_admin_mode
                0x00000000200000f8                _Display_Welcome_Admin
                0x000000002000012c                _Display_1_Add_ID
                0x0000000020000144                _Display_2_Remove_ID
                0x0000000020000164                _Display_Hash_Exit
                0x0000000020000190                _Display_Enter_ID
                0x00000000200001ac                _Display_Enter
                0x00000000200001b4                _Display_Worng_Entry
                0x00000000200001e8                _Display_ID_Added
                0x0000000020000200                _Dispay_ID_Removed
                0x000000002000022c                _Display_Try_Enter_Again
                0x0000000020000258                _Display_Enter_Admin_ID
                0x0000000020000288                correct_character
                0x0000000020000294                Reset_Data
                0x000000002000029c                First_ID
                0x00000000200002a4                Second_ID
                0x00000000200002ac                Third_ID
                0x00000000200002b4                Fourth_ID
                0x00000000200002bc                Admin_Pass
 .data          0x00000000200002bf        0x0 Buffer.o
 .data          0x00000000200002bf        0x0 Buzzer.o
 .data          0x00000000200002bf        0x0 EEPROM.o
 .data          0x00000000200002bf        0x0 EEPROM_25xx256.o
 .data          0x00000000200002bf        0x0 Key_pad_Driver.o
 *fill*         0x00000000200002bf        0x1 
 .data          0x00000000200002c0        0x4 LCD_Driver.o
 .data          0x00000000200002c4        0x0 main.o
 .data          0x00000000200002c4        0xc Send_Atmega32.o
                0x00000000200002c4                NSS_Ports_SPI1
                0x00000000200002cc                NSS_Pins_SPI1
 .data          0x00000000200002d0        0x0 Seven_Segment.o
 .data          0x00000000200002d0        0x0 startup.o
 .data          0x00000000200002d0        0x0 Stm32_f10xx_Systick.o
 .data          0x00000000200002d0        0x0 Stm32f10x_SPI.o
 .data          0x00000000200002d0        0x0 Stm32f10x_UART.o
 .data          0x00000000200002d0        0x0 Stm32f10xx_EXTI.o
 .data          0x00000000200002d0        0x0 Stm32f10xx_GPIO.o
 .data          0x00000000200002d0        0x0 Stm32f10xx_I2C.o
 .data          0x00000000200002d0        0x0 Stm32f10xx_RCC.o
 .data          0x00000000200002d0        0x0 Stm32f10xx_Timers.o
 *(.data.*)
                0x00000000200002d0                _E_DATA = .

.igot.plt       0x00000000200002d0        0x0 load address 0x0000000008004e57
 .igot.plt      0x00000000200002d0        0x0 Application.o

.bss            0x00000000200002d0      0xd4c load address 0x0000000008004e57
                0x00000000200002d0                _S_bss = .
 *(.bss)
 .bss           0x00000000200002d0      0x4ac Application.o
                0x00000000200002d0                LEDS
                0x00000000200002e4                Lcd_config
                0x0000000020000304                key_pad_config
                0x0000000020000314                seven_config
                0x0000000020000320                uart1_config
                0x0000000020000358                uart2_config
                0x0000000020000390                spi1_config
                0x00000000200003bc                spi2_config
                0x00000000200003e8                spi3_config
                0x0000000020000414                i2c1_config
                0x0000000020000474                i2c2_config
                0x00000000200004d4                NSS_EEPROM
                0x00000000200004e8                NSS_ATmega1
                0x00000000200004fc                NSS_ATmega2
                0x0000000020000510                EEPORM_25xx_config
                0x000000002000051c                Input_ID
                0x000000002000052c                Input_ID_counter
                0x0000000020000530                Output_ID
                0x0000000020000540                Output_ID_counter
                0x0000000020000544                ID_data
                0x000000002000054c                Key_Buffer
                0x0000000020000554                Key_Buffer_counter
                0x0000000020000555                Admin_mode
                0x0000000020000556                Admin_state
                0x0000000020000558                uart1_buffer
 .bss           0x000000002000077c        0x0 Buffer.o
 .bss           0x000000002000077c        0x0 Buzzer.o
 .bss           0x000000002000077c        0x0 EEPROM.o
 .bss           0x000000002000077c        0x0 EEPROM_25xx256.o
 .bss           0x000000002000077c       0x24 Key_pad_Driver.o
                0x000000002000079c                GPIOx
 .bss           0x00000000200007a0        0xd LCD_Driver.o
 .bss           0x00000000200007ad        0x0 main.o
 .bss           0x00000000200007ad        0x0 Send_Atmega32.o
 *fill*         0x00000000200007ad        0x3 
 .bss           0x00000000200007b0       0x28 Seven_Segment.o
                0x00000000200007b0                numbers
 .bss           0x00000000200007d8        0x0 startup.o
 .bss           0x00000000200007d8       0x10 Stm32_f10xx_Systick.o
                0x00000000200007d8                Systick_API
 .bss           0x00000000200007e8        0x2 Stm32f10x_SPI.o
 .bss           0x00000000200007ea        0x0 Stm32f10x_UART.o
 .bss           0x00000000200007ea        0x0 Stm32f10xx_EXTI.o
 .bss           0x00000000200007ea        0x0 Stm32f10xx_GPIO.o
 .bss           0x00000000200007ea        0x0 Stm32f10xx_I2C.o
 *fill*         0x00000000200007ea        0x2 
 .bss           0x00000000200007ec        0x4 Stm32f10xx_RCC.o
 .bss           0x00000000200007f0        0x0 Stm32f10xx_Timers.o
 *(.bss.*)
                0x00000000200007f0                . = ALIGN (0x4)
                0x00000000200007f0                _E_bss = .
                0x00000000200007f0                . = ALIGN (0x4)
                0x0000000020000bd8                . = (. + 0x3e8)
 *fill*         0x00000000200007f0      0x3e8 
                0x0000000020000bd8                _heap_End = .
                0x0000000020000bd8                . = ALIGN (0x4)
                0x0000000020000fc0                . = (. + 0x3e8)
 *fill*         0x0000000020000bd8      0x3e8 
                0x0000000020000fc0                _stack_top = .
 COMMON         0x0000000020000fc0       0x40 Stm32f10xx_EXTI.o
                0x0000000020000fc0                GP_EXTI_CallBack
 COMMON         0x0000000020001000       0x1c Stm32f10xx_Timers.o
                0x0000000020001000                tim1_config
LOAD Application.o
LOAD Buffer.o
LOAD Buzzer.o
LOAD EEPROM.o
LOAD EEPROM_25xx256.o
LOAD Key_pad_Driver.o
LOAD LCD_Driver.o
LOAD main.o
LOAD Send_Atmega32.o
LOAD Seven_Segment.o
LOAD startup.o
LOAD Stm32_f10xx_Systick.o
LOAD Stm32f10x_SPI.o
LOAD Stm32f10x_UART.o
LOAD Stm32f10xx_EXTI.o
LOAD Stm32f10xx_GPIO.o
LOAD Stm32f10xx_I2C.o
LOAD Stm32f10xx_RCC.o
LOAD Stm32f10xx_Timers.o
OUTPUT(learn_embedded.axf elf32-littlearm)
LOAD linker stubs

.debug_info     0x0000000000000000     0xd087
 .debug_info    0x0000000000000000     0x218d Application.o
 .debug_info    0x000000000000218d      0x4db EEPROM.o
 .debug_info    0x0000000000002668     0x1041 EEPROM_25xx256.o
 .debug_info    0x00000000000036a9     0x1169 Key_pad_Driver.o
 .debug_info    0x0000000000004812      0x7b7 LCD_Driver.o
 .debug_info    0x0000000000004fc9      0xd67 main.o
 .debug_info    0x0000000000005d30      0xd68 Send_Atmega32.o
 .debug_info    0x0000000000006a98      0x2d6 Seven_Segment.o
 .debug_info    0x0000000000006d6e      0x1a1 startup.o
 .debug_info    0x0000000000006f0f      0x439 Stm32_f10xx_Systick.o
 .debug_info    0x0000000000007348     0x154b Stm32f10x_SPI.o
 .debug_info    0x0000000000008893     0x184c Stm32f10x_UART.o
 .debug_info    0x000000000000a0df      0x89c Stm32f10xx_EXTI.o
 .debug_info    0x000000000000a97b      0x60c Stm32f10xx_GPIO.o
 .debug_info    0x000000000000af87     0x1a92 Stm32f10xx_I2C.o
 .debug_info    0x000000000000ca19      0x303 Stm32f10xx_RCC.o
 .debug_info    0x000000000000cd1c      0x36b Stm32f10xx_Timers.o

.debug_abbrev   0x0000000000000000     0x21dc
 .debug_abbrev  0x0000000000000000      0x305 Application.o
 .debug_abbrev  0x0000000000000305      0x17c EEPROM.o
 .debug_abbrev  0x0000000000000481      0x259 EEPROM_25xx256.o
 .debug_abbrev  0x00000000000006da      0x286 Key_pad_Driver.o
 .debug_abbrev  0x0000000000000960      0x1f6 LCD_Driver.o
 .debug_abbrev  0x0000000000000b56      0x1b6 main.o
 .debug_abbrev  0x0000000000000d0c      0x1f8 Send_Atmega32.o
 .debug_abbrev  0x0000000000000f04      0x138 Seven_Segment.o
 .debug_abbrev  0x000000000000103c       0xe4 startup.o
 .debug_abbrev  0x0000000000001120      0x143 Stm32_f10xx_Systick.o
 .debug_abbrev  0x0000000000001263      0x34c Stm32f10x_SPI.o
 .debug_abbrev  0x00000000000015af      0x39e Stm32f10x_UART.o
 .debug_abbrev  0x000000000000194d      0x1cc Stm32f10xx_EXTI.o
 .debug_abbrev  0x0000000000001b19      0x175 Stm32f10xx_GPIO.o
 .debug_abbrev  0x0000000000001c8e      0x378 Stm32f10xx_I2C.o
 .debug_abbrev  0x0000000000002006       0xfe Stm32f10xx_RCC.o
 .debug_abbrev  0x0000000000002104       0xd8 Stm32f10xx_Timers.o

.debug_loc      0x0000000000000000     0x31b2
 .debug_loc     0x0000000000000000      0x46c Application.o
 .debug_loc     0x000000000000046c       0xce EEPROM.o
 .debug_loc     0x000000000000053a      0x298 EEPROM_25xx256.o
 .debug_loc     0x00000000000007d2      0x1f8 Key_pad_Driver.o
 .debug_loc     0x00000000000009ca      0x4c8 LCD_Driver.o
 .debug_loc     0x0000000000000e92       0x2c main.o
 .debug_loc     0x0000000000000ebe       0x50 Send_Atmega32.o
 .debug_loc     0x0000000000000f0e       0xa0 Seven_Segment.o
 .debug_loc     0x0000000000000fae       0x7c startup.o
 .debug_loc     0x000000000000102a       0x88 Stm32_f10xx_Systick.o
 .debug_loc     0x00000000000010b2      0x5d0 Stm32f10x_SPI.o
 .debug_loc     0x0000000000001682      0x784 Stm32f10x_UART.o
 .debug_loc     0x0000000000001e06      0x41c Stm32f10xx_EXTI.o
 .debug_loc     0x0000000000002222      0x3f4 Stm32f10xx_GPIO.o
 .debug_loc     0x0000000000002616      0xa04 Stm32f10xx_I2C.o
 .debug_loc     0x000000000000301a      0x13c Stm32f10xx_RCC.o
 .debug_loc     0x0000000000003156       0x5c Stm32f10xx_Timers.o

.debug_aranges  0x0000000000000000      0x220
 .debug_aranges
                0x0000000000000000       0x20 Application.o
 .debug_aranges
                0x0000000000000020       0x20 EEPROM.o
 .debug_aranges
                0x0000000000000040       0x20 EEPROM_25xx256.o
 .debug_aranges
                0x0000000000000060       0x20 Key_pad_Driver.o
 .debug_aranges
                0x0000000000000080       0x20 LCD_Driver.o
 .debug_aranges
                0x00000000000000a0       0x20 main.o
 .debug_aranges
                0x00000000000000c0       0x20 Send_Atmega32.o
 .debug_aranges
                0x00000000000000e0       0x20 Seven_Segment.o
 .debug_aranges
                0x0000000000000100       0x20 startup.o
 .debug_aranges
                0x0000000000000120       0x20 Stm32_f10xx_Systick.o
 .debug_aranges
                0x0000000000000140       0x20 Stm32f10x_SPI.o
 .debug_aranges
                0x0000000000000160       0x20 Stm32f10x_UART.o
 .debug_aranges
                0x0000000000000180       0x20 Stm32f10xx_EXTI.o
 .debug_aranges
                0x00000000000001a0       0x20 Stm32f10xx_GPIO.o
 .debug_aranges
                0x00000000000001c0       0x20 Stm32f10xx_I2C.o
 .debug_aranges
                0x00000000000001e0       0x20 Stm32f10xx_RCC.o
 .debug_aranges
                0x0000000000000200       0x20 Stm32f10xx_Timers.o

.debug_line     0x0000000000000000     0x5109
 .debug_line    0x0000000000000000      0x7a3 Application.o
 .debug_line    0x00000000000007a3        0x0 Buffer.o
 .debug_line    0x00000000000007a3        0x0 Buzzer.o
 .debug_line    0x00000000000007a3      0x26c EEPROM.o
 .debug_line    0x0000000000000a0f      0x3ee EEPROM_25xx256.o
 .debug_line    0x0000000000000dfd      0x4bb Key_pad_Driver.o
 .debug_line    0x00000000000012b8      0x470 LCD_Driver.o
 .debug_line    0x0000000000001728      0x314 main.o
 .debug_line    0x0000000000001a3c      0x2f2 Send_Atmega32.o
 .debug_line    0x0000000000001d2e      0x270 Seven_Segment.o
 .debug_line    0x0000000000001f9e      0x240 startup.o
 .debug_line    0x00000000000021de      0x287 Stm32_f10xx_Systick.o
 .debug_line    0x0000000000002465      0x8b5 Stm32f10x_SPI.o
 .debug_line    0x0000000000002d1a      0x932 Stm32f10x_UART.o
 .debug_line    0x000000000000364c      0x48c Stm32f10xx_EXTI.o
 .debug_line    0x0000000000003ad8      0x433 Stm32f10xx_GPIO.o
 .debug_line    0x0000000000003f0b      0xceb Stm32f10xx_I2C.o
 .debug_line    0x0000000000004bf6      0x2cc Stm32f10xx_RCC.o
 .debug_line    0x0000000000004ec2      0x247 Stm32f10xx_Timers.o

.debug_str      0x0000000000000000     0x26c9
 .debug_str     0x0000000000000000     0x129f Application.o
                                       0x13d5 (size before relaxing)
 .debug_str     0x000000000000129f        0x9 Buffer.o
                                         0xbd (size before relaxing)
 .debug_str     0x00000000000012a8        0x9 Buzzer.o
                                         0xbd (size before relaxing)
 .debug_str     0x00000000000012b1       0xbc EEPROM.o
                                        0x455 (size before relaxing)
 .debug_str     0x000000000000136d       0xf8 EEPROM_25xx256.o
                                        0x8fc (size before relaxing)
 .debug_str     0x0000000000001465       0xf2 Key_pad_Driver.o
                                        0x947 (size before relaxing)
 .debug_str     0x0000000000001557      0x179 LCD_Driver.o
                                        0x4a5 (size before relaxing)
 .debug_str     0x00000000000016d0        0xc main.o
                                        0x74f (size before relaxing)
 .debug_str     0x00000000000016dc       0x51 Send_Atmega32.o
                                        0x7bf (size before relaxing)
 .debug_str     0x000000000000172d       0x50 Seven_Segment.o
                                        0x281 (size before relaxing)
 .debug_str     0x000000000000177d       0x7f startup.o
                                        0x1cb (size before relaxing)
 .debug_str     0x00000000000017fc      0x38f Stm32_f10xx_Systick.o
                                        0x573 (size before relaxing)
 .debug_str     0x0000000000001b8b      0x114 Stm32f10x_SPI.o
                                        0xd31 (size before relaxing)
 .debug_str     0x0000000000001c9f      0x199 Stm32f10x_UART.o
                                        0xf9c (size before relaxing)
 .debug_str     0x0000000000001e38      0x28b Stm32f10xx_EXTI.o
                                        0x818 (size before relaxing)
 .debug_str     0x00000000000020c3       0xff Stm32f10xx_GPIO.o
                                        0x3b2 (size before relaxing)
 .debug_str     0x00000000000021c2      0x44a Stm32f10xx_I2C.o
                                       0x1107 (size before relaxing)
 .debug_str     0x000000000000260c       0x99 Stm32f10xx_RCC.o
                                        0x2a8 (size before relaxing)
 .debug_str     0x00000000000026a5       0x24 Stm32f10xx_Timers.o
                                        0x32b (size before relaxing)

.comment        0x0000000000000000       0x53
 .comment       0x0000000000000000       0x53 Application.o
                                         0x54 (size before relaxing)
 .comment       0x0000000000000053       0x54 Buffer.o
 .comment       0x0000000000000053       0x54 Buzzer.o
 .comment       0x0000000000000053       0x54 EEPROM.o
 .comment       0x0000000000000053       0x54 EEPROM_25xx256.o
 .comment       0x0000000000000053       0x54 Key_pad_Driver.o
 .comment       0x0000000000000053       0x54 LCD_Driver.o
 .comment       0x0000000000000053       0x54 main.o
 .comment       0x0000000000000053       0x54 Send_Atmega32.o
 .comment       0x0000000000000053       0x54 Seven_Segment.o
 .comment       0x0000000000000053       0x54 startup.o
 .comment       0x0000000000000053       0x54 Stm32_f10xx_Systick.o
 .comment       0x0000000000000053       0x54 Stm32f10x_SPI.o
 .comment       0x0000000000000053       0x54 Stm32f10x_UART.o
 .comment       0x0000000000000053       0x54 Stm32f10xx_EXTI.o
 .comment       0x0000000000000053       0x54 Stm32f10xx_GPIO.o
 .comment       0x0000000000000053       0x54 Stm32f10xx_I2C.o
 .comment       0x0000000000000053       0x54 Stm32f10xx_RCC.o
 .comment       0x0000000000000053       0x54 Stm32f10xx_Timers.o

.ARM.attributes
                0x0000000000000000       0x2d
 .ARM.attributes
                0x0000000000000000       0x2d Application.o
 .ARM.attributes
                0x000000000000002d       0x33 Buffer.o
 .ARM.attributes
                0x0000000000000060       0x33 Buzzer.o
 .ARM.attributes
                0x0000000000000093       0x2d EEPROM.o
 .ARM.attributes
                0x00000000000000c0       0x2d EEPROM_25xx256.o
 .ARM.attributes
                0x00000000000000ed       0x2d Key_pad_Driver.o
 .ARM.attributes
                0x000000000000011a       0x2d LCD_Driver.o
 .ARM.attributes
                0x0000000000000147       0x2d main.o
 .ARM.attributes
                0x0000000000000174       0x2d Send_Atmega32.o
 .ARM.attributes
                0x00000000000001a1       0x2d Seven_Segment.o
 .ARM.attributes
                0x00000000000001ce       0x2d startup.o
 .ARM.attributes
                0x00000000000001fb       0x2d Stm32_f10xx_Systick.o
 .ARM.attributes
                0x0000000000000228       0x2d Stm32f10x_SPI.o
 .ARM.attributes
                0x0000000000000255       0x2d Stm32f10x_UART.o
 .ARM.attributes
                0x0000000000000282       0x2d Stm32f10xx_EXTI.o
 .ARM.attributes
                0x00000000000002af       0x2d Stm32f10xx_GPIO.o
 .ARM.attributes
                0x00000000000002dc       0x2d Stm32f10xx_I2C.o
 .ARM.attributes
                0x0000000000000309       0x2d Stm32f10xx_RCC.o
 .ARM.attributes
                0x0000000000000336       0x2d Stm32f10xx_Timers.o

.debug_frame    0x0000000000000000     0x1800
 .debug_frame   0x0000000000000000      0x230 Application.o
 .debug_frame   0x0000000000000230       0x78 EEPROM.o
 .debug_frame   0x00000000000002a8      0x144 EEPROM_25xx256.o
 .debug_frame   0x00000000000003ec       0xf0 Key_pad_Driver.o
 .debug_frame   0x00000000000004dc      0x234 LCD_Driver.o
 .debug_frame   0x0000000000000710       0x2c main.o
 .debug_frame   0x000000000000073c       0x34 Send_Atmega32.o
 .debug_frame   0x0000000000000770       0x58 Seven_Segment.o
 .debug_frame   0x00000000000007c8       0x50 startup.o
 .debug_frame   0x0000000000000818       0x54 Stm32_f10xx_Systick.o
 .debug_frame   0x000000000000086c      0x2b8 Stm32f10x_SPI.o
 .debug_frame   0x0000000000000b24      0x374 Stm32f10x_UART.o
 .debug_frame   0x0000000000000e98      0x220 Stm32f10xx_EXTI.o
 .debug_frame   0x00000000000010b8      0x1c8 Stm32f10xx_GPIO.o
 .debug_frame   0x0000000000001280      0x494 Stm32f10xx_I2C.o
 .debug_frame   0x0000000000001714       0xb4 Stm32f10xx_RCC.o
 .debug_frame   0x00000000000017c8       0x38 Stm32f10xx_Timers.o
