
Allocating common symbols
Common symbol       size              file

GP_EXTI_CallBack    0x40              Stm32f10xx_EXTI.o
tim1_config         0x1c              Stm32f10xx_Timers.o

Memory Configuration

Name             Origin             Length             Attributes
FLASH            0x0000000008000000 0x0000000000020000 xr
SRAM             0x0000000020000000 0x0000000000005000 xrw
*default*        0x0000000000000000 0xffffffffffffffff

Linker script and memory map


.text           0x0000000008000000     0x3d6b
 *(.vectors*)
 .vectors       0x0000000008000000       0xec startup.o
                0x0000000008000000                vectors
 *(.text*)
 .text          0x00000000080000ec        0x0 Buzzer.o
 .text          0x00000000080000ec      0x158 EEPROM.o
                0x00000000080000ec                EEPORM_Init
                0x0000000008000140                EEPROM_Write_NBytes
                0x00000000080001e4                EEPROM_Read_Byte
 .text          0x0000000008000244      0x238 EEPROM_25xx256.o
                0x0000000008000244                Init_EEPROM_25x
                0x00000000080002d4                Send_CMD
                0x0000000008000300                Write_Byte_EEPROM_25xx
                0x0000000008000370                Write_Bytes_EEPROM_25xx
                0x00000000080003dc                Read_Byte_EEPROM_25xx
                0x0000000008000434                Enable_Write_EEPROM_25xx
 .text          0x000000000800047c      0x294 Key_pad_Driver.o
                0x000000000800047c                Key_pad_init
                0x0000000008000534                Check_Keypad_Pins
                0x000000000800059c                Set_Key_Drain_Pins
                0x0000000008000614                Check_Key_Soruce_Pins
                0x0000000008000660                Reaction_Of_Prass
                0x0000000008000694                Check_Prass_Button
 .text          0x0000000008000710      0x64c LCD_Driver.o
                0x0000000008000760                Kick_Enable_pin
                0x0000000008000790                LCD_init
                0x000000000800089e                Check_BF
                0x0000000008000930                Shift_R_Cursor
                0x0000000008000948                Shift_L_Cursor
                0x0000000008000960                Read_Cursor_Add
                0x0000000008000974                Write_Character
                0x0000000008000a48                Write_Character_with_coordinator
                0x0000000008000ab4                Write_String
                0x0000000008000ae4                Write_String_with_coordinator
                0x0000000008000b2c                Jump_to_coordinator
                0x0000000008000b64                Write_Command
                0x0000000008000c36                write_with_move
                0x0000000008000d44                clean_Lcd
 .text          0x0000000008000d5c       0x78 main.o
                0x0000000008000d5c                main
                0x0000000008000d80                config
 .text          0x0000000008000dd4       0xb2 Seven_Segment.o
                0x0000000008000dd4                init_seven_segment
                0x0000000008000e2a                Display_seven_segment
 *fill*         0x0000000008000e86        0x2 
 .text          0x0000000008000e88       0x8c startup.o
                0x0000000008000e88                FLASH_Handler
                0x0000000008000e88                SVCall_Handler
                0x0000000008000e88                SysTick_Handler
                0x0000000008000e88                PendSv_Handler
                0x0000000008000e88                DMA1_Channel7_Handler
                0x0000000008000e88                NMI_Handler
                0x0000000008000e88                DMA1_Channel6_Handler
                0x0000000008000e88                CAN1_RX1_Handler
                0x0000000008000e88                Bus_Fault_Handler
                0x0000000008000e88                ADC1_2_Handler
                0x0000000008000e88                WWDG_Handler
                0x0000000008000e88                DMA1_Channel1_Handler
                0x0000000008000e88                RTC_Handler
                0x0000000008000e88                TIM1_CC_Handler
                0x0000000008000e88                CAN1_SCE_Handler
                0x0000000008000e88                TIM1_BRK_Handler
                0x0000000008000e88                MM_Fault_Handler
                0x0000000008000e88                TEMPER_Handler
                0x0000000008000e88                TIM2_Handler
                0x0000000008000e88                DMA1_Channel4_Handler
                0x0000000008000e88                TIM3_Handler
                0x0000000008000e88                Default_Handler
                0x0000000008000e88                USBWakeUp_Handler
                0x0000000008000e88                DMA1_Channel3_Handler
                0x0000000008000e88                RTC_Alarm_Handler
                0x0000000008000e88                TIM4_Handler
                0x0000000008000e88                DMA1_Channel2_Handler
                0x0000000008000e88                Usage_Fault_Handler
                0x0000000008000e88                TIM1_UP_Handler
                0x0000000008000e88                DMA1_Channel5_Handler
                0x0000000008000e88                DebugMonitor_Handler
                0x0000000008000e88                RCC_Handler
                0x0000000008000e88                PVD_Handler
                0x0000000008000e88                Hard_Fault_Handler
                0x0000000008000e88                USB_LP_CAN1_RX0_Handler
                0x0000000008000e88                USB_HP_CAN1_TX_Handler
                0x0000000008000e88                TIM1_TRG_COM_Handler
                0x0000000008000e94                Rest_Handler
 .text          0x0000000008000f14       0xa4 Stm32_f10xx_Systick.o
                0x0000000008000f4c                Init_Systick
 .text          0x0000000008000fb8      0x868 Stm32f10x_SPI.o
                0x000000000800102c                Init_SPI
                0x00000000080012bc                Deinit_SPI
                0x0000000008001338                SPI_Send_Char
                0x0000000008001374                SPI_Receive_Char
                0x00000000080013b2                SPI_Send_String
                0x0000000008001418                SPI_Receive_String
                0x000000000800147c                Tx_Empty_CallBack
                0x000000000800148e                RX_Empty_CallBack
                0x00000000080014a0                Fault_Event_CallBack
                0x00000000080014b2                Overrun_CallBack
                0x00000000080014c4                CRC_CallBack
                0x00000000080014d6                Select_SPI_Pins_datasheet
                0x0000000008001574                Config_SPI_Pins
                0x00000000080016c8                SPI1_Handler
                0x0000000008001744                SPI2_Handler
                0x00000000080017c4                SPI_Tx_Rx_Char
 .text          0x0000000008001820      0x8e4 Stm32f10x_UART.o
                0x00000000080018e4                Set_BaudRate
                0x00000000080019ac                Get_BaudRate
                0x00000000080019c0                Init_Uart
                0x0000000008001c98                DeInit_Uart
                0x0000000008001d14                _Config_GPIO_f
                0x0000000008001df8                Send_Char_Uart
                0x0000000008001e4c                Receive_Char_Uart
                0x0000000008001ee0                Receive_String_Uart
                0x0000000008001f0c                Send_String_Uart
                0x0000000008001f46                USART1_Handler
                0x0000000008002008                USART2_Handler
                0x0000000008002014                USART3_Handler
                0x0000000008002020                Parity_CallBack_UART
                0x0000000008002032                Error_CallBack_UART
                0x0000000008002044                Tx_CallBack_UART
                0x0000000008002056                Tx_Comp_CallBack_UART
                0x0000000008002068                Rx_CallBack_UART
                0x00000000080020cc                IDLE_CallBack_UART
                0x00000000080020de                Lin_BK_CallBack_UART
                0x00000000080020f0                FlowCt_CallBack_UART
 .text          0x0000000008002104      0x4d4 Stm32f10xx_EXTI.o
                0x0000000008002178                NVIC_EXTI_Clear_Handler
                0x00000000080021a0                Init_EXTI
                0x00000000080021b6                Deinit_EXTI
                0x0000000008002260                Upadate_EXTI
                0x0000000008002276                Config_EXTI
                0x00000000080023bc                NVIC_Enable_IRQ
                0x00000000080023d8                NVIC_Disable_IRQ
                0x00000000080023f4                EXTI0_Handler
                0x000000000800240c                EXTI1_Handler
                0x0000000008002424                EXTI2_Handler
                0x000000000800243c                EXTI3_Handler
                0x0000000008002454                EXTI4_Handler
                0x000000000800246c                EXTI9_5_Handler
                0x0000000008002514                EXTI15_10_Handler
 .text          0x00000000080025d8      0x488 Stm32f10xx_GPIO.o
                0x00000000080025d8                Init_GPIO
                0x000000000800282c                Set_pin
                0x0000000008002848                Reset_pin
                0x0000000008002868                Change_State_Pin
                0x000000000800289a                Toggle_pin
                0x00000000080028bc                Read_pin
                0x00000000080028e4                Set_GPIO_Value
                0x00000000080028fe                Reset_GPIO
                0x000000000800291c                Read_GPIO
                0x0000000008002934                Lock_GPIO
                0x000000000800298e                Deinit_GPIO
 .text          0x0000000008002a60      0xeb4 Stm32f10xx_I2C.o
                0x0000000008002ad4                I2C_Init
                0x0000000008002e60                I2C_Deinit
                0x0000000008002eb8                I2C_Master_Write
                0x0000000008002f68                I2C_GenerateStop
                0x0000000008002fa8                I2C_Send_Add
                0x0000000008003022                I2C_Master_Read
                0x00000000080030da                I2C_Slave_Write_IT
                0x0000000008003108                I2C_Slave_Read_IT
                0x0000000008003140                I2C_Slave_Write
                0x00000000080031ae                I2C_Slave_Read
                0x0000000008003206                I2C_GenerateStart
                0x000000000800325e                I2C_Get_FlagStatus
                0x0000000008003564                I2C_Enable_ACK
                0x0000000008003586                I2C_Disable_ACK
                0x00000000080035a8                SB_CallBack_I2C
                0x00000000080035ba                ADDR_CallBack_I2C
                0x00000000080035fc                ADDR10_CallBack_I2C
                0x0000000008003616                STOPF_CallBack_I2C
                0x0000000008003628                BTF_CallBack_I2C
                0x000000000800363a                TXE_CallBack_I2C
                0x000000000800366c                RXNE_CallBack_I2C
                0x000000000800369e                OVR_CallBack_I2C
                0x00000000080036b0                TIMEOUT_CallBack_I2C
                0x00000000080036c2                AF_CallBack_I2C
                0x00000000080036f2                I2C1_EV_Handler
                0x00000000080037a8                I2C1_ER_Handler
                0x00000000080037b4                I2C2_EV_Handler
                0x0000000008003868                I2C2_ER_Handler
                0x0000000008003874                I2C_Clock_Config_Pins
 .text          0x0000000008003914      0x1a4 Stm32f10xx_RCC.o
                0x0000000008003914                Get_Systick_Freq
                0x0000000008003a00                Get_HCLK_Freq
                0x0000000008003a2c                Get_APB1_Freq
                0x0000000008003a54                Get_APB2_Freq
                0x0000000008003a7c                Set_HSE_CLK_Freq
 .text          0x0000000008003ab8       0x70 Stm32f10xx_Timers.o
                0x0000000008003ab8                Init_Timer
 *(.rodata)
 .rodata        0x0000000008003b28      0x200 Stm32f10xx_EXTI.o
                0x0000000008003b28                EXTI_Streem
 .rodata        0x0000000008003d28       0x43 Stm32f10xx_RCC.o
                0x0000000008003d6b                _E_text = .

.glue_7         0x0000000008003d6c        0x0
 .glue_7        0x0000000008003d6c        0x0 linker stubs

.glue_7t        0x0000000008003d6c        0x0
 .glue_7t       0x0000000008003d6c        0x0 linker stubs

.vfp11_veneer   0x0000000008003d6c        0x0
 .vfp11_veneer  0x0000000008003d6c        0x0 linker stubs

.v4_bx          0x0000000008003d6c        0x0
 .v4_bx         0x0000000008003d6c        0x0 linker stubs

.iplt           0x0000000008003d6c        0x0
 .iplt          0x0000000008003d6c        0x0 EEPROM.o

.rel.dyn        0x0000000008003d6c        0x0
 .rel.iplt      0x0000000008003d6c        0x0 EEPROM.o

.data           0x0000000020000000       0x10 load address 0x0000000008003d6b
                0x0000000020000000                _S_DATA = .
 *(.data)
 .data          0x0000000020000000        0x0 Buzzer.o
 .data          0x0000000020000000        0x0 EEPROM.o
 .data          0x0000000020000000        0x0 EEPROM_25xx256.o
 .data          0x0000000020000000        0xc Key_pad_Driver.o
 .data          0x000000002000000c        0x4 LCD_Driver.o
 .data          0x0000000020000010        0x0 main.o
 .data          0x0000000020000010        0x0 Seven_Segment.o
 .data          0x0000000020000010        0x0 startup.o
 .data          0x0000000020000010        0x0 Stm32_f10xx_Systick.o
 .data          0x0000000020000010        0x0 Stm32f10x_SPI.o
 .data          0x0000000020000010        0x0 Stm32f10x_UART.o
 .data          0x0000000020000010        0x0 Stm32f10xx_EXTI.o
 .data          0x0000000020000010        0x0 Stm32f10xx_GPIO.o
 .data          0x0000000020000010        0x0 Stm32f10xx_I2C.o
 .data          0x0000000020000010        0x0 Stm32f10xx_RCC.o
 .data          0x0000000020000010        0x0 Stm32f10xx_Timers.o
 *(.data.*)
                0x0000000020000010                _E_DATA = .

.igot.plt       0x0000000020000010        0x0 load address 0x0000000008003d7b
 .igot.plt      0x0000000020000010        0x0 EEPROM.o

.bss            0x0000000020000010      0xab8 load address 0x0000000008003d7b
                0x0000000020000010                _S_bss = .
 *(.bss)
 .bss           0x0000000020000010        0x0 Buzzer.o
 .bss           0x0000000020000010        0x0 EEPROM.o
 .bss           0x0000000020000010       0x2c EEPROM_25xx256.o
                0x0000000020000010                SPIx
 .bss           0x000000002000003c       0x24 Key_pad_Driver.o
                0x000000002000005c                GPIOx
 .bss           0x0000000020000060        0xd LCD_Driver.o
 *fill*         0x000000002000006d        0x3 
 .bss           0x0000000020000070      0x1ec main.o
                0x0000000020000070                Lcd_config
                0x0000000020000090                key_pad_config
                0x00000000200000a0                seven_config
                0x00000000200000ac                uart1_config
                0x00000000200000e4                spi1_config
                0x0000000020000110                spi2_config
                0x000000002000013c                spi3_config
                0x0000000020000168                i2c1_config
                0x00000000200001c8                i2c2_config
                0x0000000020000228                EEPORM_25xx_config
                0x0000000020000234                Rx_Buff
                0x0000000020000248                Rx_Buff1
 .bss           0x000000002000025c       0x28 Seven_Segment.o
                0x000000002000025c                numbers
 .bss           0x0000000020000284        0x0 startup.o
 .bss           0x0000000020000284       0x10 Stm32_f10xx_Systick.o
                0x0000000020000284                Systick_API
 .bss           0x0000000020000294        0x2 Stm32f10x_SPI.o
 .bss           0x0000000020000296        0x0 Stm32f10x_UART.o
 .bss           0x0000000020000296        0x0 Stm32f10xx_EXTI.o
 .bss           0x0000000020000296        0x0 Stm32f10xx_GPIO.o
 .bss           0x0000000020000296        0x0 Stm32f10xx_I2C.o
 *fill*         0x0000000020000296        0x2 
 .bss           0x0000000020000298        0x4 Stm32f10xx_RCC.o
 .bss           0x000000002000029c        0x0 Stm32f10xx_Timers.o
 *(.bss.*)
                0x000000002000029c                . = ALIGN (0x4)
                0x000000002000029c                _E_bss = .
                0x000000002000029c                . = ALIGN (0x4)
                0x0000000020000684                . = (. + 0x3e8)
 *fill*         0x000000002000029c      0x3e8 
                0x0000000020000684                _heap_End = .
                0x0000000020000684                . = ALIGN (0x4)
                0x0000000020000a6c                . = (. + 0x3e8)
 *fill*         0x0000000020000684      0x3e8 
                0x0000000020000a6c                _stack_top = .
 COMMON         0x0000000020000a6c       0x40 Stm32f10xx_EXTI.o
                0x0000000020000a6c                GP_EXTI_CallBack
 COMMON         0x0000000020000aac       0x1c Stm32f10xx_Timers.o
                0x0000000020000aac                tim1_config
LOAD Buzzer.o
LOAD EEPROM.o
LOAD EEPROM_25xx256.o
LOAD Key_pad_Driver.o
LOAD LCD_Driver.o
LOAD main.o
LOAD Seven_Segment.o
LOAD startup.o
LOAD Stm32_f10xx_Systick.o
LOAD Stm32f10x_SPI.o
LOAD Stm32f10x_UART.o
LOAD Stm32f10xx_EXTI.o
LOAD Stm32f10xx_GPIO.o
LOAD Stm32f10xx_I2C.o
LOAD Stm32f10xx_RCC.o
LOAD Stm32f10xx_Timers.o
OUTPUT(learn_embedded.axf elf32-littlearm)
LOAD linker stubs

.debug_line     0x0000000000000000     0x43cb
 .debug_line    0x0000000000000000        0x0 Buzzer.o
 .debug_line    0x0000000000000000      0x26c EEPROM.o
 .debug_line    0x000000000000026c      0x2a6 EEPROM_25xx256.o
 .debug_line    0x0000000000000512      0x370 Key_pad_Driver.o
 .debug_line    0x0000000000000882      0x46b LCD_Driver.o
 .debug_line    0x0000000000000ced      0x3a6 main.o
 .debug_line    0x0000000000001093      0x263 Seven_Segment.o
 .debug_line    0x00000000000012f6      0x240 startup.o
 .debug_line    0x0000000000001536      0x287 Stm32_f10xx_Systick.o
 .debug_line    0x00000000000017bd      0x8c1 Stm32f10x_SPI.o
 .debug_line    0x000000000000207e      0x890 Stm32f10x_UART.o
 .debug_line    0x000000000000290e      0x48c Stm32f10xx_EXTI.o
 .debug_line    0x0000000000002d9a      0x433 Stm32f10xx_GPIO.o
 .debug_line    0x00000000000031cd      0xceb Stm32f10xx_I2C.o
 .debug_line    0x0000000000003eb8      0x2cc Stm32f10xx_RCC.o
 .debug_line    0x0000000000004184      0x247 Stm32f10xx_Timers.o

.debug_str      0x0000000000000000     0x21ad
 .debug_str     0x0000000000000000       0xbd Buzzer.o
 .debug_str     0x00000000000000bd      0x33d EEPROM.o
                                        0x455 (size before relaxing)
 .debug_str     0x00000000000003fa      0x2fc EEPROM_25xx256.o
                                        0x481 (size before relaxing)
 .debug_str     0x00000000000006f6      0x1dc Key_pad_Driver.o
                                        0x3d5 (size before relaxing)
 .debug_str     0x00000000000008d2      0x224 LCD_Driver.o
                                        0x4a5 (size before relaxing)
 .debug_str     0x0000000000000af6      0x70a main.o
                                        0xdff (size before relaxing)
 .debug_str     0x0000000000001200       0x50 Seven_Segment.o
                                        0x281 (size before relaxing)
 .debug_str     0x0000000000001250       0x7f startup.o
                                        0x1cb (size before relaxing)
 .debug_str     0x00000000000012cf      0x38f Stm32_f10xx_Systick.o
                                        0x573 (size before relaxing)
 .debug_str     0x000000000000165e      0x108 Stm32f10x_SPI.o
                                        0xd1b (size before relaxing)
 .debug_str     0x0000000000001766      0x1b6 Stm32f10x_UART.o
                                        0xfac (size before relaxing)
 .debug_str     0x000000000000191c      0x28b Stm32f10xx_EXTI.o
                                        0x818 (size before relaxing)
 .debug_str     0x0000000000001ba7       0xff Stm32f10xx_GPIO.o
                                        0x3b2 (size before relaxing)
 .debug_str     0x0000000000001ca6      0x44a Stm32f10xx_I2C.o
                                       0x1107 (size before relaxing)
 .debug_str     0x00000000000020f0       0x99 Stm32f10xx_RCC.o
                                        0x2a8 (size before relaxing)
 .debug_str     0x0000000000002189       0x24 Stm32f10xx_Timers.o
                                        0x32b (size before relaxing)

.comment        0x0000000000000000       0x53
 .comment       0x0000000000000000       0x53 Buzzer.o
                                         0x54 (size before relaxing)
 .comment       0x0000000000000053       0x54 EEPROM.o
 .comment       0x0000000000000053       0x54 EEPROM_25xx256.o
 .comment       0x0000000000000053       0x54 Key_pad_Driver.o
 .comment       0x0000000000000053       0x54 LCD_Driver.o
 .comment       0x0000000000000053       0x54 main.o
 .comment       0x0000000000000053       0x54 Seven_Segment.o
 .comment       0x0000000000000053       0x54 startup.o
 .comment       0x0000000000000053       0x54 Stm32_f10xx_Systick.o
 .comment       0x0000000000000053       0x54 Stm32f10x_SPI.o
 .comment       0x0000000000000053       0x54 Stm32f10x_UART.o
 .comment       0x0000000000000053       0x54 Stm32f10xx_EXTI.o
 .comment       0x0000000000000053       0x54 Stm32f10xx_GPIO.o
 .comment       0x0000000000000053       0x54 Stm32f10xx_I2C.o
 .comment       0x0000000000000053       0x54 Stm32f10xx_RCC.o
 .comment       0x0000000000000053       0x54 Stm32f10xx_Timers.o

.ARM.attributes
                0x0000000000000000       0x33
 .ARM.attributes
                0x0000000000000000       0x33 Buzzer.o
 .ARM.attributes
                0x0000000000000033       0x2d EEPROM.o
 .ARM.attributes
                0x0000000000000060       0x2d EEPROM_25xx256.o
 .ARM.attributes
                0x000000000000008d       0x2d Key_pad_Driver.o
 .ARM.attributes
                0x00000000000000ba       0x2d LCD_Driver.o
 .ARM.attributes
                0x00000000000000e7       0x2d main.o
 .ARM.attributes
                0x0000000000000114       0x2d Seven_Segment.o
 .ARM.attributes
                0x0000000000000141       0x2d startup.o
 .ARM.attributes
                0x000000000000016e       0x2d Stm32_f10xx_Systick.o
 .ARM.attributes
                0x000000000000019b       0x2d Stm32f10x_SPI.o
 .ARM.attributes
                0x00000000000001c8       0x2d Stm32f10x_UART.o
 .ARM.attributes
                0x00000000000001f5       0x2d Stm32f10xx_EXTI.o
 .ARM.attributes
                0x0000000000000222       0x2d Stm32f10xx_GPIO.o
 .ARM.attributes
                0x000000000000024f       0x2d Stm32f10xx_I2C.o
 .ARM.attributes
                0x000000000000027c       0x2d Stm32f10xx_RCC.o
 .ARM.attributes
                0x00000000000002a9       0x2d Stm32f10xx_Timers.o

.debug_info     0x0000000000000000     0x9462
 .debug_info    0x0000000000000000      0x4db EEPROM.o
 .debug_info    0x00000000000004db      0x5d3 EEPROM_25xx256.o
 .debug_info    0x0000000000000aae      0x560 Key_pad_Driver.o
 .debug_info    0x000000000000100e      0x7b7 LCD_Driver.o
 .debug_info    0x00000000000017c5     0x16b9 main.o
 .debug_info    0x0000000000002e7e      0x2d2 Seven_Segment.o
 .debug_info    0x0000000000003150      0x1a1 startup.o
 .debug_info    0x00000000000032f1      0x439 Stm32_f10xx_Systick.o
 .debug_info    0x000000000000372a     0x151c Stm32f10x_SPI.o
 .debug_info    0x0000000000004c46     0x1874 Stm32f10x_UART.o
 .debug_info    0x00000000000064ba      0x89c Stm32f10xx_EXTI.o
 .debug_info    0x0000000000006d56      0x60c Stm32f10xx_GPIO.o
 .debug_info    0x0000000000007362     0x1a92 Stm32f10xx_I2C.o
 .debug_info    0x0000000000008df4      0x303 Stm32f10xx_RCC.o
 .debug_info    0x00000000000090f7      0x36b Stm32f10xx_Timers.o

.debug_abbrev   0x0000000000000000     0x1ad4
 .debug_abbrev  0x0000000000000000      0x17c EEPROM.o
 .debug_abbrev  0x000000000000017c      0x15c EEPROM_25xx256.o
 .debug_abbrev  0x00000000000002d8      0x169 Key_pad_Driver.o
 .debug_abbrev  0x0000000000000441      0x1f6 LCD_Driver.o
 .debug_abbrev  0x0000000000000637      0x1f4 main.o
 .debug_abbrev  0x000000000000082b      0x11a Seven_Segment.o
 .debug_abbrev  0x0000000000000945       0xe4 startup.o
 .debug_abbrev  0x0000000000000a29      0x143 Stm32_f10xx_Systick.o
 .debug_abbrev  0x0000000000000b6c      0x34c Stm32f10x_SPI.o
 .debug_abbrev  0x0000000000000eb8      0x38d Stm32f10x_UART.o
 .debug_abbrev  0x0000000000001245      0x1cc Stm32f10xx_EXTI.o
 .debug_abbrev  0x0000000000001411      0x175 Stm32f10xx_GPIO.o
 .debug_abbrev  0x0000000000001586      0x378 Stm32f10xx_I2C.o
 .debug_abbrev  0x00000000000018fe       0xfe Stm32f10xx_RCC.o
 .debug_abbrev  0x00000000000019fc       0xd8 Stm32f10xx_Timers.o

.debug_loc      0x0000000000000000     0x2c82
 .debug_loc     0x0000000000000000       0xce EEPROM.o
 .debug_loc     0x00000000000000ce      0x1e0 EEPROM_25xx256.o
 .debug_loc     0x00000000000002ae      0x1ec Key_pad_Driver.o
 .debug_loc     0x000000000000049a      0x4c8 LCD_Driver.o
 .debug_loc     0x0000000000000962       0x64 main.o
 .debug_loc     0x00000000000009c6       0xa0 Seven_Segment.o
 .debug_loc     0x0000000000000a66       0x7c startup.o
 .debug_loc     0x0000000000000ae2       0x88 Stm32_f10xx_Systick.o
 .debug_loc     0x0000000000000b6a      0x5d0 Stm32f10x_SPI.o
 .debug_loc     0x000000000000113a      0x79c Stm32f10x_UART.o
 .debug_loc     0x00000000000018d6      0x41c Stm32f10xx_EXTI.o
 .debug_loc     0x0000000000001cf2      0x3f4 Stm32f10xx_GPIO.o
 .debug_loc     0x00000000000020e6      0xa04 Stm32f10xx_I2C.o
 .debug_loc     0x0000000000002aea      0x13c Stm32f10xx_RCC.o
 .debug_loc     0x0000000000002c26       0x5c Stm32f10xx_Timers.o

.debug_aranges  0x0000000000000000      0x1e0
 .debug_aranges
                0x0000000000000000       0x20 EEPROM.o
 .debug_aranges
                0x0000000000000020       0x20 EEPROM_25xx256.o
 .debug_aranges
                0x0000000000000040       0x20 Key_pad_Driver.o
 .debug_aranges
                0x0000000000000060       0x20 LCD_Driver.o
 .debug_aranges
                0x0000000000000080       0x20 main.o
 .debug_aranges
                0x00000000000000a0       0x20 Seven_Segment.o
 .debug_aranges
                0x00000000000000c0       0x20 startup.o
 .debug_aranges
                0x00000000000000e0       0x20 Stm32_f10xx_Systick.o
 .debug_aranges
                0x0000000000000100       0x20 Stm32f10x_SPI.o
 .debug_aranges
                0x0000000000000120       0x20 Stm32f10x_UART.o
 .debug_aranges
                0x0000000000000140       0x20 Stm32f10xx_EXTI.o
 .debug_aranges
                0x0000000000000160       0x20 Stm32f10xx_GPIO.o
 .debug_aranges
                0x0000000000000180       0x20 Stm32f10xx_I2C.o
 .debug_aranges
                0x00000000000001a0       0x20 Stm32f10xx_RCC.o
 .debug_aranges
                0x00000000000001c0       0x20 Stm32f10xx_Timers.o

.debug_frame    0x0000000000000000     0x1560
 .debug_frame   0x0000000000000000       0x78 EEPROM.o
 .debug_frame   0x0000000000000078       0xe8 EEPROM_25xx256.o
 .debug_frame   0x0000000000000160       0xec Key_pad_Driver.o
 .debug_frame   0x000000000000024c      0x234 LCD_Driver.o
 .debug_frame   0x0000000000000480       0x4c main.o
 .debug_frame   0x00000000000004cc       0x58 Seven_Segment.o
 .debug_frame   0x0000000000000524       0x50 startup.o
 .debug_frame   0x0000000000000574       0x54 Stm32_f10xx_Systick.o
 .debug_frame   0x00000000000005c8      0x2b8 Stm32f10x_SPI.o
 .debug_frame   0x0000000000000880      0x378 Stm32f10x_UART.o
 .debug_frame   0x0000000000000bf8      0x220 Stm32f10xx_EXTI.o
 .debug_frame   0x0000000000000e18      0x1c8 Stm32f10xx_GPIO.o
 .debug_frame   0x0000000000000fe0      0x494 Stm32f10xx_I2C.o
 .debug_frame   0x0000000000001474       0xb4 Stm32f10xx_RCC.o
 .debug_frame   0x0000000000001528       0x38 Stm32f10xx_Timers.o
