
Allocating common symbols
Common symbol       size              file

EEPORM_25xx_config  0xc               Application.o
i2c2_config         0x60              Application.o
uart2_config        0x38              Application.o
uart1_config        0x38              Application.o
i2c1_config         0x60              Application.o
GP_EXTI_CallBack    0x40              Stm32f10xx_EXTI.o
NSS_ATmega1         0x14              Application.o
Lcd_config          0x20              Application.o
NSS_EEPROM          0x14              Application.o
NSS_ATmega2         0x14              Application.o
spi2_config         0x2c              Application.o
LEDS                0x14              Application.o
tim1_config         0x1c              Stm32f10xx_Timers.o
seven_config        0xc               Application.o
spi1_config         0x2c              Application.o
key_pad_config      0x10              Application.o
spi3_config         0x2c              Application.o

Memory Configuration

Name             Origin             Length             Attributes
FLASH            0x0000000008000000 0x0000000000020000 xr
SRAM             0x0000000020000000 0x0000000000005000 xrw
*default*        0x0000000000000000 0xffffffffffffffff

Linker script and memory map


.text           0x0000000008000000     0x41d7
 *(.vectors*)
 .vectors       0x0000000008000000       0xec startup.o
                0x0000000008000000                vectors
 *(.text*)
 .text          0x00000000080000ec      0x3a0 Application.o
                0x000000000800013c                config_Drives_and_Perpherals
                0x00000000080003b4                Init_Component
                0x0000000008000424                Inc_Dec_seven_segment
 .text          0x000000000800048c        0x0 Buzzer.o
 .text          0x000000000800048c      0x158 EEPROM.o
                0x000000000800048c                EEPORM_Init
                0x00000000080004e0                EEPROM_Write_NBytes
                0x0000000008000584                EEPROM_Read_Byte
 .text          0x00000000080005e4      0x2a8 EEPROM_25xx256.o
                0x00000000080005e4                Init_EEPROM_25x
                0x00000000080005f6                Status_EEPROM
                0x0000000008000644                Busy_EEPROM
                0x0000000008000666                Write_Byte_EEPROM_25xx
                0x0000000008000710                Write_Bytes_EEPROM_25xx
                0x00000000080007b2                Read_Byte_EEPROM_25xx
                0x0000000008000840                Enable_Write_EEPROM_25xx
 .text          0x000000000800088c      0x294 Key_pad_Driver.o
                0x000000000800088c                Key_pad_init
                0x0000000008000944                Check_Keypad_Pins
                0x00000000080009ac                Set_Key_Drain_Pins
                0x0000000008000a24                Check_Key_Soruce_Pins
                0x0000000008000a70                Reaction_Of_Prass
                0x0000000008000aa4                Check_Prass_Button
 .text          0x0000000008000b20      0x64c LCD_Driver.o
                0x0000000008000b70                Kick_Enable_pin
                0x0000000008000ba0                LCD_init
                0x0000000008000cae                Check_BF
                0x0000000008000d40                Shift_R_Cursor
                0x0000000008000d58                Shift_L_Cursor
                0x0000000008000d70                Read_Cursor_Add
                0x0000000008000d84                Write_Character
                0x0000000008000e58                Write_Character_with_coordinator
                0x0000000008000ec4                Write_String
                0x0000000008000ef4                Write_String_with_coordinator
                0x0000000008000f3c                Jump_to_coordinator
                0x0000000008000f74                Write_Command
                0x0000000008001046                write_with_move
                0x0000000008001154                clean_Lcd
 .text          0x000000000800116c        0xe main.o
                0x000000000800116c                main
 .text          0x000000000800117a       0xbc Seven_Segment.o
                0x000000000800117a                init_seven_segment
                0x00000000080011d0                Display_seven_segment
 *fill*         0x0000000008001236        0x2 
 .text          0x0000000008001238       0x8c startup.o
                0x0000000008001238                FLASH_Handler
                0x0000000008001238                SVCall_Handler
                0x0000000008001238                SysTick_Handler
                0x0000000008001238                PendSv_Handler
                0x0000000008001238                DMA1_Channel7_Handler
                0x0000000008001238                NMI_Handler
                0x0000000008001238                DMA1_Channel6_Handler
                0x0000000008001238                CAN1_RX1_Handler
                0x0000000008001238                Bus_Fault_Handler
                0x0000000008001238                ADC1_2_Handler
                0x0000000008001238                WWDG_Handler
                0x0000000008001238                DMA1_Channel1_Handler
                0x0000000008001238                RTC_Handler
                0x0000000008001238                TIM1_CC_Handler
                0x0000000008001238                CAN1_SCE_Handler
                0x0000000008001238                TIM1_BRK_Handler
                0x0000000008001238                MM_Fault_Handler
                0x0000000008001238                TEMPER_Handler
                0x0000000008001238                TIM2_Handler
                0x0000000008001238                DMA1_Channel4_Handler
                0x0000000008001238                TIM3_Handler
                0x0000000008001238                Default_Handler
                0x0000000008001238                USBWakeUp_Handler
                0x0000000008001238                DMA1_Channel3_Handler
                0x0000000008001238                RTC_Alarm_Handler
                0x0000000008001238                TIM4_Handler
                0x0000000008001238                DMA1_Channel2_Handler
                0x0000000008001238                Usage_Fault_Handler
                0x0000000008001238                TIM1_UP_Handler
                0x0000000008001238                DMA1_Channel5_Handler
                0x0000000008001238                DebugMonitor_Handler
                0x0000000008001238                RCC_Handler
                0x0000000008001238                PVD_Handler
                0x0000000008001238                Hard_Fault_Handler
                0x0000000008001238                USB_LP_CAN1_RX0_Handler
                0x0000000008001238                USB_HP_CAN1_TX_Handler
                0x0000000008001238                TIM1_TRG_COM_Handler
                0x0000000008001244                Rest_Handler
 .text          0x00000000080012c4       0xa4 Stm32_f10xx_Systick.o
                0x00000000080012fc                Init_Systick
 .text          0x0000000008001368      0x86c Stm32f10x_SPI.o
                0x00000000080013dc                Init_SPI
                0x000000000800166c                Deinit_SPI
                0x00000000080016e8                SPI_Send_Char
                0x0000000008001722                SPI_Receive_Char
                0x0000000008001760                SPI_Send_String
                0x00000000080017b0                SPI_Receive_String
                0x0000000008001814                Tx_Empty_CallBack
                0x0000000008001826                RX_Empty_CallBack
                0x0000000008001838                Fault_Event_CallBack
                0x000000000800184a                Overrun_CallBack
                0x000000000800185c                CRC_CallBack
                0x000000000800186e                Select_SPI_Pins_datasheet
                0x000000000800190c                Config_SPI_Pins
                0x0000000008001a60                SPI1_Handler
                0x0000000008001adc                SPI2_Handler
                0x0000000008001b5c                SPI_Tx_Rx_Char
 .text          0x0000000008001bd4      0x98c Stm32f10x_UART.o
                0x0000000008001c98                Set_BaudRate
                0x0000000008001d60                Get_BaudRate
                0x0000000008001d74                Init_Uart
                0x000000000800204c                DeInit_Uart
                0x00000000080020c8                _Config_GPIO_f
                0x00000000080021ac                Send_Char_Uart
                0x0000000008002200                Receive_Char_Uart
                0x0000000008002294                Receive_String_Uart
                0x00000000080022c0                Send_String_Uart
                0x00000000080022fa                USART1_Handler
                0x00000000080023bc                USART2_Handler
                0x0000000008002480                USART3_Handler
                0x000000000800248c                Parity_CallBack_UART
                0x000000000800249e                Error_CallBack_UART
                0x00000000080024b0                Tx_CallBack_UART
                0x00000000080024c2                Tx_Comp_CallBack_UART
                0x00000000080024d4                Rx_CallBack_UART
                0x0000000008002528                IDLE_CallBack_UART
                0x000000000800253a                Lin_BK_CallBack_UART
                0x000000000800254c                FlowCt_CallBack_UART
 .text          0x0000000008002560      0x4d4 Stm32f10xx_EXTI.o
                0x00000000080025d4                NVIC_EXTI_Clear_Handler
                0x00000000080025fc                Init_EXTI
                0x0000000008002612                Deinit_EXTI
                0x00000000080026bc                Upadate_EXTI
                0x00000000080026d2                Config_EXTI
                0x0000000008002818                NVIC_Enable_IRQ
                0x0000000008002834                NVIC_Disable_IRQ
                0x0000000008002850                EXTI0_Handler
                0x0000000008002868                EXTI1_Handler
                0x0000000008002880                EXTI2_Handler
                0x0000000008002898                EXTI3_Handler
                0x00000000080028b0                EXTI4_Handler
                0x00000000080028c8                EXTI9_5_Handler
                0x0000000008002970                EXTI15_10_Handler
 .text          0x0000000008002a34      0x488 Stm32f10xx_GPIO.o
                0x0000000008002a34                Init_GPIO
                0x0000000008002c88                Set_pin
                0x0000000008002ca4                Reset_pin
                0x0000000008002cc4                Change_State_Pin
                0x0000000008002cf6                Toggle_pin
                0x0000000008002d18                Read_pin
                0x0000000008002d40                Set_GPIO_Value
                0x0000000008002d5a                Reset_GPIO
                0x0000000008002d78                Read_GPIO
                0x0000000008002d90                Lock_GPIO
                0x0000000008002dea                Deinit_GPIO
 .text          0x0000000008002ebc      0xeb4 Stm32f10xx_I2C.o
                0x0000000008002f30                I2C_Init
                0x00000000080032bc                I2C_Deinit
                0x0000000008003314                I2C_Master_Write
                0x00000000080033c4                I2C_GenerateStop
                0x0000000008003404                I2C_Send_Add
                0x000000000800347e                I2C_Master_Read
                0x0000000008003536                I2C_Slave_Write_IT
                0x0000000008003564                I2C_Slave_Read_IT
                0x000000000800359c                I2C_Slave_Write
                0x000000000800360a                I2C_Slave_Read
                0x0000000008003662                I2C_GenerateStart
                0x00000000080036ba                I2C_Get_FlagStatus
                0x00000000080039c0                I2C_Enable_ACK
                0x00000000080039e2                I2C_Disable_ACK
                0x0000000008003a04                SB_CallBack_I2C
                0x0000000008003a16                ADDR_CallBack_I2C
                0x0000000008003a58                ADDR10_CallBack_I2C
                0x0000000008003a72                STOPF_CallBack_I2C
                0x0000000008003a84                BTF_CallBack_I2C
                0x0000000008003a96                TXE_CallBack_I2C
                0x0000000008003ac8                RXNE_CallBack_I2C
                0x0000000008003afa                OVR_CallBack_I2C
                0x0000000008003b0c                TIMEOUT_CallBack_I2C
                0x0000000008003b1e                AF_CallBack_I2C
                0x0000000008003b4e                I2C1_EV_Handler
                0x0000000008003c04                I2C1_ER_Handler
                0x0000000008003c10                I2C2_EV_Handler
                0x0000000008003cc4                I2C2_ER_Handler
                0x0000000008003cd0                I2C_Clock_Config_Pins
 .text          0x0000000008003d70      0x1a4 Stm32f10xx_RCC.o
                0x0000000008003d70                Get_Systick_Freq
                0x0000000008003e5c                Get_HCLK_Freq
                0x0000000008003e88                Get_APB1_Freq
                0x0000000008003eb0                Get_APB2_Freq
                0x0000000008003ed8                Set_HSE_CLK_Freq
 .text          0x0000000008003f14       0x70 Stm32f10xx_Timers.o
                0x0000000008003f14                Init_Timer
 *(.rodata)
 .rodata        0x0000000008003f84        0xe Application.o
 *fill*         0x0000000008003f92        0x2 
 .rodata        0x0000000008003f94      0x200 Stm32f10xx_EXTI.o
                0x0000000008003f94                EXTI_Streem
 .rodata        0x0000000008004194       0x43 Stm32f10xx_RCC.o
                0x00000000080041d7                _E_text = .

.glue_7         0x00000000080041d8        0x0
 .glue_7        0x00000000080041d8        0x0 linker stubs

.glue_7t        0x00000000080041d8        0x0
 .glue_7t       0x00000000080041d8        0x0 linker stubs

.vfp11_veneer   0x00000000080041d8        0x0
 .vfp11_veneer  0x00000000080041d8        0x0 linker stubs

.v4_bx          0x00000000080041d8        0x0
 .v4_bx         0x00000000080041d8        0x0 linker stubs

.iplt           0x00000000080041d8        0x0
 .iplt          0x00000000080041d8        0x0 Application.o

.rel.dyn        0x00000000080041d8        0x0
 .rel.iplt      0x00000000080041d8        0x0 Application.o

.data           0x0000000020000000       0x14 load address 0x00000000080041d7
                0x0000000020000000                _S_DATA = .
 *(.data)
 .data          0x0000000020000000        0x1 Application.o
                0x0000000020000000                Max_Grag
 .data          0x0000000020000001        0x0 Buzzer.o
 .data          0x0000000020000001        0x0 EEPROM.o
 .data          0x0000000020000001        0x0 EEPROM_25xx256.o
 *fill*         0x0000000020000001        0x3 
 .data          0x0000000020000004        0xc Key_pad_Driver.o
 .data          0x0000000020000010        0x4 LCD_Driver.o
 .data          0x0000000020000014        0x0 main.o
 .data          0x0000000020000014        0x0 Seven_Segment.o
 .data          0x0000000020000014        0x0 startup.o
 .data          0x0000000020000014        0x0 Stm32_f10xx_Systick.o
 .data          0x0000000020000014        0x0 Stm32f10x_SPI.o
 .data          0x0000000020000014        0x0 Stm32f10x_UART.o
 .data          0x0000000020000014        0x0 Stm32f10xx_EXTI.o
 .data          0x0000000020000014        0x0 Stm32f10xx_GPIO.o
 .data          0x0000000020000014        0x0 Stm32f10xx_I2C.o
 .data          0x0000000020000014        0x0 Stm32f10xx_RCC.o
 .data          0x0000000020000014        0x0 Stm32f10xx_Timers.o
 *(.data.*)
                0x0000000020000014                _E_DATA = .

.igot.plt       0x0000000020000014        0x0 load address 0x00000000080041eb
 .igot.plt      0x0000000020000014        0x0 Application.o

.bss            0x0000000020000014      0xaec load address 0x00000000080041eb
                0x0000000020000014                _S_bss = .
 *(.bss)
 .bss           0x0000000020000014        0x0 Application.o
 .bss           0x0000000020000014        0x0 Buzzer.o
 .bss           0x0000000020000014        0x0 EEPROM.o
 .bss           0x0000000020000014        0x0 EEPROM_25xx256.o
 .bss           0x0000000020000014       0x24 Key_pad_Driver.o
                0x0000000020000034                GPIOx
 .bss           0x0000000020000038        0xd LCD_Driver.o
 .bss           0x0000000020000045        0x0 main.o
 *fill*         0x0000000020000045        0x3 
 .bss           0x0000000020000048       0x28 Seven_Segment.o
                0x0000000020000048                numbers
 .bss           0x0000000020000070        0x0 startup.o
 .bss           0x0000000020000070       0x10 Stm32_f10xx_Systick.o
                0x0000000020000070                Systick_API
 .bss           0x0000000020000080        0x2 Stm32f10x_SPI.o
 .bss           0x0000000020000082        0x0 Stm32f10x_UART.o
 .bss           0x0000000020000082        0x0 Stm32f10xx_EXTI.o
 .bss           0x0000000020000082        0x0 Stm32f10xx_GPIO.o
 .bss           0x0000000020000082        0x0 Stm32f10xx_I2C.o
 *fill*         0x0000000020000082        0x2 
 .bss           0x0000000020000084        0x4 Stm32f10xx_RCC.o
 .bss           0x0000000020000088        0x0 Stm32f10xx_Timers.o
 *(.bss.*)
                0x0000000020000088                . = ALIGN (0x4)
                0x0000000020000088                _E_bss = .
                0x0000000020000088                . = ALIGN (0x4)
                0x0000000020000470                . = (. + 0x3e8)
 *fill*         0x0000000020000088      0x3e8 
                0x0000000020000470                _heap_End = .
                0x0000000020000470                . = ALIGN (0x4)
                0x0000000020000858                . = (. + 0x3e8)
 *fill*         0x0000000020000470      0x3e8 
                0x0000000020000858                _stack_top = .
 COMMON         0x0000000020000858      0x24c Application.o
                0x0000000020000858                EEPORM_25xx_config
                0x0000000020000864                i2c2_config
                0x00000000200008c4                uart2_config
                0x00000000200008fc                uart1_config
                0x0000000020000934                i2c1_config
                0x0000000020000994                NSS_ATmega1
                0x00000000200009a8                Lcd_config
                0x00000000200009c8                NSS_EEPROM
                0x00000000200009dc                NSS_ATmega2
                0x00000000200009f0                spi2_config
                0x0000000020000a1c                LEDS
                0x0000000020000a30                seven_config
                0x0000000020000a3c                spi1_config
                0x0000000020000a68                key_pad_config
                0x0000000020000a78                spi3_config
 COMMON         0x0000000020000aa4       0x40 Stm32f10xx_EXTI.o
                0x0000000020000aa4                GP_EXTI_CallBack
 COMMON         0x0000000020000ae4       0x1c Stm32f10xx_Timers.o
                0x0000000020000ae4                tim1_config
LOAD Application.o
LOAD Buzzer.o
LOAD EEPROM.o
LOAD EEPROM_25xx256.o
LOAD Key_pad_Driver.o
LOAD LCD_Driver.o
LOAD main.o
LOAD Seven_Segment.o
LOAD startup.o
LOAD Stm32_f10xx_Systick.o
LOAD Stm32f10x_SPI.o
LOAD Stm32f10x_UART.o
LOAD Stm32f10xx_EXTI.o
LOAD Stm32f10xx_GPIO.o
LOAD Stm32f10xx_I2C.o
LOAD Stm32f10xx_RCC.o
LOAD Stm32f10xx_Timers.o
OUTPUT(learn_embedded.axf elf32-littlearm)
LOAD linker stubs

.debug_info     0x0000000000000000     0xac31
 .debug_info    0x0000000000000000     0x188a Application.o
 .debug_info    0x000000000000188a      0x4db EEPROM.o
 .debug_info    0x0000000000001d65      0xf60 EEPROM_25xx256.o
 .debug_info    0x0000000000002cc5      0x560 Key_pad_Driver.o
 .debug_info    0x0000000000003225      0x7b7 LCD_Driver.o
 .debug_info    0x00000000000039dc      0xc66 main.o
 .debug_info    0x0000000000004642      0x2d6 Seven_Segment.o
 .debug_info    0x0000000000004918      0x1a1 startup.o
 .debug_info    0x0000000000004ab9      0x439 Stm32_f10xx_Systick.o
 .debug_info    0x0000000000004ef2     0x154b Stm32f10x_SPI.o
 .debug_info    0x000000000000643d     0x184c Stm32f10x_UART.o
 .debug_info    0x0000000000007c89      0x89c Stm32f10xx_EXTI.o
 .debug_info    0x0000000000008525      0x60c Stm32f10xx_GPIO.o
 .debug_info    0x0000000000008b31     0x1a92 Stm32f10xx_I2C.o
 .debug_info    0x000000000000a5c3      0x303 Stm32f10xx_RCC.o
 .debug_info    0x000000000000a8c6      0x36b Stm32f10xx_Timers.o

.debug_abbrev   0x0000000000000000     0x1e06
 .debug_abbrev  0x0000000000000000      0x271 Application.o
 .debug_abbrev  0x0000000000000271      0x17c EEPROM.o
 .debug_abbrev  0x00000000000003ed      0x22c EEPROM_25xx256.o
 .debug_abbrev  0x0000000000000619      0x169 Key_pad_Driver.o
 .debug_abbrev  0x0000000000000782      0x1f6 LCD_Driver.o
 .debug_abbrev  0x0000000000000978      0x1b6 main.o
 .debug_abbrev  0x0000000000000b2e      0x138 Seven_Segment.o
 .debug_abbrev  0x0000000000000c66       0xe4 startup.o
 .debug_abbrev  0x0000000000000d4a      0x143 Stm32_f10xx_Systick.o
 .debug_abbrev  0x0000000000000e8d      0x34c Stm32f10x_SPI.o
 .debug_abbrev  0x00000000000011d9      0x39e Stm32f10x_UART.o
 .debug_abbrev  0x0000000000001577      0x1cc Stm32f10xx_EXTI.o
 .debug_abbrev  0x0000000000001743      0x175 Stm32f10xx_GPIO.o
 .debug_abbrev  0x00000000000018b8      0x378 Stm32f10xx_I2C.o
 .debug_abbrev  0x0000000000001c30       0xfe Stm32f10xx_RCC.o
 .debug_abbrev  0x0000000000001d2e       0xd8 Stm32f10xx_Timers.o

.debug_loc      0x0000000000000000     0x2db6
 .debug_loc     0x0000000000000000      0x128 Application.o
 .debug_loc     0x0000000000000128       0xce EEPROM.o
 .debug_loc     0x00000000000001f6      0x23c EEPROM_25xx256.o
 .debug_loc     0x0000000000000432      0x1ec Key_pad_Driver.o
 .debug_loc     0x000000000000061e      0x4c8 LCD_Driver.o
 .debug_loc     0x0000000000000ae6       0x2c main.o
 .debug_loc     0x0000000000000b12       0xa0 Seven_Segment.o
 .debug_loc     0x0000000000000bb2       0x7c startup.o
 .debug_loc     0x0000000000000c2e       0x88 Stm32_f10xx_Systick.o
 .debug_loc     0x0000000000000cb6      0x5d0 Stm32f10x_SPI.o
 .debug_loc     0x0000000000001286      0x784 Stm32f10x_UART.o
 .debug_loc     0x0000000000001a0a      0x41c Stm32f10xx_EXTI.o
 .debug_loc     0x0000000000001e26      0x3f4 Stm32f10xx_GPIO.o
 .debug_loc     0x000000000000221a      0xa04 Stm32f10xx_I2C.o
 .debug_loc     0x0000000000002c1e      0x13c Stm32f10xx_RCC.o
 .debug_loc     0x0000000000002d5a       0x5c Stm32f10xx_Timers.o

.debug_aranges  0x0000000000000000      0x200
 .debug_aranges
                0x0000000000000000       0x20 Application.o
 .debug_aranges
                0x0000000000000020       0x20 EEPROM.o
 .debug_aranges
                0x0000000000000040       0x20 EEPROM_25xx256.o
 .debug_aranges
                0x0000000000000060       0x20 Key_pad_Driver.o
 .debug_aranges
                0x0000000000000080       0x20 LCD_Driver.o
 .debug_aranges
                0x00000000000000a0       0x20 main.o
 .debug_aranges
                0x00000000000000c0       0x20 Seven_Segment.o
 .debug_aranges
                0x00000000000000e0       0x20 startup.o
 .debug_aranges
                0x0000000000000100       0x20 Stm32_f10xx_Systick.o
 .debug_aranges
                0x0000000000000120       0x20 Stm32f10x_SPI.o
 .debug_aranges
                0x0000000000000140       0x20 Stm32f10x_UART.o
 .debug_aranges
                0x0000000000000160       0x20 Stm32f10xx_EXTI.o
 .debug_aranges
                0x0000000000000180       0x20 Stm32f10xx_GPIO.o
 .debug_aranges
                0x00000000000001a0       0x20 Stm32f10xx_I2C.o
 .debug_aranges
                0x00000000000001c0       0x20 Stm32f10xx_RCC.o
 .debug_aranges
                0x00000000000001e0       0x20 Stm32f10xx_Timers.o

.debug_line     0x0000000000000000     0x49a8
 .debug_line    0x0000000000000000      0x4e7 Application.o
 .debug_line    0x00000000000004e7        0x0 Buzzer.o
 .debug_line    0x00000000000004e7      0x26c EEPROM.o
 .debug_line    0x0000000000000753      0x39d EEPROM_25xx256.o
 .debug_line    0x0000000000000af0      0x370 Key_pad_Driver.o
 .debug_line    0x0000000000000e60      0x46b LCD_Driver.o
 .debug_line    0x00000000000012cb      0x302 main.o
 .debug_line    0x00000000000015cd      0x270 Seven_Segment.o
 .debug_line    0x000000000000183d      0x240 startup.o
 .debug_line    0x0000000000001a7d      0x287 Stm32_f10xx_Systick.o
 .debug_line    0x0000000000001d04      0x8b5 Stm32f10x_SPI.o
 .debug_line    0x00000000000025b9      0x932 Stm32f10x_UART.o
 .debug_line    0x0000000000002eeb      0x48c Stm32f10xx_EXTI.o
 .debug_line    0x0000000000003377      0x433 Stm32f10xx_GPIO.o
 .debug_line    0x00000000000037aa      0xceb Stm32f10xx_I2C.o
 .debug_line    0x0000000000004495      0x2cc Stm32f10xx_RCC.o
 .debug_line    0x0000000000004761      0x247 Stm32f10xx_Timers.o

.debug_str      0x0000000000000000     0x2265
 .debug_str     0x0000000000000000      0xe39 Application.o
                                        0xf19 (size before relaxing)
 .debug_str     0x0000000000000e39        0x9 Buzzer.o
                                         0xbd (size before relaxing)
 .debug_str     0x0000000000000e42       0xbc EEPROM.o
                                        0x455 (size before relaxing)
 .debug_str     0x0000000000000efe       0xf8 EEPROM_25xx256.o
                                        0x868 (size before relaxing)
 .debug_str     0x0000000000000ff6      0x139 Key_pad_Driver.o
                                        0x3d5 (size before relaxing)
 .debug_str     0x000000000000112f      0x179 LCD_Driver.o
                                        0x4a5 (size before relaxing)
 .debug_str     0x00000000000012a8        0xc main.o
                                        0x6c9 (size before relaxing)
 .debug_str     0x00000000000012b4       0x50 Seven_Segment.o
                                        0x281 (size before relaxing)
 .debug_str     0x0000000000001304       0x7f startup.o
                                        0x1cb (size before relaxing)
 .debug_str     0x0000000000001383      0x38f Stm32_f10xx_Systick.o
                                        0x573 (size before relaxing)
 .debug_str     0x0000000000001712      0x119 Stm32f10x_SPI.o
                                        0xd31 (size before relaxing)
 .debug_str     0x000000000000182b      0x1a9 Stm32f10x_UART.o
                                        0xf9c (size before relaxing)
 .debug_str     0x00000000000019d4      0x28b Stm32f10xx_EXTI.o
                                        0x818 (size before relaxing)
 .debug_str     0x0000000000001c5f       0xff Stm32f10xx_GPIO.o
                                        0x3b2 (size before relaxing)
 .debug_str     0x0000000000001d5e      0x44a Stm32f10xx_I2C.o
                                       0x1107 (size before relaxing)
 .debug_str     0x00000000000021a8       0x99 Stm32f10xx_RCC.o
                                        0x2a8 (size before relaxing)
 .debug_str     0x0000000000002241       0x24 Stm32f10xx_Timers.o
                                        0x32b (size before relaxing)

.comment        0x0000000000000000       0x53
 .comment       0x0000000000000000       0x53 Application.o
                                         0x54 (size before relaxing)
 .comment       0x0000000000000053       0x54 Buzzer.o
 .comment       0x0000000000000053       0x54 EEPROM.o
 .comment       0x0000000000000053       0x54 EEPROM_25xx256.o
 .comment       0x0000000000000053       0x54 Key_pad_Driver.o
 .comment       0x0000000000000053       0x54 LCD_Driver.o
 .comment       0x0000000000000053       0x54 main.o
 .comment       0x0000000000000053       0x54 Seven_Segment.o
 .comment       0x0000000000000053       0x54 startup.o
 .comment       0x0000000000000053       0x54 Stm32_f10xx_Systick.o
 .comment       0x0000000000000053       0x54 Stm32f10x_SPI.o
 .comment       0x0000000000000053       0x54 Stm32f10x_UART.o
 .comment       0x0000000000000053       0x54 Stm32f10xx_EXTI.o
 .comment       0x0000000000000053       0x54 Stm32f10xx_GPIO.o
 .comment       0x0000000000000053       0x54 Stm32f10xx_I2C.o
 .comment       0x0000000000000053       0x54 Stm32f10xx_RCC.o
 .comment       0x0000000000000053       0x54 Stm32f10xx_Timers.o

.ARM.attributes
                0x0000000000000000       0x2d
 .ARM.attributes
                0x0000000000000000       0x2d Application.o
 .ARM.attributes
                0x000000000000002d       0x33 Buzzer.o
 .ARM.attributes
                0x0000000000000060       0x2d EEPROM.o
 .ARM.attributes
                0x000000000000008d       0x2d EEPROM_25xx256.o
 .ARM.attributes
                0x00000000000000ba       0x2d Key_pad_Driver.o
 .ARM.attributes
                0x00000000000000e7       0x2d LCD_Driver.o
 .ARM.attributes
                0x0000000000000114       0x2d main.o
 .ARM.attributes
                0x0000000000000141       0x2d Seven_Segment.o
 .ARM.attributes
                0x000000000000016e       0x2d startup.o
 .ARM.attributes
                0x000000000000019b       0x2d Stm32_f10xx_Systick.o
 .ARM.attributes
                0x00000000000001c8       0x2d Stm32f10x_SPI.o
 .ARM.attributes
                0x00000000000001f5       0x2d Stm32f10x_UART.o
 .ARM.attributes
                0x0000000000000222       0x2d Stm32f10xx_EXTI.o
 .ARM.attributes
                0x000000000000024f       0x2d Stm32f10xx_GPIO.o
 .ARM.attributes
                0x000000000000027c       0x2d Stm32f10xx_I2C.o
 .ARM.attributes
                0x00000000000002a9       0x2d Stm32f10xx_RCC.o
 .ARM.attributes
                0x00000000000002d6       0x2d Stm32f10xx_Timers.o

.debug_frame    0x0000000000000000     0x1610
 .debug_frame   0x0000000000000000       0xa0 Application.o
 .debug_frame   0x00000000000000a0       0x78 EEPROM.o
 .debug_frame   0x0000000000000118      0x11c EEPROM_25xx256.o
 .debug_frame   0x0000000000000234       0xec Key_pad_Driver.o
 .debug_frame   0x0000000000000320      0x234 LCD_Driver.o
 .debug_frame   0x0000000000000554       0x2c main.o
 .debug_frame   0x0000000000000580       0x58 Seven_Segment.o
 .debug_frame   0x00000000000005d8       0x50 startup.o
 .debug_frame   0x0000000000000628       0x54 Stm32_f10xx_Systick.o
 .debug_frame   0x000000000000067c      0x2b8 Stm32f10x_SPI.o
 .debug_frame   0x0000000000000934      0x374 Stm32f10x_UART.o
 .debug_frame   0x0000000000000ca8      0x220 Stm32f10xx_EXTI.o
 .debug_frame   0x0000000000000ec8      0x1c8 Stm32f10xx_GPIO.o
 .debug_frame   0x0000000000001090      0x494 Stm32f10xx_I2C.o
 .debug_frame   0x0000000000001524       0xb4 Stm32f10xx_RCC.o
 .debug_frame   0x00000000000015d8       0x38 Stm32f10xx_Timers.o
