
Allocating common symbols
Common symbol       size              file

GP_EXTI_CallBack    0x40              Stm32f10xx_EXTI.o
tim1_config         0x1c              Stm32f10xx_Timers.o

Memory Configuration

Name             Origin             Length             Attributes
FLASH            0x0000000008000000 0x0000000000020000 xr
SRAM             0x0000000020000000 0x0000000000005000 xrw
*default*        0x0000000000000000 0xffffffffffffffff

Linker script and memory map


.text           0x0000000008000000     0x3c4f
 *(.vectors*)
 .vectors       0x0000000008000000       0xec startup.o
                0x0000000008000000                vectors
 *(.text*)
 .text          0x00000000080000ec        0x0 Buzzer.o
 .text          0x00000000080000ec      0x158 EEPROM.o
                0x00000000080000ec                EEPORM_Init
                0x0000000008000140                EEPROM_Write_NBytes
                0x00000000080001e4                EEPROM_Read_Byte
 .text          0x0000000008000244      0x294 Key_pad_Driver.o
                0x0000000008000244                Key_pad_init
                0x00000000080002fc                Check_Keypad_Pins
                0x0000000008000364                Set_Key_Drain_Pins
                0x00000000080003dc                Check_Key_Soruce_Pins
                0x0000000008000428                Reaction_Of_Prass
                0x000000000800045c                Check_Prass_Button
 .text          0x00000000080004d8      0x69c LCD_Driver.o
                0x0000000008000528                Kick_Enable_pin
                0x000000000800055e                LCD_init
                0x0000000008000634                Check_BF
                0x00000000080006c8                Shift_R_Cursor
                0x00000000080006e0                Shift_L_Cursor
                0x00000000080006f8                Read_Cursor_Add
                0x000000000800070c                Write_Character
                0x000000000800080e                Write_Character_with_coordinator
                0x000000000800087a                Write_String
                0x00000000080008aa                Write_String_with_coordinator
                0x00000000080008f2                Jump_to_coordinator
                0x0000000008000948                Write_Command
                0x0000000008000a4e                write_with_move
                0x0000000008000b5c                clean_Lcd
 .text          0x0000000008000b74      0x150 main.o
                0x0000000008000bc4                main
                0x0000000008000c08                config
 .text          0x0000000008000cc4       0xb2 Seven_Segment.o
                0x0000000008000cc4                init_seven_segment
                0x0000000008000d1a                Display_seven_segment
 *fill*         0x0000000008000d76        0x2 
 .text          0x0000000008000d78       0x8c startup.o
                0x0000000008000d78                FLASH_Handler
                0x0000000008000d78                SVCall_Handler
                0x0000000008000d78                SysTick_Handler
                0x0000000008000d78                PendSv_Handler
                0x0000000008000d78                DMA1_Channel7_Handler
                0x0000000008000d78                NMI_Handler
                0x0000000008000d78                DMA1_Channel6_Handler
                0x0000000008000d78                CAN1_RX1_Handler
                0x0000000008000d78                Bus_Fault_Handler
                0x0000000008000d78                ADC1_2_Handler
                0x0000000008000d78                WWDG_Handler
                0x0000000008000d78                DMA1_Channel1_Handler
                0x0000000008000d78                RTC_Handler
                0x0000000008000d78                TIM1_CC_Handler
                0x0000000008000d78                CAN1_SCE_Handler
                0x0000000008000d78                TIM1_BRK_Handler
                0x0000000008000d78                MM_Fault_Handler
                0x0000000008000d78                TEMPER_Handler
                0x0000000008000d78                TIM2_Handler
                0x0000000008000d78                DMA1_Channel4_Handler
                0x0000000008000d78                TIM3_Handler
                0x0000000008000d78                Default_Handler
                0x0000000008000d78                USBWakeUp_Handler
                0x0000000008000d78                DMA1_Channel3_Handler
                0x0000000008000d78                RTC_Alarm_Handler
                0x0000000008000d78                TIM4_Handler
                0x0000000008000d78                DMA1_Channel2_Handler
                0x0000000008000d78                Usage_Fault_Handler
                0x0000000008000d78                TIM1_UP_Handler
                0x0000000008000d78                DMA1_Channel5_Handler
                0x0000000008000d78                DebugMonitor_Handler
                0x0000000008000d78                RCC_Handler
                0x0000000008000d78                PVD_Handler
                0x0000000008000d78                Hard_Fault_Handler
                0x0000000008000d78                USB_LP_CAN1_RX0_Handler
                0x0000000008000d78                USB_HP_CAN1_TX_Handler
                0x0000000008000d78                TIM1_TRG_COM_Handler
                0x0000000008000d84                Rest_Handler
 .text          0x0000000008000e04       0xa4 Stm32_f10xx_Systick.o
                0x0000000008000e3c                Init_Systick
 .text          0x0000000008000ea8      0x868 Stm32f10x_SPI.o
                0x0000000008000f1c                Init_SPI
                0x00000000080011ac                Deinit_SPI
                0x0000000008001228                SPI_Send_Char
                0x0000000008001264                SPI_Receive_Char
                0x00000000080012a2                SPI_Send_String
                0x0000000008001308                SPI_Receive_String
                0x000000000800136c                Tx_Empty_CallBack
                0x000000000800137e                RX_Empty_CallBack
                0x0000000008001390                Fault_Event_CallBack
                0x00000000080013a2                Overrun_CallBack
                0x00000000080013b4                CRC_CallBack
                0x00000000080013c6                Select_SPI_Pins_datasheet
                0x0000000008001464                Config_SPI_Pins
                0x00000000080015b8                SPI1_Handler
                0x0000000008001634                SPI2_Handler
                0x00000000080016b4                SPI_Tx_Rx_Char
 .text          0x0000000008001710      0x8d0 Stm32f10x_UART.o
                0x00000000080017d4                Set_BaudRate
                0x000000000800189c                Get_BaudRate
                0x00000000080018b0                Init_Uart
                0x0000000008001b88                DeInit_Uart
                0x0000000008001c04                _Config_GPIO_f
                0x0000000008001ce8                Send_Char_Uart
                0x0000000008001d3c                Receive_Char_Uart
                0x0000000008001dd0                Receive_String_Uart
                0x0000000008001dfc                Send_String_Uart
                0x0000000008001e36                USART1_Handler
                0x0000000008001ef8                USART2_Handler
                0x0000000008001f04                USART3_Handler
                0x0000000008001f10                Parity_CallBack_UART
                0x0000000008001f22                Error_CallBack_UART
                0x0000000008001f34                Tx_CallBack_UART
                0x0000000008001f46                Tx_Comp_CallBack_UART
                0x0000000008001f58                Rx_CallBack_UART
                0x0000000008001fa8                IDLE_CallBack_UART
                0x0000000008001fba                Lin_BK_CallBack_UART
                0x0000000008001fcc                FlowCt_CallBack_UART
 .text          0x0000000008001fe0      0x4d4 Stm32f10xx_EXTI.o
                0x0000000008002054                NVIC_EXTI_Clear_Handler
                0x000000000800207c                Init_EXTI
                0x0000000008002092                Deinit_EXTI
                0x000000000800213c                Upadate_EXTI
                0x0000000008002152                Config_EXTI
                0x0000000008002298                NVIC_Enable_IRQ
                0x00000000080022b4                NVIC_Disable_IRQ
                0x00000000080022d0                EXTI0_Handler
                0x00000000080022e8                EXTI1_Handler
                0x0000000008002300                EXTI2_Handler
                0x0000000008002318                EXTI3_Handler
                0x0000000008002330                EXTI4_Handler
                0x0000000008002348                EXTI9_5_Handler
                0x00000000080023f0                EXTI15_10_Handler
 .text          0x00000000080024b4      0x488 Stm32f10xx_GPIO.o
                0x00000000080024b4                Init_GPIO
                0x0000000008002708                Set_pin
                0x0000000008002724                Reset_pin
                0x0000000008002744                Change_State_Pin
                0x0000000008002776                Toggle_pin
                0x0000000008002798                Read_pin
                0x00000000080027c0                Set_GPIO_Value
                0x00000000080027da                Reset_GPIO
                0x00000000080027f8                Read_GPIO
                0x0000000008002810                Lock_GPIO
                0x000000000800286a                Deinit_GPIO
 .text          0x000000000800293c      0xeb4 Stm32f10xx_I2C.o
                0x00000000080029b0                I2C_Init
                0x0000000008002d3c                I2C_Deinit
                0x0000000008002d94                I2C_Master_Write
                0x0000000008002e44                I2C_GenerateStop
                0x0000000008002e84                I2C_Send_Add
                0x0000000008002efe                I2C_Master_Read
                0x0000000008002fb6                I2C_Slave_Write_IT
                0x0000000008002fe4                I2C_Slave_Read_IT
                0x000000000800301c                I2C_Slave_Write
                0x000000000800308a                I2C_Slave_Read
                0x00000000080030e2                I2C_GenerateStart
                0x000000000800313a                I2C_Get_FlagStatus
                0x0000000008003440                I2C_Enable_ACK
                0x0000000008003462                I2C_Disable_ACK
                0x0000000008003484                SB_CallBack_I2C
                0x0000000008003496                ADDR_CallBack_I2C
                0x00000000080034d8                ADDR10_CallBack_I2C
                0x00000000080034f2                STOPF_CallBack_I2C
                0x0000000008003504                BTF_CallBack_I2C
                0x0000000008003516                TXE_CallBack_I2C
                0x0000000008003548                RXNE_CallBack_I2C
                0x000000000800357a                OVR_CallBack_I2C
                0x000000000800358c                TIMEOUT_CallBack_I2C
                0x000000000800359e                AF_CallBack_I2C
                0x00000000080035ce                I2C1_EV_Handler
                0x0000000008003684                I2C1_ER_Handler
                0x0000000008003690                I2C2_EV_Handler
                0x0000000008003744                I2C2_ER_Handler
                0x0000000008003750                I2C_Clock_Config_Pins
 .text          0x00000000080037f0      0x1a4 Stm32f10xx_RCC.o
                0x00000000080037f0                Get_Systick_Freq
                0x00000000080038dc                Get_HCLK_Freq
                0x0000000008003908                Get_APB1_Freq
                0x0000000008003930                Get_APB2_Freq
                0x0000000008003958                Set_HSE_CLK_Freq
 .text          0x0000000008003994       0x70 Stm32f10xx_Timers.o
                0x0000000008003994                Init_Timer
 *(.rodata)
 .rodata        0x0000000008003a04        0x5 main.o
 *fill*         0x0000000008003a09        0x3 
 .rodata        0x0000000008003a0c      0x200 Stm32f10xx_EXTI.o
                0x0000000008003a0c                EXTI_Streem
 .rodata        0x0000000008003c0c       0x43 Stm32f10xx_RCC.o
                0x0000000008003c4f                _E_text = .

.glue_7         0x0000000008003c50        0x0
 .glue_7        0x0000000008003c50        0x0 linker stubs

.glue_7t        0x0000000008003c50        0x0
 .glue_7t       0x0000000008003c50        0x0 linker stubs

.vfp11_veneer   0x0000000008003c50        0x0
 .vfp11_veneer  0x0000000008003c50        0x0 linker stubs

.v4_bx          0x0000000008003c50        0x0
 .v4_bx         0x0000000008003c50        0x0 linker stubs

.iplt           0x0000000008003c50        0x0
 .iplt          0x0000000008003c50        0x0 EEPROM.o

.rel.dyn        0x0000000008003c50        0x0
 .rel.iplt      0x0000000008003c50        0x0 EEPROM.o

.data           0x0000000020000000        0xc load address 0x0000000008003c4f
                0x0000000020000000                _S_DATA = .
 *(.data)
 .data          0x0000000020000000        0x0 Buzzer.o
 .data          0x0000000020000000        0x0 EEPROM.o
 .data          0x0000000020000000        0xc Key_pad_Driver.o
 .data          0x000000002000000c        0x0 LCD_Driver.o
 .data          0x000000002000000c        0x0 main.o
 .data          0x000000002000000c        0x0 Seven_Segment.o
 .data          0x000000002000000c        0x0 startup.o
 .data          0x000000002000000c        0x0 Stm32_f10xx_Systick.o
 .data          0x000000002000000c        0x0 Stm32f10x_SPI.o
 .data          0x000000002000000c        0x0 Stm32f10x_UART.o
 .data          0x000000002000000c        0x0 Stm32f10xx_EXTI.o
 .data          0x000000002000000c        0x0 Stm32f10xx_GPIO.o
 .data          0x000000002000000c        0x0 Stm32f10xx_I2C.o
 .data          0x000000002000000c        0x0 Stm32f10xx_RCC.o
 .data          0x000000002000000c        0x0 Stm32f10xx_Timers.o
 *(.data.*)
                0x000000002000000c                _E_DATA = .

.igot.plt       0x000000002000000c        0x0 load address 0x0000000008003c5b
 .igot.plt      0x000000002000000c        0x0 EEPROM.o

.bss            0x000000002000000c      0xa6c load address 0x0000000008003c5b
                0x000000002000000c                _S_bss = .
 *(.bss)
 .bss           0x000000002000000c        0x0 Buzzer.o
 .bss           0x000000002000000c        0x0 EEPROM.o
 .bss           0x000000002000000c       0x24 Key_pad_Driver.o
                0x000000002000002c                GPIOx
 .bss           0x0000000020000030        0xd LCD_Driver.o
 *fill*         0x000000002000003d        0x3 
 .bss           0x0000000020000040      0x1cc main.o
                0x0000000020000040                Lcd_config
                0x0000000020000060                key_pad_config
                0x0000000020000070                seven_config
                0x000000002000007c                uart1_config
                0x00000000200000b4                spi1_config
                0x00000000200000e0                spi2_config
                0x000000002000010c                spi3_config
                0x0000000020000138                i2c1_config
                0x0000000020000198                i2c2_config
                0x00000000200001f8                Rx_Buff
 .bss           0x000000002000020c       0x28 Seven_Segment.o
                0x000000002000020c                numbers
 .bss           0x0000000020000234        0x0 startup.o
 .bss           0x0000000020000234       0x10 Stm32_f10xx_Systick.o
                0x0000000020000234                Systick_API
 .bss           0x0000000020000244        0x2 Stm32f10x_SPI.o
 .bss           0x0000000020000246        0x0 Stm32f10x_UART.o
 .bss           0x0000000020000246        0x0 Stm32f10xx_EXTI.o
 .bss           0x0000000020000246        0x0 Stm32f10xx_GPIO.o
 .bss           0x0000000020000246        0x0 Stm32f10xx_I2C.o
 *fill*         0x0000000020000246        0x2 
 .bss           0x0000000020000248        0x4 Stm32f10xx_RCC.o
 .bss           0x000000002000024c        0x0 Stm32f10xx_Timers.o
 *(.bss.*)
                0x000000002000024c                . = ALIGN (0x4)
                0x000000002000024c                _E_bss = .
                0x000000002000024c                . = ALIGN (0x4)
                0x0000000020000634                . = (. + 0x3e8)
 *fill*         0x000000002000024c      0x3e8 
                0x0000000020000634                _heap_End = .
                0x0000000020000634                . = ALIGN (0x4)
                0x0000000020000a1c                . = (. + 0x3e8)
 *fill*         0x0000000020000634      0x3e8 
                0x0000000020000a1c                _stack_top = .
 COMMON         0x0000000020000a1c       0x40 Stm32f10xx_EXTI.o
                0x0000000020000a1c                GP_EXTI_CallBack
 COMMON         0x0000000020000a5c       0x1c Stm32f10xx_Timers.o
                0x0000000020000a5c                tim1_config
LOAD Buzzer.o
LOAD EEPROM.o
LOAD Key_pad_Driver.o
LOAD LCD_Driver.o
LOAD main.o
LOAD Seven_Segment.o
LOAD startup.o
LOAD Stm32_f10xx_Systick.o
LOAD Stm32f10x_SPI.o
LOAD Stm32f10x_UART.o
LOAD Stm32f10xx_EXTI.o
LOAD Stm32f10xx_GPIO.o
LOAD Stm32f10xx_I2C.o
LOAD Stm32f10xx_RCC.o
LOAD Stm32f10xx_Timers.o
OUTPUT(learn_embedded.axf elf32-littlearm)
LOAD linker stubs

.debug_line     0x0000000000000000     0x4188
 .debug_line    0x0000000000000000        0x0 Buzzer.o
 .debug_line    0x0000000000000000      0x26c EEPROM.o
 .debug_line    0x000000000000026c      0x370 Key_pad_Driver.o
 .debug_line    0x00000000000005dc      0x48a LCD_Driver.o
 .debug_line    0x0000000000000a66      0x3fe main.o
 .debug_line    0x0000000000000e64      0x263 Seven_Segment.o
 .debug_line    0x00000000000010c7      0x240 startup.o
 .debug_line    0x0000000000001307      0x287 Stm32_f10xx_Systick.o
 .debug_line    0x000000000000158e      0x8c1 Stm32f10x_SPI.o
 .debug_line    0x0000000000001e4f      0x87c Stm32f10x_UART.o
 .debug_line    0x00000000000026cb      0x48c Stm32f10xx_EXTI.o
 .debug_line    0x0000000000002b57      0x433 Stm32f10xx_GPIO.o
 .debug_line    0x0000000000002f8a      0xceb Stm32f10xx_I2C.o
 .debug_line    0x0000000000003c75      0x2cc Stm32f10xx_RCC.o
 .debug_line    0x0000000000003f41      0x247 Stm32f10xx_Timers.o

.debug_str      0x0000000000000000     0x2090
 .debug_str     0x0000000000000000       0xbd Buzzer.o
 .debug_str     0x00000000000000bd      0x33d EEPROM.o
                                        0x455 (size before relaxing)
 .debug_str     0x00000000000003fa      0x24f Key_pad_Driver.o
                                        0x3d5 (size before relaxing)
 .debug_str     0x0000000000000649      0x205 LCD_Driver.o
                                        0x486 (size before relaxing)
 .debug_str     0x000000000000084e      0x862 main.o
                                        0xde8 (size before relaxing)
 .debug_str     0x00000000000010b0       0x50 Seven_Segment.o
                                        0x281 (size before relaxing)
 .debug_str     0x0000000000001100       0x7f startup.o
                                        0x1cb (size before relaxing)
 .debug_str     0x000000000000117f      0x38f Stm32_f10xx_Systick.o
                                        0x573 (size before relaxing)
 .debug_str     0x000000000000150e      0x13b Stm32f10x_SPI.o
                                        0xd1b (size before relaxing)
 .debug_str     0x0000000000001649      0x1b6 Stm32f10x_UART.o
                                        0xf56 (size before relaxing)
 .debug_str     0x00000000000017ff      0x28b Stm32f10xx_EXTI.o
                                        0x818 (size before relaxing)
 .debug_str     0x0000000000001a8a       0xff Stm32f10xx_GPIO.o
                                        0x3b2 (size before relaxing)
 .debug_str     0x0000000000001b89      0x44a Stm32f10xx_I2C.o
                                       0x1107 (size before relaxing)
 .debug_str     0x0000000000001fd3       0x99 Stm32f10xx_RCC.o
                                        0x2a8 (size before relaxing)
 .debug_str     0x000000000000206c       0x24 Stm32f10xx_Timers.o
                                        0x32b (size before relaxing)

.comment        0x0000000000000000       0x53
 .comment       0x0000000000000000       0x53 Buzzer.o
                                         0x54 (size before relaxing)
 .comment       0x0000000000000053       0x54 EEPROM.o
 .comment       0x0000000000000053       0x54 Key_pad_Driver.o
 .comment       0x0000000000000053       0x54 LCD_Driver.o
 .comment       0x0000000000000053       0x54 main.o
 .comment       0x0000000000000053       0x54 Seven_Segment.o
 .comment       0x0000000000000053       0x54 startup.o
 .comment       0x0000000000000053       0x54 Stm32_f10xx_Systick.o
 .comment       0x0000000000000053       0x54 Stm32f10x_SPI.o
 .comment       0x0000000000000053       0x54 Stm32f10x_UART.o
 .comment       0x0000000000000053       0x54 Stm32f10xx_EXTI.o
 .comment       0x0000000000000053       0x54 Stm32f10xx_GPIO.o
 .comment       0x0000000000000053       0x54 Stm32f10xx_I2C.o
 .comment       0x0000000000000053       0x54 Stm32f10xx_RCC.o
 .comment       0x0000000000000053       0x54 Stm32f10xx_Timers.o

.ARM.attributes
                0x0000000000000000       0x33
 .ARM.attributes
                0x0000000000000000       0x33 Buzzer.o
 .ARM.attributes
                0x0000000000000033       0x2d EEPROM.o
 .ARM.attributes
                0x0000000000000060       0x2d Key_pad_Driver.o
 .ARM.attributes
                0x000000000000008d       0x2d LCD_Driver.o
 .ARM.attributes
                0x00000000000000ba       0x2d main.o
 .ARM.attributes
                0x00000000000000e7       0x2d Seven_Segment.o
 .ARM.attributes
                0x0000000000000114       0x2d startup.o
 .ARM.attributes
                0x0000000000000141       0x2d Stm32_f10xx_Systick.o
 .ARM.attributes
                0x000000000000016e       0x2d Stm32f10x_SPI.o
 .ARM.attributes
                0x000000000000019b       0x2d Stm32f10x_UART.o
 .ARM.attributes
                0x00000000000001c8       0x2d Stm32f10xx_EXTI.o
 .ARM.attributes
                0x00000000000001f5       0x2d Stm32f10xx_GPIO.o
 .ARM.attributes
                0x0000000000000222       0x2d Stm32f10xx_I2C.o
 .ARM.attributes
                0x000000000000024f       0x2d Stm32f10xx_RCC.o
 .ARM.attributes
                0x000000000000027c       0x2d Stm32f10xx_Timers.o

.debug_info     0x0000000000000000     0x8e23
 .debug_info    0x0000000000000000      0x4db EEPROM.o
 .debug_info    0x00000000000004db      0x560 Key_pad_Driver.o
 .debug_info    0x0000000000000a3b      0x79a LCD_Driver.o
 .debug_info    0x00000000000011d5     0x16e1 main.o
 .debug_info    0x00000000000028b6      0x2d2 Seven_Segment.o
 .debug_info    0x0000000000002b88      0x1a1 startup.o
 .debug_info    0x0000000000002d29      0x439 Stm32_f10xx_Systick.o
 .debug_info    0x0000000000003162     0x151c Stm32f10x_SPI.o
 .debug_info    0x000000000000467e     0x17fd Stm32f10x_UART.o
 .debug_info    0x0000000000005e7b      0x89c Stm32f10xx_EXTI.o
 .debug_info    0x0000000000006717      0x60c Stm32f10xx_GPIO.o
 .debug_info    0x0000000000006d23     0x1a92 Stm32f10xx_I2C.o
 .debug_info    0x00000000000087b5      0x303 Stm32f10xx_RCC.o
 .debug_info    0x0000000000008ab8      0x36b Stm32f10xx_Timers.o

.debug_abbrev   0x0000000000000000     0x19aa
 .debug_abbrev  0x0000000000000000      0x17c EEPROM.o
 .debug_abbrev  0x000000000000017c      0x169 Key_pad_Driver.o
 .debug_abbrev  0x00000000000002e5      0x1fd LCD_Driver.o
 .debug_abbrev  0x00000000000004e2      0x21f main.o
 .debug_abbrev  0x0000000000000701      0x11a Seven_Segment.o
 .debug_abbrev  0x000000000000081b       0xe4 startup.o
 .debug_abbrev  0x00000000000008ff      0x143 Stm32_f10xx_Systick.o
 .debug_abbrev  0x0000000000000a42      0x34c Stm32f10x_SPI.o
 .debug_abbrev  0x0000000000000d8e      0x38d Stm32f10x_UART.o
 .debug_abbrev  0x000000000000111b      0x1cc Stm32f10xx_EXTI.o
 .debug_abbrev  0x00000000000012e7      0x175 Stm32f10xx_GPIO.o
 .debug_abbrev  0x000000000000145c      0x378 Stm32f10xx_I2C.o
 .debug_abbrev  0x00000000000017d4       0xfe Stm32f10xx_RCC.o
 .debug_abbrev  0x00000000000018d2       0xd8 Stm32f10xx_Timers.o

.debug_loc      0x0000000000000000     0x2afe
 .debug_loc     0x0000000000000000       0xce EEPROM.o
 .debug_loc     0x00000000000000ce      0x1ec Key_pad_Driver.o
 .debug_loc     0x00000000000002ba      0x4c8 LCD_Driver.o
 .debug_loc     0x0000000000000782       0xc0 main.o
 .debug_loc     0x0000000000000842       0xa0 Seven_Segment.o
 .debug_loc     0x00000000000008e2       0x7c startup.o
 .debug_loc     0x000000000000095e       0x88 Stm32_f10xx_Systick.o
 .debug_loc     0x00000000000009e6      0x5d0 Stm32f10x_SPI.o
 .debug_loc     0x0000000000000fb6      0x79c Stm32f10x_UART.o
 .debug_loc     0x0000000000001752      0x41c Stm32f10xx_EXTI.o
 .debug_loc     0x0000000000001b6e      0x3f4 Stm32f10xx_GPIO.o
 .debug_loc     0x0000000000001f62      0xa04 Stm32f10xx_I2C.o
 .debug_loc     0x0000000000002966      0x13c Stm32f10xx_RCC.o
 .debug_loc     0x0000000000002aa2       0x5c Stm32f10xx_Timers.o

.debug_aranges  0x0000000000000000      0x1c0
 .debug_aranges
                0x0000000000000000       0x20 EEPROM.o
 .debug_aranges
                0x0000000000000020       0x20 Key_pad_Driver.o
 .debug_aranges
                0x0000000000000040       0x20 LCD_Driver.o
 .debug_aranges
                0x0000000000000060       0x20 main.o
 .debug_aranges
                0x0000000000000080       0x20 Seven_Segment.o
 .debug_aranges
                0x00000000000000a0       0x20 startup.o
 .debug_aranges
                0x00000000000000c0       0x20 Stm32_f10xx_Systick.o
 .debug_aranges
                0x00000000000000e0       0x20 Stm32f10x_SPI.o
 .debug_aranges
                0x0000000000000100       0x20 Stm32f10x_UART.o
 .debug_aranges
                0x0000000000000120       0x20 Stm32f10xx_EXTI.o
 .debug_aranges
                0x0000000000000140       0x20 Stm32f10xx_GPIO.o
 .debug_aranges
                0x0000000000000160       0x20 Stm32f10xx_I2C.o
 .debug_aranges
                0x0000000000000180       0x20 Stm32f10xx_RCC.o
 .debug_aranges
                0x00000000000001a0       0x20 Stm32f10xx_Timers.o

.debug_frame    0x0000000000000000     0x14a0
 .debug_frame   0x0000000000000000       0x78 EEPROM.o
 .debug_frame   0x0000000000000078       0xec Key_pad_Driver.o
 .debug_frame   0x0000000000000164      0x234 LCD_Driver.o
 .debug_frame   0x0000000000000398       0x74 main.o
 .debug_frame   0x000000000000040c       0x58 Seven_Segment.o
 .debug_frame   0x0000000000000464       0x50 startup.o
 .debug_frame   0x00000000000004b4       0x54 Stm32_f10xx_Systick.o
 .debug_frame   0x0000000000000508      0x2b8 Stm32f10x_SPI.o
 .debug_frame   0x00000000000007c0      0x378 Stm32f10x_UART.o
 .debug_frame   0x0000000000000b38      0x220 Stm32f10xx_EXTI.o
 .debug_frame   0x0000000000000d58      0x1c8 Stm32f10xx_GPIO.o
 .debug_frame   0x0000000000000f20      0x494 Stm32f10xx_I2C.o
 .debug_frame   0x00000000000013b4       0xb4 Stm32f10xx_RCC.o
 .debug_frame   0x0000000000001468       0x38 Stm32f10xx_Timers.o
