
Allocating common symbols
Common symbol       size              file

GP_EXTI_CallBack    0x40              Stm32f10xx_EXTI.o

Memory Configuration

Name             Origin             Length             Attributes
FLASH            0x0000000008000000 0x0000000000020000 xr
SRAM             0x0000000020000000 0x0000000000005000 xrw
*default*        0x0000000000000000 0xffffffffffffffff

Linker script and memory map


.text           0x0000000008000000     0x360f
 *(.vectors*)
 .vectors       0x0000000008000000       0xec startup.o
                0x0000000008000000                vectors
 *(.text*)
 .text          0x00000000080000ec        0x0 Buzzer.o
 .text          0x00000000080000ec      0x158 EEPROM.o
                0x00000000080000ec                EEPORM_Init
                0x0000000008000140                EEPROM_Write_NBytes
                0x00000000080001e4                EEPROM_Read_Byte
 .text          0x0000000008000244      0x230 Key_pad_Driver.o
                0x0000000008000244                Key_pad_init
                0x000000000800034c                Check_Prass_Button
 .text          0x0000000008000474      0x53c LCD_Driver.o
                0x0000000008000474                _delay_ms
                0x00000000080004ae                Kick_Enable_pin
                0x00000000080004e4                LCD_init
                0x00000000080005a0                Check_BF
                0x0000000008000634                Shift_R_Cursor
                0x000000000800064c                Shift_L_Cursor
                0x0000000008000664                Read_Cursor_Add
                0x0000000008000678                Write_Character
                0x00000000080006ee                Write_Character_with_coordinator
                0x000000000800075a                Write_String
                0x000000000800078a                Write_String_with_coordinator
                0x00000000080007d2                Jump_to_coordinator
                0x0000000008000828                Write_Command
                0x000000000800088c                write_with_move
                0x0000000008000998                clean_Lcd
 .text          0x00000000080009b0       0x74 main.o
                0x00000000080009b0                main
                0x00000000080009c8                config
 .text          0x0000000008000a24       0xb2 Seven_Segment.o
                0x0000000008000a24                init_seven_segment
                0x0000000008000a7a                Display_seven_segment
 *fill*         0x0000000008000ad6        0x2 
 .text          0x0000000008000ad8       0x8c startup.o
                0x0000000008000ad8                FLASH_Handler
                0x0000000008000ad8                SVCall_Handler
                0x0000000008000ad8                SysTick_Handler
                0x0000000008000ad8                PendSv_Handler
                0x0000000008000ad8                DMA1_Channel7_Handler
                0x0000000008000ad8                NMI_Handler
                0x0000000008000ad8                DMA1_Channel6_Handler
                0x0000000008000ad8                CAN1_RX1_Handler
                0x0000000008000ad8                Bus_Fault_Handler
                0x0000000008000ad8                ADC1_2_Handler
                0x0000000008000ad8                WWDG_Handler
                0x0000000008000ad8                DMA1_Channel1_Handler
                0x0000000008000ad8                RTC_Handler
                0x0000000008000ad8                TIM1_CC_Handler
                0x0000000008000ad8                CAN1_SCE_Handler
                0x0000000008000ad8                TIM1_BRK_Handler
                0x0000000008000ad8                MM_Fault_Handler
                0x0000000008000ad8                TEMPER_Handler
                0x0000000008000ad8                TIM2_Handler
                0x0000000008000ad8                DMA1_Channel4_Handler
                0x0000000008000ad8                TIM3_Handler
                0x0000000008000ad8                Default_Handler
                0x0000000008000ad8                USBWakeUp_Handler
                0x0000000008000ad8                DMA1_Channel3_Handler
                0x0000000008000ad8                RTC_Alarm_Handler
                0x0000000008000ad8                TIM4_Handler
                0x0000000008000ad8                DMA1_Channel2_Handler
                0x0000000008000ad8                Usage_Fault_Handler
                0x0000000008000ad8                TIM1_UP_Handler
                0x0000000008000ad8                DMA1_Channel5_Handler
                0x0000000008000ad8                DebugMonitor_Handler
                0x0000000008000ad8                RCC_Handler
                0x0000000008000ad8                PVD_Handler
                0x0000000008000ad8                Hard_Fault_Handler
                0x0000000008000ad8                USB_LP_CAN1_RX0_Handler
                0x0000000008000ad8                USB_HP_CAN1_TX_Handler
                0x0000000008000ad8                TIM1_TRG_COM_Handler
                0x0000000008000ae4                Rest_Handler
 .text          0x0000000008000b64      0x868 Stm32f10x_SPI.o
                0x0000000008000bd8                Init_SPI
                0x0000000008000e68                Deinit_SPI
                0x0000000008000ee4                SPI_Send_Char
                0x0000000008000f20                SPI_Receive_Char
                0x0000000008000f5e                SPI_Send_String
                0x0000000008000fc4                SPI_Receive_String
                0x0000000008001028                Tx_Empty_CallBack
                0x000000000800103a                RX_Empty_CallBack
                0x000000000800104c                Fault_Event_CallBack
                0x000000000800105e                Overrun_CallBack
                0x0000000008001070                CRC_CallBack
                0x0000000008001082                Select_SPI_Pins_datasheet
                0x0000000008001120                Config_SPI_Pins
                0x0000000008001274                SPI1_Handler
                0x00000000080012f0                SPI2_Handler
                0x0000000008001370                SPI_Tx_Rx_Char
 .text          0x00000000080013cc      0x880 Stm32f10x_UART.o
                0x0000000008001440                Set_BaudRate
                0x0000000008001508                Get_BaudRate
                0x000000000800151c                Init_Uart
                0x00000000080017f4                DeInit_Uart
                0x0000000008001870                _Config_GPIO_f
                0x0000000008001954                Send_Char_Uart
                0x00000000080019a8                Receive_Char_Uart
                0x0000000008001a3c                Receive_String_Uart
                0x0000000008001a68                Send_String_Uart
                0x0000000008001aa2                USART1_Handler
                0x0000000008001b64                USART2_Handler
                0x0000000008001b70                USART3_Handler
                0x0000000008001b7c                Parity_CallBack_UART
                0x0000000008001b8e                Error_CallBack_UART
                0x0000000008001ba0                Tx_CallBack_UART
                0x0000000008001bb2                Tx_Comp_CallBack_UART
                0x0000000008001bc4                Rx_CallBack_UART
                0x0000000008001c14                IDLE_CallBack_UART
                0x0000000008001c26                Lin_BK_CallBack_UART
                0x0000000008001c38                FlowCt_CallBack_UART
 .text          0x0000000008001c4c      0x4a0 Stm32f10xx_EXTI.o
                0x0000000008001cc0                NVIC_EXTI_Clear_Handler
                0x0000000008001ce8                Init_EXTI
                0x0000000008001cfe                Deinit_EXTI
                0x0000000008001da8                Upadate_EXTI
                0x0000000008001dbe                Config_EXTI
                0x0000000008001f04                NVIC_Enable_IRQ
                0x0000000008001f20                NVIC_Disable_IRQ
                0x0000000008001f3c                EXTI0_Handler
                0x0000000008001f4a                EXTI1_Handler
                0x0000000008001f58                EXTI2_Handler
                0x0000000008001f66                EXTI3_Handler
                0x0000000008001f74                EXTI4_Handler
                0x0000000008001f82                EXTI9_5_Handler
                0x0000000008002028                EXTI15_10_Handler
 .text          0x00000000080020ec      0x488 Stm32f10xx_GPIO.o
                0x00000000080020ec                Init_GPIO
                0x0000000008002340                Set_pin
                0x000000000800235c                Reset_pin
                0x000000000800237c                Change_State_Pin
                0x00000000080023ae                Toggle_pin
                0x00000000080023d0                Read_pin
                0x00000000080023f8                Set_GPIO_Value
                0x0000000008002412                Reset_GPIO
                0x0000000008002430                Read_GPIO
                0x0000000008002448                Lock_GPIO
                0x00000000080024a2                Deinit_GPIO
 .text          0x0000000008002574      0xeb4 Stm32f10xx_I2C.o
                0x00000000080025e8                I2C_Init
                0x0000000008002974                I2C_Deinit
                0x00000000080029cc                I2C_Master_Write
                0x0000000008002a7c                I2C_GenerateStop
                0x0000000008002abc                I2C_Send_Add
                0x0000000008002b36                I2C_Master_Read
                0x0000000008002bee                I2C_Slave_Write_IT
                0x0000000008002c1c                I2C_Slave_Read_IT
                0x0000000008002c54                I2C_Slave_Write
                0x0000000008002cc2                I2C_Slave_Read
                0x0000000008002d1a                I2C_GenerateStart
                0x0000000008002d72                I2C_Get_FlagStatus
                0x0000000008003078                I2C_Enable_ACK
                0x000000000800309a                I2C_Disable_ACK
                0x00000000080030bc                SB_CallBack_I2C
                0x00000000080030ce                ADDR_CallBack_I2C
                0x0000000008003110                ADDR10_CallBack_I2C
                0x000000000800312a                STOPF_CallBack_I2C
                0x000000000800313c                BTF_CallBack_I2C
                0x000000000800314e                TXE_CallBack_I2C
                0x0000000008003180                RXNE_CallBack_I2C
                0x00000000080031b2                OVR_CallBack_I2C
                0x00000000080031c4                TIMEOUT_CallBack_I2C
                0x00000000080031d6                AF_CallBack_I2C
                0x0000000008003206                I2C1_EV_Handler
                0x00000000080032bc                I2C1_ER_Handler
                0x00000000080032c8                I2C2_EV_Handler
                0x000000000800337c                I2C2_ER_Handler
                0x0000000008003388                I2C_Clock_Config_Pins
 .text          0x0000000008003428      0x1a4 Stm32f10xx_RCC.o
                0x0000000008003428                Get_Systick_Freq
                0x0000000008003514                Get_HCLK_Freq
                0x0000000008003540                Get_APB1_Freq
                0x0000000008003568                Get_APB2_Freq
                0x0000000008003590                Set_HSE_CLK_Freq
 *(.rodata)
 .rodata        0x00000000080035cc       0x43 Stm32f10xx_RCC.o
                0x000000000800360f                _E_text = .

.glue_7         0x0000000008003610        0x0
 .glue_7        0x0000000008003610        0x0 linker stubs

.glue_7t        0x0000000008003610        0x0
 .glue_7t       0x0000000008003610        0x0 linker stubs

.vfp11_veneer   0x0000000008003610        0x0
 .vfp11_veneer  0x0000000008003610        0x0 linker stubs

.v4_bx          0x0000000008003610        0x0
 .v4_bx         0x0000000008003610        0x0 linker stubs

.iplt           0x0000000008003610        0x0
 .iplt          0x0000000008003610        0x0 EEPROM.o

.rel.dyn        0x0000000008003610        0x0
 .rel.iplt      0x0000000008003610        0x0 EEPROM.o

.data           0x0000000020000000       0x40 load address 0x000000000800360f
                0x0000000020000000                _S_DATA = .
 *(.data)
 .data          0x0000000020000000        0x0 Buzzer.o
 .data          0x0000000020000000        0x0 EEPROM.o
 .data          0x0000000020000000       0x40 Key_pad_Driver.o
 .data          0x0000000020000040        0x0 LCD_Driver.o
 .data          0x0000000020000040        0x0 main.o
 .data          0x0000000020000040        0x0 Seven_Segment.o
 .data          0x0000000020000040        0x0 startup.o
 .data          0x0000000020000040        0x0 Stm32f10x_SPI.o
 .data          0x0000000020000040        0x0 Stm32f10x_UART.o
 .data          0x0000000020000040        0x0 Stm32f10xx_EXTI.o
 .data          0x0000000020000040        0x0 Stm32f10xx_GPIO.o
 .data          0x0000000020000040        0x0 Stm32f10xx_I2C.o
 .data          0x0000000020000040        0x0 Stm32f10xx_RCC.o
 *(.data.*)
                0x0000000020000040                _E_DATA = .

.igot.plt       0x0000000020000040        0x0 load address 0x000000000800364f
 .igot.plt      0x0000000020000040        0x0 EEPROM.o

.bss            0x0000000020000040      0xa38 load address 0x000000000800364f
                0x0000000020000040                _S_bss = .
 *(.bss)
 .bss           0x0000000020000040        0x0 Buzzer.o
 .bss           0x0000000020000040        0x0 EEPROM.o
 .bss           0x0000000020000040       0x20 Key_pad_Driver.o
 .bss           0x0000000020000060        0xd LCD_Driver.o
 *fill*         0x000000002000006d        0x3 
 .bss           0x0000000020000070      0x1c8 main.o
                0x0000000020000070                Lcd_config
                0x000000002000008c                key_pad_config
                0x000000002000009c                seven_config
                0x00000000200000a8                uart1_config
                0x00000000200000e0                spi1_config
                0x000000002000010c                spi2_config
                0x0000000020000138                spi3_config
                0x0000000020000164                i2c1_config
                0x00000000200001c4                i2c2_config
                0x0000000020000224                Rx_Buff
 .bss           0x0000000020000238       0x28 Seven_Segment.o
                0x0000000020000238                numbers
 .bss           0x0000000020000260        0x0 startup.o
 .bss           0x0000000020000260        0x2 Stm32f10x_SPI.o
 .bss           0x0000000020000262        0x0 Stm32f10x_UART.o
 .bss           0x0000000020000262        0x0 Stm32f10xx_EXTI.o
 .bss           0x0000000020000262        0x0 Stm32f10xx_GPIO.o
 .bss           0x0000000020000262        0x0 Stm32f10xx_I2C.o
 *fill*         0x0000000020000262        0x2 
 .bss           0x0000000020000264        0x4 Stm32f10xx_RCC.o
 *(.bss.*)
                0x0000000020000268                . = ALIGN (0x4)
                0x0000000020000268                _E_bss = .
                0x0000000020000268                . = ALIGN (0x4)
                0x0000000020000650                . = (. + 0x3e8)
 *fill*         0x0000000020000268      0x3e8 
                0x0000000020000650                _heap_End = .
                0x0000000020000650                . = ALIGN (0x4)
                0x0000000020000a38                . = (. + 0x3e8)
 *fill*         0x0000000020000650      0x3e8 
                0x0000000020000a38                _stack_top = .
 COMMON         0x0000000020000a38       0x40 Stm32f10xx_EXTI.o
                0x0000000020000a38                GP_EXTI_CallBack
LOAD Buzzer.o
LOAD EEPROM.o
LOAD Key_pad_Driver.o
LOAD LCD_Driver.o
LOAD main.o
LOAD Seven_Segment.o
LOAD startup.o
LOAD Stm32f10x_SPI.o
LOAD Stm32f10x_UART.o
LOAD Stm32f10xx_EXTI.o
LOAD Stm32f10xx_GPIO.o
LOAD Stm32f10xx_I2C.o
LOAD Stm32f10xx_RCC.o
OUTPUT(learn_embedded.axf elf32-littlearm)
LOAD linker stubs

.debug_line     0x0000000000000000     0x3afd
 .debug_line    0x0000000000000000        0x0 Buzzer.o
 .debug_line    0x0000000000000000      0x26c EEPROM.o
 .debug_line    0x000000000000026c      0x38c Key_pad_Driver.o
 .debug_line    0x00000000000005f8      0x3bc LCD_Driver.o
 .debug_line    0x00000000000009b4      0x35f main.o
 .debug_line    0x0000000000000d13      0x263 Seven_Segment.o
 .debug_line    0x0000000000000f76      0x240 startup.o
 .debug_line    0x00000000000011b6      0x8c1 Stm32f10x_SPI.o
 .debug_line    0x0000000000001a77      0x82e Stm32f10x_UART.o
 .debug_line    0x00000000000022a5      0x46e Stm32f10xx_EXTI.o
 .debug_line    0x0000000000002713      0x433 Stm32f10xx_GPIO.o
 .debug_line    0x0000000000002b46      0xceb Stm32f10xx_I2C.o
 .debug_line    0x0000000000003831      0x2cc Stm32f10xx_RCC.o

.debug_str      0x0000000000000000     0x1deb
 .debug_str     0x0000000000000000       0xbd Buzzer.o
 .debug_str     0x00000000000000bd      0x33d EEPROM.o
                                        0x455 (size before relaxing)
 .debug_str     0x00000000000003fa      0x17d Key_pad_Driver.o
                                        0x303 (size before relaxing)
 .debug_str     0x0000000000000577      0x193 LCD_Driver.o
                                        0x3c7 (size before relaxing)
 .debug_str     0x000000000000070a      0x73c main.o
                                        0xc0b (size before relaxing)
 .debug_str     0x0000000000000e46       0x56 Seven_Segment.o
                                        0x281 (size before relaxing)
 .debug_str     0x0000000000000e9c       0x7f startup.o
                                        0x1cb (size before relaxing)
 .debug_str     0x0000000000000f1b      0x4ad Stm32f10x_SPI.o
                                        0xd1b (size before relaxing)
 .debug_str     0x00000000000013c8      0x1b6 Stm32f10x_UART.o
                                        0xec2 (size before relaxing)
 .debug_str     0x000000000000157e      0x28b Stm32f10xx_EXTI.o
                                        0x80c (size before relaxing)
 .debug_str     0x0000000000001809       0xff Stm32f10xx_GPIO.o
                                        0x3b2 (size before relaxing)
 .debug_str     0x0000000000001908      0x44a Stm32f10xx_I2C.o
                                       0x1107 (size before relaxing)
 .debug_str     0x0000000000001d52       0x99 Stm32f10xx_RCC.o
                                        0x2a8 (size before relaxing)

.comment        0x0000000000000000       0x53
 .comment       0x0000000000000000       0x53 Buzzer.o
                                         0x54 (size before relaxing)
 .comment       0x0000000000000053       0x54 EEPROM.o
 .comment       0x0000000000000053       0x54 Key_pad_Driver.o
 .comment       0x0000000000000053       0x54 LCD_Driver.o
 .comment       0x0000000000000053       0x54 main.o
 .comment       0x0000000000000053       0x54 Seven_Segment.o
 .comment       0x0000000000000053       0x54 startup.o
 .comment       0x0000000000000053       0x54 Stm32f10x_SPI.o
 .comment       0x0000000000000053       0x54 Stm32f10x_UART.o
 .comment       0x0000000000000053       0x54 Stm32f10xx_EXTI.o
 .comment       0x0000000000000053       0x54 Stm32f10xx_GPIO.o
 .comment       0x0000000000000053       0x54 Stm32f10xx_I2C.o
 .comment       0x0000000000000053       0x54 Stm32f10xx_RCC.o

.ARM.attributes
                0x0000000000000000       0x33
 .ARM.attributes
                0x0000000000000000       0x33 Buzzer.o
 .ARM.attributes
                0x0000000000000033       0x2d EEPROM.o
 .ARM.attributes
                0x0000000000000060       0x2d Key_pad_Driver.o
 .ARM.attributes
                0x000000000000008d       0x2d LCD_Driver.o
 .ARM.attributes
                0x00000000000000ba       0x2d main.o
 .ARM.attributes
                0x00000000000000e7       0x2d Seven_Segment.o
 .ARM.attributes
                0x0000000000000114       0x2d startup.o
 .ARM.attributes
                0x0000000000000141       0x2d Stm32f10x_SPI.o
 .ARM.attributes
                0x000000000000016e       0x2d Stm32f10x_UART.o
 .ARM.attributes
                0x000000000000019b       0x2d Stm32f10xx_EXTI.o
 .ARM.attributes
                0x00000000000001c8       0x2d Stm32f10xx_GPIO.o
 .ARM.attributes
                0x00000000000001f5       0x2d Stm32f10xx_I2C.o
 .ARM.attributes
                0x0000000000000222       0x2d Stm32f10xx_RCC.o

.debug_info     0x0000000000000000     0x8026
 .debug_info    0x0000000000000000      0x4db EEPROM.o
 .debug_info    0x00000000000004db      0x409 Key_pad_Driver.o
 .debug_info    0x00000000000008e4      0x695 LCD_Driver.o
 .debug_info    0x0000000000000f79     0x13f8 main.o
 .debug_info    0x0000000000002371      0x2d2 Seven_Segment.o
 .debug_info    0x0000000000002643      0x1a1 startup.o
 .debug_info    0x00000000000027e4     0x151c Stm32f10x_SPI.o
 .debug_info    0x0000000000003d00     0x171c Stm32f10x_UART.o
 .debug_info    0x000000000000541c      0x869 Stm32f10xx_EXTI.o
 .debug_info    0x0000000000005c85      0x60c Stm32f10xx_GPIO.o
 .debug_info    0x0000000000006291     0x1a92 Stm32f10xx_I2C.o
 .debug_info    0x0000000000007d23      0x303 Stm32f10xx_RCC.o

.debug_abbrev   0x0000000000000000     0x16ca
 .debug_abbrev  0x0000000000000000      0x17c EEPROM.o
 .debug_abbrev  0x000000000000017c      0x143 Key_pad_Driver.o
 .debug_abbrev  0x00000000000002bf      0x1ce LCD_Driver.o
 .debug_abbrev  0x000000000000048d      0x1d0 main.o
 .debug_abbrev  0x000000000000065d      0x11a Seven_Segment.o
 .debug_abbrev  0x0000000000000777       0xe4 startup.o
 .debug_abbrev  0x000000000000085b      0x34c Stm32f10x_SPI.o
 .debug_abbrev  0x0000000000000ba7      0x373 Stm32f10x_UART.o
 .debug_abbrev  0x0000000000000f1a      0x1c5 Stm32f10xx_EXTI.o
 .debug_abbrev  0x00000000000010df      0x175 Stm32f10xx_GPIO.o
 .debug_abbrev  0x0000000000001254      0x378 Stm32f10xx_I2C.o
 .debug_abbrev  0x00000000000015cc       0xfe Stm32f10xx_RCC.o

.debug_loc      0x0000000000000000     0x280a
 .debug_loc     0x0000000000000000       0xce EEPROM.o
 .debug_loc     0x00000000000000ce       0xa0 Key_pad_Driver.o
 .debug_loc     0x000000000000016e      0x4c8 LCD_Driver.o
 .debug_loc     0x0000000000000636       0x58 main.o
 .debug_loc     0x000000000000068e       0xa0 Seven_Segment.o
 .debug_loc     0x000000000000072e       0x7c startup.o
 .debug_loc     0x00000000000007aa      0x5d0 Stm32f10x_SPI.o
 .debug_loc     0x0000000000000d7a      0x740 Stm32f10x_UART.o
 .debug_loc     0x00000000000014ba      0x41c Stm32f10xx_EXTI.o
 .debug_loc     0x00000000000018d6      0x3f4 Stm32f10xx_GPIO.o
 .debug_loc     0x0000000000001cca      0xa04 Stm32f10xx_I2C.o
 .debug_loc     0x00000000000026ce      0x13c Stm32f10xx_RCC.o

.debug_aranges  0x0000000000000000      0x180
 .debug_aranges
                0x0000000000000000       0x20 EEPROM.o
 .debug_aranges
                0x0000000000000020       0x20 Key_pad_Driver.o
 .debug_aranges
                0x0000000000000040       0x20 LCD_Driver.o
 .debug_aranges
                0x0000000000000060       0x20 main.o
 .debug_aranges
                0x0000000000000080       0x20 Seven_Segment.o
 .debug_aranges
                0x00000000000000a0       0x20 startup.o
 .debug_aranges
                0x00000000000000c0       0x20 Stm32f10x_SPI.o
 .debug_aranges
                0x00000000000000e0       0x20 Stm32f10x_UART.o
 .debug_aranges
                0x0000000000000100       0x20 Stm32f10xx_EXTI.o
 .debug_aranges
                0x0000000000000120       0x20 Stm32f10xx_GPIO.o
 .debug_aranges
                0x0000000000000140       0x20 Stm32f10xx_I2C.o
 .debug_aranges
                0x0000000000000160       0x20 Stm32f10xx_RCC.o

.debug_frame    0x0000000000000000     0x132c
 .debug_frame   0x0000000000000000       0x78 EEPROM.o
 .debug_frame   0x0000000000000078       0x58 Key_pad_Driver.o
 .debug_frame   0x00000000000000d0      0x234 LCD_Driver.o
 .debug_frame   0x0000000000000304       0x48 main.o
 .debug_frame   0x000000000000034c       0x58 Seven_Segment.o
 .debug_frame   0x00000000000003a4       0x50 startup.o
 .debug_frame   0x00000000000003f4      0x2b8 Stm32f10x_SPI.o
 .debug_frame   0x00000000000006ac      0x350 Stm32f10x_UART.o
 .debug_frame   0x00000000000009fc      0x220 Stm32f10xx_EXTI.o
 .debug_frame   0x0000000000000c1c      0x1c8 Stm32f10xx_GPIO.o
 .debug_frame   0x0000000000000de4      0x494 Stm32f10xx_I2C.o
 .debug_frame   0x0000000000001278       0xb4 Stm32f10xx_RCC.o
