
Allocating common symbols
Common symbol       size              file

GP_EXTI_CallBack    0x40              Stm32f10xx_EXTI.o
tim1_config         0x1c              Stm32f10xx_Timers.o

Memory Configuration

Name             Origin             Length             Attributes
FLASH            0x0000000008000000 0x0000000000020000 xr
SRAM             0x0000000020000000 0x0000000000005000 xrw
*default*        0x0000000000000000 0xffffffffffffffff

Linker script and memory map


.text           0x0000000008000000     0x4583
 *(.vectors*)
 .vectors       0x0000000008000000       0xec startup.o
                0x0000000008000000                vectors
 *(.text*)
 .text          0x00000000080000ec      0x700 Application.o
                0x000000000800013c                config_Drives_and_Perpherals
                0x00000000080003cc                Init_Component
                0x0000000008000490                Inc_Dec_seven_segment
                0x00000000080004f8                Rx_Uart1
                0x0000000008000528                Rx_Uart2
                0x0000000008000558                Reaction_Of_Prass
 .text          0x00000000080007ec        0x0 Buffer.o
 .text          0x00000000080007ec        0x0 Buzzer.o
 .text          0x00000000080007ec      0x158 EEPROM.o
                0x00000000080007ec                EEPORM_Init
                0x0000000008000840                EEPROM_Write_NBytes
                0x00000000080008e4                EEPROM_Read_Byte
 .text          0x0000000008000944      0x310 EEPROM_25xx256.o
                0x0000000008000994                Init_EEPROM_25x
                0x00000000080009a6                Status_EEPROM
                0x00000000080009f4                Busy_EEPROM
                0x0000000008000a16                Write_Byte_EEPROM_25xx
                0x0000000008000ac0                Write_Bytes_EEPROM_25xx
                0x0000000008000b78                Read_Byte_EEPROM_25xx
                0x0000000008000c06                Enable_Write_EEPROM_25xx
 .text          0x0000000008000c54      0x25c Key_pad_Driver.o
                0x0000000008000c54                Key_pad_init
                0x0000000008000d0c                Check_Keypad_Pins
                0x0000000008000d74                Set_Key_Drain_Pins
                0x0000000008000de8                Check_Key_Soruce_Pins
                0x0000000008000e34                Check_Prass_Button
 .text          0x0000000008000eb0      0x664 LCD_Driver.o
                0x0000000008000f00                Kick_Enable_pin
                0x0000000008000f36                LCD_init
                0x0000000008001054                Check_BF
                0x00000000080010e8                Shift_R_Cursor
                0x0000000008001100                Shift_L_Cursor
                0x0000000008001118                Read_Cursor_Add
                0x000000000800112c                Write_Character
                0x0000000008001200                Write_Character_with_coordinator
                0x0000000008001266                Write_String
                0x0000000008001296                Write_String_with_coordinator
                0x00000000080012e4                Jump_to_coordinator
                0x000000000800131c                Write_Command
                0x00000000080013ee                write_with_move
                0x00000000080014fc                clean_Lcd
 .text          0x0000000008001514       0x18 main.o
                0x0000000008001514                main
 .text          0x000000000800152c       0xbc Seven_Segment.o
                0x000000000800152c                init_seven_segment
                0x0000000008001582                Display_seven_segment
 .text          0x00000000080015e8       0x8c startup.o
                0x00000000080015e8                FLASH_Handler
                0x00000000080015e8                SVCall_Handler
                0x00000000080015e8                SysTick_Handler
                0x00000000080015e8                PendSv_Handler
                0x00000000080015e8                DMA1_Channel7_Handler
                0x00000000080015e8                NMI_Handler
                0x00000000080015e8                DMA1_Channel6_Handler
                0x00000000080015e8                CAN1_RX1_Handler
                0x00000000080015e8                Bus_Fault_Handler
                0x00000000080015e8                ADC1_2_Handler
                0x00000000080015e8                WWDG_Handler
                0x00000000080015e8                DMA1_Channel1_Handler
                0x00000000080015e8                RTC_Handler
                0x00000000080015e8                TIM1_CC_Handler
                0x00000000080015e8                CAN1_SCE_Handler
                0x00000000080015e8                TIM1_BRK_Handler
                0x00000000080015e8                MM_Fault_Handler
                0x00000000080015e8                TEMPER_Handler
                0x00000000080015e8                TIM2_Handler
                0x00000000080015e8                DMA1_Channel4_Handler
                0x00000000080015e8                TIM3_Handler
                0x00000000080015e8                Default_Handler
                0x00000000080015e8                USBWakeUp_Handler
                0x00000000080015e8                DMA1_Channel3_Handler
                0x00000000080015e8                RTC_Alarm_Handler
                0x00000000080015e8                TIM4_Handler
                0x00000000080015e8                DMA1_Channel2_Handler
                0x00000000080015e8                Usage_Fault_Handler
                0x00000000080015e8                TIM1_UP_Handler
                0x00000000080015e8                DMA1_Channel5_Handler
                0x00000000080015e8                DebugMonitor_Handler
                0x00000000080015e8                RCC_Handler
                0x00000000080015e8                PVD_Handler
                0x00000000080015e8                Hard_Fault_Handler
                0x00000000080015e8                USB_LP_CAN1_RX0_Handler
                0x00000000080015e8                USB_HP_CAN1_TX_Handler
                0x00000000080015e8                TIM1_TRG_COM_Handler
                0x00000000080015f4                Rest_Handler
 .text          0x0000000008001674       0xa4 Stm32_f10xx_Systick.o
                0x00000000080016ac                Init_Systick
 .text          0x0000000008001718      0x86c Stm32f10x_SPI.o
                0x000000000800178c                Init_SPI
                0x0000000008001a1c                Deinit_SPI
                0x0000000008001a98                SPI_Send_Char
                0x0000000008001ad2                SPI_Receive_Char
                0x0000000008001b10                SPI_Send_String
                0x0000000008001b60                SPI_Receive_String
                0x0000000008001bc4                Tx_Empty_CallBack
                0x0000000008001bd6                RX_Empty_CallBack
                0x0000000008001be8                Fault_Event_CallBack
                0x0000000008001bfa                Overrun_CallBack
                0x0000000008001c0c                CRC_CallBack
                0x0000000008001c1e                Select_SPI_Pins_datasheet
                0x0000000008001cbc                Config_SPI_Pins
                0x0000000008001e10                SPI1_Handler
                0x0000000008001e8c                SPI2_Handler
                0x0000000008001f0c                SPI_Tx_Rx_Char
 .text          0x0000000008001f84      0x98c Stm32f10x_UART.o
                0x0000000008002048                Set_BaudRate
                0x0000000008002110                Get_BaudRate
                0x0000000008002124                Init_Uart
                0x00000000080023fc                DeInit_Uart
                0x0000000008002478                _Config_GPIO_f
                0x000000000800255c                Send_Char_Uart
                0x00000000080025b0                Receive_Char_Uart
                0x0000000008002644                Receive_String_Uart
                0x0000000008002670                Send_String_Uart
                0x00000000080026aa                USART1_Handler
                0x000000000800276c                USART2_Handler
                0x0000000008002830                USART3_Handler
                0x000000000800283c                Parity_CallBack_UART
                0x000000000800284e                Error_CallBack_UART
                0x0000000008002860                Tx_CallBack_UART
                0x0000000008002872                Tx_Comp_CallBack_UART
                0x0000000008002884                Rx_CallBack_UART
                0x00000000080028d8                IDLE_CallBack_UART
                0x00000000080028ea                Lin_BK_CallBack_UART
                0x00000000080028fc                FlowCt_CallBack_UART
 .text          0x0000000008002910      0x4d4 Stm32f10xx_EXTI.o
                0x0000000008002984                NVIC_EXTI_Clear_Handler
                0x00000000080029ac                Init_EXTI
                0x00000000080029c2                Deinit_EXTI
                0x0000000008002a6c                Upadate_EXTI
                0x0000000008002a82                Config_EXTI
                0x0000000008002bc8                NVIC_Enable_IRQ
                0x0000000008002be4                NVIC_Disable_IRQ
                0x0000000008002c00                EXTI0_Handler
                0x0000000008002c18                EXTI1_Handler
                0x0000000008002c30                EXTI2_Handler
                0x0000000008002c48                EXTI3_Handler
                0x0000000008002c60                EXTI4_Handler
                0x0000000008002c78                EXTI9_5_Handler
                0x0000000008002d20                EXTI15_10_Handler
 .text          0x0000000008002de4      0x488 Stm32f10xx_GPIO.o
                0x0000000008002de4                Init_GPIO
                0x0000000008003038                Set_pin
                0x0000000008003054                Reset_pin
                0x0000000008003074                Change_State_Pin
                0x00000000080030a6                Toggle_pin
                0x00000000080030c8                Read_pin
                0x00000000080030f0                Set_GPIO_Value
                0x000000000800310a                Reset_GPIO
                0x0000000008003128                Read_GPIO
                0x0000000008003140                Lock_GPIO
                0x000000000800319a                Deinit_GPIO
 .text          0x000000000800326c      0xeb4 Stm32f10xx_I2C.o
                0x00000000080032e0                I2C_Init
                0x000000000800366c                I2C_Deinit
                0x00000000080036c4                I2C_Master_Write
                0x0000000008003774                I2C_GenerateStop
                0x00000000080037b4                I2C_Send_Add
                0x000000000800382e                I2C_Master_Read
                0x00000000080038e6                I2C_Slave_Write_IT
                0x0000000008003914                I2C_Slave_Read_IT
                0x000000000800394c                I2C_Slave_Write
                0x00000000080039ba                I2C_Slave_Read
                0x0000000008003a12                I2C_GenerateStart
                0x0000000008003a6a                I2C_Get_FlagStatus
                0x0000000008003d70                I2C_Enable_ACK
                0x0000000008003d92                I2C_Disable_ACK
                0x0000000008003db4                SB_CallBack_I2C
                0x0000000008003dc6                ADDR_CallBack_I2C
                0x0000000008003e08                ADDR10_CallBack_I2C
                0x0000000008003e22                STOPF_CallBack_I2C
                0x0000000008003e34                BTF_CallBack_I2C
                0x0000000008003e46                TXE_CallBack_I2C
                0x0000000008003e78                RXNE_CallBack_I2C
                0x0000000008003eaa                OVR_CallBack_I2C
                0x0000000008003ebc                TIMEOUT_CallBack_I2C
                0x0000000008003ece                AF_CallBack_I2C
                0x0000000008003efe                I2C1_EV_Handler
                0x0000000008003fb4                I2C1_ER_Handler
                0x0000000008003fc0                I2C2_EV_Handler
                0x0000000008004074                I2C2_ER_Handler
                0x0000000008004080                I2C_Clock_Config_Pins
 .text          0x0000000008004120      0x1a4 Stm32f10xx_RCC.o
                0x0000000008004120                Get_Systick_Freq
                0x000000000800420c                Get_HCLK_Freq
                0x0000000008004238                Get_APB1_Freq
                0x0000000008004260                Get_APB2_Freq
                0x0000000008004288                Set_HSE_CLK_Freq
 .text          0x00000000080042c4       0x70 Stm32f10xx_Timers.o
                0x00000000080042c4                Init_Timer
 *(.rodata)
 .rodata        0x0000000008004334        0xc Key_pad_Driver.o
                0x0000000008004334                KeyPad_Keys
 .rodata        0x0000000008004340      0x200 Stm32f10xx_EXTI.o
                0x0000000008004340                EXTI_Streem
 .rodata        0x0000000008004540       0x43 Stm32f10xx_RCC.o
                0x0000000008004583                _E_text = .

.glue_7         0x0000000008004584        0x0
 .glue_7        0x0000000008004584        0x0 linker stubs

.glue_7t        0x0000000008004584        0x0
 .glue_7t       0x0000000008004584        0x0 linker stubs

.vfp11_veneer   0x0000000008004584        0x0
 .vfp11_veneer  0x0000000008004584        0x0 linker stubs

.v4_bx          0x0000000008004584        0x0
 .v4_bx         0x0000000008004584        0x0 linker stubs

.iplt           0x0000000008004584        0x0
 .iplt          0x0000000008004584        0x0 Application.o

.rel.dyn        0x0000000008004584        0x0
 .rel.iplt      0x0000000008004584        0x0 Application.o

.data           0x0000000020000000      0x108 load address 0x0000000008004583
                0x0000000020000000                _S_DATA = .
 *(.data)
 .data          0x0000000020000000      0x103 Application.o
                0x0000000020000000                Max_Grag
                0x0000000020000004                Main_Display
                0x00000000200000a0                test1
                0x00000000200000b0                test2
                0x00000000200000c0                test3
                0x00000000200000d0                test4
                0x00000000200000e0                First_ID
                0x00000000200000e8                Second_ID
                0x00000000200000f0                Third_ID
                0x00000000200000f8                Fourth_ID
                0x0000000020000100                Admin_Pass
 .data          0x0000000020000103        0x0 Buffer.o
 .data          0x0000000020000103        0x0 Buzzer.o
 .data          0x0000000020000103        0x0 EEPROM.o
 .data          0x0000000020000103        0x0 EEPROM_25xx256.o
 .data          0x0000000020000103        0x0 Key_pad_Driver.o
 *fill*         0x0000000020000103        0x1 
 .data          0x0000000020000104        0x4 LCD_Driver.o
 .data          0x0000000020000108        0x0 main.o
 .data          0x0000000020000108        0x0 Seven_Segment.o
 .data          0x0000000020000108        0x0 startup.o
 .data          0x0000000020000108        0x0 Stm32_f10xx_Systick.o
 .data          0x0000000020000108        0x0 Stm32f10x_SPI.o
 .data          0x0000000020000108        0x0 Stm32f10x_UART.o
 .data          0x0000000020000108        0x0 Stm32f10xx_EXTI.o
 .data          0x0000000020000108        0x0 Stm32f10xx_GPIO.o
 .data          0x0000000020000108        0x0 Stm32f10xx_I2C.o
 .data          0x0000000020000108        0x0 Stm32f10xx_RCC.o
 .data          0x0000000020000108        0x0 Stm32f10xx_Timers.o
 *(.data.*)
                0x0000000020000108                _E_DATA = .

.igot.plt       0x0000000020000108        0x0 load address 0x000000000800468b
 .igot.plt      0x0000000020000108        0x0 Application.o

.bss            0x0000000020000108      0xaf8 load address 0x000000000800468b
                0x0000000020000108                _S_bss = .
 *(.bss)
 .bss           0x0000000020000108      0x257 Application.o
                0x0000000020000108                LEDS
                0x000000002000011c                Lcd_config
                0x000000002000013c                key_pad_config
                0x000000002000014c                seven_config
                0x0000000020000158                uart1_config
                0x0000000020000190                uart2_config
                0x00000000200001c8                spi1_config
                0x00000000200001f4                spi2_config
                0x0000000020000220                spi3_config
                0x000000002000024c                i2c1_config
                0x00000000200002ac                i2c2_config
                0x000000002000030c                NSS_EEPROM
                0x0000000020000320                NSS_ATmega1
                0x0000000020000334                NSS_ATmega2
                0x0000000020000348                EEPORM_25xx_config
                0x0000000020000354                Key_Buffer
                0x000000002000035c                Key_Buffer_counter
                0x000000002000035d                Admin_mode
                0x000000002000035e                Admin_state
 .bss           0x000000002000035f        0x0 Buffer.o
 .bss           0x000000002000035f        0x0 Buzzer.o
 .bss           0x000000002000035f        0x0 EEPROM.o
 .bss           0x000000002000035f        0x0 EEPROM_25xx256.o
 *fill*         0x000000002000035f        0x1 
 .bss           0x0000000020000360       0x24 Key_pad_Driver.o
                0x0000000020000380                GPIOx
 .bss           0x0000000020000384        0xd LCD_Driver.o
 .bss           0x0000000020000391        0x0 main.o
 *fill*         0x0000000020000391        0x3 
 .bss           0x0000000020000394       0x28 Seven_Segment.o
                0x0000000020000394                numbers
 .bss           0x00000000200003bc        0x0 startup.o
 .bss           0x00000000200003bc       0x10 Stm32_f10xx_Systick.o
                0x00000000200003bc                Systick_API
 .bss           0x00000000200003cc        0x2 Stm32f10x_SPI.o
 .bss           0x00000000200003ce        0x0 Stm32f10x_UART.o
 .bss           0x00000000200003ce        0x0 Stm32f10xx_EXTI.o
 .bss           0x00000000200003ce        0x0 Stm32f10xx_GPIO.o
 .bss           0x00000000200003ce        0x0 Stm32f10xx_I2C.o
 *fill*         0x00000000200003ce        0x2 
 .bss           0x00000000200003d0        0x4 Stm32f10xx_RCC.o
 .bss           0x00000000200003d4        0x0 Stm32f10xx_Timers.o
 *(.bss.*)
                0x00000000200003d4                . = ALIGN (0x4)
                0x00000000200003d4                _E_bss = .
                0x00000000200003d4                . = ALIGN (0x4)
                0x00000000200007bc                . = (. + 0x3e8)
 *fill*         0x00000000200003d4      0x3e8 
                0x00000000200007bc                _heap_End = .
                0x00000000200007bc                . = ALIGN (0x4)
                0x0000000020000ba4                . = (. + 0x3e8)
 *fill*         0x00000000200007bc      0x3e8 
                0x0000000020000ba4                _stack_top = .
 COMMON         0x0000000020000ba4       0x40 Stm32f10xx_EXTI.o
                0x0000000020000ba4                GP_EXTI_CallBack
 COMMON         0x0000000020000be4       0x1c Stm32f10xx_Timers.o
                0x0000000020000be4                tim1_config
LOAD Application.o
LOAD Buffer.o
LOAD Buzzer.o
LOAD EEPROM.o
LOAD EEPROM_25xx256.o
LOAD Key_pad_Driver.o
LOAD LCD_Driver.o
LOAD main.o
LOAD Seven_Segment.o
LOAD startup.o
LOAD Stm32_f10xx_Systick.o
LOAD Stm32f10x_SPI.o
LOAD Stm32f10x_UART.o
LOAD Stm32f10xx_EXTI.o
LOAD Stm32f10xx_GPIO.o
LOAD Stm32f10xx_I2C.o
LOAD Stm32f10xx_RCC.o
LOAD Stm32f10xx_Timers.o
OUTPUT(learn_embedded.axf elf32-littlearm)
LOAD linker stubs

.debug_info     0x0000000000000000     0xbbfa
 .debug_info    0x0000000000000000     0x1ae5 Application.o
 .debug_info    0x0000000000001ae5      0x4db EEPROM.o
 .debug_info    0x0000000000001fc0     0x1041 EEPROM_25xx256.o
 .debug_info    0x0000000000003001     0x10ec Key_pad_Driver.o
 .debug_info    0x00000000000040ed      0x7b7 LCD_Driver.o
 .debug_info    0x00000000000048a4      0xd67 main.o
 .debug_info    0x000000000000560b      0x2d6 Seven_Segment.o
 .debug_info    0x00000000000058e1      0x1a1 startup.o
 .debug_info    0x0000000000005a82      0x439 Stm32_f10xx_Systick.o
 .debug_info    0x0000000000005ebb     0x154b Stm32f10x_SPI.o
 .debug_info    0x0000000000007406     0x184c Stm32f10x_UART.o
 .debug_info    0x0000000000008c52      0x89c Stm32f10xx_EXTI.o
 .debug_info    0x00000000000094ee      0x60c Stm32f10xx_GPIO.o
 .debug_info    0x0000000000009afa     0x1a92 Stm32f10xx_I2C.o
 .debug_info    0x000000000000b58c      0x303 Stm32f10xx_RCC.o
 .debug_info    0x000000000000b88f      0x36b Stm32f10xx_Timers.o

.debug_abbrev   0x0000000000000000     0x1f5f
 .debug_abbrev  0x0000000000000000      0x2a9 Application.o
 .debug_abbrev  0x00000000000002a9      0x17c EEPROM.o
 .debug_abbrev  0x0000000000000425      0x259 EEPROM_25xx256.o
 .debug_abbrev  0x000000000000067e      0x25d Key_pad_Driver.o
 .debug_abbrev  0x00000000000008db      0x1f6 LCD_Driver.o
 .debug_abbrev  0x0000000000000ad1      0x1b6 main.o
 .debug_abbrev  0x0000000000000c87      0x138 Seven_Segment.o
 .debug_abbrev  0x0000000000000dbf       0xe4 startup.o
 .debug_abbrev  0x0000000000000ea3      0x143 Stm32_f10xx_Systick.o
 .debug_abbrev  0x0000000000000fe6      0x34c Stm32f10x_SPI.o
 .debug_abbrev  0x0000000000001332      0x39e Stm32f10x_UART.o
 .debug_abbrev  0x00000000000016d0      0x1cc Stm32f10xx_EXTI.o
 .debug_abbrev  0x000000000000189c      0x175 Stm32f10xx_GPIO.o
 .debug_abbrev  0x0000000000001a11      0x378 Stm32f10xx_I2C.o
 .debug_abbrev  0x0000000000001d89       0xfe Stm32f10xx_RCC.o
 .debug_abbrev  0x0000000000001e87       0xd8 Stm32f10xx_Timers.o

.debug_loc      0x0000000000000000     0x2e8e
 .debug_loc     0x0000000000000000      0x1f4 Application.o
 .debug_loc     0x00000000000001f4       0xce EEPROM.o
 .debug_loc     0x00000000000002c2      0x298 EEPROM_25xx256.o
 .debug_loc     0x000000000000055a      0x19c Key_pad_Driver.o
 .debug_loc     0x00000000000006f6      0x4c8 LCD_Driver.o
 .debug_loc     0x0000000000000bbe       0x2c main.o
 .debug_loc     0x0000000000000bea       0xa0 Seven_Segment.o
 .debug_loc     0x0000000000000c8a       0x7c startup.o
 .debug_loc     0x0000000000000d06       0x88 Stm32_f10xx_Systick.o
 .debug_loc     0x0000000000000d8e      0x5d0 Stm32f10x_SPI.o
 .debug_loc     0x000000000000135e      0x784 Stm32f10x_UART.o
 .debug_loc     0x0000000000001ae2      0x41c Stm32f10xx_EXTI.o
 .debug_loc     0x0000000000001efe      0x3f4 Stm32f10xx_GPIO.o
 .debug_loc     0x00000000000022f2      0xa04 Stm32f10xx_I2C.o
 .debug_loc     0x0000000000002cf6      0x13c Stm32f10xx_RCC.o
 .debug_loc     0x0000000000002e32       0x5c Stm32f10xx_Timers.o

.debug_aranges  0x0000000000000000      0x200
 .debug_aranges
                0x0000000000000000       0x20 Application.o
 .debug_aranges
                0x0000000000000020       0x20 EEPROM.o
 .debug_aranges
                0x0000000000000040       0x20 EEPROM_25xx256.o
 .debug_aranges
                0x0000000000000060       0x20 Key_pad_Driver.o
 .debug_aranges
                0x0000000000000080       0x20 LCD_Driver.o
 .debug_aranges
                0x00000000000000a0       0x20 main.o
 .debug_aranges
                0x00000000000000c0       0x20 Seven_Segment.o
 .debug_aranges
                0x00000000000000e0       0x20 startup.o
 .debug_aranges
                0x0000000000000100       0x20 Stm32_f10xx_Systick.o
 .debug_aranges
                0x0000000000000120       0x20 Stm32f10x_SPI.o
 .debug_aranges
                0x0000000000000140       0x20 Stm32f10x_UART.o
 .debug_aranges
                0x0000000000000160       0x20 Stm32f10xx_EXTI.o
 .debug_aranges
                0x0000000000000180       0x20 Stm32f10xx_GPIO.o
 .debug_aranges
                0x00000000000001a0       0x20 Stm32f10xx_I2C.o
 .debug_aranges
                0x00000000000001c0       0x20 Stm32f10xx_RCC.o
 .debug_aranges
                0x00000000000001e0       0x20 Stm32f10xx_Timers.o

.debug_line     0x0000000000000000     0x4c66
 .debug_line    0x0000000000000000      0x62b Application.o
 .debug_line    0x000000000000062b        0x0 Buffer.o
 .debug_line    0x000000000000062b        0x0 Buzzer.o
 .debug_line    0x000000000000062b      0x26c EEPROM.o
 .debug_line    0x0000000000000897      0x3ee EEPROM_25xx256.o
 .debug_line    0x0000000000000c85      0x480 Key_pad_Driver.o
 .debug_line    0x0000000000001105      0x470 LCD_Driver.o
 .debug_line    0x0000000000001575      0x316 main.o
 .debug_line    0x000000000000188b      0x270 Seven_Segment.o
 .debug_line    0x0000000000001afb      0x240 startup.o
 .debug_line    0x0000000000001d3b      0x287 Stm32_f10xx_Systick.o
 .debug_line    0x0000000000001fc2      0x8b5 Stm32f10x_SPI.o
 .debug_line    0x0000000000002877      0x932 Stm32f10x_UART.o
 .debug_line    0x00000000000031a9      0x48c Stm32f10xx_EXTI.o
 .debug_line    0x0000000000003635      0x433 Stm32f10xx_GPIO.o
 .debug_line    0x0000000000003a68      0xceb Stm32f10xx_I2C.o
 .debug_line    0x0000000000004753      0x2cc Stm32f10xx_RCC.o
 .debug_line    0x0000000000004a1f      0x247 Stm32f10xx_Timers.o

.debug_str      0x0000000000000000     0x22fd
 .debug_str     0x0000000000000000      0xf1f Application.o
                                       0x1016 (size before relaxing)
 .debug_str     0x0000000000000f1f        0x9 Buffer.o
                                         0xbd (size before relaxing)
 .debug_str     0x0000000000000f28        0x9 Buzzer.o
                                         0xbd (size before relaxing)
 .debug_str     0x0000000000000f31       0xbc EEPROM.o
                                        0x455 (size before relaxing)
 .debug_str     0x0000000000000fed       0xf8 EEPROM_25xx256.o
                                        0x8fc (size before relaxing)
 .debug_str     0x00000000000010e5       0xf2 Key_pad_Driver.o
                                        0x907 (size before relaxing)
 .debug_str     0x00000000000011d7      0x179 LCD_Driver.o
                                        0x4a5 (size before relaxing)
 .debug_str     0x0000000000001350        0xc main.o
                                        0x74f (size before relaxing)
 .debug_str     0x000000000000135c       0x50 Seven_Segment.o
                                        0x281 (size before relaxing)
 .debug_str     0x00000000000013ac       0x7f startup.o
                                        0x1cb (size before relaxing)
 .debug_str     0x000000000000142b      0x38f Stm32_f10xx_Systick.o
                                        0x573 (size before relaxing)
 .debug_str     0x00000000000017ba      0x119 Stm32f10x_SPI.o
                                        0xd31 (size before relaxing)
 .debug_str     0x00000000000018d3      0x199 Stm32f10x_UART.o
                                        0xf9c (size before relaxing)
 .debug_str     0x0000000000001a6c      0x28b Stm32f10xx_EXTI.o
                                        0x818 (size before relaxing)
 .debug_str     0x0000000000001cf7       0xff Stm32f10xx_GPIO.o
                                        0x3b2 (size before relaxing)
 .debug_str     0x0000000000001df6      0x44a Stm32f10xx_I2C.o
                                       0x1107 (size before relaxing)
 .debug_str     0x0000000000002240       0x99 Stm32f10xx_RCC.o
                                        0x2a8 (size before relaxing)
 .debug_str     0x00000000000022d9       0x24 Stm32f10xx_Timers.o
                                        0x32b (size before relaxing)

.comment        0x0000000000000000       0x53
 .comment       0x0000000000000000       0x53 Application.o
                                         0x54 (size before relaxing)
 .comment       0x0000000000000053       0x54 Buffer.o
 .comment       0x0000000000000053       0x54 Buzzer.o
 .comment       0x0000000000000053       0x54 EEPROM.o
 .comment       0x0000000000000053       0x54 EEPROM_25xx256.o
 .comment       0x0000000000000053       0x54 Key_pad_Driver.o
 .comment       0x0000000000000053       0x54 LCD_Driver.o
 .comment       0x0000000000000053       0x54 main.o
 .comment       0x0000000000000053       0x54 Seven_Segment.o
 .comment       0x0000000000000053       0x54 startup.o
 .comment       0x0000000000000053       0x54 Stm32_f10xx_Systick.o
 .comment       0x0000000000000053       0x54 Stm32f10x_SPI.o
 .comment       0x0000000000000053       0x54 Stm32f10x_UART.o
 .comment       0x0000000000000053       0x54 Stm32f10xx_EXTI.o
 .comment       0x0000000000000053       0x54 Stm32f10xx_GPIO.o
 .comment       0x0000000000000053       0x54 Stm32f10xx_I2C.o
 .comment       0x0000000000000053       0x54 Stm32f10xx_RCC.o
 .comment       0x0000000000000053       0x54 Stm32f10xx_Timers.o

.ARM.attributes
                0x0000000000000000       0x2d
 .ARM.attributes
                0x0000000000000000       0x2d Application.o
 .ARM.attributes
                0x000000000000002d       0x33 Buffer.o
 .ARM.attributes
                0x0000000000000060       0x33 Buzzer.o
 .ARM.attributes
                0x0000000000000093       0x2d EEPROM.o
 .ARM.attributes
                0x00000000000000c0       0x2d EEPROM_25xx256.o
 .ARM.attributes
                0x00000000000000ed       0x2d Key_pad_Driver.o
 .ARM.attributes
                0x000000000000011a       0x2d LCD_Driver.o
 .ARM.attributes
                0x0000000000000147       0x2d main.o
 .ARM.attributes
                0x0000000000000174       0x2d Seven_Segment.o
 .ARM.attributes
                0x00000000000001a1       0x2d startup.o
 .ARM.attributes
                0x00000000000001ce       0x2d Stm32_f10xx_Systick.o
 .ARM.attributes
                0x00000000000001fb       0x2d Stm32f10x_SPI.o
 .ARM.attributes
                0x0000000000000228       0x2d Stm32f10x_UART.o
 .ARM.attributes
                0x0000000000000255       0x2d Stm32f10xx_EXTI.o
 .ARM.attributes
                0x0000000000000282       0x2d Stm32f10xx_GPIO.o
 .ARM.attributes
                0x00000000000002af       0x2d Stm32f10xx_I2C.o
 .ARM.attributes
                0x00000000000002dc       0x2d Stm32f10xx_RCC.o
 .ARM.attributes
                0x0000000000000309       0x2d Stm32f10xx_Timers.o

.debug_frame    0x0000000000000000     0x1678
 .debug_frame   0x0000000000000000      0x104 Application.o
 .debug_frame   0x0000000000000104       0x78 EEPROM.o
 .debug_frame   0x000000000000017c      0x144 EEPROM_25xx256.o
 .debug_frame   0x00000000000002c0       0xc8 Key_pad_Driver.o
 .debug_frame   0x0000000000000388      0x234 LCD_Driver.o
 .debug_frame   0x00000000000005bc       0x2c main.o
 .debug_frame   0x00000000000005e8       0x58 Seven_Segment.o
 .debug_frame   0x0000000000000640       0x50 startup.o
 .debug_frame   0x0000000000000690       0x54 Stm32_f10xx_Systick.o
 .debug_frame   0x00000000000006e4      0x2b8 Stm32f10x_SPI.o
 .debug_frame   0x000000000000099c      0x374 Stm32f10x_UART.o
 .debug_frame   0x0000000000000d10      0x220 Stm32f10xx_EXTI.o
 .debug_frame   0x0000000000000f30      0x1c8 Stm32f10xx_GPIO.o
 .debug_frame   0x00000000000010f8      0x494 Stm32f10xx_I2C.o
 .debug_frame   0x000000000000158c       0xb4 Stm32f10xx_RCC.o
 .debug_frame   0x0000000000001640       0x38 Stm32f10xx_Timers.o
