
Allocating common symbols
Common symbol       size              file

GP_EXTI_CallBack    0x40              Stm32f10xx_EXTI.o
tim1_config         0x1c              Stm32f10xx_Timers.o

Memory Configuration

Name             Origin             Length             Attributes
FLASH            0x0000000008000000 0x0000000000020000 xr
SRAM             0x0000000020000000 0x0000000000005000 xrw
*default*        0x0000000000000000 0xffffffffffffffff

Linker script and memory map


.text           0x0000000008000000     0x4e5f
 *(.vectors*)
 .vectors       0x0000000008000000       0xec startup.o
                0x0000000008000000                vectors
 *(.text*)
 .text          0x00000000080000ec      0xf60 Application.o
                0x000000000800013c                config_Drives_and_Perpherals
                0x00000000080003cc                Init_Component
                0x0000000008000488                Rx_Uart1
                0x0000000008000624                Rx_Uart2
                0x0000000008000738                Reaction_Of_Prass
                0x0000000008000adc                Run_Led
                0x0000000008000b24                Clear_Buffer
                0x0000000008000b5e                Convert_uint8_t_to_uint16_t
                0x0000000008000bc2                Convert_Buffer8_to_Variable
                0x0000000008000c50                Convert_Buffer16_to_Variable
                0x0000000008000cde                search_char
                0x0000000008000d54                Inc_Dec_seven_segment
                0x0000000008000dd4                comapre_two_string
                0x0000000008000e1e                Infinite_loop
 .text          0x000000000800104c        0x0 Buffer.o
 .text          0x000000000800104c        0x0 Buzzer.o
 .text          0x000000000800104c      0x158 EEPROM.o
                0x000000000800104c                EEPORM_Init
                0x00000000080010a0                EEPROM_Write_NBytes
                0x0000000008001144                EEPROM_Read_Byte
 .text          0x00000000080011a4      0x310 EEPROM_25xx256.o
                0x00000000080011f4                Init_EEPROM_25x
                0x0000000008001206                Status_EEPROM
                0x0000000008001254                Busy_EEPROM
                0x0000000008001276                Write_Byte_EEPROM_25xx
                0x0000000008001320                Write_Bytes_EEPROM_25xx
                0x00000000080013d8                Read_Byte_EEPROM_25xx
                0x0000000008001466                Enable_Write_EEPROM_25xx
 .text          0x00000000080014b4      0x270 Key_pad_Driver.o
                0x00000000080014b4                Key_pad_init
                0x000000000800156c                Check_Keypad_Pins
                0x00000000080015d4                Set_Key_Drain_Pins
                0x0000000008001648                Check_Key_Soruce_Pins
                0x0000000008001694                Check_Prass_Button
 .text          0x0000000008001724      0x664 LCD_Driver.o
                0x0000000008001774                Kick_Enable_pin
                0x00000000080017aa                LCD_init
                0x00000000080018c8                Check_BF
                0x000000000800195c                Shift_R_Cursor
                0x0000000008001974                Shift_L_Cursor
                0x000000000800198c                Read_Cursor_Add
                0x00000000080019a0                Write_Character
                0x0000000008001a74                Write_Character_with_coordinator
                0x0000000008001ada                Write_String
                0x0000000008001b0a                Write_String_with_coordinator
                0x0000000008001b58                Jump_to_coordinator
                0x0000000008001b90                Write_Command
                0x0000000008001c62                write_with_move
                0x0000000008001d70                clean_Lcd
 .text          0x0000000008001d88       0x12 main.o
                0x0000000008001d88                main
 *fill*         0x0000000008001d9a        0x2 
 .text          0x0000000008001d9c       0x6c Send_Atmega32.o
                0x0000000008001d9c                Send_to_controller
 .text          0x0000000008001e08       0xbc Seven_Segment.o
                0x0000000008001e08                init_seven_segment
                0x0000000008001e5e                Display_seven_segment
 .text          0x0000000008001ec4       0x8c startup.o
                0x0000000008001ec4                FLASH_Handler
                0x0000000008001ec4                SVCall_Handler
                0x0000000008001ec4                SysTick_Handler
                0x0000000008001ec4                PendSv_Handler
                0x0000000008001ec4                DMA1_Channel7_Handler
                0x0000000008001ec4                NMI_Handler
                0x0000000008001ec4                DMA1_Channel6_Handler
                0x0000000008001ec4                CAN1_RX1_Handler
                0x0000000008001ec4                Bus_Fault_Handler
                0x0000000008001ec4                ADC1_2_Handler
                0x0000000008001ec4                WWDG_Handler
                0x0000000008001ec4                DMA1_Channel1_Handler
                0x0000000008001ec4                RTC_Handler
                0x0000000008001ec4                TIM1_CC_Handler
                0x0000000008001ec4                CAN1_SCE_Handler
                0x0000000008001ec4                TIM1_BRK_Handler
                0x0000000008001ec4                MM_Fault_Handler
                0x0000000008001ec4                TEMPER_Handler
                0x0000000008001ec4                TIM2_Handler
                0x0000000008001ec4                DMA1_Channel4_Handler
                0x0000000008001ec4                TIM3_Handler
                0x0000000008001ec4                Default_Handler
                0x0000000008001ec4                USBWakeUp_Handler
                0x0000000008001ec4                DMA1_Channel3_Handler
                0x0000000008001ec4                RTC_Alarm_Handler
                0x0000000008001ec4                TIM4_Handler
                0x0000000008001ec4                DMA1_Channel2_Handler
                0x0000000008001ec4                Usage_Fault_Handler
                0x0000000008001ec4                TIM1_UP_Handler
                0x0000000008001ec4                DMA1_Channel5_Handler
                0x0000000008001ec4                DebugMonitor_Handler
                0x0000000008001ec4                RCC_Handler
                0x0000000008001ec4                PVD_Handler
                0x0000000008001ec4                Hard_Fault_Handler
                0x0000000008001ec4                USB_LP_CAN1_RX0_Handler
                0x0000000008001ec4                USB_HP_CAN1_TX_Handler
                0x0000000008001ec4                TIM1_TRG_COM_Handler
                0x0000000008001ed0                Rest_Handler
 .text          0x0000000008001f50       0xa4 Stm32_f10xx_Systick.o
                0x0000000008001f88                Init_Systick
 .text          0x0000000008001ff4      0x86c Stm32f10x_SPI.o
                0x0000000008002068                Init_SPI
                0x00000000080022f8                Deinit_SPI
                0x0000000008002374                SPI_Send_Char
                0x00000000080023ae                SPI_Receive_Char
                0x00000000080023ec                SPI_Send_String
                0x000000000800243c                SPI_Receive_String
                0x00000000080024a0                Tx_Empty_CallBack
                0x00000000080024b2                RX_Empty_CallBack
                0x00000000080024c4                Fault_Event_CallBack
                0x00000000080024d6                Overrun_CallBack
                0x00000000080024e8                CRC_CallBack
                0x00000000080024fa                Select_SPI_Pins_datasheet
                0x0000000008002598                Config_SPI_Pins
                0x00000000080026ec                SPI1_Handler
                0x0000000008002768                SPI2_Handler
                0x00000000080027e8                SPI_Tx_Rx_Char
 .text          0x0000000008002860      0x98c Stm32f10x_UART.o
                0x0000000008002924                Set_BaudRate
                0x00000000080029ec                Get_BaudRate
                0x0000000008002a00                Init_Uart
                0x0000000008002cd8                DeInit_Uart
                0x0000000008002d54                _Config_GPIO_f
                0x0000000008002e38                Send_Char_Uart
                0x0000000008002e8c                Receive_Char_Uart
                0x0000000008002f20                Receive_String_Uart
                0x0000000008002f4c                Send_String_Uart
                0x0000000008002f86                USART1_Handler
                0x0000000008003048                USART2_Handler
                0x000000000800310c                USART3_Handler
                0x0000000008003118                Parity_CallBack_UART
                0x000000000800312a                Error_CallBack_UART
                0x000000000800313c                Tx_CallBack_UART
                0x000000000800314e                Tx_Comp_CallBack_UART
                0x0000000008003160                Rx_CallBack_UART
                0x00000000080031b4                IDLE_CallBack_UART
                0x00000000080031c6                Lin_BK_CallBack_UART
                0x00000000080031d8                FlowCt_CallBack_UART
 .text          0x00000000080031ec      0x4d4 Stm32f10xx_EXTI.o
                0x0000000008003260                NVIC_EXTI_Clear_Handler
                0x0000000008003288                Init_EXTI
                0x000000000800329e                Deinit_EXTI
                0x0000000008003348                Upadate_EXTI
                0x000000000800335e                Config_EXTI
                0x00000000080034a4                NVIC_Enable_IRQ
                0x00000000080034c0                NVIC_Disable_IRQ
                0x00000000080034dc                EXTI0_Handler
                0x00000000080034f4                EXTI1_Handler
                0x000000000800350c                EXTI2_Handler
                0x0000000008003524                EXTI3_Handler
                0x000000000800353c                EXTI4_Handler
                0x0000000008003554                EXTI9_5_Handler
                0x00000000080035fc                EXTI15_10_Handler
 .text          0x00000000080036c0      0x488 Stm32f10xx_GPIO.o
                0x00000000080036c0                Init_GPIO
                0x0000000008003914                Set_pin
                0x0000000008003930                Reset_pin
                0x0000000008003950                Change_State_Pin
                0x0000000008003982                Toggle_pin
                0x00000000080039a4                Read_pin
                0x00000000080039cc                Set_GPIO_Value
                0x00000000080039e6                Reset_GPIO
                0x0000000008003a04                Read_GPIO
                0x0000000008003a1c                Lock_GPIO
                0x0000000008003a76                Deinit_GPIO
 .text          0x0000000008003b48      0xeb4 Stm32f10xx_I2C.o
                0x0000000008003bbc                I2C_Init
                0x0000000008003f48                I2C_Deinit
                0x0000000008003fa0                I2C_Master_Write
                0x0000000008004050                I2C_GenerateStop
                0x0000000008004090                I2C_Send_Add
                0x000000000800410a                I2C_Master_Read
                0x00000000080041c2                I2C_Slave_Write_IT
                0x00000000080041f0                I2C_Slave_Read_IT
                0x0000000008004228                I2C_Slave_Write
                0x0000000008004296                I2C_Slave_Read
                0x00000000080042ee                I2C_GenerateStart
                0x0000000008004346                I2C_Get_FlagStatus
                0x000000000800464c                I2C_Enable_ACK
                0x000000000800466e                I2C_Disable_ACK
                0x0000000008004690                SB_CallBack_I2C
                0x00000000080046a2                ADDR_CallBack_I2C
                0x00000000080046e4                ADDR10_CallBack_I2C
                0x00000000080046fe                STOPF_CallBack_I2C
                0x0000000008004710                BTF_CallBack_I2C
                0x0000000008004722                TXE_CallBack_I2C
                0x0000000008004754                RXNE_CallBack_I2C
                0x0000000008004786                OVR_CallBack_I2C
                0x0000000008004798                TIMEOUT_CallBack_I2C
                0x00000000080047aa                AF_CallBack_I2C
                0x00000000080047da                I2C1_EV_Handler
                0x0000000008004890                I2C1_ER_Handler
                0x000000000800489c                I2C2_EV_Handler
                0x0000000008004950                I2C2_ER_Handler
                0x000000000800495c                I2C_Clock_Config_Pins
 .text          0x00000000080049fc      0x1a4 Stm32f10xx_RCC.o
                0x00000000080049fc                Get_Systick_Freq
                0x0000000008004ae8                Get_HCLK_Freq
                0x0000000008004b14                Get_APB1_Freq
                0x0000000008004b3c                Get_APB2_Freq
                0x0000000008004b64                Set_HSE_CLK_Freq
 .text          0x0000000008004ba0       0x70 Stm32f10xx_Timers.o
                0x0000000008004ba0                Init_Timer
 *(.rodata)
 .rodata        0x0000000008004c10        0xc Key_pad_Driver.o
                0x0000000008004c10                KeyPad_Keys
 .rodata        0x0000000008004c1c      0x200 Stm32f10xx_EXTI.o
                0x0000000008004c1c                EXTI_Streem
 .rodata        0x0000000008004e1c       0x43 Stm32f10xx_RCC.o
                0x0000000008004e5f                _E_text = .

.glue_7         0x0000000008004e60        0x0
 .glue_7        0x0000000008004e60        0x0 linker stubs

.glue_7t        0x0000000008004e60        0x0
 .glue_7t       0x0000000008004e60        0x0 linker stubs

.vfp11_veneer   0x0000000008004e60        0x0
 .vfp11_veneer  0x0000000008004e60        0x0 linker stubs

.v4_bx          0x0000000008004e60        0x0
 .v4_bx         0x0000000008004e60        0x0 linker stubs

.iplt           0x0000000008004e60        0x0
 .iplt          0x0000000008004e60        0x0 Application.o

.rel.dyn        0x0000000008004e60        0x0
 .rel.iplt      0x0000000008004e60        0x0 Application.o

.data           0x0000000020000000      0x334 load address 0x0000000008004e5f
                0x0000000020000000                _S_DATA = .
 *(.data)
 .data          0x0000000020000000      0x323 Application.o
                0x0000000020000000                Max_Grag
                0x0000000020000004                _Display_Welcom
                0x0000000020000014                _Display_Put_Card
                0x0000000020000024                _Display_There_is_an
                0x0000000020000034                _Display_There_is_no
                0x0000000020000048                _Display_Empty_Garage
                0x000000002000005c                _Display_Sorry
                0x0000000020000070                _Display_Try_again
                0x0000000020000084                _Display_Opened_Gate
                0x0000000020000098                _Display_Closed_Gate
                0x00000000200000ac                _Display_Correct_ID
                0x00000000200000c0                _Display_Not_Correct_ID
                0x00000000200000d4                _Dispay_Exit_admin_mode
                0x00000000200000f8                _Display_Welcome_Admin
                0x000000002000012c                _Display_1_Add_ID
                0x0000000020000144                _Display_2_Remove_ID
                0x0000000020000164                _Display_Hash_Exit
                0x0000000020000190                _Display_Enter_ID
                0x00000000200001ac                _Display_Enter
                0x00000000200001b4                _Display_Worng_Entry
                0x00000000200001e8                _Display_ID_Added
                0x0000000020000200                _Dispay_ID_Removed
                0x000000002000022c                _Display_Try_Enter_Again
                0x0000000020000258                _Display_Enter_Admin_ID
                0x0000000020000288                _Display_Timeout_Admin
                0x00000000200002ec                correct_character
                0x00000000200002f8                Reset_Data
                0x0000000020000300                First_ID
                0x0000000020000308                Second_ID
                0x0000000020000310                Third_ID
                0x0000000020000318                Fourth_ID
                0x0000000020000320                Admin_Pass
 .data          0x0000000020000323        0x0 Buffer.o
 .data          0x0000000020000323        0x0 Buzzer.o
 .data          0x0000000020000323        0x0 EEPROM.o
 .data          0x0000000020000323        0x0 EEPROM_25xx256.o
 .data          0x0000000020000323        0x0 Key_pad_Driver.o
 *fill*         0x0000000020000323        0x1 
 .data          0x0000000020000324        0x4 LCD_Driver.o
 .data          0x0000000020000328        0x0 main.o
 .data          0x0000000020000328        0xc Send_Atmega32.o
                0x0000000020000328                NSS_Ports_SPI1
                0x0000000020000330                NSS_Pins_SPI1
 .data          0x0000000020000334        0x0 Seven_Segment.o
 .data          0x0000000020000334        0x0 startup.o
 .data          0x0000000020000334        0x0 Stm32_f10xx_Systick.o
 .data          0x0000000020000334        0x0 Stm32f10x_SPI.o
 .data          0x0000000020000334        0x0 Stm32f10x_UART.o
 .data          0x0000000020000334        0x0 Stm32f10xx_EXTI.o
 .data          0x0000000020000334        0x0 Stm32f10xx_GPIO.o
 .data          0x0000000020000334        0x0 Stm32f10xx_I2C.o
 .data          0x0000000020000334        0x0 Stm32f10xx_RCC.o
 .data          0x0000000020000334        0x0 Stm32f10xx_Timers.o
 *(.data.*)
                0x0000000020000334                _E_DATA = .

.igot.plt       0x0000000020000334        0x0 load address 0x0000000008005193
 .igot.plt      0x0000000020000334        0x0 Application.o

.bss            0x0000000020000334      0xb2c load address 0x0000000008005193
                0x0000000020000334                _S_bss = .
 *(.bss)
 .bss           0x0000000020000334      0x28c Application.o
                0x0000000020000334                LEDS
                0x0000000020000348                Lcd_config
                0x0000000020000368                key_pad_config
                0x0000000020000378                seven_config
                0x0000000020000384                uart1_config
                0x00000000200003bc                uart2_config
                0x00000000200003f4                spi1_config
                0x0000000020000420                spi2_config
                0x000000002000044c                spi3_config
                0x0000000020000478                i2c1_config
                0x00000000200004d8                i2c2_config
                0x0000000020000538                NSS_EEPROM
                0x000000002000054c                NSS_ATmega1
                0x0000000020000560                NSS_ATmega2
                0x0000000020000574                EEPORM_25xx_config
                0x0000000020000580                LCD_state
                0x0000000020000584                Timeout
                0x0000000020000588                ID_data
                0x0000000020000590                Key_Buffer
                0x0000000020000598                Key_Buffer_counter
                0x0000000020000599                Admin_mode
                0x000000002000059a                Admin_state
 .bss           0x00000000200005c0        0x0 Buffer.o
 .bss           0x00000000200005c0        0x0 Buzzer.o
 .bss           0x00000000200005c0        0x0 EEPROM.o
 .bss           0x00000000200005c0        0x0 EEPROM_25xx256.o
 .bss           0x00000000200005c0       0x24 Key_pad_Driver.o
                0x00000000200005e0                GPIOx
 .bss           0x00000000200005e4        0xd LCD_Driver.o
 .bss           0x00000000200005f1        0x0 main.o
 .bss           0x00000000200005f1        0x0 Send_Atmega32.o
 *fill*         0x00000000200005f1        0x3 
 .bss           0x00000000200005f4       0x28 Seven_Segment.o
                0x00000000200005f4                numbers
 .bss           0x000000002000061c        0x0 startup.o
 .bss           0x000000002000061c       0x10 Stm32_f10xx_Systick.o
                0x000000002000061c                Systick_API
 .bss           0x000000002000062c        0x2 Stm32f10x_SPI.o
 .bss           0x000000002000062e        0x0 Stm32f10x_UART.o
 .bss           0x000000002000062e        0x0 Stm32f10xx_EXTI.o
 .bss           0x000000002000062e        0x0 Stm32f10xx_GPIO.o
 .bss           0x000000002000062e        0x0 Stm32f10xx_I2C.o
 *fill*         0x000000002000062e        0x2 
 .bss           0x0000000020000630        0x4 Stm32f10xx_RCC.o
 .bss           0x0000000020000634        0x0 Stm32f10xx_Timers.o
 *(.bss.*)
                0x0000000020000634                . = ALIGN (0x4)
                0x0000000020000634                _E_bss = .
                0x0000000020000634                . = ALIGN (0x4)
                0x0000000020000a1c                . = (. + 0x3e8)
 *fill*         0x0000000020000634      0x3e8 
                0x0000000020000a1c                _heap_End = .
                0x0000000020000a1c                . = ALIGN (0x4)
                0x0000000020000e04                . = (. + 0x3e8)
 *fill*         0x0000000020000a1c      0x3e8 
                0x0000000020000e04                _stack_top = .
 COMMON         0x0000000020000e04       0x40 Stm32f10xx_EXTI.o
                0x0000000020000e04                GP_EXTI_CallBack
 COMMON         0x0000000020000e44       0x1c Stm32f10xx_Timers.o
                0x0000000020000e44                tim1_config
LOAD Application.o
LOAD Buffer.o
LOAD Buzzer.o
LOAD EEPROM.o
LOAD EEPROM_25xx256.o
LOAD Key_pad_Driver.o
LOAD LCD_Driver.o
LOAD main.o
LOAD Send_Atmega32.o
LOAD Seven_Segment.o
LOAD startup.o
LOAD Stm32_f10xx_Systick.o
LOAD Stm32f10x_SPI.o
LOAD Stm32f10x_UART.o
LOAD Stm32f10xx_EXTI.o
LOAD Stm32f10xx_GPIO.o
LOAD Stm32f10xx_I2C.o
LOAD Stm32f10xx_RCC.o
LOAD Stm32f10xx_Timers.o
OUTPUT(learn_embedded.axf elf32-littlearm)
LOAD linker stubs

.debug_info     0x0000000000000000     0xd005
 .debug_info    0x0000000000000000     0x21bf Application.o
 .debug_info    0x00000000000021bf      0x4db EEPROM.o
 .debug_info    0x000000000000269a     0x1041 EEPROM_25xx256.o
 .debug_info    0x00000000000036db     0x1151 Key_pad_Driver.o
 .debug_info    0x000000000000482c      0x7b7 LCD_Driver.o
 .debug_info    0x0000000000004fe3      0xccb main.o
 .debug_info    0x0000000000005cae      0xd68 Send_Atmega32.o
 .debug_info    0x0000000000006a16      0x2d6 Seven_Segment.o
 .debug_info    0x0000000000006cec      0x1a1 startup.o
 .debug_info    0x0000000000006e8d      0x439 Stm32_f10xx_Systick.o
 .debug_info    0x00000000000072c6     0x154b Stm32f10x_SPI.o
 .debug_info    0x0000000000008811     0x184c Stm32f10x_UART.o
 .debug_info    0x000000000000a05d      0x89c Stm32f10xx_EXTI.o
 .debug_info    0x000000000000a8f9      0x60c Stm32f10xx_GPIO.o
 .debug_info    0x000000000000af05     0x1a92 Stm32f10xx_I2C.o
 .debug_info    0x000000000000c997      0x303 Stm32f10xx_RCC.o
 .debug_info    0x000000000000cc9a      0x36b Stm32f10xx_Timers.o

.debug_abbrev   0x0000000000000000     0x21f6
 .debug_abbrev  0x0000000000000000      0x32c Application.o
 .debug_abbrev  0x000000000000032c      0x17c EEPROM.o
 .debug_abbrev  0x00000000000004a8      0x259 EEPROM_25xx256.o
 .debug_abbrev  0x0000000000000701      0x25d Key_pad_Driver.o
 .debug_abbrev  0x000000000000095e      0x1f6 LCD_Driver.o
 .debug_abbrev  0x0000000000000b54      0x1d2 main.o
 .debug_abbrev  0x0000000000000d26      0x1f8 Send_Atmega32.o
 .debug_abbrev  0x0000000000000f1e      0x138 Seven_Segment.o
 .debug_abbrev  0x0000000000001056       0xe4 startup.o
 .debug_abbrev  0x000000000000113a      0x143 Stm32_f10xx_Systick.o
 .debug_abbrev  0x000000000000127d      0x34c Stm32f10x_SPI.o
 .debug_abbrev  0x00000000000015c9      0x39e Stm32f10x_UART.o
 .debug_abbrev  0x0000000000001967      0x1cc Stm32f10xx_EXTI.o
 .debug_abbrev  0x0000000000001b33      0x175 Stm32f10xx_GPIO.o
 .debug_abbrev  0x0000000000001ca8      0x378 Stm32f10xx_I2C.o
 .debug_abbrev  0x0000000000002020       0xfe Stm32f10xx_RCC.o
 .debug_abbrev  0x000000000000211e       0xd8 Stm32f10xx_Timers.o

.debug_loc      0x0000000000000000     0x3182
 .debug_loc     0x0000000000000000      0x498 Application.o
 .debug_loc     0x0000000000000498       0xce EEPROM.o
 .debug_loc     0x0000000000000566      0x298 EEPROM_25xx256.o
 .debug_loc     0x00000000000007fe      0x19c Key_pad_Driver.o
 .debug_loc     0x000000000000099a      0x4c8 LCD_Driver.o
 .debug_loc     0x0000000000000e62       0x2c main.o
 .debug_loc     0x0000000000000e8e       0x50 Send_Atmega32.o
 .debug_loc     0x0000000000000ede       0xa0 Seven_Segment.o
 .debug_loc     0x0000000000000f7e       0x7c startup.o
 .debug_loc     0x0000000000000ffa       0x88 Stm32_f10xx_Systick.o
 .debug_loc     0x0000000000001082      0x5d0 Stm32f10x_SPI.o
 .debug_loc     0x0000000000001652      0x784 Stm32f10x_UART.o
 .debug_loc     0x0000000000001dd6      0x41c Stm32f10xx_EXTI.o
 .debug_loc     0x00000000000021f2      0x3f4 Stm32f10xx_GPIO.o
 .debug_loc     0x00000000000025e6      0xa04 Stm32f10xx_I2C.o
 .debug_loc     0x0000000000002fea      0x13c Stm32f10xx_RCC.o
 .debug_loc     0x0000000000003126       0x5c Stm32f10xx_Timers.o

.debug_aranges  0x0000000000000000      0x220
 .debug_aranges
                0x0000000000000000       0x20 Application.o
 .debug_aranges
                0x0000000000000020       0x20 EEPROM.o
 .debug_aranges
                0x0000000000000040       0x20 EEPROM_25xx256.o
 .debug_aranges
                0x0000000000000060       0x20 Key_pad_Driver.o
 .debug_aranges
                0x0000000000000080       0x20 LCD_Driver.o
 .debug_aranges
                0x00000000000000a0       0x20 main.o
 .debug_aranges
                0x00000000000000c0       0x20 Send_Atmega32.o
 .debug_aranges
                0x00000000000000e0       0x20 Seven_Segment.o
 .debug_aranges
                0x0000000000000100       0x20 startup.o
 .debug_aranges
                0x0000000000000120       0x20 Stm32_f10xx_Systick.o
 .debug_aranges
                0x0000000000000140       0x20 Stm32f10x_SPI.o
 .debug_aranges
                0x0000000000000160       0x20 Stm32f10x_UART.o
 .debug_aranges
                0x0000000000000180       0x20 Stm32f10xx_EXTI.o
 .debug_aranges
                0x00000000000001a0       0x20 Stm32f10xx_GPIO.o
 .debug_aranges
                0x00000000000001c0       0x20 Stm32f10xx_I2C.o
 .debug_aranges
                0x00000000000001e0       0x20 Stm32f10xx_RCC.o
 .debug_aranges
                0x0000000000000200       0x20 Stm32f10xx_Timers.o

.debug_line     0x0000000000000000     0x51be
 .debug_line    0x0000000000000000      0x87d Application.o
 .debug_line    0x000000000000087d        0x0 Buffer.o
 .debug_line    0x000000000000087d        0x0 Buzzer.o
 .debug_line    0x000000000000087d      0x26c EEPROM.o
 .debug_line    0x0000000000000ae9      0x3ee EEPROM_25xx256.o
 .debug_line    0x0000000000000ed7      0x499 Key_pad_Driver.o
 .debug_line    0x0000000000001370      0x470 LCD_Driver.o
 .debug_line    0x00000000000017e0      0x311 main.o
 .debug_line    0x0000000000001af1      0x2f2 Send_Atmega32.o
 .debug_line    0x0000000000001de3      0x270 Seven_Segment.o
 .debug_line    0x0000000000002053      0x240 startup.o
 .debug_line    0x0000000000002293      0x287 Stm32_f10xx_Systick.o
 .debug_line    0x000000000000251a      0x8b5 Stm32f10x_SPI.o
 .debug_line    0x0000000000002dcf      0x932 Stm32f10x_UART.o
 .debug_line    0x0000000000003701      0x48c Stm32f10xx_EXTI.o
 .debug_line    0x0000000000003b8d      0x433 Stm32f10xx_GPIO.o
 .debug_line    0x0000000000003fc0      0xceb Stm32f10xx_I2C.o
 .debug_line    0x0000000000004cab      0x2cc Stm32f10xx_RCC.o
 .debug_line    0x0000000000004f77      0x247 Stm32f10xx_Timers.o

.debug_str      0x0000000000000000     0x277c
 .debug_str     0x0000000000000000     0x1352 Application.o
                                       0x149f (size before relaxing)
 .debug_str     0x0000000000001352        0x9 Buffer.o
                                         0xbd (size before relaxing)
 .debug_str     0x000000000000135b        0x9 Buzzer.o
                                         0xbd (size before relaxing)
 .debug_str     0x0000000000001364       0xbc EEPROM.o
                                        0x455 (size before relaxing)
 .debug_str     0x0000000000001420       0xf8 EEPROM_25xx256.o
                                        0x8fc (size before relaxing)
 .debug_str     0x0000000000001518       0xf2 Key_pad_Driver.o
                                        0x9e7 (size before relaxing)
 .debug_str     0x000000000000160a      0x179 LCD_Driver.o
                                        0x4a5 (size before relaxing)
 .debug_str     0x0000000000001783        0xc main.o
                                        0x7a9 (size before relaxing)
 .debug_str     0x000000000000178f       0x51 Send_Atmega32.o
                                        0x7bf (size before relaxing)
 .debug_str     0x00000000000017e0       0x50 Seven_Segment.o
                                        0x281 (size before relaxing)
 .debug_str     0x0000000000001830       0x7f startup.o
                                        0x1cb (size before relaxing)
 .debug_str     0x00000000000018af      0x38f Stm32_f10xx_Systick.o
                                        0x573 (size before relaxing)
 .debug_str     0x0000000000001c3e      0x114 Stm32f10x_SPI.o
                                        0xd31 (size before relaxing)
 .debug_str     0x0000000000001d52      0x199 Stm32f10x_UART.o
                                        0xf9c (size before relaxing)
 .debug_str     0x0000000000001eeb      0x28b Stm32f10xx_EXTI.o
                                        0x818 (size before relaxing)
 .debug_str     0x0000000000002176       0xff Stm32f10xx_GPIO.o
                                        0x3b2 (size before relaxing)
 .debug_str     0x0000000000002275      0x44a Stm32f10xx_I2C.o
                                       0x1107 (size before relaxing)
 .debug_str     0x00000000000026bf       0x99 Stm32f10xx_RCC.o
                                        0x2a8 (size before relaxing)
 .debug_str     0x0000000000002758       0x24 Stm32f10xx_Timers.o
                                        0x32b (size before relaxing)

.comment        0x0000000000000000       0x53
 .comment       0x0000000000000000       0x53 Application.o
                                         0x54 (size before relaxing)
 .comment       0x0000000000000053       0x54 Buffer.o
 .comment       0x0000000000000053       0x54 Buzzer.o
 .comment       0x0000000000000053       0x54 EEPROM.o
 .comment       0x0000000000000053       0x54 EEPROM_25xx256.o
 .comment       0x0000000000000053       0x54 Key_pad_Driver.o
 .comment       0x0000000000000053       0x54 LCD_Driver.o
 .comment       0x0000000000000053       0x54 main.o
 .comment       0x0000000000000053       0x54 Send_Atmega32.o
 .comment       0x0000000000000053       0x54 Seven_Segment.o
 .comment       0x0000000000000053       0x54 startup.o
 .comment       0x0000000000000053       0x54 Stm32_f10xx_Systick.o
 .comment       0x0000000000000053       0x54 Stm32f10x_SPI.o
 .comment       0x0000000000000053       0x54 Stm32f10x_UART.o
 .comment       0x0000000000000053       0x54 Stm32f10xx_EXTI.o
 .comment       0x0000000000000053       0x54 Stm32f10xx_GPIO.o
 .comment       0x0000000000000053       0x54 Stm32f10xx_I2C.o
 .comment       0x0000000000000053       0x54 Stm32f10xx_RCC.o
 .comment       0x0000000000000053       0x54 Stm32f10xx_Timers.o

.ARM.attributes
                0x0000000000000000       0x2d
 .ARM.attributes
                0x0000000000000000       0x2d Application.o
 .ARM.attributes
                0x000000000000002d       0x33 Buffer.o
 .ARM.attributes
                0x0000000000000060       0x33 Buzzer.o
 .ARM.attributes
                0x0000000000000093       0x2d EEPROM.o
 .ARM.attributes
                0x00000000000000c0       0x2d EEPROM_25xx256.o
 .ARM.attributes
                0x00000000000000ed       0x2d Key_pad_Driver.o
 .ARM.attributes
                0x000000000000011a       0x2d LCD_Driver.o
 .ARM.attributes
                0x0000000000000147       0x2d main.o
 .ARM.attributes
                0x0000000000000174       0x2d Send_Atmega32.o
 .ARM.attributes
                0x00000000000001a1       0x2d Seven_Segment.o
 .ARM.attributes
                0x00000000000001ce       0x2d startup.o
 .ARM.attributes
                0x00000000000001fb       0x2d Stm32_f10xx_Systick.o
 .ARM.attributes
                0x0000000000000228       0x2d Stm32f10x_SPI.o
 .ARM.attributes
                0x0000000000000255       0x2d Stm32f10x_UART.o
 .ARM.attributes
                0x0000000000000282       0x2d Stm32f10xx_EXTI.o
 .ARM.attributes
                0x00000000000002af       0x2d Stm32f10xx_GPIO.o
 .ARM.attributes
                0x00000000000002dc       0x2d Stm32f10xx_I2C.o
 .ARM.attributes
                0x0000000000000309       0x2d Stm32f10xx_RCC.o
 .ARM.attributes
                0x0000000000000336       0x2d Stm32f10xx_Timers.o

.debug_frame    0x0000000000000000     0x17f4
 .debug_frame   0x0000000000000000      0x24c Application.o
 .debug_frame   0x000000000000024c       0x78 EEPROM.o
 .debug_frame   0x00000000000002c4      0x144 EEPROM_25xx256.o
 .debug_frame   0x0000000000000408       0xc8 Key_pad_Driver.o
 .debug_frame   0x00000000000004d0      0x234 LCD_Driver.o
 .debug_frame   0x0000000000000704       0x2c main.o
 .debug_frame   0x0000000000000730       0x34 Send_Atmega32.o
 .debug_frame   0x0000000000000764       0x58 Seven_Segment.o
 .debug_frame   0x00000000000007bc       0x50 startup.o
 .debug_frame   0x000000000000080c       0x54 Stm32_f10xx_Systick.o
 .debug_frame   0x0000000000000860      0x2b8 Stm32f10x_SPI.o
 .debug_frame   0x0000000000000b18      0x374 Stm32f10x_UART.o
 .debug_frame   0x0000000000000e8c      0x220 Stm32f10xx_EXTI.o
 .debug_frame   0x00000000000010ac      0x1c8 Stm32f10xx_GPIO.o
 .debug_frame   0x0000000000001274      0x494 Stm32f10xx_I2C.o
 .debug_frame   0x0000000000001708       0xb4 Stm32f10xx_RCC.o
 .debug_frame   0x00000000000017bc       0x38 Stm32f10xx_Timers.o
