
Allocating common symbols
Common symbol       size              file

GP_EXTI_CallBack    0x40              Stm32f10xx_EXTI.o
uTick               0x4               Stm32_f10xx_Systick.o

Memory Configuration

Name             Origin             Length             Attributes
FLASH            0x0000000008004400 0x000000000000c800 xr
SRAM             0x0000000020000000 0x0000000000002800 xrw
*default*        0x0000000000000000 0xffffffffffffffff

Linker script and memory map


.text           0x0000000008004400     0x22d7
 *(.vectors*)
 .vectors       0x0000000008004400       0xec startup.o
                0x0000000008004400                vectors
 *(.text*)
 .text          0x00000000080044ec      0x258 Application.o
                0x00000000080044ec                config_Drives_and_Perpherals
                0x0000000008004660                Rx_Uart1
                0x0000000008004684                Rx_Uart2
                0x00000000080046a8                Infinite_loop
 .text          0x0000000008004744        0x0 Buffer.o
 .text          0x0000000008004744       0x12 main.o
                0x0000000008004744                main
 *fill*         0x0000000008004756        0x2 
 .text          0x0000000008004758       0x9c startup.o
                0x0000000008004758                FLASH_Handler
                0x0000000008004758                SVCall_Handler
                0x0000000008004758                PendSv_Handler
                0x0000000008004758                DMA1_Channel7_Handler
                0x0000000008004758                NMI_Handler
                0x0000000008004758                DMA1_Channel6_Handler
                0x0000000008004758                CAN1_RX1_Handler
                0x0000000008004758                I2C1_EV_Handler
                0x0000000008004758                Bus_Fault_Handler
                0x0000000008004758                ADC1_2_Handler
                0x0000000008004758                WWDG_Handler
                0x0000000008004758                DMA1_Channel1_Handler
                0x0000000008004758                I2C1_ER_Handler
                0x0000000008004758                RTC_Handler
                0x0000000008004758                TIM1_CC_Handler
                0x0000000008004758                I2C2_ER_Handler
                0x0000000008004758                CAN1_SCE_Handler
                0x0000000008004758                TIM1_BRK_Handler
                0x0000000008004758                MM_Fault_Handler
                0x0000000008004758                TEMPER_Handler
                0x0000000008004758                TIM2_Handler
                0x0000000008004758                DMA1_Channel4_Handler
                0x0000000008004758                TIM3_Handler
                0x0000000008004758                Default_Handler
                0x0000000008004758                USBWakeUp_Handler
                0x0000000008004758                DMA1_Channel3_Handler
                0x0000000008004758                RTC_Alarm_Handler
                0x0000000008004758                TIM4_Handler
                0x0000000008004758                SPI2_Handler
                0x0000000008004758                DMA1_Channel2_Handler
                0x0000000008004758                Usage_Fault_Handler
                0x0000000008004758                TIM1_UP_Handler
                0x0000000008004758                DMA1_Channel5_Handler
                0x0000000008004758                SPI1_Handler
                0x0000000008004758                DebugMonitor_Handler
                0x0000000008004758                I2C2_EV_Handler
                0x0000000008004758                RCC_Handler
                0x0000000008004758                PVD_Handler
                0x0000000008004758                Hard_Fault_Handler
                0x0000000008004758                USB_LP_CAN1_RX0_Handler
                0x0000000008004758                USB_HP_CAN1_TX_Handler
                0x0000000008004758                TIM1_TRG_COM_Handler
                0x0000000008004764                Rest_Handler
 .text          0x00000000080047f4      0x134 Stm32_f10xx_Systick.o
                0x000000000800482c                Init_Systick
                0x000000000800489c                Delay_ms
                0x00000000080048e4                Get_Tick
                0x00000000080048f8                Inc_Tick
                0x000000000800491c                SysTick_Handler
 .text          0x0000000008004928      0x288 Stm32f10x_DMA.o
                0x0000000008004928                DMA_Init
                0x00000000080049d2                DMA_ReInit
                0x0000000008004a32                DMA_Set_Number_of_Data
                0x0000000008004aac                DMA_Set_Peripheral_Add
                0x0000000008004adc                DMA_Set_Memory_Add
                0x0000000008004b0c                DMA_Enable_Channel
                0x0000000008004b54                DMA_Disable_Channel
                0x0000000008004b9c                DMA_Soft_Trigger
 .text          0x0000000008004bb0      0xb68 Stm32f10x_UART.o
                0x0000000008004c74                Set_BaudRate
                0x0000000008004d3c                Get_BaudRate
                0x0000000008004d50                Init_Uart
                0x0000000008005028                DeInit_Uart
                0x00000000080050a4                _Config_GPIO_f
                0x0000000008005188                Send_Char_Uart
                0x00000000080051dc                Receive_Char_Uart
                0x0000000008005270                Receive_Char_Uart8
                0x00000000080052fc                Receive_String_Uart
                0x00000000080053ca                Receive_With_Timeout
                0x0000000008005412                Send_Text_Uart
                0x000000000800548a                Send_String_Uart
                0x00000000080054c4                USART1_Handler
                0x0000000008005588                USART2_Handler
                0x000000000800564c                USART3_Handler
                0x0000000008005658                Parity_CallBack_UART
                0x000000000800566a                Error_CallBack_UART
                0x000000000800567c                Tx_CallBack_UART
                0x000000000800568e                Tx_Comp_CallBack_UART
                0x00000000080056a0                Rx_CallBack_UART
                0x00000000080056e0                IDLE_CallBack_UART
                0x00000000080056f2                Lin_BK_CallBack_UART
                0x0000000008005704                FlowCt_CallBack_UART
 .text          0x0000000008005718      0x4d4 Stm32f10xx_EXTI.o
                0x000000000800578c                NVIC_EXTI_Clear_Handler
                0x00000000080057b4                Init_EXTI
                0x00000000080057ca                Deinit_EXTI
                0x0000000008005874                Upadate_EXTI
                0x000000000800588a                Config_EXTI
                0x00000000080059d0                NVIC_Enable_IRQ
                0x00000000080059ec                NVIC_Disable_IRQ
                0x0000000008005a08                EXTI0_Handler
                0x0000000008005a20                EXTI1_Handler
                0x0000000008005a38                EXTI2_Handler
                0x0000000008005a50                EXTI3_Handler
                0x0000000008005a68                EXTI4_Handler
                0x0000000008005a80                EXTI9_5_Handler
                0x0000000008005b28                EXTI15_10_Handler
 .text          0x0000000008005bec      0x1f4 Stm32f10xx_Flash.o
                0x0000000008005bec                Flash_Unlock
                0x0000000008005c38                Flash_Lock
                0x0000000008005c58                Flash_Erase_Page
                0x0000000008005c90                Flash_Erase_Pages
                0x0000000008005ce8                Flash_Program_HalfWord
                0x0000000008005d30                Flash_Program
                0x0000000008005d94                Flash_Wait_Operation
 .text          0x0000000008005de0      0x488 Stm32f10xx_GPIO.o
                0x0000000008005de0                Init_GPIO
                0x0000000008006034                Set_pin
                0x0000000008006050                Reset_pin
                0x0000000008006070                Change_State_Pin
                0x00000000080060a2                Toggle_pin
                0x00000000080060c4                Read_pin
                0x00000000080060ec                Set_GPIO_Value
                0x0000000008006106                Reset_GPIO
                0x0000000008006124                Read_GPIO
                0x000000000800613c                Lock_GPIO
                0x0000000008006196                Deinit_GPIO
 .text          0x0000000008006268      0x1a4 Stm32f10xx_RCC.o
                0x0000000008006268                Get_Systick_Freq
                0x0000000008006354                Get_HCLK_Freq
                0x0000000008006380                Get_APB1_Freq
                0x00000000080063a8                Get_APB2_Freq
                0x00000000080063d0                Set_HSE_CLK_Freq
 *(.rodata)
 .rodata        0x000000000800640c       0x87 Application.o
 *fill*         0x0000000008006493        0x1 
 .rodata        0x0000000008006494      0x200 Stm32f10xx_EXTI.o
                0x0000000008006494                EXTI_Streem
 .rodata        0x0000000008006694       0x43 Stm32f10xx_RCC.o
                0x00000000080066d7                _E_text = .

.glue_7         0x00000000080066d8        0x0
 .glue_7        0x00000000080066d8        0x0 linker stubs

.glue_7t        0x00000000080066d8        0x0
 .glue_7t       0x00000000080066d8        0x0 linker stubs

.vfp11_veneer   0x00000000080066d8        0x0
 .vfp11_veneer  0x00000000080066d8        0x0 linker stubs

.v4_bx          0x00000000080066d8        0x0
 .v4_bx         0x00000000080066d8        0x0 linker stubs

.iplt           0x00000000080066d8        0x0
 .iplt          0x00000000080066d8        0x0 Application.o

.rel.dyn        0x00000000080066d8        0x0
 .rel.iplt      0x00000000080066d8        0x0 Application.o

.data           0x0000000020000000        0x7 load address 0x00000000080066d7
                0x0000000020000000                _S_DATA = .
 *(.data)
 .data          0x0000000020000000        0x6 Application.o
                0x0000000020000000                App_Version
 .data          0x0000000020000006        0x0 Buffer.o
 .data          0x0000000020000006        0x0 main.o
 .data          0x0000000020000006        0x0 startup.o
 .data          0x0000000020000006        0x1 Stm32_f10xx_Systick.o
                0x0000000020000006                uTick_Freq
 .data          0x0000000020000007        0x0 Stm32f10x_DMA.o
 .data          0x0000000020000007        0x0 Stm32f10x_UART.o
 .data          0x0000000020000007        0x0 Stm32f10xx_EXTI.o
 .data          0x0000000020000007        0x0 Stm32f10xx_Flash.o
 .data          0x0000000020000007        0x0 Stm32f10xx_GPIO.o
 .data          0x0000000020000007        0x0 Stm32f10xx_RCC.o
 *(.data.*)
                0x0000000020000007                _E_DATA = .

.igot.plt       0x0000000020000008        0x0 load address 0x00000000080066de
 .igot.plt      0x0000000020000008        0x0 Application.o

.bss            0x0000000020000008      0x8c0 load address 0x00000000080066de
                0x0000000020000008                _S_bss = .
 *(.bss)
 .bss           0x0000000020000008       0x98 Application.o
                0x0000000020000008                uart1_config
                0x0000000020000040                uart2_config
                0x0000000020000078                LEDS
                0x000000002000008c                LEDS2
 .bss           0x00000000200000a0        0x0 Buffer.o
 .bss           0x00000000200000a0        0x0 main.o
 .bss           0x00000000200000a0        0x0 startup.o
 .bss           0x00000000200000a0       0x10 Stm32_f10xx_Systick.o
                0x00000000200000a0                Systick_API
 .bss           0x00000000200000b0        0x0 Stm32f10x_DMA.o
 .bss           0x00000000200000b0        0x0 Stm32f10x_UART.o
 .bss           0x00000000200000b0        0x0 Stm32f10xx_EXTI.o
 .bss           0x00000000200000b0        0x0 Stm32f10xx_Flash.o
 .bss           0x00000000200000b0        0x0 Stm32f10xx_GPIO.o
 .bss           0x00000000200000b0        0x4 Stm32f10xx_RCC.o
 *(.bss.*)
                0x00000000200000b4                . = ALIGN (0x4)
                0x00000000200000b4                _E_bss = .
                0x00000000200000b4                . = ALIGN (0x4)
                0x000000002000049c                . = (. + 0x3e8)
 *fill*         0x00000000200000b4      0x3e8 
                0x000000002000049c                _heap_End = .
                0x000000002000049c                . = ALIGN (0x4)
                0x0000000020000884                . = (. + 0x3e8)
 *fill*         0x000000002000049c      0x3e8 
                0x0000000020000884                _stack_top = .
 COMMON         0x0000000020000884        0x4 Stm32_f10xx_Systick.o
                0x0000000020000884                uTick
 COMMON         0x0000000020000888       0x40 Stm32f10xx_EXTI.o
                0x0000000020000888                GP_EXTI_CallBack
LOAD Application.o
LOAD Buffer.o
LOAD main.o
LOAD startup.o
LOAD Stm32_f10xx_Systick.o
LOAD Stm32f10x_DMA.o
LOAD Stm32f10x_UART.o
LOAD Stm32f10xx_EXTI.o
LOAD Stm32f10xx_Flash.o
LOAD Stm32f10xx_GPIO.o
LOAD Stm32f10xx_RCC.o
OUTPUT(learn_embedded.axf elf32-littlearm)
LOAD linker stubs

.debug_info     0x0000000000000000     0x55e8
 .debug_info    0x0000000000000000      0xed8 Application.o
 .debug_info    0x0000000000000ed8      0x999 main.o
 .debug_info    0x0000000000001871      0x34f startup.o
 .debug_info    0x0000000000001bc0      0x4d0 Stm32_f10xx_Systick.o
 .debug_info    0x0000000000002090      0xc3d Stm32f10x_DMA.o
 .debug_info    0x0000000000002ccd     0x1566 Stm32f10x_UART.o
 .debug_info    0x0000000000004233      0x7fd Stm32f10xx_EXTI.o
 .debug_info    0x0000000000004a30      0x345 Stm32f10xx_Flash.o
 .debug_info    0x0000000000004d75      0x59d Stm32f10xx_GPIO.o
 .debug_info    0x0000000000005312      0x2d6 Stm32f10xx_RCC.o

.debug_abbrev   0x0000000000000000     0x1307
 .debug_abbrev  0x0000000000000000      0x291 Application.o
 .debug_abbrev  0x0000000000000291      0x1d1 main.o
 .debug_abbrev  0x0000000000000462      0x12b startup.o
 .debug_abbrev  0x000000000000058d      0x1d7 Stm32_f10xx_Systick.o
 .debug_abbrev  0x0000000000000764      0x216 Stm32f10x_DMA.o
 .debug_abbrev  0x000000000000097a      0x3d1 Stm32f10x_UART.o
 .debug_abbrev  0x0000000000000d4b      0x1dd Stm32f10xx_EXTI.o
 .debug_abbrev  0x0000000000000f28      0x16c Stm32f10xx_Flash.o
 .debug_abbrev  0x0000000000001094      0x175 Stm32f10xx_GPIO.o
 .debug_abbrev  0x0000000000001209       0xfe Stm32f10xx_RCC.o

.debug_aranges  0x0000000000000000      0x140
 .debug_aranges
                0x0000000000000000       0x20 Application.o
 .debug_aranges
                0x0000000000000020       0x20 main.o
 .debug_aranges
                0x0000000000000040       0x20 startup.o
 .debug_aranges
                0x0000000000000060       0x20 Stm32_f10xx_Systick.o
 .debug_aranges
                0x0000000000000080       0x20 Stm32f10x_DMA.o
 .debug_aranges
                0x00000000000000a0       0x20 Stm32f10x_UART.o
 .debug_aranges
                0x00000000000000c0       0x20 Stm32f10xx_EXTI.o
 .debug_aranges
                0x00000000000000e0       0x20 Stm32f10xx_Flash.o
 .debug_aranges
                0x0000000000000100       0x20 Stm32f10xx_GPIO.o
 .debug_aranges
                0x0000000000000120       0x20 Stm32f10xx_RCC.o

.debug_line     0x0000000000000000     0x28b4
 .debug_line    0x0000000000000000      0x398 Application.o
 .debug_line    0x0000000000000398        0x0 Buffer.o
 .debug_line    0x0000000000000398      0x2d0 main.o
 .debug_line    0x0000000000000668      0x260 startup.o
 .debug_line    0x00000000000008c8      0x2ce Stm32_f10xx_Systick.o
 .debug_line    0x0000000000000b96      0x445 Stm32f10x_DMA.o
 .debug_line    0x0000000000000fdb      0xa34 Stm32f10x_UART.o
 .debug_line    0x0000000000001a0f      0x48c Stm32f10xx_EXTI.o
 .debug_line    0x0000000000001e9b      0x31a Stm32f10xx_Flash.o
 .debug_line    0x00000000000021b5      0x433 Stm32f10xx_GPIO.o
 .debug_line    0x00000000000025e8      0x2cc Stm32f10xx_RCC.o

.debug_str      0x0000000000000000     0x1665
 .debug_str     0x0000000000000000      0x848 Application.o
                                        0x8ea (size before relaxing)
 .debug_str     0x0000000000000848        0x9 Buffer.o
                                         0xc3 (size before relaxing)
 .debug_str     0x0000000000000851        0xc main.o
                                        0x59f (size before relaxing)
 .debug_str     0x000000000000085d       0xe3 startup.o
                                        0x247 (size before relaxing)
 .debug_str     0x0000000000000940      0x446 Stm32_f10xx_Systick.o
                                        0x603 (size before relaxing)
 .debug_str     0x0000000000000d86      0x1a4 Stm32f10x_DMA.o
                                        0x708 (size before relaxing)
 .debug_str     0x0000000000000f2a      0x242 Stm32f10x_UART.o
                                        0xe24 (size before relaxing)
 .debug_str     0x000000000000116c      0x297 Stm32f10xx_EXTI.o
                                        0x81e (size before relaxing)
 .debug_str     0x0000000000001403       0xcf Stm32f10xx_Flash.o
                                        0x2d4 (size before relaxing)
 .debug_str     0x00000000000014d2       0xfa Stm32f10xx_GPIO.o
                                        0x3b8 (size before relaxing)
 .debug_str     0x00000000000015cc       0x99 Stm32f10xx_RCC.o
                                        0x2ae (size before relaxing)

.comment        0x0000000000000000       0x53
 .comment       0x0000000000000000       0x53 Application.o
                                         0x54 (size before relaxing)
 .comment       0x0000000000000053       0x54 Buffer.o
 .comment       0x0000000000000053       0x54 main.o
 .comment       0x0000000000000053       0x54 startup.o
 .comment       0x0000000000000053       0x54 Stm32_f10xx_Systick.o
 .comment       0x0000000000000053       0x54 Stm32f10x_DMA.o
 .comment       0x0000000000000053       0x54 Stm32f10x_UART.o
 .comment       0x0000000000000053       0x54 Stm32f10xx_EXTI.o
 .comment       0x0000000000000053       0x54 Stm32f10xx_Flash.o
 .comment       0x0000000000000053       0x54 Stm32f10xx_GPIO.o
 .comment       0x0000000000000053       0x54 Stm32f10xx_RCC.o

.ARM.attributes
                0x0000000000000000       0x2d
 .ARM.attributes
                0x0000000000000000       0x2d Application.o
 .ARM.attributes
                0x000000000000002d       0x33 Buffer.o
 .ARM.attributes
                0x0000000000000060       0x2d main.o
 .ARM.attributes
                0x000000000000008d       0x2d startup.o
 .ARM.attributes
                0x00000000000000ba       0x2d Stm32_f10xx_Systick.o
 .ARM.attributes
                0x00000000000000e7       0x2d Stm32f10x_DMA.o
 .ARM.attributes
                0x0000000000000114       0x2d Stm32f10x_UART.o
 .ARM.attributes
                0x0000000000000141       0x2d Stm32f10xx_EXTI.o
 .ARM.attributes
                0x000000000000016e       0x2d Stm32f10xx_Flash.o
 .ARM.attributes
                0x000000000000019b       0x2d Stm32f10xx_GPIO.o
 .ARM.attributes
                0x00000000000001c8       0x2d Stm32f10xx_RCC.o

.debug_frame    0x0000000000000000      0xce8
 .debug_frame   0x0000000000000000       0xbc Application.o
 .debug_frame   0x00000000000000bc       0x2c main.o
 .debug_frame   0x00000000000000e8       0x50 startup.o
 .debug_frame   0x0000000000000138       0xd4 Stm32_f10xx_Systick.o
 .debug_frame   0x000000000000020c      0x150 Stm32f10x_DMA.o
 .debug_frame   0x000000000000035c      0x3e0 Stm32f10x_UART.o
 .debug_frame   0x000000000000073c      0x220 Stm32f10xx_EXTI.o
 .debug_frame   0x000000000000095c      0x110 Stm32f10xx_Flash.o
 .debug_frame   0x0000000000000a6c      0x1c8 Stm32f10xx_GPIO.o
 .debug_frame   0x0000000000000c34       0xb4 Stm32f10xx_RCC.o
